<html>
<body>
<pre>
<h1>礦ision Build Log</h1>
<h2>Tool Versions:</h2>
IDE-Version: μVision V5.24.2.0
Copyright (C) 2017 ARM Ltd and ARM Germany GmbH. All rights reserved.
License Information: wei wang shockley Flex license: MDK-ARM Plus: 2 user(s) (mdk_plus) Support: Dec 2018
 
Tool Versions:
Toolchain:       MDK-ARM Plus: 2 user(s)  Version: 5.24.1
Toolchain Path:  C:\Keil_v5\ARM\ARMCC\Bin
C Compiler:      Armcc.exe V5.06 update 5 (build 528)
Assembler:       Armasm.exe V5.06 update 5 (build 528)
Linker/Locator:  ArmLink.exe V5.06 update 5 (build 528)
Library Manager: ArmAr.exe V5.06 update 5 (build 528)
Hex Converter:   FromElf.exe V5.06 update 5 (build 528)
CPU DLL:         SARMCM3.DLL V5.24.1
Dialog DLL:      DCM.DLL V1.16.0.0
Target DLL:      CMSIS_AGDI.dll V1.28.3.0
Dialog DLL:      TCM.DLL V1.32.0.0
 
<h2>Project:</h2>
D:\培训资料\文档\code\sample3 - 教师版本\sample3.uvproj
Project File Date:  08/18/2020

<h2>Output:</h2>
*** Using Compiler 'V5.06 update 5 (build 528)', folder: 'C:\Keil_v5\ARM\ARMCC\Bin'
Rebuild target 'sample3'
assembling startup_at32f407vgt7.s...
compiling at32f4xx_wwdg.c...
compiling main.c...
compiling at32f4xx_sdio.c...
compiling at32f4xx_pwr.c...
compiling at32f4xx_iwdg.c...
compiling at32f4xx_rcc.c...
compiling at32_board.c...
compiling at32f4xx_i2c.c...
compiling at32f4xx_usart.c...
compiling misc.c...
compiling HDC2080.c...
compiling at32f4xx_dbgmcu.c...
compiling at32f4xx_bkp.c...
compiling at32f4xx_rtc.c...
compiling system_at32f4xx.c...
compiling at32f4xx_crc.c...
compiling at32f4xx_comp.c...
compiling at32f4xx_it.c...
compiling at32f4xx_dac.c...
compiling at32f4xx_exti.c...
compiling at32f4xx_acc.c...
compiling at32f4xx_ertc.c...
compiling at32f4xx_adc.c...
compiling at32f4xx_spi.c...
compiling at32f4xx_xmc.c...
compiling at32f4xx_can.c...
compiling at32f4xx_gpio.c...
compiling at32f4xx_flash.c...
compiling at32f4xx_dma.c...
compiling at32f4xx_eth.c...
compiling at32f4xx_tim.c...
linking...
Program Size: Code=11788 RO-data=460 RW-data=132 ZI-data=1028  
FromELF: creating hex file...
".\Objects\sample3.axf" - 0 Error(s), 0 Warning(s).
Build Time Elapsed:  00:00:03
</pre>
</body>
</html>
