<html>
<body>
<pre>
<h1>µVision Build Log</h1>
<h2>Tool Versions:</h2>
IDE-Version: ¦ÌVision V5.24.2.0
Copyright (C) 2017 ARM Ltd and ARM Germany GmbH. All rights reserved.
License Information: wei wang shockley Flex license: MDK-ARM Plus: 2 user(s) (mdk_plus) Support: Dec 2018
 
Tool Versions:
Toolchain:       MDK-ARM Plus: 2 user(s)  Version: 5.24.1
Toolchain Path:  C:\Keil_v5\ARM\ARMCC\Bin
C Compiler:      Armcc.exe V5.06 update 5 (build 528)
Assembler:       Armasm.exe V5.06 update 5 (build 528)
Linker/Locator:  ArmLink.exe V5.06 update 5 (build 528)
Library Manager: ArmAr.exe V5.06 update 5 (build 528)
Hex Converter:   FromElf.exe V5.06 update 5 (build 528)
CPU DLL:         SARMCM3.DLL V5.24.1
Dialog DLL:      DCM.DLL V1.16.0.0
Target DLL:      CMSIS_AGDI.dll V1.28.3.0
Dialog DLL:      TCM.DLL V1.32.0.0
 
<h2>Project:</h2>
D:\EmbeddedCourse\Documents\code\RTOS\sample13\project.uvprojx
Project File Date:  12/03/2020

<h2>Output:</h2>
*** Using Compiler 'V5.06 update 5 (build 528)', folder: 'C:\Keil_v5\ARM\ARMCC\Bin'
Rebuild target 'rt-thread'
assembling context_rvds.S...
compiling audio_pipe.c...
compiling rtc.c...
compiling i2c-bit-ops.c...
compiling showmem.c...
compiling at32f4xx_crc.c...
compiling at32f4xx_iwdg.c...
compiling at32f4xx_dbgmcu.c...
compiling at32f4xx_exti.c...
compiling div0.c...
compiling at32f4xx_dma.c...
compiling audio.c...
compiling at32f4xx_adc.c...
compiling at32f4xx_can.c...
compiling spi_core.c...
compiling backtrace.c...
compiling pm.c...
compiling at32f4xx_flash.c...
compiling hwtimer.c...
compiling i2c_core.c...
compiling at32f4xx_rcc.c...
compiling i2c_dev.c...
compiling adc.c...
compiling at32f4xx_i2c.c...
compiling rt_drv_pwm.c...
compiling dac.c...
compiling pin.c...
compiling at32f4xx_gpio.c...
compiling at32f4xx_dac.c...
compiling cpuport.c...
compiling main.c...
compiling spi_dev.c...
compiling serial.c...
compiling at32f4xx_sdio.c...
compiling misc.c...
compiling at32f4xx_acc.c...
compiling sfud_sfdp.c...
compiling spi_flash.c...
applications\spi_flash.c(24): warning:  #14-D: extra text after expected end of preprocessing directive
  #include <rtdevice.h>ma
applications\spi_flash.c: 1 warning, 0 errors
compiling sfud.c...
compiling at32f4xx_usart.c...
compiling at32f4xx_rtc.c...
compiling completion.c...
compiling dataqueue.c...
assembling startup_at32f407vgt7.s...
compiling ringbuffer.c...
compiling ringblk_buf.c...
compiling pipe.c...
compiling at32f4xx_bkp.c...
compiling watchdog.c...
compiling at32f4xx_pwr.c...
compiling waitqueue.c...
compiling at32f4xx_ertc.c...
compiling workqueue.c...
compiling at32f4xx_wwdg.c...
compiling at32f4xx_comp.c...
compiling at32f4xx_xmc.c...
compiling at32f4xx_spi.c...
compiling at32f4xx_eth.c...
compiling at32f4xx_tim.c...
compiling dfs.c...
compiling dfs_file.c...
compiling dfs_fs.c...
compiling ccsbcs.c...
compiling select.c...
compiling poll.c...
compiling dfs_posix.c...
compiling devfs.c...
compiling readwrite_sample.c...
compiling stat_sample.c...
compiling dfs_elm.c...
compiling rename_sample.c...
compiling mkdir_sample.c...
compiling opendir_sample.c...
compiling readdir_sample.c...
compiling tell_seek_dir_sample.c...
compiling cmd.c...
compiling shell.c...
compiling clock.c...
compiling msh.c...
compiling components.c...
compiling system_at32f4xx.c...
compiling spi_flash_sfud.c...
compiling idle.c...
compiling ff.c...
compiling msh_file.c...
compiling device.c...
compiling at32_msp.c...
compiling drv_wdt.c...
compiling irq.c...
compiling board.c...
compiling mem.c...
compiling object.c...
compiling mempool.c...
compiling memheap.c...
compiling scheduler.c...
compiling signal.c...
compiling ipc.c...
compiling kservice.c...
compiling drv_spi.c...
compiling drv_rtc.c...
compiling drv_gpio.c...
compiling drv_adc.c...
compiling drv_hwtimer.c...
compiling drv_usart.c...
compiling libc.c...
compiling mem_std.c...
compiling thread.c...
compiling drv_pwm.c...
compiling timer.c...
compiling time.c...
compiling drv_soft_i2c.c...
compiling stdio.c...
compiling stubs.c...
compiling unistd.c...
compiling posix_termios.c...
compiling err.c...
compiling netbuf.c...
compiling sys_arch.c...
compiling api_lib.c...
compiling netdb.c...
compiling def.c...
compiling netifapi.c...
compiling inet_chksum.c...
compiling api_msg.c...
compiling tcpip.c...
compiling ip.c...
compiling dns.c...
compiling stats.c...
compiling sys.c...
compiling init.c...
compiling netif.c...
compiling raw.c...
compiling memp.c...
compiling pbuf.c...
compiling lowpan6.c...
compiling ethernet.c...
compiling autoip.c...
compiling timeouts.c...
compiling udp.c...
compiling sockets.c...
compiling tcp.c...
rt-thread\components\net\lwip-2.0.2\src\core\tcp.c(361): warning:  #111-D: statement is unreachable
      break;
rt-thread\components\net\lwip-2.0.2\src\core\tcp.c: 1 warning, 0 errors
compiling tcp_out.c...
compiling icmp.c...
compiling tcp_in.c...
compiling ethernetif.c...
compiling igmp.c...
compiling etharp.c...
compiling usbdevice.c...
compiling ip4_addr.c...
compiling dhcp.c...
compiling ip4_frag.c...
compiling mstorage.c...
compiling ip4.c...
compiling hid.c...
compiling cdc_vcom.c...
compiling ping.c...
compiling usbdevice_core.c...
linking...
Program Size: Code=195534 RO-data=21978 RW-data=2752 ZI-data=49232  
After Build - User command #1: fromelf --bin .\build\keil\Obj\rt-thread.axf --output rtthread.bin
".\build\keil\Obj\rt-thread.axf" - 0 Error(s), 2 Warning(s).

<h2>Software Packages used:</h2>

Package Vendor: Keil
                
                Keil.AT32F4xx_DFP.1.3.1
                ArteryTek AT32F4 Series Device Support,Drivers

<h2>Collection of Component include folders:</h2>
  .\RTE\_rt-thread
  C:\Keil_v5\ARM\PACK\Keil\AT32F4xx_DFP\1.3.1\Device\Include

<h2>Collection of Component Files used:</h2>
Build Time Elapsed:  00:00:09
</pre>
</body>
</html>
