<!doctype html public "-//w3c//dtd html 4.0 transitional//en">
<html><head>
<title>Static Call Graph - [.\build\keil\Obj\rt-thread.axf]</title></head>
<body><HR>
<H1>Static Call Graph for image .\build\keil\Obj\rt-thread.axf</H1><HR>
<BR><P>#&#060CALLGRAPH&#062# ARM Linker, 5060528: Last Updated: Wed Dec 02 10:49:13 2020
<BR><P>
<H3>Maximum Stack Usage =       1196 bytes + Unknown(Functions without stacksize, Cycles, Untraceable Function Pointers)</H3><H3>
Call chain for Maximum Stack Depth:</H3>
cmd_cp &rArr; copy &rArr; copydir &rArr;  copydir (Cycle)
<P>
<H3>
Functions with no stack information
</H3><UL>
 <LI><a href="#[1a9]">__user_initial_stackheap</a>
</UL>
</UL>
<P>
<H3>
Mutually Recursive functions
</H3> <LI><a href="#[1de]">rt_assert_handler</a>&nbsp;&nbsp;&nbsp;&rArr;&nbsp;&nbsp;&nbsp;<a href="#[1c2]">rt_kprintf</a><BR>
 <LI><a href="#[1f]">NMI_Handler</a>&nbsp;&nbsp;&nbsp;&rArr;&nbsp;&nbsp;&nbsp;<a href="#[1f]">NMI_Handler</a><BR>
 <LI><a href="#[21]">MemManage_Handler</a>&nbsp;&nbsp;&nbsp;&rArr;&nbsp;&nbsp;&nbsp;<a href="#[21]">MemManage_Handler</a><BR>
 <LI><a href="#[22]">BusFault_Handler</a>&nbsp;&nbsp;&nbsp;&rArr;&nbsp;&nbsp;&nbsp;<a href="#[22]">BusFault_Handler</a><BR>
 <LI><a href="#[23]">UsageFault_Handler</a>&nbsp;&nbsp;&nbsp;&rArr;&nbsp;&nbsp;&nbsp;<a href="#[23]">UsageFault_Handler</a><BR>
 <LI><a href="#[24]">SVC_Handler</a>&nbsp;&nbsp;&nbsp;&rArr;&nbsp;&nbsp;&nbsp;<a href="#[24]">SVC_Handler</a><BR>
 <LI><a href="#[25]">DebugMon_Handler</a>&nbsp;&nbsp;&nbsp;&rArr;&nbsp;&nbsp;&nbsp;<a href="#[25]">DebugMon_Handler</a><BR>
 <LI><a href="#[6c]">ACC_IRQHandler</a>&nbsp;&nbsp;&nbsp;&rArr;&nbsp;&nbsp;&nbsp;<a href="#[6c]">ACC_IRQHandler</a><BR>
 <LI><a href="#[297]">copydir</a>&nbsp;&nbsp;&nbsp;&rArr;&nbsp;&nbsp;&nbsp;<a href="#[297]">copydir</a><BR>
 <LI><a href="#[357]">msh_exec_script</a>&nbsp;&nbsp;&nbsp;&rArr;&nbsp;&nbsp;&nbsp;<a href="#[324]">msh_exec</a><BR>
</UL>
<P>
<H3>
Function Pointers
</H3><UL>
 <LI><a href="#[6c]">ACC_IRQHandler</a> from startup_at32f407vgt7.o(.text) referenced from startup_at32f407vgt7.o(RESET)
 <LI><a href="#[3a]">ADC1_2_IRQHandler</a> from startup_at32f407vgt7.o(.text) referenced from startup_at32f407vgt7.o(RESET)
 <LI><a href="#[57]">ADC3_IRQHandler</a> from startup_at32f407vgt7.o(.text) referenced from startup_at32f407vgt7.o(RESET)
 <LI><a href="#[22]">BusFault_Handler</a> from startup_at32f407vgt7.o(.text) referenced from startup_at32f407vgt7.o(RESET)
 <LI><a href="#[3d]">CAN1_RX1_IRQHandler</a> from startup_at32f407vgt7.o(.text) referenced from startup_at32f407vgt7.o(RESET)
 <LI><a href="#[3e]">CAN1_SCE_IRQHandler</a> from startup_at32f407vgt7.o(.text) referenced from startup_at32f407vgt7.o(RESET)
 <LI><a href="#[69]">CAN2_RX0_IRQHandler</a> from startup_at32f407vgt7.o(.text) referenced from startup_at32f407vgt7.o(RESET)
 <LI><a href="#[6a]">CAN2_RX1_IRQHandler</a> from startup_at32f407vgt7.o(.text) referenced from startup_at32f407vgt7.o(RESET)
 <LI><a href="#[6b]">CAN2_SCE_IRQHandler</a> from startup_at32f407vgt7.o(.text) referenced from startup_at32f407vgt7.o(RESET)
 <LI><a href="#[68]">CAN2_TX_IRQHandler</a> from startup_at32f407vgt7.o(.text) referenced from startup_at32f407vgt7.o(RESET)
 <LI><a href="#[33]">DMA1_Channel1_IRQHandler</a> from startup_at32f407vgt7.o(.text) referenced from startup_at32f407vgt7.o(RESET)
 <LI><a href="#[34]">DMA1_Channel2_IRQHandler</a> from startup_at32f407vgt7.o(.text) referenced from startup_at32f407vgt7.o(RESET)
 <LI><a href="#[35]">DMA1_Channel3_IRQHandler</a> from startup_at32f407vgt7.o(.text) referenced from startup_at32f407vgt7.o(RESET)
 <LI><a href="#[36]">DMA1_Channel4_IRQHandler</a> from startup_at32f407vgt7.o(.text) referenced from startup_at32f407vgt7.o(RESET)
 <LI><a href="#[37]">DMA1_Channel5_IRQHandler</a> from startup_at32f407vgt7.o(.text) referenced from startup_at32f407vgt7.o(RESET)
 <LI><a href="#[38]">DMA1_Channel6_IRQHandler</a> from startup_at32f407vgt7.o(.text) referenced from startup_at32f407vgt7.o(RESET)
 <LI><a href="#[39]">DMA1_Channel7_IRQHandler</a> from startup_at32f407vgt7.o(.text) referenced from startup_at32f407vgt7.o(RESET)
 <LI><a href="#[60]">DMA2_Channel1_IRQHandler</a> from startup_at32f407vgt7.o(.text) referenced from startup_at32f407vgt7.o(RESET)
 <LI><a href="#[61]">DMA2_Channel2_IRQHandler</a> from startup_at32f407vgt7.o(.text) referenced from startup_at32f407vgt7.o(RESET)
 <LI><a href="#[62]">DMA2_Channel3_IRQHandler</a> from startup_at32f407vgt7.o(.text) referenced from startup_at32f407vgt7.o(RESET)
 <LI><a href="#[63]">DMA2_Channel4_5_IRQHandler</a> from startup_at32f407vgt7.o(.text) referenced from startup_at32f407vgt7.o(RESET)
 <LI><a href="#[6f]">DMA2_Channel6_7_IRQHandler</a> from startup_at32f407vgt7.o(.text) referenced from startup_at32f407vgt7.o(RESET)
 <LI><a href="#[25]">DebugMon_Handler</a> from startup_at32f407vgt7.o(.text) referenced from startup_at32f407vgt7.o(RESET)
 <LI><a href="#[73]">ETH_IRQHandler</a> from startup_at32f407vgt7.o(.text) referenced from startup_at32f407vgt7.o(RESET)
 <LI><a href="#[74]">ETH_WKUP_IRQHandler</a> from startup_at32f407vgt7.o(.text) referenced from startup_at32f407vgt7.o(RESET)
 <LI><a href="#[2e]">EXTI0_IRQHandler</a> from drv_gpio.o(i.EXTI0_IRQHandler) referenced from startup_at32f407vgt7.o(RESET)
 <LI><a href="#[50]">EXTI15_10_IRQHandler</a> from drv_gpio.o(i.EXTI15_10_IRQHandler) referenced from startup_at32f407vgt7.o(RESET)
 <LI><a href="#[2f]">EXTI1_IRQHandler</a> from drv_gpio.o(i.EXTI1_IRQHandler) referenced from startup_at32f407vgt7.o(RESET)
 <LI><a href="#[30]">EXTI2_IRQHandler</a> from drv_gpio.o(i.EXTI2_IRQHandler) referenced from startup_at32f407vgt7.o(RESET)
 <LI><a href="#[31]">EXTI3_IRQHandler</a> from drv_gpio.o(i.EXTI3_IRQHandler) referenced from startup_at32f407vgt7.o(RESET)
 <LI><a href="#[32]">EXTI4_IRQHandler</a> from drv_gpio.o(i.EXTI4_IRQHandler) referenced from startup_at32f407vgt7.o(RESET)
 <LI><a href="#[3f]">EXTI9_5_IRQHandler</a> from drv_gpio.o(i.EXTI9_5_IRQHandler) referenced from startup_at32f407vgt7.o(RESET)
 <LI><a href="#[2c]">FLASH_IRQHandler</a> from startup_at32f407vgt7.o(.text) referenced from startup_at32f407vgt7.o(RESET)
 <LI><a href="#[108]">HDC2080Init</a> from i2ctest.o(i.HDC2080Init) referenced from i2ctest.o(.rti_fn.3)
 <LI><a href="#[20]">HardFault_Handler</a> from context_rvds.o(.text) referenced from startup_at32f407vgt7.o(RESET)
 <LI><a href="#[48]">I2C1_ER_IRQHandler</a> from startup_at32f407vgt7.o(.text) referenced from startup_at32f407vgt7.o(RESET)
 <LI><a href="#[47]">I2C1_EV_IRQHandler</a> from startup_at32f407vgt7.o(.text) referenced from startup_at32f407vgt7.o(RESET)
 <LI><a href="#[4a]">I2C2_ER_IRQHandler</a> from startup_at32f407vgt7.o(.text) referenced from startup_at32f407vgt7.o(RESET)
 <LI><a href="#[49]">I2C2_EV_IRQHandler</a> from startup_at32f407vgt7.o(.text) referenced from startup_at32f407vgt7.o(RESET)
 <LI><a href="#[66]">I2C3_ER_IRQHandler</a> from startup_at32f407vgt7.o(.text) referenced from startup_at32f407vgt7.o(RESET)
 <LI><a href="#[65]">I2C3_EV_IRQHandler</a> from startup_at32f407vgt7.o(.text) referenced from startup_at32f407vgt7.o(RESET)
 <LI><a href="#[21]">MemManage_Handler</a> from startup_at32f407vgt7.o(.text) referenced from startup_at32f407vgt7.o(RESET)
 <LI><a href="#[1f]">NMI_Handler</a> from startup_at32f407vgt7.o(.text) referenced from startup_at32f407vgt7.o(RESET)
 <LI><a href="#[29]">PVD_IRQHandler</a> from startup_at32f407vgt7.o(.text) referenced from startup_at32f407vgt7.o(RESET)
 <LI><a href="#[26]">PendSV_Handler</a> from context_rvds.o(.text) referenced from startup_at32f407vgt7.o(RESET)
 <LI><a href="#[2d]">RCC_IRQHandler</a> from startup_at32f407vgt7.o(.text) referenced from startup_at32f407vgt7.o(RESET)
 <LI><a href="#[51]">RTCAlarm_IRQHandler</a> from startup_at32f407vgt7.o(.text) referenced from startup_at32f407vgt7.o(RESET)
 <LI><a href="#[2b]">RTC_IRQHandler</a> from startup_at32f407vgt7.o(.text) referenced from startup_at32f407vgt7.o(RESET)
 <LI><a href="#[1e]">Reset_Handler</a> from startup_at32f407vgt7.o(.text) referenced from startup_at32f407vgt7.o(RESET)
 <LI><a href="#[59]">SDIO1_IRQHandler</a> from startup_at32f407vgt7.o(.text) referenced from startup_at32f407vgt7.o(RESET)
 <LI><a href="#[64]">SDIO2_IRQHandler</a> from startup_at32f407vgt7.o(.text) referenced from startup_at32f407vgt7.o(RESET)
 <LI><a href="#[4b]">SPI1_IRQHandler</a> from startup_at32f407vgt7.o(.text) referenced from startup_at32f407vgt7.o(RESET)
 <LI><a href="#[4c]">SPI2_I2S2EXT_IRQHandler</a> from startup_at32f407vgt7.o(.text) referenced from startup_at32f407vgt7.o(RESET)
 <LI><a href="#[5b]">SPI3_I2S3EXT_IRQHandler</a> from startup_at32f407vgt7.o(.text) referenced from startup_at32f407vgt7.o(RESET)
 <LI><a href="#[67]">SPI4_IRQHandler</a> from startup_at32f407vgt7.o(.text) referenced from startup_at32f407vgt7.o(RESET)
 <LI><a href="#[24]">SVC_Handler</a> from startup_at32f407vgt7.o(.text) referenced from startup_at32f407vgt7.o(RESET)
 <LI><a href="#[27]">SysTick_Handler</a> from board.o(i.SysTick_Handler) referenced from startup_at32f407vgt7.o(RESET)
 <LI><a href="#[75]">SystemInit</a> from system_at32f4xx.o(i.SystemInit) referenced from startup_at32f407vgt7.o(.text)
 <LI><a href="#[2a]">TAMPER_IRQHandler</a> from startup_at32f407vgt7.o(.text) referenced from startup_at32f407vgt7.o(RESET)
 <LI><a href="#[40]">TMR1_BRK_TMR9_IRQHandler</a> from startup_at32f407vgt7.o(.text) referenced from startup_at32f407vgt7.o(RESET)
 <LI><a href="#[43]">TMR1_CC_IRQHandler</a> from startup_at32f407vgt7.o(.text) referenced from startup_at32f407vgt7.o(RESET)
 <LI><a href="#[41]">TMR1_OV_TMR10_IRQHandler</a> from startup_at32f407vgt7.o(.text) referenced from startup_at32f407vgt7.o(RESET)
 <LI><a href="#[42]">TMR1_TRG_COM_TMR11_IRQHandler</a> from startup_at32f407vgt7.o(.text) referenced from startup_at32f407vgt7.o(RESET)
 <LI><a href="#[44]">TMR2_GLOBAL_IRQHandler</a> from startup_at32f407vgt7.o(.text) referenced from startup_at32f407vgt7.o(RESET)
 <LI><a href="#[45]">TMR3_GLOBAL_IRQHandler</a> from drv_hwtimer.o(i.TMR3_GLOBAL_IRQHandler) referenced from startup_at32f407vgt7.o(RESET)
 <LI><a href="#[46]">TMR4_GLOBAL_IRQHandler</a> from drv_hwtimer.o(i.TMR4_GLOBAL_IRQHandler) referenced from startup_at32f407vgt7.o(RESET)
 <LI><a href="#[5a]">TMR5_GLOBAL_IRQHandler</a> from drv_hwtimer.o(i.TMR5_GLOBAL_IRQHandler) referenced from startup_at32f407vgt7.o(RESET)
 <LI><a href="#[5e]">TMR6_GLOBAL_IRQHandler</a> from startup_at32f407vgt7.o(.text) referenced from startup_at32f407vgt7.o(RESET)
 <LI><a href="#[5f]">TMR7_GLOBAL_IRQHandler</a> from startup_at32f407vgt7.o(.text) referenced from startup_at32f407vgt7.o(RESET)
 <LI><a href="#[53]">TMR8_BRK_TMR12_IRQHandler</a> from startup_at32f407vgt7.o(.text) referenced from startup_at32f407vgt7.o(RESET)
 <LI><a href="#[56]">TMR8_CC_IRQHandler</a> from startup_at32f407vgt7.o(.text) referenced from startup_at32f407vgt7.o(RESET)
 <LI><a href="#[54]">TMR8_OV_TMR13_IRQHandler</a> from startup_at32f407vgt7.o(.text) referenced from startup_at32f407vgt7.o(RESET)
 <LI><a href="#[55]">TMR8_TRG_COM_TMR14_IRQHandler</a> from startup_at32f407vgt7.o(.text) referenced from startup_at32f407vgt7.o(RESET)
 <LI><a href="#[5c]">UART4_IRQHandler</a> from startup_at32f407vgt7.o(.text) referenced from startup_at32f407vgt7.o(RESET)
 <LI><a href="#[5d]">UART5_IRQHandler</a> from startup_at32f407vgt7.o(.text) referenced from startup_at32f407vgt7.o(RESET)
 <LI><a href="#[71]">UART7_IRQHandler</a> from startup_at32f407vgt7.o(.text) referenced from startup_at32f407vgt7.o(RESET)
 <LI><a href="#[72]">UART8_IRQHandler</a> from startup_at32f407vgt7.o(.text) referenced from startup_at32f407vgt7.o(RESET)
 <LI><a href="#[4d]">USART1_IRQHandler</a> from drv_usart.o(i.USART1_IRQHandler) referenced from startup_at32f407vgt7.o(RESET)
 <LI><a href="#[4e]">USART2_IRQHandler</a> from drv_usart.o(i.USART2_IRQHandler) referenced from startup_at32f407vgt7.o(RESET)
 <LI><a href="#[4f]">USART3_IRQHandler</a> from startup_at32f407vgt7.o(.text) referenced from startup_at32f407vgt7.o(RESET)
 <LI><a href="#[70]">USART6_IRQHandler</a> from startup_at32f407vgt7.o(.text) referenced from startup_at32f407vgt7.o(RESET)
 <LI><a href="#[52]">USBWakeUp_IRQHandler</a> from startup_at32f407vgt7.o(.text) referenced from startup_at32f407vgt7.o(RESET)
 <LI><a href="#[3b]">USB_HP_CAN1_TX_IRQHandler</a> from startup_at32f407vgt7.o(.text) referenced from startup_at32f407vgt7.o(RESET)
 <LI><a href="#[6d]">USB_HP_IRQHandler</a> from startup_at32f407vgt7.o(.text) referenced from startup_at32f407vgt7.o(RESET)
 <LI><a href="#[3c]">USB_LP_CAN1_RX0_IRQHandler</a> from startup_at32f407vgt7.o(.text) referenced from startup_at32f407vgt7.o(RESET)
 <LI><a href="#[6e]">USB_LP_IRQHandler</a> from startup_at32f407vgt7.o(.text) referenced from startup_at32f407vgt7.o(RESET)
 <LI><a href="#[23]">UsageFault_Handler</a> from startup_at32f407vgt7.o(.text) referenced from startup_at32f407vgt7.o(RESET)
 <LI><a href="#[28]">WWDG_IRQHandler</a> from startup_at32f407vgt7.o(.text) referenced from startup_at32f407vgt7.o(RESET)
 <LI><a href="#[58]">XMC_IRQHandler</a> from startup_at32f407vgt7.o(.text) referenced from startup_at32f407vgt7.o(RESET)
 <LI><a href="#[14f]">__main</a> from __main.o(!!!main) referenced from startup_at32f407vgt7.o(.text)
 <LI><a href="#[b8]">__wqueue_default_wake</a> from waitqueue.o(i.__wqueue_default_wake) referenced from waitqueue.o(i.rt_wqueue_wait)
 <LI><a href="#[8e]">_adc_control</a> from adc.o(i._adc_control) referenced from adc.o(i.rt_hw_adc_register)
 <LI><a href="#[8d]">_adc_read</a> from adc.o(i._adc_read) referenced from adc.o(i.rt_hw_adc_register)
 <LI><a href="#[13]">_allow_removal</a> from mstorage.o(i._allow_removal) referenced 2 times from mstorage.o(.data)
 <LI><a href="#[7b]">_cdc_set_line_coding_callback</a> from cdc_vcom.o(i._cdc_set_line_coding_callback) referenced from cdc_vcom.o(i._cdc_set_line_coding)
 <LI><a href="#[ae]">_ep_cmd_handler</a> from cdc_vcom.o(i._ep_cmd_handler) referenced from cdc_vcom.o(i.rt_usbd_function_cdc_create)
 <LI><a href="#[b0]">_ep_in_handler</a> from cdc_vcom.o(i._ep_in_handler) referenced from cdc_vcom.o(i.rt_usbd_function_cdc_create)
 <LI><a href="#[b3]">_ep_in_handler</a> from hid.o(i._ep_in_handler) referenced from hid.o(i.rt_usbd_function_hid_create)
 <LI><a href="#[b5]">_ep_in_handler</a> from mstorage.o(i._ep_in_handler) referenced from mstorage.o(i.rt_usbd_function_mstorage_create)
 <LI><a href="#[af]">_ep_out_handler</a> from cdc_vcom.o(i._ep_out_handler) referenced from cdc_vcom.o(i.rt_usbd_function_cdc_create)
 <LI><a href="#[b2]">_ep_out_handler</a> from hid.o(i._ep_out_handler) referenced from hid.o(i.rt_usbd_function_hid_create)
 <LI><a href="#[b6]">_ep_out_handler</a> from mstorage.o(i._ep_out_handler) referenced from mstorage.o(i.rt_usbd_function_mstorage_create)
 <LI><a href="#[b]">_function_disable</a> from cdc_vcom.o(i._function_disable) referenced 6 times from cdc_vcom.o(.data)
 <LI><a href="#[a]">_function_enable</a> from cdc_vcom.o(i._function_enable) referenced 6 times from cdc_vcom.o(.data)
 <LI><a href="#[78]">_get_lc_ctype</a> from lc_ctype_c.o(locale$$code) referenced from rt_ctype_table.o(.text)
 <LI><a href="#[7c]">_hid_set_report_callback</a> from hid.o(i._hid_set_report_callback) referenced from hid.o(i._interface_handler)
 <LI><a href="#[aa]">_hid_write</a> from hid.o(i._hid_write) referenced from hid.o(i.rt_usb_hid_init)
 <LI><a href="#[12]">_inquiry_cmd</a> from mstorage.o(i._inquiry_cmd) referenced 2 times from mstorage.o(.data)
 <LI><a href="#[ad]">_interface_handler</a> from cdc_vcom.o(i._interface_handler) referenced from cdc_vcom.o(i.rt_usbd_function_cdc_create)
 <LI><a href="#[b1]">_interface_handler</a> from hid.o(i._interface_handler) referenced from hid.o(i.rt_usbd_function_hid_create)
 <LI><a href="#[b4]">_interface_handler</a> from mstorage.o(i._interface_handler) referenced from mstorage.o(i.rt_usbd_function_mstorage_create)
 <LI><a href="#[14]">_mode_sense_6</a> from mstorage.o(i._mode_sense_6) referenced 2 times from mstorage.o(.data)
 <LI><a href="#[89]">_pin_control</a> from pin.o(i._pin_control) referenced from pin.o(i.rt_device_pin_register)
 <LI><a href="#[87]">_pin_read</a> from pin.o(i._pin_read) referenced from pin.o(i.rt_device_pin_register)
 <LI><a href="#[88]">_pin_write</a> from pin.o(i._pin_write) referenced from pin.o(i.rt_device_pin_register)
 <LI><a href="#[79]">_printf_input_char</a> from _printf_char_common.o(.text) referenced from _printf_char_common.o(.text)
 <LI><a href="#[8c]">_pwm_control</a> from rt_drv_pwm.o(i._pwm_control) referenced from rt_drv_pwm.o(i.rt_device_pwm_register)
 <LI><a href="#[8a]">_pwm_read</a> from rt_drv_pwm.o(i._pwm_read) referenced from rt_drv_pwm.o(i.rt_device_pwm_register)
 <LI><a href="#[8b]">_pwm_write</a> from rt_drv_pwm.o(i._pwm_write) referenced from rt_drv_pwm.o(i.rt_device_pwm_register)
 <LI><a href="#[18]">_read_10</a> from mstorage.o(i._read_10) referenced 2 times from mstorage.o(.data)
 <LI><a href="#[16]">_read_capacities</a> from mstorage.o(i._read_capacities) referenced 2 times from mstorage.o(.data)
 <LI><a href="#[17]">_read_capacity</a> from mstorage.o(i._read_capacity) referenced 2 times from mstorage.o(.data)
 <LI><a href="#[11]">_request_sense</a> from mstorage.o(i._request_sense) referenced 2 times from mstorage.o(.data)
 <LI><a href="#[77]">_snputc</a> from _snputc.o(.text) referenced from noretval__2snprintf.o(.text)
 <LI><a href="#[a4]">_spi_bus_device_control</a> from spi_dev.o(i._spi_bus_device_control) referenced from spi_dev.o(i.rt_spi_bus_device_init)
 <LI><a href="#[a2]">_spi_bus_device_read</a> from spi_dev.o(i._spi_bus_device_read) referenced from spi_dev.o(i.rt_spi_bus_device_init)
 <LI><a href="#[a3]">_spi_bus_device_write</a> from spi_dev.o(i._spi_bus_device_write) referenced from spi_dev.o(i.rt_spi_bus_device_init)
 <LI><a href="#[a7]">_spidev_device_control</a> from spi_dev.o(i._spidev_device_control) referenced from spi_dev.o(i.rt_spidev_device_init)
 <LI><a href="#[a5]">_spidev_device_read</a> from spi_dev.o(i._spidev_device_read) referenced from spi_dev.o(i.rt_spidev_device_init)
 <LI><a href="#[a6]">_spidev_device_write</a> from spi_dev.o(i._spidev_device_write) referenced from spi_dev.o(i.rt_spidev_device_init)
 <LI><a href="#[15]">_start_stop</a> from mstorage.o(i._start_stop) referenced 2 times from mstorage.o(.data)
 <LI><a href="#[10]">_test_unit_ready</a> from mstorage.o(i._test_unit_ready) referenced 2 times from mstorage.o(.data)
 <LI><a href="#[f3]">_vcom_configure</a> from cdc_vcom.o(i._vcom_configure) referenced from cdc_vcom.o(.constdata)
 <LI><a href="#[f4]">_vcom_control</a> from cdc_vcom.o(i._vcom_control) referenced from cdc_vcom.o(.constdata)
 <LI><a href="#[f6]">_vcom_getc</a> from cdc_vcom.o(i._vcom_getc) referenced from cdc_vcom.o(.constdata)
 <LI><a href="#[f5]">_vcom_putc</a> from cdc_vcom.o(i._vcom_putc) referenced from cdc_vcom.o(.constdata)
 <LI><a href="#[f7]">_vcom_tx</a> from cdc_vcom.o(i._vcom_tx) referenced from cdc_vcom.o(.constdata)
 <LI><a href="#[1a]">_verify_10</a> from mstorage.o(i._verify_10) referenced 2 times from mstorage.o(.data)
 <LI><a href="#[b7]">_workqueue_thread_entry</a> from workqueue.o(i._workqueue_thread_entry) referenced from workqueue.o(i.rt_workqueue_create)
 <LI><a href="#[19]">_write_10</a> from mstorage.o(i._write_10) referenced 2 times from mstorage.o(.data)
 <LI><a href="#[117]">adc</a> from adc.o(i.adc) referenced from adc.o(FSymTab)
 <LI><a href="#[d9]">at32_adc_enabled</a> from drv_adc.o(i.at32_adc_enabled) referenced from drv_adc.o(.constdata)
 <LI><a href="#[cb]">at32_configure</a> from drv_usart.o(i.at32_configure) referenced from drv_usart.o(.constdata)
 <LI><a href="#[cc]">at32_control</a> from drv_usart.o(i.at32_control) referenced from drv_usart.o(.constdata)
 <LI><a href="#[da]">at32_get_adc_value</a> from drv_adc.o(i.at32_get_adc_value) referenced from drv_adc.o(.constdata)
 <LI><a href="#[d7]">at32_get_scl</a> from drv_soft_i2c.o(i.at32_get_scl) referenced from drv_soft_i2c.o(.constdata)
 <LI><a href="#[d6]">at32_get_sda</a> from drv_soft_i2c.o(i.at32_get_sda) referenced from drv_soft_i2c.o(.constdata)
 <LI><a href="#[ce]">at32_getc</a> from drv_usart.o(i.at32_getc) referenced from drv_usart.o(.constdata)
 <LI><a href="#[c8]">at32_pin_attach_irq</a> from drv_gpio.o(i.at32_pin_attach_irq) referenced from drv_gpio.o(.constdata)
 <LI><a href="#[c9]">at32_pin_dettach_irq</a> from drv_gpio.o(i.at32_pin_dettach_irq) referenced from drv_gpio.o(.constdata)
 <LI><a href="#[ca]">at32_pin_irq_enable</a> from drv_gpio.o(i.at32_pin_irq_enable) referenced from drv_gpio.o(.constdata)
 <LI><a href="#[c5]">at32_pin_mode</a> from drv_gpio.o(i.at32_pin_mode) referenced from drv_gpio.o(.constdata)
 <LI><a href="#[c7]">at32_pin_read</a> from drv_gpio.o(i.at32_pin_read) referenced from drv_gpio.o(.constdata)
 <LI><a href="#[c6]">at32_pin_write</a> from drv_gpio.o(i.at32_pin_write) referenced from drv_gpio.o(.constdata)
 <LI><a href="#[cd]">at32_putc</a> from drv_usart.o(i.at32_putc) referenced from drv_usart.o(.constdata)
 <LI><a href="#[d5]">at32_set_scl</a> from drv_soft_i2c.o(i.at32_set_scl) referenced from drv_soft_i2c.o(.constdata)
 <LI><a href="#[d4]">at32_set_sda</a> from drv_soft_i2c.o(i.at32_set_sda) referenced from drv_soft_i2c.o(.constdata)
 <LI><a href="#[d2]">at32_timer_counter_get</a> from drv_hwtimer.o(i.at32_timer_counter_get) referenced from drv_hwtimer.o(.constdata)
 <LI><a href="#[d3]">at32_timer_ctrl</a> from drv_hwtimer.o(i.at32_timer_ctrl) referenced from drv_hwtimer.o(.constdata)
 <LI><a href="#[cf]">at32_timer_init</a> from drv_hwtimer.o(i.at32_timer_init) referenced from drv_hwtimer.o(.constdata)
 <LI><a href="#[d0]">at32_timer_start</a> from drv_hwtimer.o(i.at32_timer_start) referenced from drv_hwtimer.o(.constdata)
 <LI><a href="#[d1]">at32_timer_stop</a> from drv_hwtimer.o(i.at32_timer_stop) referenced from drv_hwtimer.o(.constdata)
 <LI><a href="#[d8]">at32_udelay</a> from drv_soft_i2c.o(i.at32_udelay) referenced from drv_soft_i2c.o(.constdata)
 <LI><a href="#[12a]">cat</a> from dfs_file.o(i.cat) referenced from dfs_file.o(FSymTab)
 <LI><a href="#[12f]">chdir</a> from dfs_posix.o(i.chdir) referenced from dfs_posix.o(FSymTab)
 <LI><a href="#[131]">clear</a> from cmd.o(i.clear) referenced 2 times from cmd.o(FSymTab)
 <LI><a href="#[144]">cmd_cat</a> from msh_file.o(i.cmd_cat) referenced from msh_file.o(FSymTab)
 <LI><a href="#[146]">cmd_cd</a> from msh_file.o(i.cmd_cd) referenced from msh_file.o(FSymTab)
 <LI><a href="#[142]">cmd_cp</a> from msh_file.o(i.cmd_cp) referenced from msh_file.o(FSymTab)
 <LI><a href="#[14a]">cmd_df</a> from msh_file.o(i.cmd_df) referenced from msh_file.o(FSymTab)
 <LI><a href="#[14b]">cmd_echo</a> from msh_file.o(i.cmd_echo) referenced from msh_file.o(FSymTab)
 <LI><a href="#[140]">cmd_free</a> from msh.o(i.cmd_free) referenced from msh.o(FSymTab)
 <LI><a href="#[141]">cmd_ls</a> from msh_file.o(i.cmd_ls) referenced from msh_file.o(FSymTab)
 <LI><a href="#[148]">cmd_mkdir</a> from msh_file.o(i.cmd_mkdir) referenced from msh_file.o(FSymTab)
 <LI><a href="#[149]">cmd_mkfs</a> from msh_file.o(i.cmd_mkfs) referenced from msh_file.o(FSymTab)
 <LI><a href="#[143]">cmd_mv</a> from msh_file.o(i.cmd_mv) referenced from msh_file.o(FSymTab)
 <LI><a href="#[13f]">cmd_ps</a> from msh.o(i.cmd_ps) referenced from msh.o(FSymTab)
 <LI><a href="#[147]">cmd_pwd</a> from msh_file.o(i.cmd_pwd) referenced from msh_file.o(FSymTab)
 <LI><a href="#[145]">cmd_rm</a> from msh_file.o(i.cmd_rm) referenced from msh_file.o(FSymTab)
 <LI><a href="#[8]">configure</a> from drv_spi.o(i.configure) referenced 2 times from drv_spi.o(.data)
 <LI><a href="#[12b]">copy</a> from dfs_file.o(i.copy) referenced from dfs_file.o(FSymTab)
 <LI><a href="#[118]">dac</a> from dac.o(i.dac) referenced from dac.o(FSymTab)
 <LI><a href="#[125]">date</a> from rtc.o(i.date) referenced from rtc.o(FSymTab)
 <LI><a href="#[12d]">df</a> from dfs_fs.o(i.df) referenced from dfs_fs.o(FSymTab)
 <LI><a href="#[dc]">dfs_device_fs_close</a> from devfs.o(i.dfs_device_fs_close) referenced from devfs.o(.constdata)
 <LI><a href="#[e0]">dfs_device_fs_getdents</a> from devfs.o(i.dfs_device_fs_getdents) referenced from devfs.o(.constdata)
 <LI><a href="#[dd]">dfs_device_fs_ioctl</a> from devfs.o(i.dfs_device_fs_ioctl) referenced from devfs.o(.constdata)
 <LI><a href="#[e2]">dfs_device_fs_mount</a> from devfs.o(i.dfs_device_fs_mount) referenced from devfs.o(.constdata)
 <LI><a href="#[db]">dfs_device_fs_open</a> from devfs.o(i.dfs_device_fs_open) referenced from devfs.o(.constdata)
 <LI><a href="#[e1]">dfs_device_fs_poll</a> from devfs.o(i.dfs_device_fs_poll) referenced from devfs.o(.constdata)
 <LI><a href="#[de]">dfs_device_fs_read</a> from devfs.o(i.dfs_device_fs_read) referenced from devfs.o(.constdata)
 <LI><a href="#[e3]">dfs_device_fs_stat</a> from devfs.o(i.dfs_device_fs_stat) referenced from devfs.o(.constdata)
 <LI><a href="#[df]">dfs_device_fs_write</a> from devfs.o(i.dfs_device_fs_write) referenced from devfs.o(.constdata)
 <LI><a href="#[e5]">dfs_elm_close</a> from dfs_elm.o(i.dfs_elm_close) referenced from dfs_elm.o(.constdata)
 <LI><a href="#[e9]">dfs_elm_flush</a> from dfs_elm.o(i.dfs_elm_flush) referenced from dfs_elm.o(.constdata)
 <LI><a href="#[eb]">dfs_elm_getdents</a> from dfs_elm.o(i.dfs_elm_getdents) referenced from dfs_elm.o(.constdata)
 <LI><a href="#[e6]">dfs_elm_ioctl</a> from dfs_elm.o(i.dfs_elm_ioctl) referenced from dfs_elm.o(.constdata)
 <LI><a href="#[ea]">dfs_elm_lseek</a> from dfs_elm.o(i.dfs_elm_lseek) referenced from dfs_elm.o(.constdata)
 <LI><a href="#[ee]">dfs_elm_mkfs</a> from dfs_elm.o(i.dfs_elm_mkfs) referenced from dfs_elm.o(.constdata)
 <LI><a href="#[ec]">dfs_elm_mount</a> from dfs_elm.o(i.dfs_elm_mount) referenced from dfs_elm.o(.constdata)
 <LI><a href="#[e4]">dfs_elm_open</a> from dfs_elm.o(i.dfs_elm_open) referenced from dfs_elm.o(.constdata)
 <LI><a href="#[e7]">dfs_elm_read</a> from dfs_elm.o(i.dfs_elm_read) referenced from dfs_elm.o(.constdata)
 <LI><a href="#[f2]">dfs_elm_rename</a> from dfs_elm.o(i.dfs_elm_rename) referenced from dfs_elm.o(.constdata)
 <LI><a href="#[f1]">dfs_elm_stat</a> from dfs_elm.o(i.dfs_elm_stat) referenced from dfs_elm.o(.constdata)
 <LI><a href="#[ef]">dfs_elm_statfs</a> from dfs_elm.o(i.dfs_elm_statfs) referenced from dfs_elm.o(.constdata)
 <LI><a href="#[f0]">dfs_elm_unlink</a> from dfs_elm.o(i.dfs_elm_unlink) referenced from dfs_elm.o(.constdata)
 <LI><a href="#[ed]">dfs_elm_unmount</a> from dfs_elm.o(i.dfs_elm_unmount) referenced from dfs_elm.o(.constdata)
 <LI><a href="#[e8]">dfs_elm_write</a> from dfs_elm.o(i.dfs_elm_write) referenced from dfs_elm.o(.constdata)
 <LI><a href="#[104]">dfs_init</a> from dfs.o(i.dfs_init) referenced from dfs.o(.rti_fn.2)
 <LI><a href="#[7]">drv_pwm_control</a> from drv_pwm.o(i.drv_pwm_control) referenced 2 times from drv_pwm.o(.data)
 <LI><a href="#[10d]">elm_init</a> from dfs_elm.o(i.elm_init) referenced from dfs_elm.o(.rti_fn.4)
 <LI><a href="#[14d]">findMe</a> from hello.o(i.findMe) referenced from hello.o(FSymTab)
 <LI><a href="#[10f]">finsh_system_init</a> from shell.o(i.finsh_system_init) referenced from shell.o(.rti_fn.6)
 <LI><a href="#[7f]">finsh_thread_entry</a> from shell.o(i.finsh_thread_entry) referenced from shell.o(i.finsh_system_init)
 <LI><a href="#[7a]">fputc</a> from fputc.o(i.fputc) referenced from _printf_char_file.o(.text)
 <LI><a href="#[112]">getData</a> from i2ctest.o(i.getData) referenced from i2ctest.o(FSymTab)
 <LI><a href="#[130]">hello</a> from cmd.o(i.hello) referenced from cmd.o(FSymTab)
 <LI><a href="#[14c]">hello_func</a> from hello.o(i.hello_func) referenced from hello.o(FSymTab)
 <LI><a href="#[110]">hello_init</a> from hello.o(i.hello_init) referenced from hello.o(.rti_fn.6)
 <LI><a href="#[ab]">hid_thread_entry</a> from hid.o(i.hid_thread_entry) referenced from hid.o(i.rt_usb_hid_init)
 <LI><a href="#[be]">i2c_bit_xfer</a> from i2c-bit-ops.o(i.i2c_bit_xfer) referenced from i2c-bit-ops.o(.constdata)
 <LI><a href="#[9e]">i2c_bus_device_control</a> from i2c_dev.o(i.i2c_bus_device_control) referenced from i2c_dev.o(i.rt_i2c_bus_device_device_init)
 <LI><a href="#[9c]">i2c_bus_device_read</a> from i2c_dev.o(i.i2c_bus_device_read) referenced from i2c_dev.o(i.rt_i2c_bus_device_device_init)
 <LI><a href="#[9d]">i2c_bus_device_write</a> from i2c_dev.o(i.i2c_bus_device_write) referenced from i2c_dev.o(i.rt_i2c_bus_device_device_init)
 <LI><a href="#[10e]">libc_system_init</a> from libc.o(i.libc_system_init) referenced from libc.o(.rti_fn.4)
 <LI><a href="#[13d]">list</a> from cmd.o(i.list) referenced from cmd.o(FSymTab)
 <LI><a href="#[122]">list_date</a> from rtc.o(i.list_date) referenced from rtc.o(FSymTab)
 <LI><a href="#[13c]">list_device</a> from cmd.o(i.list_device) referenced 2 times from cmd.o(FSymTab)
 <LI><a href="#[135]">list_event</a> from cmd.o(i.list_event) referenced 2 times from cmd.o(FSymTab)
 <LI><a href="#[127]">list_fd</a> from dfs.o(i.list_fd) referenced from dfs.o(FSymTab)
 <LI><a href="#[137]">list_mailbox</a> from cmd.o(i.list_mailbox) referenced 2 times from cmd.o(FSymTab)
 <LI><a href="#[14e]">list_mem</a> from mem.o(i.list_mem) referenced from mem.o(FSymTab)
 <LI><a href="#[139]">list_memheap</a> from cmd.o(i.list_memheap) referenced 2 times from cmd.o(FSymTab)
 <LI><a href="#[13a]">list_mempool</a> from cmd.o(i.list_mempool) referenced 2 times from cmd.o(FSymTab)
 <LI><a href="#[138]">list_msgqueue</a> from cmd.o(i.list_msgqueue) referenced 2 times from cmd.o(FSymTab)
 <LI><a href="#[136]">list_mutex</a> from cmd.o(i.list_mutex) referenced 2 times from cmd.o(FSymTab)
 <LI><a href="#[134]">list_sem</a> from cmd.o(i.list_sem) referenced 2 times from cmd.o(FSymTab)
 <LI><a href="#[133]">list_thread</a> from cmd.o(i.list_thread) referenced 2 times from cmd.o(FSymTab)
 <LI><a href="#[13b]">list_timer</a> from cmd.o(i.list_timer) referenced 2 times from cmd.o(FSymTab)
 <LI><a href="#[128]">ls</a> from dfs_file.o(i.ls) referenced from dfs_file.o(FSymTab)
 <LI><a href="#[80]">main_thread_entry</a> from components.o(i.main_thread_entry) referenced from components.o(i.rt_application_init)
 <LI><a href="#[12e]">mkdir</a> from dfs_posix.o(i.mkdir) referenced from dfs_posix.o(FSymTab)
 <LI><a href="#[12c]">mkfs</a> from dfs_fs.o(i.mkfs) referenced from dfs_fs.o(FSymTab)
 <LI><a href="#[13e]">msh_help</a> from msh.o(i.msh_help) referenced from msh.o(FSymTab)
 <LI><a href="#[11c]">pwm_disable</a> from rt_drv_pwm.o(i.pwm_disable) referenced from rt_drv_pwm.o(FSymTab)
 <LI><a href="#[11b]">pwm_enable</a> from rt_drv_pwm.o(i.pwm_enable) referenced from rt_drv_pwm.o(FSymTab)
 <LI><a href="#[11d]">pwm_set</a> from rt_drv_pwm.o(i.pwm_set) referenced from rt_drv_pwm.o(FSymTab)
 <LI><a href="#[bd]">retry_delay_100us</a> from spi_flash_sfud.o(i.retry_delay_100us) referenced from spi_flash_sfud.o(i.sfud_spi_port_init)
 <LI><a href="#[129]">rm</a> from dfs_file.o(i.rm) referenced from dfs_file.o(FSymTab)
 <LI><a href="#[101]">rt_hw_adc_init</a> from drv_adc.o(i.rt_hw_adc_init) referenced from drv_adc.o(.rti_fn.1)
 <LI><a href="#[fe]">rt_hw_hwtimer_init</a> from drv_hwtimer.o(i.rt_hw_hwtimer_init) referenced from drv_hwtimer.o(.rti_fn.1)
 <LI><a href="#[100]">rt_hw_i2c_init</a> from drv_soft_i2c.o(i.rt_hw_i2c_init) referenced from drv_soft_i2c.o(.rti_fn.1)
 <LI><a href="#[fa]">rt_hw_pin_init</a> from drv_gpio.o(i.rt_hw_pin_init) referenced from drv_gpio.o(.rti_fn.1)
 <LI><a href="#[fd]">rt_hw_pwm_init</a> from drv_pwm.o(i.rt_hw_pwm_init) referenced from drv_pwm.o(.rti_fn.1)
 <LI><a href="#[10b]">rt_hw_rtc_init</a> from drv_rtc.o(i.rt_hw_rtc_init) referenced from drv_rtc.o(.rti_fn.3)
 <LI><a href="#[ff]">rt_hw_spi_init</a> from drv_spi.o(i.rt_hw_spi_init) referenced from drv_spi.o(.rti_fn.1)
 <LI><a href="#[fc]">rt_hw_usart_init</a> from drv_usart.o(i.rt_hw_usart_init) referenced from drv_usart.o(.rti_fn.1)
 <LI><a href="#[fb]">rt_hw_wdt_init</a> from drv_wdt.o(i.rt_hw_wdt_init) referenced from drv_wdt.o(.rti_fn.1)
 <LI><a href="#[83]">rt_hwtimer_close</a> from hwtimer.o(i.rt_hwtimer_close) referenced from hwtimer.o(i.rt_device_hwtimer_register)
 <LI><a href="#[86]">rt_hwtimer_control</a> from hwtimer.o(i.rt_hwtimer_control) referenced from hwtimer.o(i.rt_device_hwtimer_register)
 <LI><a href="#[81]">rt_hwtimer_init</a> from hwtimer.o(i.rt_hwtimer_init) referenced from hwtimer.o(i.rt_device_hwtimer_register)
 <LI><a href="#[82]">rt_hwtimer_open</a> from hwtimer.o(i.rt_hwtimer_open) referenced from hwtimer.o(i.rt_device_hwtimer_register)
 <LI><a href="#[84]">rt_hwtimer_read</a> from hwtimer.o(i.rt_hwtimer_read) referenced from hwtimer.o(i.rt_device_hwtimer_register)
 <LI><a href="#[85]">rt_hwtimer_write</a> from hwtimer.o(i.rt_hwtimer_write) referenced from hwtimer.o(i.rt_device_hwtimer_register)
 <LI><a href="#[10c]">rt_i2c_core_init</a> from i2c_core.o(i.rt_i2c_core_init) referenced from i2c_core.o(.rti_fn.4)
 <LI><a href="#[116]">rt_pin_get</a> from pin.o(i.rt_pin_get) referenced from pin.o(FSymTab)
 <LI><a href="#[113]">rt_pin_mode</a> from pin.o(i.rt_pin_mode) referenced from pin.o(FSymTab)
 <LI><a href="#[115]">rt_pin_read</a> from pin.o(i.rt_pin_read) referenced from pin.o(FSymTab)
 <LI><a href="#[114]">rt_pin_write</a> from pin.o(i.rt_pin_write) referenced from pin.o(FSymTab)
 <LI><a href="#[121]">rt_pm_dump_status</a> from pm.o(i.rt_pm_dump_status) referenced 2 times from pm.o(FSymTab)
 <LI><a href="#[11e]">rt_pm_release_mode</a> from pm.o(i.rt_pm_release_mode) referenced from pm.o(FSymTab)
 <LI><a href="#[11f]">rt_pm_request_mode</a> from pm.o(i.rt_pm_request_mode) referenced from pm.o(FSymTab)
 <LI><a href="#[120]">rt_pm_run_mode_switch</a> from pm.o(i.rt_pm_run_mode_switch) referenced from pm.o(FSymTab)
 <LI><a href="#[119]">rt_pwm_enable</a> from rt_drv_pwm.o(i.rt_pwm_enable) referenced from rt_drv_pwm.o(FSymTab)
 <LI><a href="#[11a]">rt_pwm_set</a> from rt_drv_pwm.o(i.rt_pwm_set) referenced from rt_drv_pwm.o(FSymTab)
 <LI><a href="#[8f]">rt_rtc_control</a> from drv_rtc.o(i.rt_rtc_control) referenced from drv_rtc.o(i.rt_hw_rtc_register)
 <LI><a href="#[92]">rt_serial_close</a> from serial.o(i.rt_serial_close) referenced from serial.o(i.rt_hw_serial_register)
 <LI><a href="#[95]">rt_serial_control</a> from serial.o(i.rt_serial_control) referenced from serial.o(i.rt_hw_serial_register)
 <LI><a href="#[90]">rt_serial_init</a> from serial.o(i.rt_serial_init) referenced from serial.o(i.rt_hw_serial_register)
 <LI><a href="#[91]">rt_serial_open</a> from serial.o(i.rt_serial_open) referenced from serial.o(i.rt_hw_serial_register)
 <LI><a href="#[93]">rt_serial_read</a> from serial.o(i.rt_serial_read) referenced from serial.o(i.rt_hw_serial_register)
 <LI><a href="#[94]">rt_serial_write</a> from serial.o(i.rt_serial_write) referenced from serial.o(i.rt_hw_serial_register)
 <LI><a href="#[a1]">rt_sfud_control</a> from spi_flash_sfud.o(i.rt_sfud_control) referenced from spi_flash_sfud.o(i.rt_sfud_flash_probe_ex)
 <LI><a href="#[9f]">rt_sfud_read</a> from spi_flash_sfud.o(i.rt_sfud_read) referenced from spi_flash_sfud.o(i.rt_sfud_flash_probe_ex)
 <LI><a href="#[a0]">rt_sfud_write</a> from spi_flash_sfud.o(i.rt_sfud_write) referenced from spi_flash_sfud.o(i.rt_sfud_flash_probe_ex)
 <LI><a href="#[7d]">rt_thread_exit</a> from thread.o(i.rt_thread_exit) referenced from thread.o(i._rt_thread_init)
 <LI><a href="#[a9]">rt_thread_idle_entry</a> from idle.o(i.rt_thread_idle_entry) referenced from idle.o(i.rt_thread_idle_init)
 <LI><a href="#[7e]">rt_thread_timeout</a> from thread.o(i.rt_thread_timeout) referenced from thread.o(i._rt_thread_init)
 <LI><a href="#[a8]">rt_thread_timer_entry</a> from timer.o(i.rt_thread_timer_entry) referenced from timer.o(i.rt_system_timer_thread_init)
 <LI><a href="#[102]">rt_usbd_class_list_init</a> from usbdevice.o(i.rt_usbd_class_list_init) referenced from usbdevice.o(.rti_fn.1)
 <LI><a href="#[c]">rt_usbd_function_cdc_create</a> from cdc_vcom.o(i.rt_usbd_function_cdc_create) referenced 2 times from cdc_vcom.o(.data)
 <LI><a href="#[f]">rt_usbd_function_hid_create</a> from hid.o(i.rt_usbd_function_hid_create) referenced 2 times from hid.o(.data)
 <LI><a href="#[1d]">rt_usbd_function_mstorage_create</a> from mstorage.o(i.rt_usbd_function_mstorage_create) referenced 2 times from mstorage.o(.data)
 <LI><a href="#[106]">rt_usbd_hid_class_register</a> from hid.o(i.rt_usbd_hid_class_register) referenced from hid.o(.rti_fn.2)
 <LI><a href="#[107]">rt_usbd_msc_class_register</a> from mstorage.o(i.rt_usbd_msc_class_register) referenced from mstorage.o(.rti_fn.2)
 <LI><a href="#[105]">rt_usbd_vcom_class_register</a> from cdc_vcom.o(i.rt_usbd_vcom_class_register) referenced from cdc_vcom.o(.rti_fn.2)
 <LI><a href="#[98]">rt_watchdog_close</a> from watchdog.o(i.rt_watchdog_close) referenced from watchdog.o(i.rt_hw_watchdog_register)
 <LI><a href="#[99]">rt_watchdog_control</a> from watchdog.o(i.rt_watchdog_control) referenced from watchdog.o(i.rt_hw_watchdog_register)
 <LI><a href="#[96]">rt_watchdog_init</a> from watchdog.o(i.rt_watchdog_init) referenced from watchdog.o(i.rt_hw_watchdog_register)
 <LI><a href="#[97]">rt_watchdog_open</a> from watchdog.o(i.rt_watchdog_open) referenced from watchdog.o(i.rt_hw_watchdog_register)
 <LI><a href="#[10a]">rt_work_sys_workqueue_init</a> from workqueue.o(i.rt_work_sys_workqueue_init) referenced from workqueue.o(.rti_fn.3)
 <LI><a href="#[103]">rti_board_end</a> from components.o(i.rti_board_end) referenced from components.o(.rti_fn.1.end)
 <LI><a href="#[f9]">rti_board_start</a> from components.o(i.rti_board_start) referenced from components.o(.rti_fn.0.end)
 <LI><a href="#[111]">rti_end</a> from components.o(i.rti_end) referenced from components.o(.rti_fn.6.end)
 <LI><a href="#[f8]">rti_start</a> from components.o(i.rti_start) referenced from components.o(.rti_fn.0)
 <LI><a href="#[c0]">serial_fops_close</a> from serial.o(i.serial_fops_close) referenced from serial.o(.constdata)
 <LI><a href="#[c1]">serial_fops_ioctl</a> from serial.o(i.serial_fops_ioctl) referenced from serial.o(.constdata)
 <LI><a href="#[bf]">serial_fops_open</a> from serial.o(i.serial_fops_open) referenced from serial.o(.constdata)
 <LI><a href="#[c4]">serial_fops_poll</a> from serial.o(i.serial_fops_poll) referenced from serial.o(.constdata)
 <LI><a href="#[c2]">serial_fops_read</a> from serial.o(i.serial_fops_read) referenced from serial.o(.constdata)
 <LI><a href="#[b9]">serial_fops_rx_ind</a> from serial.o(i.serial_fops_rx_ind) referenced from serial.o(i.serial_fops_open)
 <LI><a href="#[c3]">serial_fops_write</a> from serial.o(i.serial_fops_write) referenced from serial.o(.constdata)
 <LI><a href="#[123]">set_date</a> from rtc.o(i.set_date) referenced from rtc.o(FSymTab)
 <LI><a href="#[124]">set_time</a> from rtc.o(i.set_time) referenced from rtc.o(FSymTab)
 <LI><a href="#[126]">sf</a> from spi_flash_sfud.o(i.sf) referenced from spi_flash_sfud.o(FSymTab)
 <LI><a href="#[109]">spi_device_init</a> from spi_flash_sfud.o(i.spi_device_init) referenced from spi_flash_sfud.o(.rti_fn.3)
 <LI><a href="#[bb]">spi_lock</a> from spi_flash_sfud.o(i.spi_lock) referenced from spi_flash_sfud.o(i.sfud_spi_port_init)
 <LI><a href="#[bc]">spi_unlock</a> from spi_flash_sfud.o(i.spi_unlock) referenced from spi_flash_sfud.o(i.sfud_spi_port_init)
 <LI><a href="#[ba]">spi_write_read</a> from spi_flash_sfud.o(i.spi_write_read) referenced from spi_flash_sfud.o(i.sfud_spi_port_init)
 <LI><a href="#[ac]">vcom_tx_thread_entry</a> from cdc_vcom.o(i.vcom_tx_thread_entry) referenced from cdc_vcom.o(i.rt_usb_vcom_init)
 <LI><a href="#[132]">version</a> from cmd.o(i.version) referenced 2 times from cmd.o(FSymTab)
 <LI><a href="#[9b]">wdt_control</a> from drv_wdt.o(i.wdt_control) referenced from drv_wdt.o(i.rt_hw_wdt_init)
 <LI><a href="#[9a]">wdt_init</a> from drv_wdt.o(i.wdt_init) referenced from drv_wdt.o(i.rt_hw_wdt_init)
 <LI><a href="#[9]">xfer</a> from drv_spi.o(i.xfer) referenced 2 times from drv_spi.o(.data)
</UL>
<P>
<H3>
Global Symbols
</H3>
<P><STRONG><a name="[14f]"></a>__main</STRONG> (Thumb, 8 bytes, Stack size 0 bytes, __main.o(!!!main))
<BR><BR>[Calls]<UL><LI><a href="#[150]">&gt;&gt;</a>&nbsp;&nbsp;&nbsp;__scatterload
<LI><a href="#[151]">&gt;&gt;</a>&nbsp;&nbsp;&nbsp;__rt_entry
</UL>

<P><STRONG><a name="[150]"></a>__scatterload</STRONG> (Thumb, 0 bytes, Stack size unknown bytes, __scatter.o(!!!scatter))
<BR><BR>[Called By]<UL><LI><a href="#[14f]">&gt;&gt;</a>&nbsp;&nbsp;&nbsp;__main
</UL>

<P><STRONG><a name="[152]"></a>__scatterload_rt2</STRONG> (Thumb, 44 bytes, Stack size unknown bytes, __scatter.o(!!!scatter), UNUSED)
<BR><BR>[Calls]<UL><LI><a href="#[151]">&gt;&gt;</a>&nbsp;&nbsp;&nbsp;__rt_entry
</UL>

<P><STRONG><a name="[41b]"></a>__scatterload_rt2_thumb_only</STRONG> (Thumb, 0 bytes, Stack size unknown bytes, __scatter.o(!!!scatter), UNUSED)

<P><STRONG><a name="[41c]"></a>__scatterload_null</STRONG> (Thumb, 0 bytes, Stack size unknown bytes, __scatter.o(!!!scatter), UNUSED)

<P><STRONG><a name="[41d]"></a>__decompress</STRONG> (Thumb, 90 bytes, Stack size unknown bytes, __dczerorl2.o(!!dczerorl2), UNUSED)

<P><STRONG><a name="[41e]"></a>__decompress1</STRONG> (Thumb, 0 bytes, Stack size unknown bytes, __dczerorl2.o(!!dczerorl2), UNUSED)

<P><STRONG><a name="[41f]"></a>__scatterload_zeroinit</STRONG> (Thumb, 28 bytes, Stack size unknown bytes, __scatter_zi.o(!!handler_zi), UNUSED)

<P><STRONG><a name="[153]"></a>_printf_f</STRONG> (Thumb, 0 bytes, Stack size unknown bytes, _printf_f.o(.ARM.Collect$$_printf_percent$$00000003))
<BR><BR>[Stack]<UL><LI>Max Depth = 324 + Unknown Stack Size
<LI>Call Chain = _printf_f &rArr; _printf_fp_dec &rArr; _printf_fp_dec_real &rArr; _fp_digits &rArr; _btod_etento &rArr; _btod_emul &rArr; _e2e
</UL>
<BR>[Calls]<UL><LI><a href="#[154]">&gt;&gt;</a>&nbsp;&nbsp;&nbsp;_printf_fp_dec
</UL>

<P><STRONG><a name="[176]"></a>_printf_percent</STRONG> (Thumb, 0 bytes, Stack size unknown bytes, _printf_percent.o(.ARM.Collect$$_printf_percent$$00000000))
<BR><BR>[Called By]<UL><LI><a href="#[175]">&gt;&gt;</a>&nbsp;&nbsp;&nbsp;__printf
</UL>

<P><STRONG><a name="[155]"></a>_printf_s</STRONG> (Thumb, 0 bytes, Stack size unknown bytes, _printf_s.o(.ARM.Collect$$_printf_percent$$00000014))
<BR><BR>[Stack]<UL><LI>Max Depth = 24 + Unknown Stack Size
<LI>Call Chain = _printf_s &rArr; _printf_string &rArr; _printf_cs_common &rArr; _printf_str
</UL>
<BR>[Calls]<UL><LI><a href="#[156]">&gt;&gt;</a>&nbsp;&nbsp;&nbsp;_printf_string
</UL>

<P><STRONG><a name="[420]"></a>_printf_percent_end</STRONG> (Thumb, 0 bytes, Stack size unknown bytes, _printf_percent_end.o(.ARM.Collect$$_printf_percent$$00000017))

<P><STRONG><a name="[165]"></a>__rt_lib_init</STRONG> (Thumb, 0 bytes, Stack size unknown bytes, libinit.o(.ARM.Collect$$libinit$$00000000))
<BR><BR>[Called By]<UL><LI><a href="#[164]">&gt;&gt;</a>&nbsp;&nbsp;&nbsp;__rt_entry_li
</UL>

<P><STRONG><a name="[157]"></a>__rt_lib_init_fp_1</STRONG> (Thumb, 0 bytes, Stack size unknown bytes, libinit2.o(.ARM.Collect$$libinit$$00000001))
<BR><BR>[Calls]<UL><LI><a href="#[158]">&gt;&gt;</a>&nbsp;&nbsp;&nbsp;_fp_init
</UL>

<P><STRONG><a name="[421]"></a>__rt_lib_init_heap_1</STRONG> (Thumb, 0 bytes, Stack size unknown bytes, libinit2.o(.ARM.Collect$$libinit$$0000000A))

<P><STRONG><a name="[159]"></a>__rt_lib_init_lc_common</STRONG> (Thumb, 0 bytes, Stack size unknown bytes, libinit2.o(.ARM.Collect$$libinit$$0000000F))
<BR><BR>[Calls]<UL><LI><a href="#[15a]">&gt;&gt;</a>&nbsp;&nbsp;&nbsp;__rt_locale
</UL>

<P><STRONG><a name="[422]"></a>__rt_lib_init_preinit_1</STRONG> (Thumb, 0 bytes, Stack size unknown bytes, libinit2.o(.ARM.Collect$$libinit$$00000004))

<P><STRONG><a name="[423]"></a>__rt_lib_init_rand_1</STRONG> (Thumb, 0 bytes, Stack size unknown bytes, libinit2.o(.ARM.Collect$$libinit$$0000000E))

<P><STRONG><a name="[424]"></a>__rt_lib_init_user_alloc_1</STRONG> (Thumb, 0 bytes, Stack size unknown bytes, libinit2.o(.ARM.Collect$$libinit$$0000000C))

<P><STRONG><a name="[425]"></a>__rt_lib_init_lc_collate_1</STRONG> (Thumb, 0 bytes, Stack size unknown bytes, libinit2.o(.ARM.Collect$$libinit$$00000011))

<P><STRONG><a name="[15b]"></a>__rt_lib_init_lc_ctype_2</STRONG> (Thumb, 0 bytes, Stack size unknown bytes, libinit2.o(.ARM.Collect$$libinit$$00000012))
<BR><BR>[Stack]<UL><LI>Max Depth = 8 + Unknown Stack Size
<LI>Call Chain = __rt_lib_init_lc_ctype_2 &rArr; _get_lc_ctype
</UL>
<BR>[Calls]<UL><LI><a href="#[78]">&gt;&gt;</a>&nbsp;&nbsp;&nbsp;_get_lc_ctype
</UL>

<P><STRONG><a name="[426]"></a>__rt_lib_init_lc_ctype_1</STRONG> (Thumb, 0 bytes, Stack size unknown bytes, libinit2.o(.ARM.Collect$$libinit$$00000013))

<P><STRONG><a name="[427]"></a>__rt_lib_init_lc_monetary_1</STRONG> (Thumb, 0 bytes, Stack size unknown bytes, libinit2.o(.ARM.Collect$$libinit$$00000015))

<P><STRONG><a name="[15c]"></a>__rt_lib_init_lc_numeric_2</STRONG> (Thumb, 0 bytes, Stack size unknown bytes, libinit2.o(.ARM.Collect$$libinit$$00000016))
<BR><BR>[Stack]<UL><LI>Max Depth = 8 + Unknown Stack Size
<LI>Call Chain = __rt_lib_init_lc_numeric_2 &rArr; _get_lc_numeric
</UL>
<BR>[Calls]<UL><LI><a href="#[15d]">&gt;&gt;</a>&nbsp;&nbsp;&nbsp;_get_lc_numeric
</UL>

<P><STRONG><a name="[428]"></a>__rt_lib_init_atexit_1</STRONG> (Thumb, 0 bytes, Stack size unknown bytes, libinit2.o(.ARM.Collect$$libinit$$0000001B))

<P><STRONG><a name="[429]"></a>__rt_lib_init_clock_1</STRONG> (Thumb, 0 bytes, Stack size unknown bytes, libinit2.o(.ARM.Collect$$libinit$$00000021))

<P><STRONG><a name="[42a]"></a>__rt_lib_init_fp_trap_1</STRONG> (Thumb, 0 bytes, Stack size unknown bytes, libinit2.o(.ARM.Collect$$libinit$$0000001F))

<P><STRONG><a name="[42b]"></a>__rt_lib_init_getenv_1</STRONG> (Thumb, 0 bytes, Stack size unknown bytes, libinit2.o(.ARM.Collect$$libinit$$00000023))

<P><STRONG><a name="[42c]"></a>__rt_lib_init_lc_numeric_1</STRONG> (Thumb, 0 bytes, Stack size unknown bytes, libinit2.o(.ARM.Collect$$libinit$$00000017))

<P><STRONG><a name="[42d]"></a>__rt_lib_init_lc_time_1</STRONG> (Thumb, 0 bytes, Stack size unknown bytes, libinit2.o(.ARM.Collect$$libinit$$00000019))

<P><STRONG><a name="[42e]"></a>__rt_lib_init_signal_1</STRONG> (Thumb, 0 bytes, Stack size unknown bytes, libinit2.o(.ARM.Collect$$libinit$$0000001D))

<P><STRONG><a name="[15e]"></a>__rt_lib_init_stdio_2</STRONG> (Thumb, 0 bytes, Stack size unknown bytes, libinit2.o(.ARM.Collect$$libinit$$00000024))
<BR><BR>[Stack]<UL><LI>Max Depth = 732 + Unknown Stack Size
<LI>Call Chain = __rt_lib_init_stdio_2 &rArr; _initio &rArr; freopen &rArr; _fclose_internal &rArr; _fflush &rArr; _writebuf &rArr; _sys_write &rArr; libc_stdio_write &rArr; write &rArr; fd_put &rArr; rt_free &rArr; rt_sem_take &rArr; rt_timer_start &rArr; rt_schedule &rArr; _rt_scheduler_stack_check &rArr; list_thread &rArr; object_split &rArr; rt_kprintf &rArr; rt_vsnprintf &rArr; print_number
</UL>
<BR>[Calls]<UL><LI><a href="#[15f]">&gt;&gt;</a>&nbsp;&nbsp;&nbsp;_initio
</UL>

<P><STRONG><a name="[42f]"></a>__rt_lib_init_alloca_1</STRONG> (Thumb, 0 bytes, Stack size unknown bytes, libinit2.o(.ARM.Collect$$libinit$$0000002E))

<P><STRONG><a name="[430]"></a>__rt_lib_init_argv_1</STRONG> (Thumb, 0 bytes, Stack size unknown bytes, libinit2.o(.ARM.Collect$$libinit$$0000002C))

<P><STRONG><a name="[431]"></a>__rt_lib_init_cpp_1</STRONG> (Thumb, 0 bytes, Stack size unknown bytes, libinit2.o(.ARM.Collect$$libinit$$00000032))

<P><STRONG><a name="[432]"></a>__rt_lib_init_exceptions_1</STRONG> (Thumb, 0 bytes, Stack size unknown bytes, libinit2.o(.ARM.Collect$$libinit$$00000030))

<P><STRONG><a name="[433]"></a>__rt_lib_init_return</STRONG> (Thumb, 0 bytes, Stack size unknown bytes, libinit2.o(.ARM.Collect$$libinit$$00000033))

<P><STRONG><a name="[434]"></a>__rt_lib_init_stdio_1</STRONG> (Thumb, 0 bytes, Stack size unknown bytes, libinit2.o(.ARM.Collect$$libinit$$00000025))

<P><STRONG><a name="[16a]"></a>__rt_lib_shutdown</STRONG> (Thumb, 0 bytes, Stack size unknown bytes, libshutdown.o(.ARM.Collect$$libshutdown$$00000000))
<BR><BR>[Called By]<UL><LI><a href="#[169]">&gt;&gt;</a>&nbsp;&nbsp;&nbsp;__rt_exit_ls
</UL>

<P><STRONG><a name="[435]"></a>__rt_lib_shutdown_cpp_1</STRONG> (Thumb, 0 bytes, Stack size unknown bytes, libshutdown2.o(.ARM.Collect$$libshutdown$$00000002))

<P><STRONG><a name="[160]"></a>__rt_lib_shutdown_stdio_2</STRONG> (Thumb, 0 bytes, Stack size unknown bytes, libshutdown2.o(.ARM.Collect$$libshutdown$$00000003))
<BR><BR>[Stack]<UL><LI>Max Depth = 716 + Unknown Stack Size
<LI>Call Chain = __rt_lib_shutdown_stdio_2 &rArr; _terminateio &rArr; _fclose_internal &rArr; _fflush &rArr; _writebuf &rArr; _sys_write &rArr; libc_stdio_write &rArr; write &rArr; fd_put &rArr; rt_free &rArr; rt_sem_take &rArr; rt_timer_start &rArr; rt_schedule &rArr; _rt_scheduler_stack_check &rArr; list_thread &rArr; object_split &rArr; rt_kprintf &rArr; rt_vsnprintf &rArr; print_number
</UL>
<BR>[Calls]<UL><LI><a href="#[161]">&gt;&gt;</a>&nbsp;&nbsp;&nbsp;_terminateio
</UL>

<P><STRONG><a name="[436]"></a>__rt_lib_shutdown_fp_trap_1</STRONG> (Thumb, 0 bytes, Stack size unknown bytes, libshutdown2.o(.ARM.Collect$$libshutdown$$00000007))

<P><STRONG><a name="[437]"></a>__rt_lib_shutdown_heap_1</STRONG> (Thumb, 0 bytes, Stack size unknown bytes, libshutdown2.o(.ARM.Collect$$libshutdown$$0000000F))

<P><STRONG><a name="[438]"></a>__rt_lib_shutdown_return</STRONG> (Thumb, 0 bytes, Stack size unknown bytes, libshutdown2.o(.ARM.Collect$$libshutdown$$00000010))

<P><STRONG><a name="[439]"></a>__rt_lib_shutdown_signal_1</STRONG> (Thumb, 0 bytes, Stack size unknown bytes, libshutdown2.o(.ARM.Collect$$libshutdown$$0000000A))

<P><STRONG><a name="[43a]"></a>__rt_lib_shutdown_stdio_1</STRONG> (Thumb, 0 bytes, Stack size unknown bytes, libshutdown2.o(.ARM.Collect$$libshutdown$$00000004))

<P><STRONG><a name="[43b]"></a>__rt_lib_shutdown_user_alloc_1</STRONG> (Thumb, 0 bytes, Stack size unknown bytes, libshutdown2.o(.ARM.Collect$$libshutdown$$0000000C))

<P><STRONG><a name="[151]"></a>__rt_entry</STRONG> (Thumb, 0 bytes, Stack size unknown bytes, __rtentry.o(.ARM.Collect$$rtentry$$00000000))
<BR><BR>[Called By]<UL><LI><a href="#[152]">&gt;&gt;</a>&nbsp;&nbsp;&nbsp;__scatterload_rt2
<LI><a href="#[14f]">&gt;&gt;</a>&nbsp;&nbsp;&nbsp;__main
</UL>

<P><STRONG><a name="[43c]"></a>__rt_entry_presh_1</STRONG> (Thumb, 0 bytes, Stack size unknown bytes, __rtentry2.o(.ARM.Collect$$rtentry$$00000002))

<P><STRONG><a name="[162]"></a>__rt_entry_sh</STRONG> (Thumb, 0 bytes, Stack size unknown bytes, __rtentry4.o(.ARM.Collect$$rtentry$$00000004))
<BR><BR>[Stack]<UL><LI>Max Depth = 8 + Unknown Stack Size
<LI>Call Chain = __rt_entry_sh &rArr; __user_setup_stackheap
</UL>
<BR>[Calls]<UL><LI><a href="#[163]">&gt;&gt;</a>&nbsp;&nbsp;&nbsp;__user_setup_stackheap
</UL>

<P><STRONG><a name="[164]"></a>__rt_entry_li</STRONG> (Thumb, 0 bytes, Stack size unknown bytes, __rtentry2.o(.ARM.Collect$$rtentry$$0000000A))
<BR><BR>[Calls]<UL><LI><a href="#[165]">&gt;&gt;</a>&nbsp;&nbsp;&nbsp;__rt_lib_init
</UL>

<P><STRONG><a name="[43d]"></a>__rt_entry_postsh_1</STRONG> (Thumb, 0 bytes, Stack size unknown bytes, __rtentry2.o(.ARM.Collect$$rtentry$$00000009))

<P><STRONG><a name="[166]"></a>__rt_entry_main</STRONG> (Thumb, 0 bytes, Stack size unknown bytes, __rtentry2.o(.ARM.Collect$$rtentry$$0000000D))
<BR><BR>[Stack]<UL><LI>Max Depth = 684 + Unknown Stack Size
<LI>Call Chain = __rt_entry_main &rArr; main &rArr; rtthread_startup &rArr; rt_thread_idle_init &rArr; rt_thread_init &rArr; _rt_thread_init &rArr; rt_timer_init &rArr; rt_object_init &rArr; rt_exit_critical &rArr; rt_schedule &rArr; _rt_scheduler_stack_check &rArr; list_thread &rArr; object_split &rArr; rt_kprintf &rArr; rt_vsnprintf &rArr; print_number
</UL>
<BR>[Calls]<UL><LI><a href="#[167]">&gt;&gt;</a>&nbsp;&nbsp;&nbsp;main
<LI><a href="#[168]">&gt;&gt;</a>&nbsp;&nbsp;&nbsp;exit
</UL>

<P><STRONG><a name="[43e]"></a>__rt_entry_postli_1</STRONG> (Thumb, 0 bytes, Stack size unknown bytes, __rtentry2.o(.ARM.Collect$$rtentry$$0000000C))

<P><STRONG><a name="[1b1]"></a>__rt_exit</STRONG> (Thumb, 0 bytes, Stack size unknown bytes, rtexit.o(.ARM.Collect$$rtexit$$00000000))
<BR><BR>[Called By]<UL><LI><a href="#[168]">&gt;&gt;</a>&nbsp;&nbsp;&nbsp;exit
</UL>

<P><STRONG><a name="[169]"></a>__rt_exit_ls</STRONG> (Thumb, 0 bytes, Stack size unknown bytes, rtexit2.o(.ARM.Collect$$rtexit$$00000003))
<BR><BR>[Calls]<UL><LI><a href="#[16a]">&gt;&gt;</a>&nbsp;&nbsp;&nbsp;__rt_lib_shutdown
</UL>

<P><STRONG><a name="[43f]"></a>__rt_exit_prels_1</STRONG> (Thumb, 0 bytes, Stack size unknown bytes, rtexit2.o(.ARM.Collect$$rtexit$$00000002))

<P><STRONG><a name="[16b]"></a>__rt_exit_exit</STRONG> (Thumb, 0 bytes, Stack size unknown bytes, rtexit2.o(.ARM.Collect$$rtexit$$00000004))
<BR><BR>[Calls]<UL><LI><a href="#[16c]">&gt;&gt;</a>&nbsp;&nbsp;&nbsp;_sys_exit
</UL>

<P><STRONG><a name="[1fc]"></a>__rt_ffs</STRONG> (Thumb, 16 bytes, Stack size 0 bytes, cpuport.o(.emb_text))
<BR><BR>[Called By]<UL><LI><a href="#[1fb]">&gt;&gt;</a>&nbsp;&nbsp;&nbsp;_get_highest_priority_thread
</UL>

<P><STRONG><a name="[1ec]"></a>rt_hw_interrupt_disable</STRONG> (Thumb, 8 bytes, Stack size 0 bytes, context_rvds.o(.text))
<BR><BR>[Called By]<UL><LI><a href="#[c4]">&gt;&gt;</a>&nbsp;&nbsp;&nbsp;serial_fops_poll
<LI><a href="#[95]">&gt;&gt;</a>&nbsp;&nbsp;&nbsp;rt_serial_control
<LI><a href="#[230]">&gt;&gt;</a>&nbsp;&nbsp;&nbsp;_tc_flush
<LI><a href="#[221]">&gt;&gt;</a>&nbsp;&nbsp;&nbsp;_serial_int_rx
<LI><a href="#[21e]">&gt;&gt;</a>&nbsp;&nbsp;&nbsp;_serial_dma_tx
<LI><a href="#[21a]">&gt;&gt;</a>&nbsp;&nbsp;&nbsp;_serial_dma_rx
<LI><a href="#[23c]">&gt;&gt;</a>&nbsp;&nbsp;&nbsp;rt_exit_critical
<LI><a href="#[239]">&gt;&gt;</a>&nbsp;&nbsp;&nbsp;rt_enter_critical
<LI><a href="#[207]">&gt;&gt;</a>&nbsp;&nbsp;&nbsp;rt_pm_enter_critical
<LI><a href="#[20d]">&gt;&gt;</a>&nbsp;&nbsp;&nbsp;rt_timer_check
<LI><a href="#[20c]">&gt;&gt;</a>&nbsp;&nbsp;&nbsp;rt_tick_set
<LI><a href="#[307]">&gt;&gt;</a>&nbsp;&nbsp;&nbsp;rt_realloc
<LI><a href="#[3a1]">&gt;&gt;</a>&nbsp;&nbsp;&nbsp;rt_pm_run_enter
<LI><a href="#[3a0]">&gt;&gt;</a>&nbsp;&nbsp;&nbsp;rt_pm_request
<LI><a href="#[39f]">&gt;&gt;</a>&nbsp;&nbsp;&nbsp;rt_pm_release
<LI><a href="#[20e]">&gt;&gt;</a>&nbsp;&nbsp;&nbsp;_pm_frequency_scaling
<LI><a href="#[236]">&gt;&gt;</a>&nbsp;&nbsp;&nbsp;rt_thread_suspend
<LI><a href="#[362]">&gt;&gt;</a>&nbsp;&nbsp;&nbsp;rt_thread_resume
<LI><a href="#[237]">&gt;&gt;</a>&nbsp;&nbsp;&nbsp;rt_schedule
<LI><a href="#[211]">&gt;&gt;</a>&nbsp;&nbsp;&nbsp;rt_interrupt_get_nest
<LI><a href="#[2ce]">&gt;&gt;</a>&nbsp;&nbsp;&nbsp;rt_mutex_take
<LI><a href="#[2cf]">&gt;&gt;</a>&nbsp;&nbsp;&nbsp;rt_mutex_release
<LI><a href="#[1f7]">&gt;&gt;</a>&nbsp;&nbsp;&nbsp;rt_malloc
<LI><a href="#[1f5]">&gt;&gt;</a>&nbsp;&nbsp;&nbsp;rt_free
<LI><a href="#[21f]">&gt;&gt;</a>&nbsp;&nbsp;&nbsp;rt_data_queue_push
<LI><a href="#[36c]">&gt;&gt;</a>&nbsp;&nbsp;&nbsp;rt_data_queue_pop
<LI><a href="#[36b]">&gt;&gt;</a>&nbsp;&nbsp;&nbsp;rt_data_queue_peak
<LI><a href="#[223]">&gt;&gt;</a>&nbsp;&nbsp;&nbsp;rt_completion_wait
<LI><a href="#[363]">&gt;&gt;</a>&nbsp;&nbsp;&nbsp;rt_completion_init
<LI><a href="#[1e8]">&gt;&gt;</a>&nbsp;&nbsp;&nbsp;rt_completion_done
<LI><a href="#[133]">&gt;&gt;</a>&nbsp;&nbsp;&nbsp;list_thread
<LI><a href="#[368]">&gt;&gt;</a>&nbsp;&nbsp;&nbsp;rt_data_queue_reset
<LI><a href="#[365]">&gt;&gt;</a>&nbsp;&nbsp;&nbsp;rt_timer_start
<LI><a href="#[3fb]">&gt;&gt;</a>&nbsp;&nbsp;&nbsp;rt_wqueue_wakeup
<LI><a href="#[3fa]">&gt;&gt;</a>&nbsp;&nbsp;&nbsp;rt_wqueue_wait
<LI><a href="#[367]">&gt;&gt;</a>&nbsp;&nbsp;&nbsp;rt_data_queue_deinit
<LI><a href="#[1ef]">&gt;&gt;</a>&nbsp;&nbsp;&nbsp;rt_hw_serial_isr
<LI><a href="#[ca]">&gt;&gt;</a>&nbsp;&nbsp;&nbsp;at32_pin_irq_enable
<LI><a href="#[c9]">&gt;&gt;</a>&nbsp;&nbsp;&nbsp;at32_pin_dettach_irq
<LI><a href="#[c8]">&gt;&gt;</a>&nbsp;&nbsp;&nbsp;at32_pin_attach_irq
<LI><a href="#[383]">&gt;&gt;</a>&nbsp;&nbsp;&nbsp;rt_system_heap_init
<LI><a href="#[1bd]">&gt;&gt;</a>&nbsp;&nbsp;&nbsp;rt_interrupt_leave
<LI><a href="#[1bb]">&gt;&gt;</a>&nbsp;&nbsp;&nbsp;rt_interrupt_enter
<LI><a href="#[3da]">&gt;&gt;</a>&nbsp;&nbsp;&nbsp;rt_timer_stop
<LI><a href="#[3d3]">&gt;&gt;</a>&nbsp;&nbsp;&nbsp;rt_timer_detach
<LI><a href="#[3d1]">&gt;&gt;</a>&nbsp;&nbsp;&nbsp;rt_thread_delete
<LI><a href="#[37f]">&gt;&gt;</a>&nbsp;&nbsp;&nbsp;rt_sem_take
<LI><a href="#[23b]">&gt;&gt;</a>&nbsp;&nbsp;&nbsp;rt_sem_release
<LI><a href="#[b7]">&gt;&gt;</a>&nbsp;&nbsp;&nbsp;_workqueue_thread_entry
<LI><a href="#[3f9]">&gt;&gt;</a>&nbsp;&nbsp;&nbsp;rt_wqueue_remove
<LI><a href="#[3f8]">&gt;&gt;</a>&nbsp;&nbsp;&nbsp;rt_wqueue_add
<LI><a href="#[30d]">&gt;&gt;</a>&nbsp;&nbsp;&nbsp;rt_mutex_delete
<LI><a href="#[30c]">&gt;&gt;</a>&nbsp;&nbsp;&nbsp;rt_mutex_create
<LI><a href="#[13b]">&gt;&gt;</a>&nbsp;&nbsp;&nbsp;list_timer
<LI><a href="#[134]">&gt;&gt;</a>&nbsp;&nbsp;&nbsp;list_sem
<LI><a href="#[136]">&gt;&gt;</a>&nbsp;&nbsp;&nbsp;list_mutex
<LI><a href="#[138]">&gt;&gt;</a>&nbsp;&nbsp;&nbsp;list_msgqueue
<LI><a href="#[13a]">&gt;&gt;</a>&nbsp;&nbsp;&nbsp;list_mempool
<LI><a href="#[139]">&gt;&gt;</a>&nbsp;&nbsp;&nbsp;list_memheap
<LI><a href="#[137]">&gt;&gt;</a>&nbsp;&nbsp;&nbsp;list_mailbox
<LI><a href="#[135]">&gt;&gt;</a>&nbsp;&nbsp;&nbsp;list_event
<LI><a href="#[13c]">&gt;&gt;</a>&nbsp;&nbsp;&nbsp;list_device
<LI><a href="#[349]">&gt;&gt;</a>&nbsp;&nbsp;&nbsp;list_get_next
<LI><a href="#[39c]">&gt;&gt;</a>&nbsp;&nbsp;&nbsp;rt_thread_control
<LI><a href="#[399]">&gt;&gt;</a>&nbsp;&nbsp;&nbsp;rt_object_allocate
<LI><a href="#[398]">&gt;&gt;</a>&nbsp;&nbsp;&nbsp;rt_mq_send_wait
<LI><a href="#[335]">&gt;&gt;</a>&nbsp;&nbsp;&nbsp;rt_mq_recv
<LI><a href="#[233]">&gt;&gt;</a>&nbsp;&nbsp;&nbsp;rt_event_send
<LI><a href="#[235]">&gt;&gt;</a>&nbsp;&nbsp;&nbsp;rt_event_recv
<LI><a href="#[392]">&gt;&gt;</a>&nbsp;&nbsp;&nbsp;rt_ipc_list_resume_all
<LI><a href="#[39a]">&gt;&gt;</a>&nbsp;&nbsp;&nbsp;rt_object_delete
<LI><a href="#[3d5]">&gt;&gt;</a>&nbsp;&nbsp;&nbsp;rt_thread_idle_excute
<LI><a href="#[375]">&gt;&gt;</a>&nbsp;&nbsp;&nbsp;rt_object_init
<LI><a href="#[379]">&gt;&gt;</a>&nbsp;&nbsp;&nbsp;rt_object_detach
<LI><a href="#[1ba]">&gt;&gt;</a>&nbsp;&nbsp;&nbsp;rtthread_startup
<LI><a href="#[3db]">&gt;&gt;</a>&nbsp;&nbsp;&nbsp;rt_timer_list_next_timeout
<LI><a href="#[3d2]">&gt;&gt;</a>&nbsp;&nbsp;&nbsp;rt_thread_sleep
<LI><a href="#[7d]">&gt;&gt;</a>&nbsp;&nbsp;&nbsp;rt_thread_exit
<LI><a href="#[3d0]">&gt;&gt;</a>&nbsp;&nbsp;&nbsp;rt_thread_detach
<LI><a href="#[3b0]">&gt;&gt;</a>&nbsp;&nbsp;&nbsp;rt_schedule_remove_thread
<LI><a href="#[3af]">&gt;&gt;</a>&nbsp;&nbsp;&nbsp;rt_schedule_insert_thread
<LI><a href="#[213]">&gt;&gt;</a>&nbsp;&nbsp;&nbsp;_rt_scheduler_stack_check
<LI><a href="#[ac]">&gt;&gt;</a>&nbsp;&nbsp;&nbsp;vcom_tx_thread_entry
<LI><a href="#[1f4]">&gt;&gt;</a>&nbsp;&nbsp;&nbsp;_vcom_reset_state
<LI><a href="#[234]">&gt;&gt;</a>&nbsp;&nbsp;&nbsp;_vcom_rb_block_put
<LI><a href="#[f5]">&gt;&gt;</a>&nbsp;&nbsp;&nbsp;_vcom_putc
<LI><a href="#[f6]">&gt;&gt;</a>&nbsp;&nbsp;&nbsp;_vcom_getc
<LI><a href="#[af]">&gt;&gt;</a>&nbsp;&nbsp;&nbsp;_ep_out_handler
</UL>

<P><STRONG><a name="[1ee]"></a>rt_hw_interrupt_enable</STRONG> (Thumb, 6 bytes, Stack size 0 bytes, context_rvds.o(.text))
<BR><BR>[Called By]<UL><LI><a href="#[c4]">&gt;&gt;</a>&nbsp;&nbsp;&nbsp;serial_fops_poll
<LI><a href="#[95]">&gt;&gt;</a>&nbsp;&nbsp;&nbsp;rt_serial_control
<LI><a href="#[230]">&gt;&gt;</a>&nbsp;&nbsp;&nbsp;_tc_flush
<LI><a href="#[221]">&gt;&gt;</a>&nbsp;&nbsp;&nbsp;_serial_int_rx
<LI><a href="#[21e]">&gt;&gt;</a>&nbsp;&nbsp;&nbsp;_serial_dma_tx
<LI><a href="#[21a]">&gt;&gt;</a>&nbsp;&nbsp;&nbsp;_serial_dma_rx
<LI><a href="#[23c]">&gt;&gt;</a>&nbsp;&nbsp;&nbsp;rt_exit_critical
<LI><a href="#[239]">&gt;&gt;</a>&nbsp;&nbsp;&nbsp;rt_enter_critical
<LI><a href="#[20a]">&gt;&gt;</a>&nbsp;&nbsp;&nbsp;rt_pm_exit_critical
<LI><a href="#[20d]">&gt;&gt;</a>&nbsp;&nbsp;&nbsp;rt_timer_check
<LI><a href="#[20c]">&gt;&gt;</a>&nbsp;&nbsp;&nbsp;rt_tick_set
<LI><a href="#[307]">&gt;&gt;</a>&nbsp;&nbsp;&nbsp;rt_realloc
<LI><a href="#[3a1]">&gt;&gt;</a>&nbsp;&nbsp;&nbsp;rt_pm_run_enter
<LI><a href="#[3a0]">&gt;&gt;</a>&nbsp;&nbsp;&nbsp;rt_pm_request
<LI><a href="#[39f]">&gt;&gt;</a>&nbsp;&nbsp;&nbsp;rt_pm_release
<LI><a href="#[20e]">&gt;&gt;</a>&nbsp;&nbsp;&nbsp;_pm_frequency_scaling
<LI><a href="#[236]">&gt;&gt;</a>&nbsp;&nbsp;&nbsp;rt_thread_suspend
<LI><a href="#[362]">&gt;&gt;</a>&nbsp;&nbsp;&nbsp;rt_thread_resume
<LI><a href="#[237]">&gt;&gt;</a>&nbsp;&nbsp;&nbsp;rt_schedule
<LI><a href="#[211]">&gt;&gt;</a>&nbsp;&nbsp;&nbsp;rt_interrupt_get_nest
<LI><a href="#[2ce]">&gt;&gt;</a>&nbsp;&nbsp;&nbsp;rt_mutex_take
<LI><a href="#[2cf]">&gt;&gt;</a>&nbsp;&nbsp;&nbsp;rt_mutex_release
<LI><a href="#[1f7]">&gt;&gt;</a>&nbsp;&nbsp;&nbsp;rt_malloc
<LI><a href="#[1f5]">&gt;&gt;</a>&nbsp;&nbsp;&nbsp;rt_free
<LI><a href="#[21f]">&gt;&gt;</a>&nbsp;&nbsp;&nbsp;rt_data_queue_push
<LI><a href="#[36c]">&gt;&gt;</a>&nbsp;&nbsp;&nbsp;rt_data_queue_pop
<LI><a href="#[36b]">&gt;&gt;</a>&nbsp;&nbsp;&nbsp;rt_data_queue_peak
<LI><a href="#[223]">&gt;&gt;</a>&nbsp;&nbsp;&nbsp;rt_completion_wait
<LI><a href="#[363]">&gt;&gt;</a>&nbsp;&nbsp;&nbsp;rt_completion_init
<LI><a href="#[1e8]">&gt;&gt;</a>&nbsp;&nbsp;&nbsp;rt_completion_done
<LI><a href="#[133]">&gt;&gt;</a>&nbsp;&nbsp;&nbsp;list_thread
<LI><a href="#[368]">&gt;&gt;</a>&nbsp;&nbsp;&nbsp;rt_data_queue_reset
<LI><a href="#[365]">&gt;&gt;</a>&nbsp;&nbsp;&nbsp;rt_timer_start
<LI><a href="#[3fb]">&gt;&gt;</a>&nbsp;&nbsp;&nbsp;rt_wqueue_wakeup
<LI><a href="#[3fa]">&gt;&gt;</a>&nbsp;&nbsp;&nbsp;rt_wqueue_wait
<LI><a href="#[367]">&gt;&gt;</a>&nbsp;&nbsp;&nbsp;rt_data_queue_deinit
<LI><a href="#[1ef]">&gt;&gt;</a>&nbsp;&nbsp;&nbsp;rt_hw_serial_isr
<LI><a href="#[ca]">&gt;&gt;</a>&nbsp;&nbsp;&nbsp;at32_pin_irq_enable
<LI><a href="#[c9]">&gt;&gt;</a>&nbsp;&nbsp;&nbsp;at32_pin_dettach_irq
<LI><a href="#[c8]">&gt;&gt;</a>&nbsp;&nbsp;&nbsp;at32_pin_attach_irq
<LI><a href="#[383]">&gt;&gt;</a>&nbsp;&nbsp;&nbsp;rt_system_heap_init
<LI><a href="#[1bd]">&gt;&gt;</a>&nbsp;&nbsp;&nbsp;rt_interrupt_leave
<LI><a href="#[1bb]">&gt;&gt;</a>&nbsp;&nbsp;&nbsp;rt_interrupt_enter
<LI><a href="#[3da]">&gt;&gt;</a>&nbsp;&nbsp;&nbsp;rt_timer_stop
<LI><a href="#[3d3]">&gt;&gt;</a>&nbsp;&nbsp;&nbsp;rt_timer_detach
<LI><a href="#[3d1]">&gt;&gt;</a>&nbsp;&nbsp;&nbsp;rt_thread_delete
<LI><a href="#[37f]">&gt;&gt;</a>&nbsp;&nbsp;&nbsp;rt_sem_take
<LI><a href="#[23b]">&gt;&gt;</a>&nbsp;&nbsp;&nbsp;rt_sem_release
<LI><a href="#[b7]">&gt;&gt;</a>&nbsp;&nbsp;&nbsp;_workqueue_thread_entry
<LI><a href="#[3f9]">&gt;&gt;</a>&nbsp;&nbsp;&nbsp;rt_wqueue_remove
<LI><a href="#[3f8]">&gt;&gt;</a>&nbsp;&nbsp;&nbsp;rt_wqueue_add
<LI><a href="#[30d]">&gt;&gt;</a>&nbsp;&nbsp;&nbsp;rt_mutex_delete
<LI><a href="#[30c]">&gt;&gt;</a>&nbsp;&nbsp;&nbsp;rt_mutex_create
<LI><a href="#[13b]">&gt;&gt;</a>&nbsp;&nbsp;&nbsp;list_timer
<LI><a href="#[134]">&gt;&gt;</a>&nbsp;&nbsp;&nbsp;list_sem
<LI><a href="#[136]">&gt;&gt;</a>&nbsp;&nbsp;&nbsp;list_mutex
<LI><a href="#[138]">&gt;&gt;</a>&nbsp;&nbsp;&nbsp;list_msgqueue
<LI><a href="#[13a]">&gt;&gt;</a>&nbsp;&nbsp;&nbsp;list_mempool
<LI><a href="#[139]">&gt;&gt;</a>&nbsp;&nbsp;&nbsp;list_memheap
<LI><a href="#[137]">&gt;&gt;</a>&nbsp;&nbsp;&nbsp;list_mailbox
<LI><a href="#[135]">&gt;&gt;</a>&nbsp;&nbsp;&nbsp;list_event
<LI><a href="#[13c]">&gt;&gt;</a>&nbsp;&nbsp;&nbsp;list_device
<LI><a href="#[349]">&gt;&gt;</a>&nbsp;&nbsp;&nbsp;list_get_next
<LI><a href="#[39c]">&gt;&gt;</a>&nbsp;&nbsp;&nbsp;rt_thread_control
<LI><a href="#[399]">&gt;&gt;</a>&nbsp;&nbsp;&nbsp;rt_object_allocate
<LI><a href="#[398]">&gt;&gt;</a>&nbsp;&nbsp;&nbsp;rt_mq_send_wait
<LI><a href="#[335]">&gt;&gt;</a>&nbsp;&nbsp;&nbsp;rt_mq_recv
<LI><a href="#[233]">&gt;&gt;</a>&nbsp;&nbsp;&nbsp;rt_event_send
<LI><a href="#[235]">&gt;&gt;</a>&nbsp;&nbsp;&nbsp;rt_event_recv
<LI><a href="#[392]">&gt;&gt;</a>&nbsp;&nbsp;&nbsp;rt_ipc_list_resume_all
<LI><a href="#[39a]">&gt;&gt;</a>&nbsp;&nbsp;&nbsp;rt_object_delete
<LI><a href="#[3d5]">&gt;&gt;</a>&nbsp;&nbsp;&nbsp;rt_thread_idle_excute
<LI><a href="#[375]">&gt;&gt;</a>&nbsp;&nbsp;&nbsp;rt_object_init
<LI><a href="#[379]">&gt;&gt;</a>&nbsp;&nbsp;&nbsp;rt_object_detach
<LI><a href="#[3db]">&gt;&gt;</a>&nbsp;&nbsp;&nbsp;rt_timer_list_next_timeout
<LI><a href="#[3d2]">&gt;&gt;</a>&nbsp;&nbsp;&nbsp;rt_thread_sleep
<LI><a href="#[7d]">&gt;&gt;</a>&nbsp;&nbsp;&nbsp;rt_thread_exit
<LI><a href="#[3d0]">&gt;&gt;</a>&nbsp;&nbsp;&nbsp;rt_thread_detach
<LI><a href="#[3b0]">&gt;&gt;</a>&nbsp;&nbsp;&nbsp;rt_schedule_remove_thread
<LI><a href="#[3af]">&gt;&gt;</a>&nbsp;&nbsp;&nbsp;rt_schedule_insert_thread
<LI><a href="#[ac]">&gt;&gt;</a>&nbsp;&nbsp;&nbsp;vcom_tx_thread_entry
<LI><a href="#[1f4]">&gt;&gt;</a>&nbsp;&nbsp;&nbsp;_vcom_reset_state
<LI><a href="#[234]">&gt;&gt;</a>&nbsp;&nbsp;&nbsp;_vcom_rb_block_put
<LI><a href="#[f5]">&gt;&gt;</a>&nbsp;&nbsp;&nbsp;_vcom_putc
<LI><a href="#[f6]">&gt;&gt;</a>&nbsp;&nbsp;&nbsp;_vcom_getc
<LI><a href="#[af]">&gt;&gt;</a>&nbsp;&nbsp;&nbsp;_ep_out_handler
</UL>

<P><STRONG><a name="[3b1]"></a>rt_hw_context_switch</STRONG> (Thumb, 32 bytes, Stack size 0 bytes, context_rvds.o(.text))
<BR><BR>[Called By]<UL><LI><a href="#[237]">&gt;&gt;</a>&nbsp;&nbsp;&nbsp;rt_schedule
</UL>

<P><STRONG><a name="[3b2]"></a>rt_hw_context_switch_interrupt</STRONG> (Thumb, 0 bytes, Stack size 0 bytes, context_rvds.o(.text))
<BR><BR>[Called By]<UL><LI><a href="#[237]">&gt;&gt;</a>&nbsp;&nbsp;&nbsp;rt_schedule
</UL>

<P><STRONG><a name="[26]"></a>PendSV_Handler</STRONG> (Thumb, 108 bytes, Stack size 0 bytes, context_rvds.o(.text))
<BR>[Address Reference Count : 1]<UL><LI> startup_at32f407vgt7.o(RESET)
</UL>
<P><STRONG><a name="[3cc]"></a>rt_hw_context_switch_to</STRONG> (Thumb, 68 bytes, Stack size 0 bytes, context_rvds.o(.text))
<BR><BR>[Called By]<UL><LI><a href="#[3cb]">&gt;&gt;</a>&nbsp;&nbsp;&nbsp;rt_system_scheduler_start
</UL>

<P><STRONG><a name="[440]"></a>rt_hw_interrupt_thread_switch</STRONG> (Thumb, 2 bytes, Stack size 0 bytes, context_rvds.o(.text), UNUSED)

<P><STRONG><a name="[20]"></a>HardFault_Handler</STRONG> (Thumb, 56 bytes, Stack size 0 bytes, context_rvds.o(.text))
<BR><BR>[Stack]<UL><LI>Max Depth = 444<LI>Call Chain = HardFault_Handler &rArr; rt_hw_hard_fault_exception &rArr; list_thread &rArr; object_split &rArr; rt_kprintf &rArr; rt_vsnprintf &rArr; print_number
</UL>
<BR>[Calls]<UL><LI><a href="#[16d]">&gt;&gt;</a>&nbsp;&nbsp;&nbsp;rt_hw_hard_fault_exception
</UL>
<BR>[Address Reference Count : 1]<UL><LI> startup_at32f407vgt7.o(RESET)
</UL>
<P><STRONG><a name="[1e]"></a>Reset_Handler</STRONG> (Thumb, 8 bytes, Stack size 0 bytes, startup_at32f407vgt7.o(.text))
<BR>[Address Reference Count : 1]<UL><LI> startup_at32f407vgt7.o(RESET)
</UL>
<P><STRONG><a name="[1f]"></a>NMI_Handler</STRONG> (Thumb, 2 bytes, Stack size 0 bytes, startup_at32f407vgt7.o(.text))
<BR><BR>[Calls]<UL><LI><a href="#[1f]">&gt;&gt;</a>&nbsp;&nbsp;&nbsp;NMI_Handler
</UL>
<BR>[Called By]<UL><LI><a href="#[1f]">&gt;&gt;</a>&nbsp;&nbsp;&nbsp;NMI_Handler
</UL>
<BR>[Address Reference Count : 1]<UL><LI> startup_at32f407vgt7.o(RESET)
</UL>
<P><STRONG><a name="[21]"></a>MemManage_Handler</STRONG> (Thumb, 2 bytes, Stack size 0 bytes, startup_at32f407vgt7.o(.text))
<BR><BR>[Calls]<UL><LI><a href="#[21]">&gt;&gt;</a>&nbsp;&nbsp;&nbsp;MemManage_Handler
</UL>
<BR>[Called By]<UL><LI><a href="#[21]">&gt;&gt;</a>&nbsp;&nbsp;&nbsp;MemManage_Handler
</UL>
<BR>[Address Reference Count : 1]<UL><LI> startup_at32f407vgt7.o(RESET)
</UL>
<P><STRONG><a name="[22]"></a>BusFault_Handler</STRONG> (Thumb, 2 bytes, Stack size 0 bytes, startup_at32f407vgt7.o(.text))
<BR><BR>[Calls]<UL><LI><a href="#[22]">&gt;&gt;</a>&nbsp;&nbsp;&nbsp;BusFault_Handler
</UL>
<BR>[Called By]<UL><LI><a href="#[22]">&gt;&gt;</a>&nbsp;&nbsp;&nbsp;BusFault_Handler
</UL>
<BR>[Address Reference Count : 1]<UL><LI> startup_at32f407vgt7.o(RESET)
</UL>
<P><STRONG><a name="[23]"></a>UsageFault_Handler</STRONG> (Thumb, 2 bytes, Stack size 0 bytes, startup_at32f407vgt7.o(.text))
<BR><BR>[Calls]<UL><LI><a href="#[23]">&gt;&gt;</a>&nbsp;&nbsp;&nbsp;UsageFault_Handler
</UL>
<BR>[Called By]<UL><LI><a href="#[23]">&gt;&gt;</a>&nbsp;&nbsp;&nbsp;UsageFault_Handler
</UL>
<BR>[Address Reference Count : 1]<UL><LI> startup_at32f407vgt7.o(RESET)
</UL>
<P><STRONG><a name="[24]"></a>SVC_Handler</STRONG> (Thumb, 2 bytes, Stack size 0 bytes, startup_at32f407vgt7.o(.text))
<BR><BR>[Calls]<UL><LI><a href="#[24]">&gt;&gt;</a>&nbsp;&nbsp;&nbsp;SVC_Handler
</UL>
<BR>[Called By]<UL><LI><a href="#[24]">&gt;&gt;</a>&nbsp;&nbsp;&nbsp;SVC_Handler
</UL>
<BR>[Address Reference Count : 1]<UL><LI> startup_at32f407vgt7.o(RESET)
</UL>
<P><STRONG><a name="[25]"></a>DebugMon_Handler</STRONG> (Thumb, 2 bytes, Stack size 0 bytes, startup_at32f407vgt7.o(.text))
<BR><BR>[Calls]<UL><LI><a href="#[25]">&gt;&gt;</a>&nbsp;&nbsp;&nbsp;DebugMon_Handler
</UL>
<BR>[Called By]<UL><LI><a href="#[25]">&gt;&gt;</a>&nbsp;&nbsp;&nbsp;DebugMon_Handler
</UL>
<BR>[Address Reference Count : 1]<UL><LI> startup_at32f407vgt7.o(RESET)
</UL>
<P><STRONG><a name="[6c]"></a>ACC_IRQHandler</STRONG> (Thumb, 0 bytes, Stack size 0 bytes, startup_at32f407vgt7.o(.text))
<BR><BR>[Calls]<UL><LI><a href="#[6c]">&gt;&gt;</a>&nbsp;&nbsp;&nbsp;ACC_IRQHandler
</UL>
<BR>[Called By]<UL><LI><a href="#[6c]">&gt;&gt;</a>&nbsp;&nbsp;&nbsp;ACC_IRQHandler
</UL>
<BR>[Address Reference Count : 1]<UL><LI> startup_at32f407vgt7.o(RESET)
</UL>
<P><STRONG><a name="[3a]"></a>ADC1_2_IRQHandler</STRONG> (Thumb, 0 bytes, Stack size 0 bytes, startup_at32f407vgt7.o(.text))
<BR>[Address Reference Count : 1]<UL><LI> startup_at32f407vgt7.o(RESET)
</UL>
<P><STRONG><a name="[57]"></a>ADC3_IRQHandler</STRONG> (Thumb, 0 bytes, Stack size 0 bytes, startup_at32f407vgt7.o(.text))
<BR>[Address Reference Count : 1]<UL><LI> startup_at32f407vgt7.o(RESET)
</UL>
<P><STRONG><a name="[3d]"></a>CAN1_RX1_IRQHandler</STRONG> (Thumb, 0 bytes, Stack size 0 bytes, startup_at32f407vgt7.o(.text))
<BR>[Address Reference Count : 1]<UL><LI> startup_at32f407vgt7.o(RESET)
</UL>
<P><STRONG><a name="[3e]"></a>CAN1_SCE_IRQHandler</STRONG> (Thumb, 0 bytes, Stack size 0 bytes, startup_at32f407vgt7.o(.text))
<BR>[Address Reference Count : 1]<UL><LI> startup_at32f407vgt7.o(RESET)
</UL>
<P><STRONG><a name="[69]"></a>CAN2_RX0_IRQHandler</STRONG> (Thumb, 0 bytes, Stack size 0 bytes, startup_at32f407vgt7.o(.text))
<BR>[Address Reference Count : 1]<UL><LI> startup_at32f407vgt7.o(RESET)
</UL>
<P><STRONG><a name="[6a]"></a>CAN2_RX1_IRQHandler</STRONG> (Thumb, 0 bytes, Stack size 0 bytes, startup_at32f407vgt7.o(.text))
<BR>[Address Reference Count : 1]<UL><LI> startup_at32f407vgt7.o(RESET)
</UL>
<P><STRONG><a name="[6b]"></a>CAN2_SCE_IRQHandler</STRONG> (Thumb, 0 bytes, Stack size 0 bytes, startup_at32f407vgt7.o(.text))
<BR>[Address Reference Count : 1]<UL><LI> startup_at32f407vgt7.o(RESET)
</UL>
<P><STRONG><a name="[68]"></a>CAN2_TX_IRQHandler</STRONG> (Thumb, 0 bytes, Stack size 0 bytes, startup_at32f407vgt7.o(.text))
<BR>[Address Reference Count : 1]<UL><LI> startup_at32f407vgt7.o(RESET)
</UL>
<P><STRONG><a name="[33]"></a>DMA1_Channel1_IRQHandler</STRONG> (Thumb, 0 bytes, Stack size 0 bytes, startup_at32f407vgt7.o(.text))
<BR>[Address Reference Count : 1]<UL><LI> startup_at32f407vgt7.o(RESET)
</UL>
<P><STRONG><a name="[34]"></a>DMA1_Channel2_IRQHandler</STRONG> (Thumb, 0 bytes, Stack size 0 bytes, startup_at32f407vgt7.o(.text))
<BR>[Address Reference Count : 1]<UL><LI> startup_at32f407vgt7.o(RESET)
</UL>
<P><STRONG><a name="[35]"></a>DMA1_Channel3_IRQHandler</STRONG> (Thumb, 0 bytes, Stack size 0 bytes, startup_at32f407vgt7.o(.text))
<BR>[Address Reference Count : 1]<UL><LI> startup_at32f407vgt7.o(RESET)
</UL>
<P><STRONG><a name="[36]"></a>DMA1_Channel4_IRQHandler</STRONG> (Thumb, 0 bytes, Stack size 0 bytes, startup_at32f407vgt7.o(.text))
<BR>[Address Reference Count : 1]<UL><LI> startup_at32f407vgt7.o(RESET)
</UL>
<P><STRONG><a name="[37]"></a>DMA1_Channel5_IRQHandler</STRONG> (Thumb, 0 bytes, Stack size 0 bytes, startup_at32f407vgt7.o(.text))
<BR>[Address Reference Count : 1]<UL><LI> startup_at32f407vgt7.o(RESET)
</UL>
<P><STRONG><a name="[38]"></a>DMA1_Channel6_IRQHandler</STRONG> (Thumb, 0 bytes, Stack size 0 bytes, startup_at32f407vgt7.o(.text))
<BR>[Address Reference Count : 1]<UL><LI> startup_at32f407vgt7.o(RESET)
</UL>
<P><STRONG><a name="[39]"></a>DMA1_Channel7_IRQHandler</STRONG> (Thumb, 0 bytes, Stack size 0 bytes, startup_at32f407vgt7.o(.text))
<BR>[Address Reference Count : 1]<UL><LI> startup_at32f407vgt7.o(RESET)
</UL>
<P><STRONG><a name="[60]"></a>DMA2_Channel1_IRQHandler</STRONG> (Thumb, 0 bytes, Stack size 0 bytes, startup_at32f407vgt7.o(.text))
<BR>[Address Reference Count : 1]<UL><LI> startup_at32f407vgt7.o(RESET)
</UL>
<P><STRONG><a name="[61]"></a>DMA2_Channel2_IRQHandler</STRONG> (Thumb, 0 bytes, Stack size 0 bytes, startup_at32f407vgt7.o(.text))
<BR>[Address Reference Count : 1]<UL><LI> startup_at32f407vgt7.o(RESET)
</UL>
<P><STRONG><a name="[62]"></a>DMA2_Channel3_IRQHandler</STRONG> (Thumb, 0 bytes, Stack size 0 bytes, startup_at32f407vgt7.o(.text))
<BR>[Address Reference Count : 1]<UL><LI> startup_at32f407vgt7.o(RESET)
</UL>
<P><STRONG><a name="[63]"></a>DMA2_Channel4_5_IRQHandler</STRONG> (Thumb, 0 bytes, Stack size 0 bytes, startup_at32f407vgt7.o(.text))
<BR>[Address Reference Count : 1]<UL><LI> startup_at32f407vgt7.o(RESET)
</UL>
<P><STRONG><a name="[6f]"></a>DMA2_Channel6_7_IRQHandler</STRONG> (Thumb, 0 bytes, Stack size 0 bytes, startup_at32f407vgt7.o(.text))
<BR>[Address Reference Count : 1]<UL><LI> startup_at32f407vgt7.o(RESET)
</UL>
<P><STRONG><a name="[73]"></a>ETH_IRQHandler</STRONG> (Thumb, 0 bytes, Stack size 0 bytes, startup_at32f407vgt7.o(.text))
<BR>[Address Reference Count : 1]<UL><LI> startup_at32f407vgt7.o(RESET)
</UL>
<P><STRONG><a name="[74]"></a>ETH_WKUP_IRQHandler</STRONG> (Thumb, 0 bytes, Stack size 0 bytes, startup_at32f407vgt7.o(.text))
<BR>[Address Reference Count : 1]<UL><LI> startup_at32f407vgt7.o(RESET)
</UL>
<P><STRONG><a name="[2c]"></a>FLASH_IRQHandler</STRONG> (Thumb, 0 bytes, Stack size 0 bytes, startup_at32f407vgt7.o(.text))
<BR>[Address Reference Count : 1]<UL><LI> startup_at32f407vgt7.o(RESET)
</UL>
<P><STRONG><a name="[48]"></a>I2C1_ER_IRQHandler</STRONG> (Thumb, 0 bytes, Stack size 0 bytes, startup_at32f407vgt7.o(.text))
<BR>[Address Reference Count : 1]<UL><LI> startup_at32f407vgt7.o(RESET)
</UL>
<P><STRONG><a name="[47]"></a>I2C1_EV_IRQHandler</STRONG> (Thumb, 0 bytes, Stack size 0 bytes, startup_at32f407vgt7.o(.text))
<BR>[Address Reference Count : 1]<UL><LI> startup_at32f407vgt7.o(RESET)
</UL>
<P><STRONG><a name="[4a]"></a>I2C2_ER_IRQHandler</STRONG> (Thumb, 0 bytes, Stack size 0 bytes, startup_at32f407vgt7.o(.text))
<BR>[Address Reference Count : 1]<UL><LI> startup_at32f407vgt7.o(RESET)
</UL>
<P><STRONG><a name="[49]"></a>I2C2_EV_IRQHandler</STRONG> (Thumb, 0 bytes, Stack size 0 bytes, startup_at32f407vgt7.o(.text))
<BR>[Address Reference Count : 1]<UL><LI> startup_at32f407vgt7.o(RESET)
</UL>
<P><STRONG><a name="[66]"></a>I2C3_ER_IRQHandler</STRONG> (Thumb, 0 bytes, Stack size 0 bytes, startup_at32f407vgt7.o(.text))
<BR>[Address Reference Count : 1]<UL><LI> startup_at32f407vgt7.o(RESET)
</UL>
<P><STRONG><a name="[65]"></a>I2C3_EV_IRQHandler</STRONG> (Thumb, 0 bytes, Stack size 0 bytes, startup_at32f407vgt7.o(.text))
<BR>[Address Reference Count : 1]<UL><LI> startup_at32f407vgt7.o(RESET)
</UL>
<P><STRONG><a name="[29]"></a>PVD_IRQHandler</STRONG> (Thumb, 0 bytes, Stack size 0 bytes, startup_at32f407vgt7.o(.text))
<BR>[Address Reference Count : 1]<UL><LI> startup_at32f407vgt7.o(RESET)
</UL>
<P><STRONG><a name="[2d]"></a>RCC_IRQHandler</STRONG> (Thumb, 0 bytes, Stack size 0 bytes, startup_at32f407vgt7.o(.text))
<BR>[Address Reference Count : 1]<UL><LI> startup_at32f407vgt7.o(RESET)
</UL>
<P><STRONG><a name="[51]"></a>RTCAlarm_IRQHandler</STRONG> (Thumb, 0 bytes, Stack size 0 bytes, startup_at32f407vgt7.o(.text))
<BR>[Address Reference Count : 1]<UL><LI> startup_at32f407vgt7.o(RESET)
</UL>
<P><STRONG><a name="[2b]"></a>RTC_IRQHandler</STRONG> (Thumb, 0 bytes, Stack size 0 bytes, startup_at32f407vgt7.o(.text))
<BR>[Address Reference Count : 1]<UL><LI> startup_at32f407vgt7.o(RESET)
</UL>
<P><STRONG><a name="[59]"></a>SDIO1_IRQHandler</STRONG> (Thumb, 0 bytes, Stack size 0 bytes, startup_at32f407vgt7.o(.text))
<BR>[Address Reference Count : 1]<UL><LI> startup_at32f407vgt7.o(RESET)
</UL>
<P><STRONG><a name="[64]"></a>SDIO2_IRQHandler</STRONG> (Thumb, 0 bytes, Stack size 0 bytes, startup_at32f407vgt7.o(.text))
<BR>[Address Reference Count : 1]<UL><LI> startup_at32f407vgt7.o(RESET)
</UL>
<P><STRONG><a name="[4b]"></a>SPI1_IRQHandler</STRONG> (Thumb, 0 bytes, Stack size 0 bytes, startup_at32f407vgt7.o(.text))
<BR>[Address Reference Count : 1]<UL><LI> startup_at32f407vgt7.o(RESET)
</UL>
<P><STRONG><a name="[4c]"></a>SPI2_I2S2EXT_IRQHandler</STRONG> (Thumb, 0 bytes, Stack size 0 bytes, startup_at32f407vgt7.o(.text))
<BR>[Address Reference Count : 1]<UL><LI> startup_at32f407vgt7.o(RESET)
</UL>
<P><STRONG><a name="[5b]"></a>SPI3_I2S3EXT_IRQHandler</STRONG> (Thumb, 0 bytes, Stack size 0 bytes, startup_at32f407vgt7.o(.text))
<BR>[Address Reference Count : 1]<UL><LI> startup_at32f407vgt7.o(RESET)
</UL>
<P><STRONG><a name="[67]"></a>SPI4_IRQHandler</STRONG> (Thumb, 0 bytes, Stack size 0 bytes, startup_at32f407vgt7.o(.text))
<BR>[Address Reference Count : 1]<UL><LI> startup_at32f407vgt7.o(RESET)
</UL>
<P><STRONG><a name="[2a]"></a>TAMPER_IRQHandler</STRONG> (Thumb, 0 bytes, Stack size 0 bytes, startup_at32f407vgt7.o(.text))
<BR>[Address Reference Count : 1]<UL><LI> startup_at32f407vgt7.o(RESET)
</UL>
<P><STRONG><a name="[40]"></a>TMR1_BRK_TMR9_IRQHandler</STRONG> (Thumb, 0 bytes, Stack size 0 bytes, startup_at32f407vgt7.o(.text))
<BR>[Address Reference Count : 1]<UL><LI> startup_at32f407vgt7.o(RESET)
</UL>
<P><STRONG><a name="[43]"></a>TMR1_CC_IRQHandler</STRONG> (Thumb, 0 bytes, Stack size 0 bytes, startup_at32f407vgt7.o(.text))
<BR>[Address Reference Count : 1]<UL><LI> startup_at32f407vgt7.o(RESET)
</UL>
<P><STRONG><a name="[41]"></a>TMR1_OV_TMR10_IRQHandler</STRONG> (Thumb, 0 bytes, Stack size 0 bytes, startup_at32f407vgt7.o(.text))
<BR>[Address Reference Count : 1]<UL><LI> startup_at32f407vgt7.o(RESET)
</UL>
<P><STRONG><a name="[42]"></a>TMR1_TRG_COM_TMR11_IRQHandler</STRONG> (Thumb, 0 bytes, Stack size 0 bytes, startup_at32f407vgt7.o(.text))
<BR>[Address Reference Count : 1]<UL><LI> startup_at32f407vgt7.o(RESET)
</UL>
<P><STRONG><a name="[44]"></a>TMR2_GLOBAL_IRQHandler</STRONG> (Thumb, 0 bytes, Stack size 0 bytes, startup_at32f407vgt7.o(.text))
<BR>[Address Reference Count : 1]<UL><LI> startup_at32f407vgt7.o(RESET)
</UL>
<P><STRONG><a name="[5e]"></a>TMR6_GLOBAL_IRQHandler</STRONG> (Thumb, 0 bytes, Stack size 0 bytes, startup_at32f407vgt7.o(.text))
<BR>[Address Reference Count : 1]<UL><LI> startup_at32f407vgt7.o(RESET)
</UL>
<P><STRONG><a name="[5f]"></a>TMR7_GLOBAL_IRQHandler</STRONG> (Thumb, 0 bytes, Stack size 0 bytes, startup_at32f407vgt7.o(.text))
<BR>[Address Reference Count : 1]<UL><LI> startup_at32f407vgt7.o(RESET)
</UL>
<P><STRONG><a name="[53]"></a>TMR8_BRK_TMR12_IRQHandler</STRONG> (Thumb, 0 bytes, Stack size 0 bytes, startup_at32f407vgt7.o(.text))
<BR>[Address Reference Count : 1]<UL><LI> startup_at32f407vgt7.o(RESET)
</UL>
<P><STRONG><a name="[56]"></a>TMR8_CC_IRQHandler</STRONG> (Thumb, 0 bytes, Stack size 0 bytes, startup_at32f407vgt7.o(.text))
<BR>[Address Reference Count : 1]<UL><LI> startup_at32f407vgt7.o(RESET)
</UL>
<P><STRONG><a name="[54]"></a>TMR8_OV_TMR13_IRQHandler</STRONG> (Thumb, 0 bytes, Stack size 0 bytes, startup_at32f407vgt7.o(.text))
<BR>[Address Reference Count : 1]<UL><LI> startup_at32f407vgt7.o(RESET)
</UL>
<P><STRONG><a name="[55]"></a>TMR8_TRG_COM_TMR14_IRQHandler</STRONG> (Thumb, 0 bytes, Stack size 0 bytes, startup_at32f407vgt7.o(.text))
<BR>[Address Reference Count : 1]<UL><LI> startup_at32f407vgt7.o(RESET)
</UL>
[...]
</UL>
<BR>[Address Reference Count : 1]<UL><LI> hid.o(i._interface_handler)
</UL>
<P><STRONG><a name="[aa]"></a>_hid_write</STRONG> (Thumb, 108 bytes, Stack size 96 bytes, hid.o(i._hid_write))
<BR><BR>[Stack]<UL><LI>Max Depth = 612<LI>Call Chain = _hid_write &rArr; rt_usbd_io_request &rArr; rt_usbd_ep_write &rArr; rt_exit_critical &rArr; rt_schedule &rArr; _rt_scheduler_stack_check &rArr; list_thread &rArr; object_split &rArr; rt_kprintf &rArr; rt_vsnprintf &rArr; print_number
</UL>
<BR>[Calls]<UL><LI><a href="#[1f0]">&gt;&gt;</a>&nbsp;&nbsp;&nbsp;rt_memcpy
<LI><a href="#[1e7]">&gt;&gt;</a>&nbsp;&nbsp;&nbsp;rt_usbd_io_request
</UL>
<BR>[Address Reference Count : 1]<UL><LI> hid.o(i.rt_usb_hid_init)
</UL>
<P><STRONG><a name="[b1]"></a>_interface_handler</STRONG> (Thumb, 246 bytes, Stack size 16 bytes, hid.o(i._interface_handler))
<BR><BR>[Stack]<UL><LI>Max Depth = 96<LI>Call Chain = _interface_handler &rArr; rt_usbd_ep0_read &rArr; dcd_ep_read_prepare &rArr; rt_assert_handler &rArr;  rt_kprintf (Cycle)
</UL>
<BR>[Calls]<UL><LI><a href="#[1de]">&gt;&gt;</a>&nbsp;&nbsp;&nbsp;rt_assert_handler
<LI><a href="#[1ff]">&gt;&gt;</a>&nbsp;&nbsp;&nbsp;dcd_ep0_send_status
<LI><a href="#[1e3]">&gt;&gt;</a>&nbsp;&nbsp;&nbsp;rt_usbd_ep0_write
<LI><a href="#[201]">&gt;&gt;</a>&nbsp;&nbsp;&nbsp;rt_usbd_ep0_set_stall
<LI><a href="#[1e5]">&gt;&gt;</a>&nbsp;&nbsp;&nbsp;rt_usbd_ep0_read
</UL>
<BR>[Address Reference Count : 1]<UL><LI> hid.o(i.rt_usbd_function_hid_create)
</UL>
<P><STRONG><a name="[1ff]"></a>dcd_ep0_send_status</STRONG> (Thumb, 60 bytes, Stack size 8 bytes, hid.o(i.dcd_ep0_send_status))
<BR><BR>[Stack]<UL><LI>Max Depth = 32<LI>Call Chain = dcd_ep0_send_status &rArr; rt_assert_handler &rArr;  rt_kprintf (Cycle)
</UL>
<BR>[Calls]<UL><LI><a href="#[1de]">&gt;&gt;</a>&nbsp;&nbsp;&nbsp;rt_assert_handler
</UL>
<BR>[Called By]<UL><LI><a href="#[b1]">&gt;&gt;</a>&nbsp;&nbsp;&nbsp;_interface_handler
<LI><a href="#[7c]">&gt;&gt;</a>&nbsp;&nbsp;&nbsp;_hid_set_report_callback
</UL>

<P><STRONG><a name="[2f2]"></a>dump_data</STRONG> (Thumb, 58 bytes, Stack size 16 bytes, hid.o(i.dump_data))
<BR><BR>[Stack]<UL><LI>Max Depth = 196<LI>Call Chain = dump_data &rArr; rt_kprintf &rArr; rt_vsnprintf &rArr; print_number
</UL>
<BR>[Calls]<UL><LI><a href="#[1c2]">&gt;&gt;</a>&nbsp;&nbsp;&nbsp;rt_kprintf
</UL>
<BR>[Called By]<UL><LI><a href="#[1c6]">&gt;&gt;</a>&nbsp;&nbsp;&nbsp;dump_report
</UL>

<P><STRONG><a name="[1c6]"></a>dump_report</STRONG> (Thumb, 30 bytes, Stack size 8 bytes, hid.o(i.dump_report))
<BR><BR>[Stack]<UL><LI>Max Depth = 204<LI>Call Chain = dump_report &rArr; dump_data &rArr; rt_kprintf &rArr; rt_vsnprintf &rArr; print_number
</UL>
<BR>[Calls]<UL><LI><a href="#[1c2]">&gt;&gt;</a>&nbsp;&nbsp;&nbsp;rt_kprintf
<LI><a href="#[2f2]">&gt;&gt;</a>&nbsp;&nbsp;&nbsp;dump_data
</UL>
<BR>[Called By]<UL><LI><a href="#[1c5]">&gt;&gt;</a>&nbsp;&nbsp;&nbsp;HID_Report_Received
</UL>

<P><STRONG><a name="[ab]"></a>hid_thread_entry</STRONG> (Thumb, 38 bytes, Stack size 72 bytes, hid.o(i.hid_thread_entry))
<BR><BR>[Stack]<UL><LI>Max Depth = 620<LI>Call Chain = hid_thread_entry &rArr; rt_mq_recv &rArr; rt_timer_start &rArr; rt_schedule &rArr; _rt_scheduler_stack_check &rArr; list_thread &rArr; object_split &rArr; rt_kprintf &rArr; rt_vsnprintf &rArr; print_number
</UL>
<BR>[Calls]<UL><LI><a href="#[335]">&gt;&gt;</a>&nbsp;&nbsp;&nbsp;rt_mq_recv
<LI><a href="#[1c5]">&gt;&gt;</a>&nbsp;&nbsp;&nbsp;HID_Report_Received
</UL>
<BR>[Address Reference Count : 1]<UL><LI> hid.o(i.rt_usb_hid_init)
</UL>
<P><STRONG><a name="[3dd]"></a>rt_usb_hid_init</STRONG> (Thumb, 92 bytes, Stack size 32 bytes, hid.o(i.rt_usb_hid_init))
<BR><BR>[Stack]<UL><LI>Max Depth = 668<LI>Call Chain = rt_usb_hid_init &rArr; rt_thread_init &rArr; _rt_thread_init &rArr; rt_timer_init &rArr; rt_object_init &rArr; rt_exit_critical &rArr; rt_schedule &rArr; _rt_scheduler_stack_check &rArr; list_thread &rArr; object_split &rArr; rt_kprintf &rArr; rt_vsnprintf &rArr; print_number
</UL>
<BR>[Calls]<UL><LI><a href="#[200]">&gt;&gt;</a>&nbsp;&nbsp;&nbsp;rt_memset
<LI><a href="#[372]">&gt;&gt;</a>&nbsp;&nbsp;&nbsp;rt_device_register
<LI><a href="#[31e]">&gt;&gt;</a>&nbsp;&nbsp;&nbsp;rt_thread_startup
<LI><a href="#[397]">&gt;&gt;</a>&nbsp;&nbsp;&nbsp;rt_mq_init
<LI><a href="#[3cf]">&gt;&gt;</a>&nbsp;&nbsp;&nbsp;rt_thread_init
</UL>
<BR>[Called By]<UL><LI><a href="#[f]">&gt;&gt;</a>&nbsp;&nbsp;&nbsp;rt_usbd_function_hid_create
</UL>

<P><STRONG><a name="[13]"></a>_allow_removal</STRONG> (Thumb, 44 bytes, Stack size 16 bytes, mstorage.o(i._allow_removal))
<BR><BR>[Stack]<UL><LI>Max Depth = 40<LI>Call Chain = _allow_removal &rArr; rt_assert_handler &rArr;  rt_kprintf (Cycle)
</UL>
<BR>[Calls]<UL><LI><a href="#[1de]">&gt;&gt;</a>&nbsp;&nbsp;&nbsp;rt_assert_handler
</UL>
<BR>[Address Reference Count : 1]<UL><LI> mstorage.o(.data)
</UL>
<P><STRONG><a name="[1df]"></a>_cb_len_calc</STRONG> (Thumb, 192 bytes, Stack size 24 bytes, mstorage.o(i._cb_len_calc))
<BR><BR>[Stack]<UL><LI>Max Depth = 204<LI>Call Chain = _cb_len_calc &rArr; rt_kprintf &rArr; rt_vsnprintf &rArr; print_number
</UL>
<BR>[Calls]<UL><LI><a href="#[1c2]">&gt;&gt;</a>&nbsp;&nbsp;&nbsp;rt_kprintf
<LI><a href="#[1de]">&gt;&gt;</a>&nbsp;&nbsp;&nbsp;rt_assert_handler
</UL>
<BR>[Called By]<UL><LI><a href="#[b6]">&gt;&gt;</a>&nbsp;&nbsp;&nbsp;_ep_out_handler
</UL>

<P><STRONG><a name="[1e0]"></a>_cbw_handler</STRONG> (Thumb, 70 bytes, Stack size 24 bytes, mstorage.o(i._cbw_handler))
<BR><BR>[Stack]<UL><LI>Max Depth = 48<LI>Call Chain = _cbw_handler &rArr; rt_assert_handler &rArr;  rt_kprintf (Cycle)
</UL>
<BR>[Calls]<UL><LI><a href="#[1de]">&gt;&gt;</a>&nbsp;&nbsp;&nbsp;rt_assert_handler
</UL>
<BR>[Called By]<UL><LI><a href="#[b6]">&gt;&gt;</a>&nbsp;&nbsp;&nbsp;_ep_out_handler
</UL>

<P><STRONG><a name="[1e1]"></a>_cbw_verify</STRONG> (Thumb, 190 bytes, Stack size 24 bytes, mstorage.o(i._cbw_verify))
<BR><BR>[Stack]<UL><LI>Max Depth = 204<LI>Call Chain = _cbw_verify &rArr; rt_kprintf &rArr; rt_vsnprintf &rArr; print_number
</UL>
<BR>[Calls]<UL><LI><a href="#[1c2]">&gt;&gt;</a>&nbsp;&nbsp;&nbsp;rt_kprintf
<LI><a href="#[1de]">&gt;&gt;</a>&nbsp;&nbsp;&nbsp;rt_assert_handler
</UL>
<BR>[Called By]<UL><LI><a href="#[b6]">&gt;&gt;</a>&nbsp;&nbsp;&nbsp;_ep_out_handler
</UL>

<P><STRONG><a name="[b5]"></a>_ep_in_handler</STRONG> (Thumb, 300 bytes, Stack size 16 bytes, mstorage.o(i._ep_in_handler))
<BR><BR>[Stack]<UL><LI>Max Depth = 548<LI>Call Chain = _ep_in_handler &rArr; _send_status &rArr; rt_usbd_io_request &rArr; rt_usbd_ep_write &rArr; rt_exit_critical &rArr; rt_schedule &rArr; _rt_scheduler_stack_check &rArr; list_thread &rArr; object_split &rArr; rt_kprintf &rArr; rt_vsnprintf &rArr; print_number
</UL>
<BR>[Calls]<UL><LI><a href="#[1c2]">&gt;&gt;</a>&nbsp;&nbsp;&nbsp;rt_kprintf
<LI><a href="#[1eb]">&gt;&gt;</a>&nbsp;&nbsp;&nbsp;rt_device_read
<LI><a href="#[1de]">&gt;&gt;</a>&nbsp;&nbsp;&nbsp;rt_assert_handler
<LI><a href="#[1ea]">&gt;&gt;</a>&nbsp;&nbsp;&nbsp;_send_status
<LI><a href="#[1e7]">&gt;&gt;</a>&nbsp;&nbsp;&nbsp;rt_usbd_io_request
<LI><a href="#[1e9]">&gt;&gt;</a>&nbsp;&nbsp;&nbsp;rt_usbd_ep_set_stall
</UL>
<BR>[Address Reference Count : 1]<UL><LI> mstorage.o(i.rt_usbd_function_mstorage_create)
</UL>
<P><STRONG><a name="[b6]"></a>_ep_out_handler</STRONG> (Thumb, 310 bytes, Stack size 32 bytes, mstorage.o(i._ep_out_handler))
<BR><BR>[Stack]<UL><LI>Max Depth = 564<LI>Call Chain = _ep_out_handler &rArr; _send_status &rArr; rt_usbd_io_request &rArr; rt_usbd_ep_write &rArr; rt_exit_critical &rArr; rt_schedule &rArr; _rt_scheduler_stack_check &rArr; list_thread &rArr; object_split &rArr; rt_kprintf &rArr; rt_vsnprintf &rArr; print_number
</UL>
<BR>[Calls]<UL><LI><a href="#[1c2]">&gt;&gt;</a>&nbsp;&nbsp;&nbsp;rt_kprintf
<LI><a href="#[1f3]">&gt;&gt;</a>&nbsp;&nbsp;&nbsp;rt_device_write
<LI><a href="#[1de]">&gt;&gt;</a>&nbsp;&nbsp;&nbsp;rt_assert_handler
<LI><a href="#[1ea]">&gt;&gt;</a>&nbsp;&nbsp;&nbsp;_send_status
<LI><a href="#[1f2]">&gt;&gt;</a>&nbsp;&nbsp;&nbsp;_find_cbw_command
<LI><a href="#[1e1]">&gt;&gt;</a>&nbsp;&nbsp;&nbsp;_cbw_verify
<LI><a href="#[1e0]">&gt;&gt;</a>&nbsp;&nbsp;&nbsp;_cbw_handler
<LI><a href="#[1df]">&gt;&gt;</a>&nbsp;&nbsp;&nbsp;_cb_len_calc
<LI><a href="#[1e7]">&gt;&gt;</a>&nbsp;&nbsp;&nbsp;rt_usbd_io_request
<LI><a href="#[1e9]">&gt;&gt;</a>&nbsp;&nbsp;&nbsp;rt_usbd_ep_set_stall
</UL>
<BR>[Address Reference Count : 1]<UL><LI> mstorage.o(i.rt_usbd_function_mstorage_create)
</UL>
<P><STRONG><a name="[1f2]"></a>_find_cbw_command</STRONG> (Thumb, 40 bytes, Stack size 0 bytes, mstorage.o(i._find_cbw_command))
<BR><BR>[Called By]<UL><LI><a href="#[b6]">&gt;&gt;</a>&nbsp;&nbsp;&nbsp;_ep_out_handler
</UL>

<P><STRONG><a name="[1c]"></a>_function_disable</STRONG> (Thumb, 84 bytes, Stack size 16 bytes, mstorage.o(i._function_disable))
<BR><BR>[Stack]<UL><LI>Max Depth = 556<LI>Call Chain = _function_disable &rArr; rt_free &rArr; rt_sem_take &rArr; rt_timer_start &rArr; rt_schedule &rArr; _rt_scheduler_stack_check &rArr; list_thread &rArr; object_split &rArr; rt_kprintf &rArr; rt_vsnprintf &rArr; print_number
</UL>
<BR>[Calls]<UL><LI><a href="#[1f5]">&gt;&gt;</a>&nbsp;&nbsp;&nbsp;rt_free
<LI><a href="#[1f6]">&gt;&gt;</a>&nbsp;&nbsp;&nbsp;rt_device_close
<LI><a href="#[1de]">&gt;&gt;</a>&nbsp;&nbsp;&nbsp;rt_assert_handler
</UL>
<BR>[Address Reference Count : 1]<UL><LI> mstorage.o(.data)
</UL>
<P><STRONG><a name="[1b]"></a>_function_enable</STRONG> (Thumb, 198 bytes, Stack size 16 bytes, mstorage.o(i._function_enable))
<BR><BR>[Stack]<UL><LI>Max Depth = 572<LI>Call Chain = _function_enable &rArr; rt_malloc &rArr; rt_sem_take &rArr; rt_timer_start &rArr; rt_schedule &rArr; _rt_scheduler_stack_check &rArr; list_thread &rArr; object_split &rArr; rt_kprintf &rArr; rt_vsnprintf &rArr; print_number
</UL>
<BR>[Calls]<UL><LI><a href="#[1c2]">&gt;&gt;</a>&nbsp;&nbsp;&nbsp;rt_kprintf
<LI><a href="#[1fa]">&gt;&gt;</a>&nbsp;&nbsp;&nbsp;rt_device_control
<LI><a href="#[1f8]">&gt;&gt;</a>&nbsp;&nbsp;&nbsp;rt_device_find
<LI><a href="#[1f7]">&gt;&gt;</a>&nbsp;&nbsp;&nbsp;rt_malloc
<LI><a href="#[1f5]">&gt;&gt;</a>&nbsp;&nbsp;&nbsp;rt_free
<LI><a href="#[1f9]">&gt;&gt;</a>&nbsp;&nbsp;&nbsp;rt_device_open
<LI><a href="#[1de]">&gt;&gt;</a>&nbsp;&nbsp;&nbsp;rt_assert_handler
<LI><a href="#[1e7]">&gt;&gt;</a>&nbsp;&nbsp;&nbsp;rt_usbd_io_request
</UL>
<BR>[Address Reference Count : 1]<UL><LI> mstorage.o(.data)
</UL>
<P><STRONG><a name="[12]"></a>_inquiry_cmd</STRONG> (Thumb, 162 bytes, Stack size 24 bytes, mstorage.o(i._inquiry_cmd))
<BR><BR>[Stack]<UL><LI>Max Depth = 540<LI>Call Chain = _inquiry_cmd &rArr; rt_usbd_io_request &rArr; rt_usbd_ep_write &rArr; rt_exit_critical &rArr; rt_schedule &rArr; _rt_scheduler_stack_check &rArr; list_thread &rArr; object_split &rArr; rt_kprintf &rArr; rt_vsnprintf &rArr; print_number
</UL>
<BR>[Calls]<UL><LI><a href="#[200]">&gt;&gt;</a>&nbsp;&nbsp;&nbsp;rt_memset
<LI><a href="#[1f0]">&gt;&gt;</a>&nbsp;&nbsp;&nbsp;rt_memcpy
<LI><a href="#[1de]">&gt;&gt;</a>&nbsp;&nbsp;&nbsp;rt_assert_handler
<LI><a href="#[1e7]">&gt;&gt;</a>&nbsp;&nbsp;&nbsp;rt_usbd_io_request
</UL>
<BR>[Address Reference Count : 1]<UL><LI> mstorage.o(.data)
</UL>
<P><STRONG><a name="[b4]"></a>_interface_handler</STRONG> (Thumb, 148 bytes, Stack size 16 bytes, mstorage.o(i._interface_handler))
<BR><BR>[Stack]<UL><LI>Max Depth = 196<LI>Call Chain = _interface_handler &rArr; rt_kprintf &rArr; rt_vsnprintf &rArr; print_number
</UL>
<BR>[Calls]<UL><LI><a href="#[1c2]">&gt;&gt;</a>&nbsp;&nbsp;&nbsp;rt_kprintf
<LI><a href="#[1de]">&gt;&gt;</a>&nbsp;&nbsp;&nbsp;rt_assert_handler
<LI><a href="#[202]">&gt;&gt;</a>&nbsp;&nbsp;&nbsp;dcd_ep0_send_status
<LI><a href="#[1e3]">&gt;&gt;</a>&nbsp;&nbsp;&nbsp;rt_usbd_ep0_write
<LI><a href="#[201]">&gt;&gt;</a>&nbsp;&nbsp;&nbsp;rt_usbd_ep0_set_stall
</UL>
<BR>[Address Reference Count : 1]<UL><LI> mstorage.o(i.rt_usbd_function_mstorage_create)
</UL>
<P><STRONG><a name="[14]"></a>_mode_sense_6</STRONG> (Thumb, 128 bytes, Stack size 24 bytes, mstorage.o(i._mode_sense_6))
<BR><BR>[Stack]<UL><LI>Max Depth = 540<LI>Call Chain = _mode_sense_6 &rArr; rt_usbd_io_request &rArr; rt_usbd_ep_write &rArr; rt_exit_critical &rArr; rt_schedule &rArr; _rt_scheduler_stack_check &rArr; list_thread &rArr; object_split &rArr; rt_kprintf &rArr; rt_vsnprintf &rArr; print_number
</UL>
<BR>[Calls]<UL><LI><a href="#[1de]">&gt;&gt;</a>&nbsp;&nbsp;&nbsp;rt_assert_handler
<LI><a href="#[1e7]">&gt;&gt;</a>&nbsp;&nbsp;&nbsp;rt_usbd_io_request
</UL>
<BR>[Address Reference Count : 1]<UL><LI> mstorage.o(.data)
</UL>
<P><STRONG><a name="[3f2]"></a>_mstorage_descriptor_config</STRONG> (Thumb, 44 bytes, Stack size 8 bytes, mstorage.o(i._mstorage_descriptor_config))
<BR><BR>[Stack]<UL><LI>Max Depth = 8<LI>Call Chain = _mstorage_descriptor_config
</UL>
<BR>[Called By]<UL><LI><a href="#[1d]">&gt;&gt;</a>&nbsp;&nbsp;&nbsp;rt_usbd_function_mstorage_create
</UL>

<P><STRONG><a name="[18]"></a>_read_10</STRONG> (Thumb, 176 bytes, Stack size 24 bytes, mstorage.o(i._read_10))
<BR><BR>[Stack]<UL><LI>Max Depth = 540<LI>Call Chain = _read_10 &rArr; rt_usbd_io_request &rArr; rt_usbd_ep_write &rArr; rt_exit_critical &rArr; rt_schedule &rArr; _rt_scheduler_stack_check &rArr; list_thread &rArr; object_split &rArr; rt_kprintf &rArr; rt_vsnprintf &rArr; print_number
</UL>
<BR>[Calls]<UL><LI><a href="#[1c2]">&gt;&gt;</a>&nbsp;&nbsp;&nbsp;rt_kprintf
<LI><a href="#[1eb]">&gt;&gt;</a>&nbsp;&nbsp;&nbsp;rt_device_read
<LI><a href="#[1de]">&gt;&gt;</a>&nbsp;&nbsp;&nbsp;rt_assert_handler
<LI><a href="#[1e7]">&gt;&gt;</a>&nbsp;&nbsp;&nbsp;rt_usbd_io_request
</UL>
<BR>[Address Reference Count : 1]<UL><LI> mstorage.o(.data)
</UL>
<P><STRONG><a name="[16]"></a>_read_capacities</STRONG> (Thumb, 166 bytes, Stack size 32 bytes, mstorage.o(i._read_capacities))
<BR><BR>[Stack]<UL><LI>Max Depth = 548<LI>Call Chain = _read_capacities &rArr; rt_usbd_io_request &rArr; rt_usbd_ep_write &rArr; rt_exit_critical &rArr; rt_schedule &rArr; _rt_scheduler_stack_check &rArr; list_thread &rArr; object_split &rArr; rt_kprintf &rArr; rt_vsnprintf &rArr; print_number
</UL>
<BR>[Calls]<UL><LI><a href="#[1de]">&gt;&gt;</a>&nbsp;&nbsp;&nbsp;rt_assert_handler
<LI><a href="#[1e7]">&gt;&gt;</a>&nbsp;&nbsp;&nbsp;rt_usbd_io_request
</UL>
<BR>[Address Reference Count : 1]<UL><LI> mstorage.o(.data)
</UL>
<P><STRONG><a name="[17]"></a>_read_capacity</STRONG> (Thumb, 162 bytes, Stack size 32 bytes, mstorage.o(i._read_capacity))
<BR><BR>[Stack]<UL><LI>Max Depth = 548<LI>Call Chain = _read_capacity &rArr; rt_usbd_io_request &rArr; rt_usbd_ep_write &rArr; rt_exit_critical &rArr; rt_schedule &rArr; _rt_scheduler_stack_check &rArr; list_thread &rArr; object_split &rArr; rt_kprintf &rArr; rt_vsnprintf &rArr; print_number
</UL>
<BR>[Calls]<UL><LI><a href="#[1de]">&gt;&gt;</a>&nbsp;&nbsp;&nbsp;rt_assert_handler
<LI><a href="#[1e7]">&gt;&gt;</a>&nbsp;&nbsp;&nbsp;rt_usbd_io_request
</UL>
<BR>[Address Reference Count : 1]<UL><LI> mstorage.o(.data)
</UL>
<P><STRONG><a name="[11]"></a>_request_sense</STRONG> (Thumb, 170 bytes, Stack size 24 bytes, mstorage.o(i._request_sense))
<BR><BR>[Stack]<UL><LI>Max Depth = 540<LI>Call Chain = _request_sense &rArr; rt_usbd_io_request &rArr; rt_usbd_ep_write &rArr; rt_exit_critical &rArr; rt_schedule &rArr; _rt_scheduler_stack_check &rArr; list_thread &rArr; object_split &rArr; rt_kprintf &rArr; rt_vsnprintf &rArr; print_number
</UL>
<BR>[Calls]<UL><LI><a href="#[1de]">&gt;&gt;</a>&nbsp;&nbsp;&nbsp;rt_assert_handler
<LI><a href="#[1e7]">&gt;&gt;</a>&nbsp;&nbsp;&nbsp;rt_usbd_io_request
</UL>
<BR>[Address Reference Count : 1]<UL><LI> mstorage.o(.data)
</UL>
<P><STRONG><a name="[1ea]"></a>_send_status</STRONG> (Thumb, 58 bytes, Stack size 16 bytes, mstorage.o(i._send_status))
<BR><BR>[Stack]<UL><LI>Max Depth = 532<LI>Call Chain = _send_status &rArr; rt_usbd_io_request &rArr; rt_usbd_ep_write &rArr; rt_exit_critical &rArr; rt_schedule &rArr; _rt_scheduler_stack_check &rArr; list_thread &rArr; object_split &rArr; rt_kprintf &rArr; rt_vsnprintf &rArr; print_number
</UL>
<BR>[Calls]<UL><LI><a href="#[1de]">&gt;&gt;</a>&nbsp;&nbsp;&nbsp;rt_assert_handler
<LI><a href="#[1e7]">&gt;&gt;</a>&nbsp;&nbsp;&nbsp;rt_usbd_io_request
</UL>
<BR>[Called By]<UL><LI><a href="#[b6]">&gt;&gt;</a>&nbsp;&nbsp;&nbsp;_ep_out_handler
<LI><a href="#[b5]">&gt;&gt;</a>&nbsp;&nbsp;&nbsp;_ep_in_handler
</UL>

<P><STRONG><a name="[15]"></a>_start_stop</STRONG> (Thumb, 48 bytes, Stack size 16 bytes, mstorage.o(i._start_stop))
<BR><BR>[Stack]<UL><LI>Max Depth = 40<LI>Call Chain = _start_stop &rArr; rt_assert_handler &rArr;  rt_kprintf (Cycle)
</UL>
<BR>[Calls]<UL><LI><a href="#[1de]">&gt;&gt;</a>&nbsp;&nbsp;&nbsp;rt_assert_handler
</UL>
<BR>[Address Reference Count : 1]<UL><LI> mstorage.o(.data)
</UL>
<P><STRONG><a name="[10]"></a>_test_unit_ready</STRONG> (Thumb, 44 bytes, Stack size 16 bytes, mstorage.o(i._test_unit_ready))
<BR><BR>[Stack]<UL><LI>Max Depth = 40<LI>Call Chain = _test_unit_ready &rArr; rt_assert_handler &rArr;  rt_kprintf (Cycle)
</UL>
<BR>[Calls]<UL><LI><a href="#[1de]">&gt;&gt;</a>&nbsp;&nbsp;&nbsp;rt_assert_handler
</UL>
<BR>[Address Reference Count : 1]<UL><LI> mstorage.o(.data)
</UL>
<P><STRONG><a name="[1a]"></a>_verify_10</STRONG> (Thumb, 48 bytes, Stack size 16 bytes, mstorage.o(i._verify_10))
<BR><BR>[Stack]<UL><LI>Max Depth = 40<LI>Call Chain = _verify_10 &rArr; rt_assert_handler &rArr;  rt_kprintf (Cycle)
</UL>
<BR>[Calls]<UL><LI><a href="#[1de]">&gt;&gt;</a>&nbsp;&nbsp;&nbsp;rt_assert_handler
</UL>
<BR>[Address Reference Count : 1]<UL><LI> mstorage.o(.data)
</UL>
<P><STRONG><a name="[19]"></a>_write_10</STRONG> (Thumb, 144 bytes, Stack size 16 bytes, mstorage.o(i._write_10))
<BR><BR>[Stack]<UL><LI>Max Depth = 532<LI>Call Chain = _write_10 &rArr; rt_usbd_io_request &rArr; rt_usbd_ep_write &rArr; rt_exit_critical &rArr; rt_schedule &rArr; _rt_scheduler_stack_check &rArr; list_thread &rArr; object_split &rArr; rt_kprintf &rArr; rt_vsnprintf &rArr; print_number
</UL>
<BR>[Calls]<UL><LI><a href="#[1de]">&gt;&gt;</a>&nbsp;&nbsp;&nbsp;rt_assert_handler
<LI><a href="#[1e7]">&gt;&gt;</a>&nbsp;&nbsp;&nbsp;rt_usbd_io_request
</UL>
<BR>[Address Reference Count : 1]<UL><LI> mstorage.o(.data)
</UL>
<P><STRONG><a name="[202]"></a>dcd_ep0_send_status</STRONG> (Thumb, 60 bytes, Stack size 8 bytes, mstorage.o(i.dcd_ep0_send_status))
<BR><BR>[Stack]<UL><LI>Max Depth = 32<LI>Call Chain = dcd_ep0_send_status &rArr; rt_assert_handler &rArr;  rt_kprintf (Cycle)
</UL>
<BR>[Calls]<UL><LI><a href="#[1de]">&gt;&gt;</a>&nbsp;&nbsp;&nbsp;rt_assert_handler
</UL>
<BR>[Called By]<UL><LI><a href="#[b4]">&gt;&gt;</a>&nbsp;&nbsp;&nbsp;_interface_handler
</UL>

<P><STRONG><a name="[418]"></a>_dadd1</STRONG> (Thumb, 0 bytes, Stack size unknown bytes, daddsub_clz.o(x$fpl$dadd), UNUSED)
<BR><BR>[Called By]<UL><LI><a href="#[417]">&gt;&gt;</a>&nbsp;&nbsp;&nbsp;_dsub
</UL>

<P><STRONG><a name="[413]"></a>_dsub1</STRONG> (Thumb, 0 bytes, Stack size unknown bytes, daddsub_clz.o(x$fpl$dsub), UNUSED)
<BR><BR>[Called By]<UL><LI><a href="#[412]">&gt;&gt;</a>&nbsp;&nbsp;&nbsp;_dadd
</UL>

<P><STRONG><a name="[184]"></a>_fp_digits</STRONG> (Thumb, 432 bytes, Stack size 96 bytes, _printf_fp_dec.o(.text))
<BR><BR>[Stack]<UL><LI>Max Depth = 220<LI>Call Chain = _fp_digits &rArr; _btod_etento &rArr; _btod_emul &rArr; _e2e
</UL>
<BR>[Calls]<UL><LI><a href="#[188]">&gt;&gt;</a>&nbsp;&nbsp;&nbsp;_btod_emul
<LI><a href="#[187]">&gt;&gt;</a>&nbsp;&nbsp;&nbsp;_btod_ediv
<LI><a href="#[186]">&gt;&gt;</a>&nbsp;&nbsp;&nbsp;_btod_d2e
<LI><a href="#[185]">&gt;&gt;</a>&nbsp;&nbsp;&nbsp;_btod_etento
<LI><a href="#[189]">&gt;&gt;</a>&nbsp;&nbsp;&nbsp;_ll_udiv10
</UL>
<BR>[Called By]<UL><LI><a href="#[18a]">&gt;&gt;</a>&nbsp;&nbsp;&nbsp;_printf_fp_dec_real
</UL>

<P><STRONG><a name="[79]"></a>_printf_input_char</STRONG> (Thumb, 10 bytes, Stack size 0 bytes, _printf_char_common.o(.text))
<BR>[Address Reference Count : 1]<UL><LI> _printf_char_common.o(.text)
</UL><P>
<H3>
Undefined Global Symbols
</H3><HR></body></html>
