<html>
<body>
<pre>
<h1>µVision Build Log</h1>
<h2>Tool Versions:</h2>
IDE-Version: ¶ÃVision V5.24.2.0
Copyright (C) 2017 ARM Ltd and ARM Germany GmbH. All rights reserved.
License Information: wei wang shockley Flex license: MDK-ARM Plus: 2 user(s) (mdk_plus) Support: Dec 2018
 
Tool Versions:
Toolchain:       MDK-ARM Plus: 2 user(s)  Version: 5.24.1
Toolchain Path:  C:\Keil_v5\ARM\ARMCC\Bin
C Compiler:      Armcc.exe V5.06 update 5 (build 528)
Assembler:       Armasm.exe V5.06 update 5 (build 528)
Linker/Locator:  ArmLink.exe V5.06 update 5 (build 528)
Library Manager: ArmAr.exe V5.06 update 5 (build 528)
Hex Converter:   FromElf.exe V5.06 update 5 (build 528)
CPU DLL:         SARMCM3.DLL V5.24.1
Dialog DLL:      DCM.DLL V1.16.0.0
Target DLL:      CMSIS_AGDI.dll V1.28.3.0
Dialog DLL:      TCM.DLL V1.32.0.0
 
<h2>Project:</h2>
D:\≈‡—µ◊ ¡œ\Œƒµµ\code\sample10\sample10.uvprojx
Project File Date:  09/22/2020

<h2>Output:</h2>
*** Using Compiler 'V5.06 update 5 (build 528)', folder: 'C:\Keil_v5\ARM\ARMCC\Bin'
Rebuild target 'sample10'
assembling startup_at32f407vgt7.s...
compiling at32f4xx_it.c...
at32f4xx_it.c(77): warning:  #550-D: variable "temp"  was set but never used
  	u32 temp;
at32f4xx_it.c: 1 warning, 0 errors
compiling at32_board.c...
compiling at32f4xx_usart.c...
compiling main.c...
main.c(191): warning:  #223-D: function "printf" declared implicitly
  		printf("%d,",(ADCConvertedValue[i]));
main.c(219): warning:  #223-D: function "printf" declared implicitly
  	printf("ADC initialized ~!\n");
main.c: 2 warnings, 0 errors
compiling at32f4xx_adc.c...
compiling misc.c...
compiling at32f4xx_dac.c...
compiling system_at32f4xx.c...
compiling at32f4xx_gpio.c...
compiling at32f4xx_rcc.c...
compiling arm_fft_test.c...
Libraries\fft_test\arm_fft_test.c(30): warning:  #177-D: variable "s"  was declared but never referenced
    char s[128] = {0};
Libraries\fft_test\arm_fft_test.c(64): warning:  #177-D: variable "size"  was declared but never referenced
    int32_t size = TEST_LENGTH_SAMPLES * sizeof(float32_t);
Libraries\fft_test\arm_fft_test.c: 2 warnings, 0 errors
compiling at32f4xx_dma.c...
compiling at32f4xx_tim.c...
linking...
Program Size: Code=20212 RO-data=41268 RW-data=128 ZI-data=58368  
FromELF: creating hex file...
".\Objects\sample10.axf" - 0 Error(s), 5 Warning(s).

<h2>Software Packages used:</h2>

Package Vendor: Keil
                
                Keil.AT32F4xx_DFP.1.3.1
                ArteryTek AT32F4 Series Device Support,Drivers

<h2>Collection of Component include folders:</h2>
  .\RTE\_sample10
  C:\Keil_v5\ARM\PACK\Keil\AT32F4xx_DFP\1.3.1\Device\Include

<h2>Collection of Component Files used:</h2>
Build Time Elapsed:  00:00:02
</pre>
</body>
</html>
