<html>
<body>
<pre>
<h1>礦ision Build Log</h1>
<h2>Tool Versions:</h2>
IDE-Version: μVision V5.24.2.0
Copyright (C) 2017 ARM Ltd and ARM Germany GmbH. All rights reserved.
License Information: wei wang shockley Flex license: MDK-ARM Plus: 2 user(s) (mdk_plus) Support: Dec 2018
 
Tool Versions:
Toolchain:       MDK-ARM Plus: 2 user(s)  Version: 5.24.1
Toolchain Path:  C:\Keil_v5\ARM\ARMCC\Bin
C Compiler:      Armcc.exe V5.06 update 5 (build 528)
Assembler:       Armasm.exe V5.06 update 5 (build 528)
Linker/Locator:  ArmLink.exe V5.06 update 5 (build 528)
Library Manager: ArmAr.exe V5.06 update 5 (build 528)
Hex Converter:   FromElf.exe V5.06 update 5 (build 528)
CPU DLL:         SARMCM3.DLL V5.24.1
Dialog DLL:      DCM.DLL V1.16.0.0
Target DLL:      CMSIS_AGDI.dll V1.28.3.0
Dialog DLL:      TCM.DLL V1.32.0.0
 
<h2>Project:</h2>
D:\培训资料\开发板\SDK\AT32F4xx_StdPeriph_Lib_V1.1.8\Project\AT_START_F407\Examples\FLASH\run_in_SPIM\MDK_v5\run_in_SPIM.uvprojx
Project File Date:  08/24/2020

<h2>Output:</h2>
*** Using Compiler 'V5.06 update 5 (build 528)', folder: 'C:\Keil_v5\ARM\ARMCC\Bin'
Rebuild target 'RUN_IN_SPIM'
assembling startup_at32f407vgt7.s...
compiling run_in_SPIM.c...
..\SPIM\run_in_SPIM.c(51): warning:  #223-D: function "printf" declared implicitly
  		printf("I am here: %s @ 0x%x ~!\n", __func__,&(SPIM_run));
..\SPIM\run_in_SPIM.c: 1 warning, 0 errors
compiling system_at32f4xx.c...
compiling main.c...
compiling at32f4xx_usart.c...
compiling at32f4xx_it.c...
compiling at32_board.c...
compiling misc.c...
compiling at32f4xx_flash.c...
compiling at32f4xx_rcc.c...
compiling at32f4xx_gpio.c...
linking...
Program Size: Code=7656 RO-data=432 RW-data=112 ZI-data=1024  
FromELF: creating hex file...
".\Objects\run_in_SPIM.axf" - 0 Error(s), 1 Warning(s).

<h2>Software Packages used:</h2>

Package Vendor: Keil
                
                Keil.AT32F4xx_DFP.1.3.1
                ArteryTek AT32F4 Series Device Support,Drivers

<h2>Collection of Component include folders:</h2>
  .\RTE\_RUN_IN_SPIM
  C:\Keil_v5\ARM\PACK\Keil\AT32F4xx_DFP\1.3.1\Device\Include

<h2>Collection of Component Files used:</h2>
Build Time Elapsed:  00:00:03
</pre>
</body>
</html>
