Component: ARM Compiler 5.06 update 5 (build 528) Tool: armlink [4d35e2]

==============================================================================

Section Cross References

    system_at32f4xx.o(i.SetSysClock) refers to system_at32f4xx.o(i.SetSysClockTo240M) for SetSysClockTo240M
    system_at32f4xx.o(i.SetSysClockTo240M) refers to at32f4xx_rcc.o(i.RCC_StepModeCmd) for RCC_StepModeCmd
    system_at32f4xx.o(i.SystemCoreClockUpdate) refers to system_at32f4xx.o(.data) for SystemCoreClock
    system_at32f4xx.o(i.SystemInit) refers to system_at32f4xx.o(i.SetSysClock) for SetSysClock
    startup_at32f407vgt7.o(RESET) refers to startup_at32f407vgt7.o(STACK) for __initial_sp
    startup_at32f407vgt7.o(RESET) refers to startup_at32f407vgt7.o(.text) for Reset_Handler
    startup_at32f407vgt7.o(RESET) refers to at32f4xx_it.o(i.NMI_Handler) for NMI_Handler
    startup_at32f407vgt7.o(RESET) refers to at32f4xx_it.o(i.HardFault_Handler) for HardFault_Handler
    startup_at32f407vgt7.o(RESET) refers to at32f4xx_it.o(i.MemManage_Handler) for MemManage_Handler
    startup_at32f407vgt7.o(RESET) refers to at32f4xx_it.o(i.BusFault_Handler) for BusFault_Handler
    startup_at32f407vgt7.o(RESET) refers to at32f4xx_it.o(i.UsageFault_Handler) for UsageFault_Handler
    startup_at32f407vgt7.o(RESET) refers to at32f4xx_it.o(i.SVC_Handler) for SVC_Handler
    startup_at32f407vgt7.o(RESET) refers to at32f4xx_it.o(i.DebugMon_Handler) for DebugMon_Handler
    startup_at32f407vgt7.o(RESET) refers to at32f4xx_it.o(i.PendSV_Handler) for PendSV_Handler
    startup_at32f407vgt7.o(RESET) refers to at32f4xx_it.o(i.SysTick_Handler) for SysTick_Handler
    startup_at32f407vgt7.o(RESET) refers to main.o(i.EXTI0_IRQHandler) for EXTI0_IRQHandler
    startup_at32f407vgt7.o(RESET) refers to main.o(i.EXTI15_10_IRQHandler) for EXTI15_10_IRQHandler
    startup_at32f407vgt7.o(.text) refers to system_at32f4xx.o(i.SystemInit) for SystemInit
    startup_at32f407vgt7.o(.text) refers to entry.o(.ARM.Collect$$$$00000000) for __main
    at32f4xx_adc.o(i.ADC_Reset) refers to at32f4xx_rcc.o(i.RCC_APB2PeriphResetCmd) for RCC_APB2PeriphResetCmd
    at32f4xx_bkp.o(i.BKP_Reset) refers to at32f4xx_rcc.o(i.RCC_BackupResetCmd) for RCC_BackupResetCmd
    at32f4xx_can.o(i.CAN_GetINTStatus) refers to at32f4xx_can.o(i.CheckINTStatus) for CheckINTStatus
    at32f4xx_can.o(i.CAN_Reset) refers to at32f4xx_rcc.o(i.RCC_APB1PeriphResetCmd) for RCC_APB1PeriphResetCmd
    at32f4xx_dac.o(i.DAC_Reset) refers to at32f4xx_rcc.o(i.RCC_APB1PeriphResetCmd) for RCC_APB1PeriphResetCmd
    at32f4xx_eth.o(i.ETH_DMAPTPRxDescChainInit) refers to at32f4xx_eth.o(.data) for DMARxDescToGet
    at32f4xx_eth.o(i.ETH_DMAPTPTxDescChainInit) refers to at32f4xx_eth.o(.data) for DMATxDescToSet
    at32f4xx_eth.o(i.ETH_DMARxDescChainInit) refers to at32f4xx_eth.o(.data) for DMARxDescToGet
    at32f4xx_eth.o(i.ETH_DMARxDescRingInit) refers to at32f4xx_eth.o(.data) for DMARxDescToGet
    at32f4xx_eth.o(i.ETH_DMATxDescChainInit) refers to at32f4xx_eth.o(.data) for DMATxDescToSet
    at32f4xx_eth.o(i.ETH_DMATxDescRingInit) refers to at32f4xx_eth.o(.data) for DMATxDescToSet
    at32f4xx_eth.o(i.ETH_DeInit) refers to at32f4xx_rcc.o(i.RCC_AHBPeriphResetCmd) for RCC_AHBPeriphResetCmd
    at32f4xx_eth.o(i.ETH_DropRxPkt) refers to at32f4xx_eth.o(.data) for DMARxDescToGet
    at32f4xx_eth.o(i.ETH_GetRxPktSize) refers to at32f4xx_eth.o(i.ETH_GetDMARxDescFrameLength) for ETH_GetDMARxDescFrameLength
    at32f4xx_eth.o(i.ETH_GetRxPktSize) refers to at32f4xx_eth.o(.data) for DMARxDescToGet
    at32f4xx_eth.o(i.ETH_HandlePTPRxPkt) refers to at32f4xx_eth.o(.data) for DMARxDescToGet
    at32f4xx_eth.o(i.ETH_HandlePTPTxPkt) refers to at32f4xx_eth.o(.data) for DMATxDescToSet
    at32f4xx_eth.o(i.ETH_HandleRxPkt) refers to at32f4xx_eth.o(.data) for DMARxDescToGet
    at32f4xx_eth.o(i.ETH_HandleTxPkt) refers to at32f4xx_eth.o(.data) for DMATxDescToSet
    at32f4xx_eth.o(i.ETH_Init) refers to at32f4xx_rcc.o(i.RCC_GetClocksFreq) for RCC_GetClocksFreq
    at32f4xx_eth.o(i.ETH_Init) refers to at32f4xx_eth.o(i.ETH_WritePHYRegister) for ETH_WritePHYRegister
    at32f4xx_eth.o(i.ETH_Init) refers to at32f4xx_eth.o(i.ETH_Delay) for ETH_Delay
    at32f4xx_eth.o(i.ETH_Init) refers to at32f4xx_eth.o(i.ETH_ReadPHYRegister) for ETH_ReadPHYRegister
    at32f4xx_eth.o(i.ETH_PHYLoopBackCmd) refers to at32f4xx_eth.o(i.ETH_ReadPHYRegister) for ETH_ReadPHYRegister
    at32f4xx_eth.o(i.ETH_PHYLoopBackCmd) refers to at32f4xx_eth.o(i.ETH_WritePHYRegister) for ETH_WritePHYRegister
    at32f4xx_eth.o(i.ETH_Start) refers to at32f4xx_eth.o(i.ETH_MACTransmissionCmd) for ETH_MACTransmissionCmd
    at32f4xx_eth.o(i.ETH_Start) refers to at32f4xx_eth.o(i.ETH_FlushTransmitFIFO) for ETH_FlushTransmitFIFO
    at32f4xx_eth.o(i.ETH_Start) refers to at32f4xx_eth.o(i.ETH_MACReceptionCmd) for ETH_MACReceptionCmd
    at32f4xx_eth.o(i.ETH_Start) refers to at32f4xx_eth.o(i.ETH_DMATransmissionCmd) for ETH_DMATransmissionCmd
[...]
    Removing at32f4xx_tim.o(i.TMR_ForcedOC1Config), (18 bytes).
    Removing at32f4xx_tim.o(i.TMR_ForcedOC2Config), (26 bytes).
    Removing at32f4xx_tim.o(i.TMR_ForcedOC3Config), (18 bytes).
    Removing at32f4xx_tim.o(i.TMR_ForcedOC4Config), (26 bytes).
    Removing at32f4xx_tim.o(i.TMR_GenerateEvent), (4 bytes).
    Removing at32f4xx_tim.o(i.TMR_GetCapture1), (6 bytes).
    Removing at32f4xx_tim.o(i.TMR_GetCapture2), (6 bytes).
    Removing at32f4xx_tim.o(i.TMR_GetCapture3), (6 bytes).
    Removing at32f4xx_tim.o(i.TMR_GetCapture4), (6 bytes).
    Removing at32f4xx_tim.o(i.TMR_GetCounter), (6 bytes).
    Removing at32f4xx_tim.o(i.TMR_GetDIV), (6 bytes).
    Removing at32f4xx_tim.o(i.TMR_GetFlagStatus), (18 bytes).
    Removing at32f4xx_tim.o(i.TMR_GetINTStatus), (34 bytes).
    Removing at32f4xx_tim.o(i.TMR_ICInit), (172 bytes).
    Removing at32f4xx_tim.o(i.TMR_ICStructInit), (18 bytes).
    Removing at32f4xx_tim.o(i.TMR_INTConfig), (18 bytes).
    Removing at32f4xx_tim.o(i.TMR_ITRxExternalClockConfig), (24 bytes).
    Removing at32f4xx_tim.o(i.TMR_InternalClockConfig), (12 bytes).
    Removing at32f4xx_tim.o(i.TMR_OC1FastConfig), (18 bytes).
    Removing at32f4xx_tim.o(i.TMR_OC1Init), (98 bytes).
    Removing at32f4xx_tim.o(i.TMR_OC1NPolarityConfig), (18 bytes).
    Removing at32f4xx_tim.o(i.TMR_OC1PolarityConfig), (18 bytes).
    Removing at32f4xx_tim.o(i.TMR_OC1PreloadConfig), (18 bytes).
    Removing at32f4xx_tim.o(i.TMR_OC2FastConfig), (26 bytes).
    Removing at32f4xx_tim.o(i.TMR_OC2Init), (138 bytes).
    Removing at32f4xx_tim.o(i.TMR_OC2NPolarityConfig), (26 bytes).
    Removing at32f4xx_tim.o(i.TMR_OC2PolarityConfig), (26 bytes).
    Removing at32f4xx_tim.o(i.TMR_OC2PreloadConfig), (26 bytes).
    Removing at32f4xx_tim.o(i.TMR_OC3FastConfig), (18 bytes).
    Removing at32f4xx_tim.o(i.TMR_OC3Init), (134 bytes).
    Removing at32f4xx_tim.o(i.TMR_OC3NPolarityConfig), (26 bytes).
    Removing at32f4xx_tim.o(i.TMR_OC3PolarityConfig), (26 bytes).
    Removing at32f4xx_tim.o(i.TMR_OC3PreloadConfig), (18 bytes).
    Removing at32f4xx_tim.o(i.TMR_OC4FastConfig), (26 bytes).
    Removing at32f4xx_tim.o(i.TMR_OC4Init), (96 bytes).
    Removing at32f4xx_tim.o(i.TMR_OC4PolarityConfig), (26 bytes).
    Removing at32f4xx_tim.o(i.TMR_OC4PreloadConfig), (26 bytes).
    Removing at32f4xx_tim.o(i.TMR_OCStructInit), (20 bytes).
    Removing at32f4xx_tim.o(i.TMR_PWMIConfig), (124 bytes).
    Removing at32f4xx_tim.o(i.TMR_Reset), (232 bytes).
    Removing at32f4xx_tim.o(i.TMR_SelectCCDMA), (24 bytes).
    Removing at32f4xx_tim.o(i.TMR_SelectHALL), (24 bytes).
    Removing at32f4xx_tim.o(i.TMR_SelectHallSensor), (24 bytes).
    Removing at32f4xx_tim.o(i.TMR_SelectInputTrigger), (18 bytes).
    Removing at32f4xx_tim.o(i.TMR_SelectMasterSlaveMode), (18 bytes).
    Removing at32f4xx_tim.o(i.TMR_SelectOCxM), (82 bytes).
    Removing at32f4xx_tim.o(i.TMR_SelectOnePulseMode), (18 bytes).
    Removing at32f4xx_tim.o(i.TMR_SelectOutputTrigger), (18 bytes).
    Removing at32f4xx_tim.o(i.TMR_SelectPlusMode), (56 bytes).
    Removing at32f4xx_tim.o(i.TMR_SelectSlaveMode), (18 bytes).
    Removing at32f4xx_tim.o(i.TMR_SetAutoreload), (4 bytes).
    Removing at32f4xx_tim.o(i.TMR_SetClockDivision), (18 bytes).
    Removing at32f4xx_tim.o(i.TMR_SetCompare1), (4 bytes).
    Removing at32f4xx_tim.o(i.TMR_SetCompare2), (4 bytes).
    Removing at32f4xx_tim.o(i.TMR_SetCompare3), (4 bytes).
    Removing at32f4xx_tim.o(i.TMR_SetCompare4), (4 bytes).
    Removing at32f4xx_tim.o(i.TMR_SetCounter), (4 bytes).
    Removing at32f4xx_tim.o(i.TMR_SetIC1DIV), (18 bytes).
    Removing at32f4xx_tim.o(i.TMR_SetIC2DIV), (26 bytes).
    Removing at32f4xx_tim.o(i.TMR_SetIC3DIV), (18 bytes).
    Removing at32f4xx_tim.o(i.TMR_SetIC4DIV), (26 bytes).
    Removing at32f4xx_tim.o(i.TMR_TIxExternalClockConfig), (62 bytes).
    Removing at32f4xx_tim.o(i.TMR_TimeBaseInit), (92 bytes).
    Removing at32f4xx_tim.o(i.TMR_TimeBaseStructInit), (18 bytes).
    Removing at32f4xx_tim.o(i.TMR_UpdateDisableConfig), (24 bytes).
    Removing at32f4xx_tim.o(i.TMR_UpdateRequestConfig), (24 bytes).
    Removing at32f4xx_usart.o(.rev16_text), (4 bytes).
    Removing at32f4xx_usart.o(.revsh_text), (4 bytes).
    Removing at32f4xx_usart.o(.rrx_text), (6 bytes).
    Removing at32f4xx_usart.o(i.USART_ClearFlag), (18 bytes).
    Removing at32f4xx_usart.o(i.USART_ClearITPendingBit), (30 bytes).
    Removing at32f4xx_usart.o(i.USART_ClockInit), (34 bytes).
    Removing at32f4xx_usart.o(i.USART_ClockStructInit), (12 bytes).
    Removing at32f4xx_usart.o(i.USART_DMACmd), (18 bytes).
    Removing at32f4xx_usart.o(i.USART_GetITStatus), (84 bytes).
    Removing at32f4xx_usart.o(i.USART_HalfDuplexCmd), (24 bytes).
    Removing at32f4xx_usart.o(i.USART_IrDACmd), (24 bytes).
    Removing at32f4xx_usart.o(i.USART_IrDAConfig), (18 bytes).
    Removing at32f4xx_usart.o(i.USART_LINBreakDetectLengthConfig), (18 bytes).
    Removing at32f4xx_usart.o(i.USART_LINCmd), (24 bytes).
    Removing at32f4xx_usart.o(i.USART_OneBitMethodCmd), (24 bytes).
    Removing at32f4xx_usart.o(i.USART_OverSampling8Cmd), (22 bytes).
    Removing at32f4xx_usart.o(i.USART_ReceiveData), (10 bytes).
    Removing at32f4xx_usart.o(i.USART_ReceiverWakeUpCmd), (24 bytes).
    Removing at32f4xx_usart.o(i.USART_Reset), (156 bytes).
    Removing at32f4xx_usart.o(i.USART_SendBreak), (10 bytes).
    Removing at32f4xx_usart.o(i.USART_SetAddress), (18 bytes).
    Removing at32f4xx_usart.o(i.USART_SetGuardTime), (16 bytes).
    Removing at32f4xx_usart.o(i.USART_SetPrescaler), (16 bytes).
    Removing at32f4xx_usart.o(i.USART_SmartCardCmd), (24 bytes).
    Removing at32f4xx_usart.o(i.USART_SmartCardNACKCmd), (24 bytes).
    Removing at32f4xx_usart.o(i.USART_WakeUpConfig), (18 bytes).
    Removing at32f4xx_wwdg.o(.rev16_text), (4 bytes).
    Removing at32f4xx_wwdg.o(.revsh_text), (4 bytes).
    Removing at32f4xx_wwdg.o(.rrx_text), (6 bytes).
    Removing at32f4xx_wwdg.o(i.WWDG_ClearFlag), (12 bytes).
    Removing at32f4xx_wwdg.o(i.WWDG_Enable), (16 bytes).
    Removing at32f4xx_wwdg.o(i.WWDG_EnableINT), (12 bytes).
    Removing at32f4xx_wwdg.o(i.WWDG_GetFlagStatus), (12 bytes).
    Removing at32f4xx_wwdg.o(i.WWDG_Reset), (22 bytes).
    Removing at32f4xx_wwdg.o(i.WWDG_SetCounter), (16 bytes).
    Removing at32f4xx_wwdg.o(i.WWDG_SetPrescaler), (24 bytes).
    Removing at32f4xx_wwdg.o(i.WWDG_SetWindowCounter), (40 bytes).
    Removing at32f4xx_xmc.o(.rev16_text), (4 bytes).
    Removing at32f4xx_xmc.o(.revsh_text), (4 bytes).
    Removing at32f4xx_xmc.o(.rrx_text), (6 bytes).
    Removing at32f4xx_xmc.o(i.XMC_ClearFlag), (64 bytes).
    Removing at32f4xx_xmc.o(i.XMC_ClearINTPendingBit), (72 bytes).
    Removing at32f4xx_xmc.o(i.XMC_ExtTimingConfig), (52 bytes).
    Removing at32f4xx_xmc.o(i.XMC_GetECC), (28 bytes).
    Removing at32f4xx_xmc.o(i.XMC_GetFlagStatus), (56 bytes).
    Removing at32f4xx_xmc.o(i.XMC_GetINTStatus), (68 bytes).
    Removing at32f4xx_xmc.o(i.XMC_INTConfig), (128 bytes).
    Removing at32f4xx_xmc.o(i.XMC_NANDCmd), (92 bytes).
    Removing at32f4xx_xmc.o(i.XMC_NANDECCCmd), (92 bytes).
    Removing at32f4xx_xmc.o(i.XMC_NANDInit), (136 bytes).
    Removing at32f4xx_xmc.o(i.XMC_NANDReset), (68 bytes).
    Removing at32f4xx_xmc.o(i.XMC_NANDStructInit), (54 bytes).
    Removing at32f4xx_xmc.o(i.XMC_NORSRAMCmd), (52 bytes).
    Removing at32f4xx_xmc.o(i.XMC_NORSRAMInit), (230 bytes).
    Removing at32f4xx_xmc.o(i.XMC_NORSRAMReset), (54 bytes).
    Removing at32f4xx_xmc.o(i.XMC_NORSRAMStructInit), (114 bytes).
    Removing at32f4xx_xmc.o(i.XMC_PCCARDCmd), (48 bytes).
    Removing at32f4xx_xmc.o(i.XMC_PCCARDInit), (132 bytes).
    Removing at32f4xx_xmc.o(i.XMC_PCCARDReset), (40 bytes).
    Removing at32f4xx_xmc.o(i.XMC_PCCARDStructInit), (60 bytes).
    Removing misc.o(.rev16_text), (4 bytes).
    Removing misc.o(.revsh_text), (4 bytes).
    Removing misc.o(.rrx_text), (6 bytes).
    Removing misc.o(i.NVIC_PriorityGroupConfig), (20 bytes).
    Removing misc.o(i.NVIC_SetVectorTable), (20 bytes).
    Removing misc.o(i.NVIC_SystemLPConfig), (32 bytes).
    Removing at32f4xx_it.o(.rev16_text), (4 bytes).
    Removing at32f4xx_it.o(.revsh_text), (4 bytes).
    Removing at32f4xx_it.o(.rrx_text), (6 bytes).
    Removing at32_board.o(.rev16_text), (4 bytes).
    Removing at32_board.o(.revsh_text), (4 bytes).
    Removing at32_board.o(.rrx_text), (6 bytes).
    Removing at32_board.o(i.AT32_BUTTON_Press), (100 bytes).
    Removing at32_board.o(i.AT32_BUTTON_State), (32 bytes).
    Removing at32_board.o(i.AT32_LEDn_ON), (40 bytes).
    Removing at32_board.o(i.AT32_USB_GPIO_init), (60 bytes).
    Removing at32_board.o(i.Delay_sec), (34 bytes).
    Removing at32_board.o(i.Delay_us), (96 bytes).
    Removing at32_board.o(i.getSysTick), (36 bytes).
    Removing main.o(.rev16_text), (4 bytes).
    Removing main.o(.revsh_text), (4 bytes).
    Removing main.o(.rrx_text), (6 bytes).
    Removing arm_fft_test.o(.rev16_text), (4 bytes).
    Removing arm_fft_test.o(.revsh_text), (4 bytes).
    Removing arm_fft_test.o(.rrx_text), (6 bytes).
    Removing arm_fft_data.o(.rev16_text), (4 bytes).
    Removing arm_fft_data.o(.revsh_text), (4 bytes).
    Removing arm_fft_data.o(.rrx_text), (6 bytes).
    Removing fft_radix2.o(.rev16_text), (4 bytes).
    Removing fft_radix2.o(.revsh_text), (4 bytes).
    Removing fft_radix2.o(.rrx_text), (6 bytes).
    Removing fft_radix2.o(i.DFT_ref_inplace), (372 bytes).
    Removing fft_radix2.o(i.fft_radix2_inplace), (548 bytes).
    Removing arm_cmplx_mag_f32.o(.rev16_text), (4 bytes).
    Removing arm_cmplx_mag_f32.o(.revsh_text), (4 bytes).
    Removing arm_cmplx_mag_f32.o(.rrx_text), (6 bytes).
    Removing arm_cfft_f32.o(.rev16_text), (4 bytes).
    Removing arm_cfft_f32.o(.revsh_text), (4 bytes).
    Removing arm_cfft_f32.o(.rrx_text), (6 bytes).
    Removing arm_max_f32.o(.rev16_text), (4 bytes).
    Removing arm_max_f32.o(.revsh_text), (4 bytes).
    Removing arm_max_f32.o(.rrx_text), (6 bytes).
    Removing arm_const_structs.o(.rev16_text), (4 bytes).
    Removing arm_const_structs.o(.revsh_text), (4 bytes).
    Removing arm_const_structs.o(.rrx_text), (6 bytes).
    Removing arm_const_structs.o(.constdata), (16 bytes).
    Removing arm_const_structs.o(.constdata), (16 bytes).
    Removing arm_const_structs.o(.constdata), (16 bytes).
    Removing arm_const_structs.o(.constdata), (16 bytes).
    Removing arm_const_structs.o(.constdata), (16 bytes).
    Removing arm_const_structs.o(.constdata), (16 bytes).
    Removing arm_const_structs.o(.constdata), (16 bytes).
    Removing arm_const_structs.o(.constdata), (16 bytes).
    Removing arm_const_structs.o(.constdata), (16 bytes).
    Removing arm_const_structs.o(.constdata), (16 bytes).
    Removing arm_const_structs.o(.constdata), (16 bytes).
    Removing arm_const_structs.o(.constdata), (16 bytes).
    Removing arm_const_structs.o(.constdata), (16 bytes).
    Removing arm_const_structs.o(.constdata), (16 bytes).
    Removing arm_const_structs.o(.constdata), (16 bytes).
    Removing arm_const_structs.o(.constdata), (16 bytes).
    Removing arm_const_structs.o(.constdata), (16 bytes).
    Removing arm_const_structs.o(.constdata), (16 bytes).
    Removing arm_const_structs.o(.constdata), (16 bytes).
    Removing arm_const_structs.o(.constdata), (16 bytes).
    Removing arm_const_structs.o(.constdata), (16 bytes).
    Removing arm_const_structs.o(.constdata), (16 bytes).
    Removing arm_const_structs.o(.constdata), (16 bytes).
    Removing arm_const_structs.o(.constdata), (16 bytes).
    Removing arm_const_structs.o(.constdata), (16 bytes).
    Removing arm_const_structs.o(.constdata), (16 bytes).
    Removing arm_cfft_radix8_f32.o(.rev16_text), (4 bytes).
    Removing arm_cfft_radix8_f32.o(.revsh_text), (4 bytes).
    Removing arm_cfft_radix8_f32.o(.rrx_text), (6 bytes).
    Removing arm_common_tables.o(.rev16_text), (4 bytes).
    Removing arm_common_tables.o(.revsh_text), (4 bytes).
    Removing arm_common_tables.o(.rrx_text), (6 bytes).
    Removing arm_common_tables.o(.constdata), (2048 bytes).
    Removing arm_common_tables.o(.constdata), (128 bytes).
    Removing arm_common_tables.o(.constdata), (256 bytes).
    Removing arm_common_tables.o(.constdata), (512 bytes).
    Removing arm_common_tables.o(.constdata), (1024 bytes).
    Removing arm_common_tables.o(.constdata), (2048 bytes).
    Removing arm_common_tables.o(.constdata), (4096 bytes).
    Removing arm_common_tables.o(.constdata), (16384 bytes).
    Removing arm_common_tables.o(.constdata), (32768 bytes).
    Removing arm_common_tables.o(.constdata), (96 bytes).
    Removing arm_common_tables.o(.constdata), (192 bytes).
    Removing arm_common_tables.o(.constdata), (384 bytes).
    Removing arm_common_tables.o(.constdata), (768 bytes).
    Removing arm_common_tables.o(.constdata), (1536 bytes).
    Removing arm_common_tables.o(.constdata), (3072 bytes).
    Removing arm_common_tables.o(.constdata), (6144 bytes).
    Removing arm_common_tables.o(.constdata), (12288 bytes).
    Removing arm_common_tables.o(.constdata), (24576 bytes).
    Removing arm_common_tables.o(.constdata), (48 bytes).
    Removing arm_common_tables.o(.constdata), (96 bytes).
    Removing arm_common_tables.o(.constdata), (192 bytes).
    Removing arm_common_tables.o(.constdata), (384 bytes).
    Removing arm_common_tables.o(.constdata), (768 bytes).
    Removing arm_common_tables.o(.constdata), (1536 bytes).
    Removing arm_common_tables.o(.constdata), (3072 bytes).
    Removing arm_common_tables.o(.constdata), (6144 bytes).
    Removing arm_common_tables.o(.constdata), (12288 bytes).
    Removing arm_common_tables.o(.constdata), (128 bytes).
    Removing arm_common_tables.o(.constdata), (256 bytes).
    Removing arm_common_tables.o(.constdata), (40 bytes).
    Removing arm_common_tables.o(.constdata), (96 bytes).
    Removing arm_common_tables.o(.constdata), (112 bytes).
    Removing arm_common_tables.o(.constdata), (416 bytes).
    Removing arm_common_tables.o(.constdata), (880 bytes).
    Removing arm_common_tables.o(.constdata), (896 bytes).
    Removing arm_common_tables.o(.constdata), (7616 bytes).
    Removing arm_common_tables.o(.constdata), (8064 bytes).
    Removing arm_common_tables.o(.constdata), (24 bytes).
    Removing arm_common_tables.o(.constdata), (48 bytes).
    Removing arm_common_tables.o(.constdata), (112 bytes).
    Removing arm_common_tables.o(.constdata), (224 bytes).
    Removing arm_common_tables.o(.constdata), (480 bytes).
    Removing arm_common_tables.o(.constdata), (960 bytes).
    Removing arm_common_tables.o(.constdata), (1984 bytes).
    Removing arm_common_tables.o(.constdata), (3968 bytes).
    Removing arm_common_tables.o(.constdata), (8064 bytes).
    Removing arm_common_tables.o(.constdata), (128 bytes).
    Removing arm_common_tables.o(.constdata), (256 bytes).
    Removing arm_common_tables.o(.constdata), (512 bytes).
    Removing arm_common_tables.o(.constdata), (1024 bytes).
    Removing arm_common_tables.o(.constdata), (2048 bytes).
    Removing arm_common_tables.o(.constdata), (4096 bytes).
    Removing arm_common_tables.o(.constdata), (8192 bytes).
    Removing arm_common_tables.o(.constdata), (16384 bytes).
    Removing arm_common_tables.o(.constdata), (2052 bytes).
    Removing arm_common_tables.o(.constdata), (2052 bytes).
    Removing arm_common_tables.o(.constdata), (1026 bytes).

794 unused section(s) (total 233762 bytes) removed from the image.

==============================================================================

Image Symbol Table

    Local Symbols

    Symbol Name                              Value     Ov Type        Size  Object(Section)

    ../clib/microlib/division.c              0x00000000   Number         0  uldiv.o ABSOLUTE
    ../clib/microlib/division.c              0x00000000   Number         0  uidiv.o ABSOLUTE
    ../clib/microlib/errno.c                 0x00000000   Number         0  errno.o ABSOLUTE
    ../clib/microlib/init/entry.s            0x00000000   Number         0  entry9a.o ABSOLUTE
    ../clib/microlib/init/entry.s            0x00000000   Number         0  entry8a.o ABSOLUTE
    ../clib/microlib/init/entry.s            0x00000000   Number         0  entry7b.o ABSOLUTE
    ../clib/microlib/init/entry.s            0x00000000   Number         0  entry11a.o ABSOLUTE
    ../clib/microlib/init/entry.s            0x00000000   Number         0  entry7a.o ABSOLUTE
    ../clib/microlib/init/entry.s            0x00000000   Number         0  entry10b.o ABSOLUTE
    ../clib/microlib/init/entry.s            0x00000000   Number         0  entry8b.o ABSOLUTE
    ../clib/microlib/init/entry.s            0x00000000   Number         0  entry9b.o ABSOLUTE
    ../clib/microlib/init/entry.s            0x00000000   Number         0  entry10a.o ABSOLUTE
    ../clib/microlib/init/entry.s            0x00000000   Number         0  entry11b.o ABSOLUTE
    ../clib/microlib/init/entry.s            0x00000000   Number         0  entry5.o ABSOLUTE
    ../clib/microlib/init/entry.s            0x00000000   Number         0  entry2.o ABSOLUTE
    ../clib/microlib/init/entry.s            0x00000000   Number         0  entry.o ABSOLUTE
    ../clib/microlib/longlong.c              0x00000000   Number         0  llushr.o ABSOLUTE
    ../clib/microlib/longlong.c              0x00000000   Number         0  llsshr.o ABSOLUTE
    ../clib/microlib/longlong.c              0x00000000   Number         0  llshl.o ABSOLUTE
    ../clib/microlib/printf/printf.c         0x00000000   Number         0  printf8.o ABSOLUTE
    ../clib/microlib/printf/printf.c         0x00000000   Number         0  printfa.o ABSOLUTE
    ../clib/microlib/printf/printf.c         0x00000000   Number         0  printf0.o ABSOLUTE
    ../clib/microlib/printf/printf.c         0x00000000   Number         0  printf5.o ABSOLUTE
    ../clib/microlib/printf/printf.c         0x00000000   Number         0  printf3.o ABSOLUTE
    ../clib/microlib/printf/printf.c         0x00000000   Number         0  printf4.o ABSOLUTE
    ../clib/microlib/printf/printf.c         0x00000000   Number         0  printf1.o ABSOLUTE
    ../clib/microlib/printf/printf.c         0x00000000   Number         0  printf6.o ABSOLUTE
    ../clib/microlib/printf/printf.c         0x00000000   Number         0  printf7.o ABSOLUTE
    ../clib/microlib/printf/printf.c         0x00000000   Number         0  printfb.o ABSOLUTE
    ../clib/microlib/printf/printf.c         0x00000000   Number         0  printf2.o ABSOLUTE
    ../clib/microlib/printf/stubs.s          0x00000000   Number         0  stubs.o ABSOLUTE
    ../clib/microlib/stdio/streams.c         0x00000000   Number         0  stdout.o ABSOLUTE
    ../clib/microlib/string/memcpy.c         0x00000000   Number         0  memcpya.o ABSOLUTE
    ../clib/microlib/string/memcpy.c         0x00000000   Number         0  memcpyb.o ABSOLUTE
    ../clib/microlib/string/memset.c         0x00000000   Number         0  memseta.o ABSOLUTE
    ../clib/microlib/stubs.s                 0x00000000   Number         0  iusefp.o ABSOLUTE
    ../fplib/microlib/d2f.c                  0x00000000   Number         0  d2f.o ABSOLUTE
    ../fplib/microlib/f2d.c                  0x00000000   Number         0  f2d.o ABSOLUTE
    ../fplib/microlib/fpadd.c                0x00000000   Number         0  dadd.o ABSOLUTE
    ../fplib/microlib/fpdiv.c                0x00000000   Number         0  ddiv.o ABSOLUTE
    ../fplib/microlib/fpepilogue.c           0x00000000   Number         0  depilogue.o ABSOLUTE
    ../fplib/microlib/fpepilogue.c           0x00000000   Number         0  fepilogue.o ABSOLUTE
    ../fplib/microlib/fpfix.c                0x00000000   Number         0  dfixul.o ABSOLUTE
    ../fplib/microlib/fpflt.c                0x00000000   Number         0  dfltui.o ABSOLUTE
    ../fplib/microlib/fpmul.c                0x00000000   Number         0  dmul.o ABSOLUTE
    ../mathlib/cosf.c                        0x00000000   Number         0  cosf_x.o ABSOLUTE
    ../mathlib/cosf.c                        0x00000000   Number         0  cosf.o ABSOLUTE
    ../mathlib/fpclassifyf.c                 0x00000000   Number         0  fpclassifyf.o ABSOLUTE
    ../mathlib/funder.c                      0x00000000   Number         0  funder.o ABSOLUTE
    ../mathlib/rredf.c                       0x00000000   Number         0  rredf.o ABSOLUTE
    ../mathlib/sinf.c                        0x00000000   Number         0  sinf_x.o ABSOLUTE
    ../mathlib/sinf.c                        0x00000000   Number         0  sinf.o ABSOLUTE
    ..\AT32_Board\at32_board.c               0x00000000   Number         0  at32_board.o ABSOLUTE
    ..\CommonTables\arm_common_tables.c      0x00000000   Number         0  arm_common_tables.o ABSOLUTE
    ..\CommonTables\arm_const_structs.c      0x00000000   Number         0  arm_const_structs.o ABSOLUTE
    ..\ComplexMathFunctions\arm_cmplx_mag_f32.c 0x00000000   Number         0  arm_cmplx_mag_f32.o ABSOLUTE
    ..\Libraries\AT32F4xx_StdPeriph_Driver\src\at32f4xx_acc.c 0x00000000   Number         0  at32f4xx_acc.o ABSOLUTE
    ..\Libraries\AT32F4xx_StdPeriph_Driver\src\at32f4xx_adc.c 0x00000000   Number         0  at32f4xx_adc.o ABSOLUTE
    ..\Libraries\AT32F4xx_StdPeriph_Driver\src\at32f4xx_bkp.c 0x00000000   Number         0  at32f4xx_bkp.o ABSOLUTE
    ..\Libraries\AT32F4xx_StdPeriph_Driver\src\at32f4xx_can.c 0x00000000   Number         0  at32f4xx_can.o ABSOLUTE
    ..\Libraries\AT32F4xx_StdPeriph_Driver\src\at32f4xx_comp.c 0x00000000   Number         0  at32f4xx_comp.o ABSOLUTE
    ..\Libraries\AT32F4xx_StdPeriph_Driver\src\at32f4xx_crc.c 0x00000000   Number         0  at32f4xx_crc.o ABSOLUTE
    ..\Libraries\AT32F4xx_StdPeriph_Driver\src\at32f4xx_dac.c 0x00000000   Number         0  at32f4xx_dac.o ABSOLUTE
    ..\Libraries\AT32F4xx_StdPeriph_Driver\src\at32f4xx_dbgmcu.c 0x00000000   Number         0  at32f4xx_dbgmcu.o ABSOLUTE
    ..\Libraries\AT32F4xx_StdPeriph_Driver\src\at32f4xx_dma.c 0x00000000   Number         0  at32f4xx_dma.o ABSOLUTE
    ..\Libraries\AT32F4xx_StdPeriph_Driver\src\at32f4xx_ertc.c 0x00000000   Number         0  at32f4xx_ertc.o ABSOLUTE
    ..\Libraries\AT32F4xx_StdPeriph_Driver\src\at32f4xx_eth.c 0x00000000   Number         0  at32f4xx_eth.o ABSOLUTE
    ..\Libraries\AT32F4xx_StdPeriph_Driver\src\at32f4xx_exti.c 0x00000000   Number         0  at32f4xx_exti.o ABSOLUTE
    ..\Libraries\AT32F4xx_StdPeriph_Driver\src\at32f4xx_flash.c 0x00000000   Number         0  at32f4xx_flash.o ABSOLUTE
    ..\Libraries\AT32F4xx_StdPeriph_Driver\src\at32f4xx_gpio.c 0x00000000   Number         0  at32f4xx_gpio.o ABSOLUTE
    ..\Libraries\AT32F4xx_StdPeriph_Driver\src\at32f4xx_i2c.c 0x00000000   Number         0  at32f4xx_i2c.o ABSOLUTE
    ..\Libraries\AT32F4xx_StdPeriph_Driver\src\at32f4xx_iwdg.c 0x00000000   Number         0  at32f4xx_iwdg.o ABSOLUTE
    ..\Libraries\AT32F4xx_StdPeriph_Driver\src\at32f4xx_pwr.c 0x00000000   Number         0  at32f4xx_pwr.o ABSOLUTE
    ..\Libraries\AT32F4xx_StdPeriph_Driver\src\at32f4xx_rcc.c 0x00000000   Number         0  at32f4xx_rcc.o ABSOLUTE
    ..\Libraries\AT32F4xx_StdPeriph_Driver\src\at32f4xx_rtc.c 0x00000000   Number         0  at32f4xx_rtc.o ABSOLUTE
    ..\Libraries\AT32F4xx_StdPeriph_Driver\src\at32f4xx_sdio.c 0x00000000   Number         0  at32f4xx_sdio.o ABSOLUTE
    ..\Libraries\AT32F4xx_StdPeriph_Driver\src\at32f4xx_spi.c 0x00000000   Number         0  at32f4xx_spi.o ABSOLUTE
    ..\Libraries\AT32F4xx_StdPeriph_Driver\src\at32f4xx_tim.c 0x00000000   Number         0  at32f4xx_tim.o ABSOLUTE
    ..\Libraries\AT32F4xx_StdPeriph_Driver\src\at32f4xx_usart.c 0x00000000   Number         0  at32f4xx_usart.o ABSOLUTE
    ..\Libraries\AT32F4xx_StdPeriph_Driver\src\at32f4xx_wwdg.c 0x00000000   Number         0  at32f4xx_wwdg.o ABSOLUTE
    ..\Libraries\AT32F4xx_StdPeriph_Driver\src\at32f4xx_xmc.c 0x00000000   Number         0  at32f4xx_xmc.o ABSOLUTE
    ..\Libraries\AT32F4xx_StdPeriph_Driver\src\misc.c 0x00000000   Number         0  misc.o ABSOLUTE
    ..\Libraries\CMSIS\CM4\DeviceSupport\startup\mdk\startup_at32f407vgt7.s 0x00000000   Number         0  startup_at32f407vgt7.o ABSOLUTE
    ..\Libraries\fft_test\arm_fft_data.c     0x00000000   Number         0  arm_fft_data.o ABSOLUTE
    ..\Libraries\fft_test\arm_fft_test.c     0x00000000   Number         0  arm_fft_test.o ABSOLUTE
    ..\Libraries\fft_test\fft_radix2.c       0x00000000   Number         0  fft_radix2.o ABSOLUTE
    ..\StatisticsFunctions\arm_max_f32.c     0x00000000   Number         0  arm_max_f32.o ABSOLUTE
    ..\TransformFunctions\arm_cfft_f32.c     0x00000000   Number         0  arm_cfft_f32.o ABSOLUTE
    ..\TransformFunctions\arm_cfft_radix8_f32.c 0x00000000   Number         0  arm_cfft_radix8_f32.o ABSOLUTE
    ..\\AT32_Board\\at32_board.c             0x00000000   Number         0  at32_board.o ABSOLUTE
    ..\\CommonTables\\arm_common_tables.c    0x00000000   Number         0  arm_common_tables.o ABSOLUTE
    ..\\CommonTables\\arm_const_structs.c    0x00000000   Number         0  arm_const_structs.o ABSOLUTE
    ..\\ComplexMathFunctions\\arm_cmplx_mag_f32.c 0x00000000   Number         0  arm_cmplx_mag_f32.o ABSOLUTE
    ..\\Libraries\\AT32F4xx_StdPeriph_Driver\\src\\at32f4xx_acc.c 0x00000000   Number         0  at32f4xx_acc.o ABSOLUTE
    ..\\Libraries\\AT32F4xx_StdPeriph_Driver\\src\\at32f4xx_adc.c 0x00000000   Number         0  at32f4xx_adc.o ABSOLUTE
    ..\\Libraries\\AT32F4xx_StdPeriph_Driver\\src\\at32f4xx_bkp.c 0x00000000   Number         0  at32f4xx_bkp.o ABSOLUTE
    ..\\Libraries\\AT32F4xx_StdPeriph_Driver\\src\\at32f4xx_can.c 0x00000000   Number         0  at32f4xx_can.o ABSOLUTE
    ..\\Libraries\\AT32F4xx_StdPeriph_Driver\\src\\at32f4xx_comp.c 0x00000000   Number         0  at32f4xx_comp.o ABSOLUTE
    ..\\Libraries\\AT32F4xx_StdPeriph_Driver\\src\\at32f4xx_crc.c 0x00000000   Number         0  at32f4xx_crc.o ABSOLUTE
    ..\\Libraries\\AT32F4xx_StdPeriph_Driver\\src\\at32f4xx_dac.c 0x00000000   Number         0  at32f4xx_dac.o ABSOLUTE
    ..\\Libraries\\AT32F4xx_StdPeriph_Driver\\src\\at32f4xx_dbgmcu.c 0x00000000   Number         0  at32f4xx_dbgmcu.o ABSOLUTE
    ..\\Libraries\\AT32F4xx_StdPeriph_Driver\\src\\at32f4xx_dma.c 0x00000000   Number         0  at32f4xx_dma.o ABSOLUTE
    ..\\Libraries\\AT32F4xx_StdPeriph_Driver\\src\\at32f4xx_ertc.c 0x00000000   Number         0  at32f4xx_ertc.o ABSOLUTE
    ..\\Libraries\\AT32F4xx_StdPeriph_Driver\\src\\at32f4xx_eth.c 0x00000000   Number         0  at32f4xx_eth.o ABSOLUTE
    ..\\Libraries\\AT32F4xx_StdPeriph_Driver\\src\\at32f4xx_exti.c 0x00000000   Number         0  at32f4xx_exti.o ABSOLUTE
    ..\\Libraries\\AT32F4xx_StdPeriph_Driver\\src\\at32f4xx_flash.c 0x00000000   Number         0  at32f4xx_flash.o ABSOLUTE
    ..\\Libraries\\AT32F4xx_StdPeriph_Driver\\src\\at32f4xx_gpio.c 0x00000000   Number         0  at32f4xx_gpio.o ABSOLUTE
    ..\\Libraries\\AT32F4xx_StdPeriph_Driver\\src\\at32f4xx_i2c.c 0x00000000   Number         0  at32f4xx_i2c.o ABSOLUTE
    ..\\Libraries\\AT32F4xx_StdPeriph_Driver\\src\\at32f4xx_iwdg.c 0x00000000   Number         0  at32f4xx_iwdg.o ABSOLUTE
    ..\\Libraries\\AT32F4xx_StdPeriph_Driver\\src\\at32f4xx_pwr.c 0x00000000   Number         0  at32f4xx_pwr.o ABSOLUTE
    ..\\Libraries\\AT32F4xx_StdPeriph_Driver\\src\\at32f4xx_rcc.c 0x00000000   Number         0  at32f4xx_rcc.o ABSOLUTE
    ..\\Libraries\\AT32F4xx_StdPeriph_Driver\\src\\at32f4xx_rtc.c 0x00000000   Number         0  at32f4xx_rtc.o ABSOLUTE
    ..\\Libraries\\AT32F4xx_StdPeriph_Driver\\src\\at32f4xx_sdio.c 0x00000000   Number         0  at32f4xx_sdio.o ABSOLUTE
    ..\\Libraries\\AT32F4xx_StdPeriph_Driver\\src\\at32f4xx_spi.c 0x00000000   Number         0  at32f4xx_spi.o ABSOLUTE
    ..\\Libraries\\AT32F4xx_StdPeriph_Driver\\src\\at32f4xx_tim.c 0x00000000   Number         0  at32f4xx_tim.o ABSOLUTE
    ..\\Libraries\\AT32F4xx_StdPeriph_Driver\\src\\at32f4xx_usart.c 0x00000000   Number         0  at32f4xx_usart.o ABSOLUTE
    ..\\Libraries\\AT32F4xx_StdPeriph_Driver\\src\\at32f4xx_wwdg.c 0x00000000   Number         0  at32f4xx_wwdg.o ABSOLUTE
    ..\\Libraries\\AT32F4xx_StdPeriph_Driver\\src\\at32f4xx_xmc.c 0x00000000   Number         0  at32f4xx_xmc.o ABSOLUTE
    ..\\Libraries\\AT32F4xx_StdPeriph_Driver\\src\\misc.c 0x00000000   Number         0  misc.o ABSOLUTE
    ..\\Libraries\\fft_test\\arm_fft_data.c  0x00000000   Number         0  arm_fft_data.o ABSOLUTE
    ..\\Libraries\\fft_test\\arm_fft_test.c  0x00000000   Number         0  arm_fft_test.o ABSOLUTE
    ..\\Libraries\\fft_test\\fft_radix2.c    0x00000000   Number         0  fft_radix2.o ABSOLUTE
    ..\\StatisticsFunctions\\arm_max_f32.c   0x00000000   Number         0  arm_max_f32.o ABSOLUTE
    ..\\TransformFunctions\\arm_bitreversal2.S 0x00000000   Number         0  arm_bitreversal2.o ABSOLUTE
    ..\\TransformFunctions\\arm_cfft_f32.c   0x00000000   Number         0  arm_cfft_f32.o ABSOLUTE
    ..\\TransformFunctions\\arm_cfft_radix8_f32.c 0x00000000   Number         0  arm_cfft_radix8_f32.o ABSOLUTE
    ..\\at32f4xx_it.c                        0x00000000   Number         0  at32f4xx_it.o ABSOLUTE
    ..\\main.c                               0x00000000   Number         0  main.o ABSOLUTE
    ..\\system_at32f4xx.c                    0x00000000   Number         0  system_at32f4xx.o ABSOLUTE
    ..\at32f4xx_it.c                         0x00000000   Number         0  at32f4xx_it.o ABSOLUTE
    ..\main.c                                0x00000000   Number         0  main.o ABSOLUTE
    ..\system_at32f4xx.c                     0x00000000   Number         0  system_at32f4xx.o ABSOLUTE
    cdrcmple.s                               0x00000000   Number         0  cdrcmple.o ABSOLUTE
    dc.s                                     0x00000000   Number         0  dc.o ABSOLUTE
    handlers.s                               0x00000000   Number         0  handlers.o ABSOLUTE
    init.s                                   0x00000000   Number         0  init.o ABSOLUTE
    RESET                                    0x08000000   Section      388  startup_at32f407vgt7.o(RESET)
    . text                                   0x08000184   Section      192  arm_bitreversal2.o(. text)
    $v0                                      0x08000184   Number         0  arm_bitreversal2.o(. text)
    .ARM.Collect$$$$00000000                 0x08000244   Section        0  entry.o(.ARM.Collect$$$$00000000)
    .ARM.Collect$$$$00000001                 0x08000244   Section        4  entry2.o(.ARM.Collect$$$$00000001)
    .ARM.Collect$$$$00000004                 0x08000248   Section        4  entry5.o(.ARM.Collect$$$$00000004)
    .ARM.Collect$$$$00000008                 0x0800024c   Section        0  entry7b.o(.ARM.Collect$$$$00000008)
    .ARM.Collect$$$$0000000A                 0x0800024c   Section        0  entry8b.o(.ARM.Collect$$$$0000000A)
    .ARM.Collect$$$$0000000B                 0x0800024c   Section        8  entry9a.o(.ARM.Collect$$$$0000000B)
    .ARM.Collect$$$$0000000D                 0x08000254   Section        0  entry10a.o(.ARM.Collect$$$$0000000D)
    .ARM.Collect$$$$0000000F                 0x08000254   Section        0  entry11a.o(.ARM.Collect$$$$0000000F)
    .ARM.Collect$$$$00002712                 0x08000254   Section        4  entry2.o(.ARM.Collect$$$$00002712)
    __lit__00000000                          0x08000254   Data           4  entry2.o(.ARM.Collect$$$$00002712)
    .text                                    0x08000258   Section       36  startup_at32f407vgt7.o(.text)
    $v0                                      0x08000258   Number         0  startup_at32f407vgt7.o(.text)
    .text                                    0x0800027c   Section        0  arm_cmplx_mag_f32.o(.text)
    .text                                    0x08000378   Section        0  arm_cfft_f32.o(.text)
    .text                                    0x08000a9c   Section        0  arm_max_f32.o(.text)
    .text                                    0x08000b74   Section        0  arm_cfft_radix8_f32.o(.text)
    .text                                    0x08001050   Section        0  memcpya.o(.text)
    .text                                    0x08001074   Section        0  memseta.o(.text)
    .text                                    0x08001098   Section        0  dadd.o(.text)
    .text                                    0x080011e6   Section        0  dmul.o(.text)
    .text                                    0x080012ca   Section        0  dfltui.o(.text)
    .text                                    0x080012e4   Section        0  f2d.o(.text)
    .text                                    0x0800130a   Section        0  d2f.o(.text)
    .text                                    0x08001342   Section        0  uidiv.o(.text)
    .text                                    0x0800136e   Section        0  uldiv.o(.text)
    .text                                    0x080013d0   Section        0  llshl.o(.text)
    .text                                    0x080013ee   Section        0  llsshr.o(.text)
    .text                                    0x08001412   Section        0  fepilogue.o(.text)
    .text                                    0x08001412   Section        0  iusefp.o(.text)
    .text                                    0x08001480   Section        0  depilogue.o(.text)
    .text                                    0x0800153a   Section        0  ddiv.o(.text)
    .text                                    0x08001618   Section        0  dfixul.o(.text)
    .text                                    0x08001648   Section       48  cdrcmple.o(.text)
    .text                                    0x08001678   Section       36  init.o(.text)
    .text                                    0x0800169c   Section        0  llushr.o(.text)
    i.AT32_BUTTON_Init                       0x080016bc   Section        0  at32_board.o(i.AT32_BUTTON_Init)
    i.AT32_Board_Init                        0x080016fc   Section        0  at32_board.o(i.AT32_Board_Init)
    i.AT32_LEDn_Init                         0x08001734   Section        0  at32_board.o(i.AT32_LEDn_Init)
    i.AT32_LEDn_OFF                          0x0800177c   Section        0  at32_board.o(i.AT32_LEDn_OFF)
    i.AT32_LEDn_Toggle                       0x080017a4   Section        0  at32_board.o(i.AT32_LEDn_Toggle)
    i.BUTTON_EXTI_Init                       0x080017d8   Section        0  main.o(i.BUTTON_EXTI_Init)
    i.BusFault_Handler                       0x08001840   Section        0  at32f4xx_it.o(i.BusFault_Handler)
    i.DebugMon_Handler                       0x08001844   Section        0  at32f4xx_it.o(i.DebugMon_Handler)
    i.Delay_init                             0x08001848   Section        0  at32_board.o(i.Delay_init)
    i.Delay_ms                               0x08001894   Section        0  at32_board.o(i.Delay_ms)
    i.EXTI0_IRQHandler                       0x0800192c   Section        0  main.o(i.EXTI0_IRQHandler)
    i.EXTI15_10_IRQHandler                   0x08001998   Section        0  main.o(i.EXTI15_10_IRQHandler)
    i.EXTI_ClearIntPendingBit                0x08001a04   Section        0  at32f4xx_exti.o(i.EXTI_ClearIntPendingBit)
    i.EXTI_Init                              0x08001a10   Section        0  at32f4xx_exti.o(i.EXTI_Init)
    i.EXTI_StructInit                        0x08001aa4   Section        0  at32f4xx_exti.o(i.EXTI_StructInit)
    i.GPIO_EXTILineConfig                    0x08001ab4   Section        0  at32f4xx_gpio.o(i.GPIO_EXTILineConfig)
    i.GPIO_Init                              0x08001af4   Section        0  at32f4xx_gpio.o(i.GPIO_Init)
    i.GPIO_ReadInputData                     0x08001c0a   Section        0  at32f4xx_gpio.o(i.GPIO_ReadInputData)
    i.GPIO_StructInit                        0x08001c12   Section        0  at32f4xx_gpio.o(i.GPIO_StructInit)
    i.HardFault_Handler                      0x08001c22   Section        0  at32f4xx_it.o(i.HardFault_Handler)
    i.MCO_Config                             0x08001c28   Section        0  main.o(i.MCO_Config)
    i.MemManage_Handler                      0x08001c60   Section        0  at32f4xx_it.o(i.MemManage_Handler)
    i.NMI_Handler                            0x08001c64   Section        0  at32f4xx_it.o(i.NMI_Handler)
    i.NVIC_Init                              0x08001c68   Section        0  misc.o(i.NVIC_Init)
    i.PendSV_Handler                         0x08001cd8   Section        0  at32f4xx_it.o(i.PendSV_Handler)
    i.RCC_APB2PeriphClockCmd                 0x08001cdc   Section        0  at32f4xx_rcc.o(i.RCC_APB2PeriphClockCmd)
    i.RCC_CLKOUTConfig                       0x08001cfc   Section        0  at32f4xx_rcc.o(i.RCC_CLKOUTConfig)
    i.RCC_GetClocksFreq                      0x08001d68   Section        0  at32f4xx_rcc.o(i.RCC_GetClocksFreq)
    i.RCC_StepModeCmd                        0x08001eb0   Section        0  at32f4xx_rcc.o(i.RCC_StepModeCmd)
    i.SVC_Handler                            0x08001ed4   Section        0  at32f4xx_it.o(i.SVC_Handler)
    i.SetSysClock                            0x08001ed6   Section        0  system_at32f4xx.o(i.SetSysClock)
    SetSysClock                              0x08001ed7   Thumb Code     8  system_at32f4xx.o(i.SetSysClock)
    i.SetSysClockTo240M                      0x08001ee0   Section        0  system_at32f4xx.o(i.SetSysClockTo240M)
    SetSysClockTo240M                        0x08001ee1   Thumb Code   222  system_at32f4xx.o(i.SetSysClockTo240M)
    i.SysTick_CLKSourceConfig                0x08001fcc   Section        0  misc.o(i.SysTick_CLKSourceConfig)
    i.SysTick_Handler                        0x08001ff4   Section        0  at32f4xx_it.o(i.SysTick_Handler)
    i.SystemInit                             0x08002034   Section        0  system_at32f4xx.o(i.SystemInit)
    i.UART_Print_Init                        0x080020b8   Section        0  at32_board.o(i.UART_Print_Init)
    i.USART_Cmd                              0x08002150   Section        0  at32f4xx_usart.o(i.USART_Cmd)
    i.USART_GetFlagStatus                    0x08002168   Section        0  at32f4xx_usart.o(i.USART_GetFlagStatus)
    i.USART_INTConfig                        0x08002182   Section        0  at32f4xx_usart.o(i.USART_INTConfig)
    i.USART_Init                             0x080021cc   Section        0  at32f4xx_usart.o(i.USART_Init)
    i.USART_SendData                         0x080022a4   Section        0  at32f4xx_usart.o(i.USART_SendData)
    i.USART_StructInit                       0x080022ac   Section        0  at32f4xx_usart.o(i.USART_StructInit)
    i.UsageFault_Handler                     0x080022c4   Section        0  at32f4xx_it.o(i.UsageFault_Handler)
    i.__0printf                              0x080022c8   Section        0  printfa.o(i.__0printf)
    i.__0sprintf                             0x080022e8   Section        0  printfa.o(i.__0sprintf)
    i.__ARM_fpclassifyf                      0x08002310   Section        0  fpclassifyf.o(i.__ARM_fpclassifyf)
    i.__hardfp_cosf                          0x08002338   Section        0  cosf.o(i.__hardfp_cosf)
    i.__hardfp_sinf                          0x08002488   Section        0  sinf.o(i.__hardfp_sinf)
    i.__mathlib_flt_infnan                   0x08002618   Section        0  funder.o(i.__mathlib_flt_infnan)
    i.__mathlib_flt_invalid                  0x08002620   Section        0  funder.o(i.__mathlib_flt_invalid)
    i.__mathlib_flt_underflow                0x08002630   Section        0  funder.o(i.__mathlib_flt_underflow)
    i.__mathlib_rredf2                       0x08002640   Section        0  rredf.o(i.__mathlib_rredf2)
    i.__scatterload_copy                     0x08002794   Section       14  handlers.o(i.__scatterload_copy)
    i.__scatterload_null                     0x080027a2   Section        2  handlers.o(i.__scatterload_null)
    i.__scatterload_zeroinit                 0x080027a4   Section       14  handlers.o(i.__scatterload_zeroinit)
    i.__set_errno                            0x080027b4   Section        0  errno.o(i.__set_errno)
    i._fp_digits                             0x080027c0   Section        0  printfa.o(i._fp_digits)
    _fp_digits                               0x080027c1   Thumb Code   366  printfa.o(i._fp_digits)
    i._printf_core                           0x08002944   Section        0  printfa.o(i._printf_core)
    _printf_core                             0x08002945   Thumb Code  1744  printfa.o(i._printf_core)
    i._printf_post_padding                   0x08003020   Section        0  printfa.o(i._printf_post_padding)
    _printf_post_padding                     0x08003021   Thumb Code    36  printfa.o(i._printf_post_padding)
    i._printf_pre_padding                    0x08003044   Section        0  printfa.o(i._printf_pre_padding)
    _printf_pre_padding                      0x08003045   Thumb Code    46  printfa.o(i._printf_pre_padding)
    i._sputc                                 0x08003072   Section        0  printfa.o(i._sputc)
    _sputc                                   0x08003073   Thumb Code    10  printfa.o(i._sputc)
    i.check_result                           0x0800307c   Section        0  arm_fft_test.o(i.check_result)
    i.enableSysTickInt                       0x08003144   Section        0  at32_board.o(i.enableSysTickInt)
    i.fft_arm_dsp                            0x080031b8   Section        0  arm_fft_test.o(i.fft_arm_dsp)
    i.fft_radix2_dispose                     0x080031d4   Section        0  fft_radix2.o(i.fft_radix2_dispose)
    i.fft_radix2_init                        0x080031d8   Section        0  fft_radix2.o(i.fft_radix2_init)
    i.fft_radix2_permute                     0x080032d8   Section        0  fft_radix2.o(i.fft_radix2_permute)
    i.fft_test                               0x08003318   Section        0  arm_fft_test.o(i.fft_test)
    i.fputc                                  0x080033a4   Section        0  at32_board.o(i.fputc)
    i.genTestData                            0x080033c8   Section        0  arm_fft_data.o(i.genTestData)
    i.main                                   0x08003484   Section        0  main.o(i.main)
    i.printData                              0x080034f8   Section        0  arm_fft_test.o(i.printData)
    i.stopSysTick                            0x08003548   Section        0  at32_board.o(i.stopSysTick)
    .constdata                               0x08003580   Section       16  arm_const_structs.o(.constdata)
    .constdata                               0x08003590   Section     8192  arm_common_tables.o(.constdata)
    .constdata                               0x08005590   Section     3600  arm_common_tables.o(.constdata)
    .constdata                               0x080063a0   Section       32  rredf.o(.constdata)
    twooverpi                                0x080063a0   Data          32  rredf.o(.constdata)
    .data                                    0x20000000   Section       20  system_at32f4xx.o(.data)
    .data                                    0x20000014   Section       16  at32f4xx_rcc.o(.data)
    APBAHBPscTable                           0x20000014   Data           8  at32f4xx_rcc.o(.data)
    ADCPscTable                              0x2000001c   Data           8  at32f4xx_rcc.o(.data)
    .data                                    0x20000024   Section       12  at32f4xx_it.o(.data)
    mSCounter                                0x2000002c   Data           4  at32f4xx_it.o(.data)
    .data                                    0x20000030   Section       69  at32_board.o(.data)
    fac_us                                   0x2000006c   Data           4  at32_board.o(.data)
    fac_ms                                   0x20000070   Data           4  at32_board.o(.data)
    Pressed                                  0x20000074   Data           1  at32_board.o(.data)
    .data                                    0x20000076   Section       14  main.o(.data)
    .data                                    0x20000084   Section        4  arm_fft_test.o(.data)
    .data                                    0x20000088   Section        4  stdout.o(.data)
    .data                                    0x2000008c   Section        4  errno.o(.data)
    _errno                                   0x2000008c   Data           4  errno.o(.data)
    .bss                                     0x20000090   Section    12288  arm_fft_test.o(.bss)
    testInput                                0x20000090   Data        8192  arm_fft_test.o(.bss)
    testOutput                               0x20002090   Data        4096  arm_fft_test.o(.bss)
    .bss                                     0x20003090   Section     8192  arm_fft_data.o(.bss)
    .bss                                     0x20005090   Section    20488  fft_radix2.o(.bss)
    local_msg                                0x20005090   Data       20488  fft_radix2.o(.bss)
    STACK                                    0x2000a098   Section     1024  startup_at32f407vgt7.o(STACK)

    Global Symbols

    Symbol Name                              Value     Ov Type        Size  Object(Section)

    BuildAttributes$$THM_ISAv4$E$P$D$K$B$S$7EM$VFPi3$EXTD16$VFPS$VFMA$PE$A:L22UL41UL21$X:L11$S22US41US21$IEEE1$IW$USESV6$~STKCKD$USESV7$~SHL$OTIME$ROPI$IEEEX$EBA8$MICROLIB$REQ8$PRES8$EABIv2 0x00000000   Number         0  anon$$obj.o ABSOLUTE
    __ARM_use_no_argv                        0x00000000   Number         0  main.o ABSOLUTE
    _printf_a                                0x00000000   Number         0  stubs.o ABSOLUTE
    _printf_c                                0x00000000   Number         0  stubs.o ABSOLUTE
    _printf_charcount                        0x00000000   Number         0  stubs.o ABSOLUTE
    _printf_d                                0x00000000   Number         0  stubs.o ABSOLUTE
    _printf_e                                0x00000000   Number         0  stubs.o ABSOLUTE
    _printf_f                                0x00000000   Number         0  stubs.o ABSOLUTE
    _printf_flags                            0x00000000   Number         0  stubs.o ABSOLUTE
    _printf_fp_dec                           0x00000000   Number         0  stubs.o ABSOLUTE
    _printf_fp_hex                           0x00000000   Number         0  stubs.o ABSOLUTE
    _printf_g                                0x00000000   Number         0  stubs.o ABSOLUTE
    _printf_i                                0x00000000   Number         0  stubs.o ABSOLUTE
    _printf_int_dec                          0x00000000   Number         0  stubs.o ABSOLUTE
    _printf_l                                0x00000000   Number         0  stubs.o ABSOLUTE
    _printf_lc                               0x00000000   Number         0  stubs.o ABSOLUTE
    _printf_ll                               0x00000000   Number         0  stubs.o ABSOLUTE
    _printf_lld                              0x00000000   Number         0  stubs.o ABSOLUTE
    _printf_lli                              0x00000000   Number         0  stubs.o ABSOLUTE
    _printf_llo                              0x00000000   Number         0  stubs.o ABSOLUTE
    _printf_llu                              0x00000000   Number         0  stubs.o ABSOLUTE
    _printf_llx                              0x00000000   Number         0  stubs.o ABSOLUTE
    _printf_longlong_dec                     0x00000000   Number         0  stubs.o ABSOLUTE
    _printf_longlong_hex                     0x00000000   Number         0  stubs.o ABSOLUTE
    _printf_longlong_oct                     0x00000000   Number         0  stubs.o ABSOLUTE
    _printf_ls                               0x00000000   Number         0  stubs.o ABSOLUTE
    _printf_mbtowc                           0x00000000   Number         0  stubs.o ABSOLUTE
    _printf_n                                0x00000000   Number         0  stubs.o ABSOLUTE
    _printf_o                                0x00000000   Number         0  stubs.o ABSOLUTE
    _printf_p                                0x00000000   Number         0  stubs.o ABSOLUTE
    _printf_percent                          0x00000000   Number         0  stubs.o ABSOLUTE
    _printf_pre_padding                      0x00000000   Number         0  stubs.o ABSOLUTE
    _printf_return_value                     0x00000000   Number         0  stubs.o ABSOLUTE
    _printf_s                                0x00000000   Number         0  stubs.o ABSOLUTE
    _printf_sizespec                         0x00000000   Number         0  stubs.o ABSOLUTE
    _printf_str                              0x00000000   Number         0  stubs.o ABSOLUTE
    _printf_truncate_signed                  0x00000000   Number         0  stubs.o ABSOLUTE
    _printf_truncate_unsigned                0x00000000   Number         0  stubs.o ABSOLUTE
    _printf_u                                0x00000000   Number         0  stubs.o ABSOLUTE
    _printf_wc                               0x00000000   Number         0  stubs.o ABSOLUTE
    _printf_wctomb                           0x00000000   Number         0  stubs.o ABSOLUTE
    _printf_widthprec                        0x00000000   Number         0  stubs.o ABSOLUTE
    _printf_x                                0x00000000   Number         0  stubs.o ABSOLUTE
    __cpp_initialize__aeabi_                  - Undefined Weak Reference
    __cxa_finalize                            - Undefined Weak Reference
    __decompress                              - Undefined Weak Reference
    _clock_init                               - Undefined Weak Reference
    _microlib_exit                            - Undefined Weak Reference
    __Vectors_Size                           0x00000184   Number         0  startup_at32f407vgt7.o ABSOLUTE
    __Vectors                                0x08000000   Data           4  startup_at32f407vgt7.o(RESET)
    __Vectors_End                            0x08000184   Data           0  startup_at32f407vgt7.o(RESET)
    arm_bitreversal_32                       0x08000185   Thumb Code   106  arm_bitreversal2.o(. text)
    arm_bitreversal_16                       0x080001ef   Thumb Code    86  arm_bitreversal2.o(. text)
    __main                                   0x08000245   Thumb Code     0  entry.o(.ARM.Collect$$$$00000000)
    _main_stk                                0x08000245   Thumb Code     0  entry2.o(.ARM.Collect$$$$00000001)
    _main_scatterload                        0x08000249   Thumb Code     0  entry5.o(.ARM.Collect$$$$00000004)
    __main_after_scatterload                 0x0800024d   Thumb Code     0  entry5.o(.ARM.Collect$$$$00000004)
    _main_clock                              0x0800024d   Thumb Code     0  entry7b.o(.ARM.Collect$$$$00000008)
    _main_cpp_init                           0x0800024d   Thumb Code     0  entry8b.o(.ARM.Collect$$$$0000000A)
    _main_init                               0x0800024d   Thumb Code     0  entry9a.o(.ARM.Collect$$$$0000000B)
    __rt_final_cpp                           0x08000255   Thumb Code     0  entry10a.o(.ARM.Collect$$$$0000000D)
    __rt_final_exit                          0x08000255   Thumb Code     0  entry11a.o(.ARM.Collect$$$$0000000F)
    Reset_Handler                            0x08000259   Thumb Code     8  startup_at32f407vgt7.o(.text)
    ACC_IRQHandler                           0x08000273   Thumb Code     0  startup_at32f407vgt7.o(.text)
    ADC1_2_IRQHandler                        0x08000273   Thumb Code     0  startup_at32f407vgt7.o(.text)
    ADC3_IRQHandler                          0x08000273   Thumb Code     0  startup_at32f407vgt7.o(.text)
    CAN1_RX1_IRQHandler                      0x08000273   Thumb Code     0  startup_at32f407vgt7.o(.text)
    CAN1_SCE_IRQHandler                      0x08000273   Thumb Code     0  startup_at32f407vgt7.o(.text)
    CAN2_RX0_IRQHandler                      0x08000273   Thumb Code     0  startup_at32f407vgt7.o(.text)
    CAN2_RX1_IRQHandler                      0x08000273   Thumb Code     0  startup_at32f407vgt7.o(.text)
    CAN2_SCE_IRQHandler                      0x08000273   Thumb Code     0  startup_at32f407vgt7.o(.text)
    CAN2_TX_IRQHandler                       0x08000273   Thumb Code     0  startup_at32f407vgt7.o(.text)
    DMA1_Channel1_IRQHandler                 0x08000273   Thumb Code     0  startup_at32f407vgt7.o(.text)
    DMA1_Channel2_IRQHandler                 0x08000273   Thumb Code     0  startup_at32f407vgt7.o(.text)
    DMA1_Channel3_IRQHandler                 0x08000273   Thumb Code     0  startup_at32f407vgt7.o(.text)
    DMA1_Channel4_IRQHandler                 0x08000273   Thumb Code     0  startup_at32f407vgt7.o(.text)
    DMA1_Channel5_IRQHandler                 0x08000273   Thumb Code     0  startup_at32f407vgt7.o(.text)
    DMA1_Channel6_IRQHandler                 0x08000273   Thumb Code     0  startup_at32f407vgt7.o(.text)
    DMA1_Channel7_IRQHandler                 0x08000273   Thumb Code     0  startup_at32f407vgt7.o(.text)
    DMA2_Channel1_IRQHandler                 0x08000273   Thumb Code     0  startup_at32f407vgt7.o(.text)
    DMA2_Channel2_IRQHandler                 0x08000273   Thumb Code     0  startup_at32f407vgt7.o(.text)
    DMA2_Channel3_IRQHandler                 0x08000273   Thumb Code     0  startup_at32f407vgt7.o(.text)
    DMA2_Channel4_5_IRQHandler               0x08000273   Thumb Code     0  startup_at32f407vgt7.o(.text)
    DMA2_Channel6_7_IRQHandler               0x08000273   Thumb Code     0  startup_at32f407vgt7.o(.text)
    ETH_IRQHandler                           0x08000273   Thumb Code     0  startup_at32f407vgt7.o(.text)
    ETH_WKUP_IRQHandler                      0x08000273   Thumb Code     0  startup_at32f407vgt7.o(.text)
    EXTI1_IRQHandler                         0x08000273   Thumb Code     0  startup_at32f407vgt7.o(.text)
    EXTI2_IRQHandler                         0x08000273   Thumb Code     0  startup_at32f407vgt7.o(.text)
    EXTI3_IRQHandler                         0x08000273   Thumb Code     0  startup_at32f407vgt7.o(.text)
    EXTI4_IRQHandler                         0x08000273   Thumb Code     0  startup_at32f407vgt7.o(.text)
    EXTI9_5_IRQHandler                       0x08000273   Thumb Code     0  startup_at32f407vgt7.o(.text)
    FLASH_IRQHandler                         0x08000273   Thumb Code     0  startup_at32f407vgt7.o(.text)
    I2C1_ER_IRQHandler                       0x08000273   Thumb Code     0  startup_at32f407vgt7.o(.text)
    I2C1_EV_IRQHandler                       0x08000273   Thumb Code     0  startup_at32f407vgt7.o(.text)
    I2C2_ER_IRQHandler                       0x08000273   Thumb Code     0  startup_at32f407vgt7.o(.text)
    I2C2_EV_IRQHandler                       0x08000273   Thumb Code     0  startup_at32f407vgt7.o(.text)
    I2C3_ER_IRQHandler                       0x08000273   Thumb Code     0  startup_at32f407vgt7.o(.text)
    I2C3_EV_IRQHandler                       0x08000273   Thumb Code     0  startup_at32f407vgt7.o(.text)
    PVD_IRQHandler                           0x08000273   Thumb Code     0  startup_at32f407vgt7.o(.text)
    RCC_IRQHandler                           0x08000273   Thumb Code     0  startup_at32f407vgt7.o(.text)
    RTCAlarm_IRQHandler                      0x08000273   Thumb Code     0  startup_at32f407vgt7.o(.text)
    RTC_IRQHandler                           0x08000273   Thumb Code     0  startup_at32f407vgt7.o(.text)
    SDIO1_IRQHandler                         0x08000273   Thumb Code     0  startup_at32f407vgt7.o(.text)
    SDIO2_IRQHandler                         0x08000273   Thumb Code     0  startup_at32f407vgt7.o(.text)
    SPI1_IRQHandler                          0x08000273   Thumb Code     0  startup_at32f407vgt7.o(.text)
    SPI2_I2S2EXT_IRQHandler                  0x08000273   Thumb Code     0  startup_at32f407vgt7.o(.text)
    SPI3_I2S3EXT_IRQHandler                  0x08000273   Thumb Code     0  startup_at32f407vgt7.o(.text)
    SPI4_IRQHandler                          0x08000273   Thumb Code     0  startup_at32f407vgt7.o(.text)
    TAMPER_IRQHandler                        0x08000273   Thumb Code     0  startup_at32f407vgt7.o(.text)
    TMR1_BRK_TMR9_IRQHandler                 0x08000273   Thumb Code     0  startup_at32f407vgt7.o(.text)
    TMR1_CC_IRQHandler                       0x08000273   Thumb Code     0  startup_at32f407vgt7.o(.text)
    TMR1_OV_TMR10_IRQHandler                 0x08000273   Thumb Code     0  startup_at32f407vgt7.o(.text)
    TMR1_TRG_COM_TMR11_IRQHandler            0x08000273   Thumb Code     0  startup_at32f407vgt7.o(.text)
    TMR2_GLOBAL_IRQHandler                   0x08000273   Thumb Code     0  startup_at32f407vgt7.o(.text)
    TMR3_GLOBAL_IRQHandler                   0x08000273   Thumb Code     0  startup_at32f407vgt7.o(.text)
    TMR4_GLOBAL_IRQHandler                   0x08000273   Thumb Code     0  startup_at32f407vgt7.o(.text)
    TMR5_GLOBAL_IRQHandler                   0x08000273   Thumb Code     0  startup_at32f407vgt7.o(.text)
    TMR6_GLOBAL_IRQHandler                   0x08000273   Thumb Code     0  startup_at32f407vgt7.o(.text)
    TMR7_GLOBAL_IRQHandler                   0x08000273   Thumb Code     0  startup_at32f407vgt7.o(.text)
    TMR8_BRK_TMR12_IRQHandler                0x08000273   Thumb Code     0  startup_at32f407vgt7.o(.text)
    TMR8_CC_IRQHandler                       0x08000273   Thumb Code     0  startup_at32f407vgt7.o(.text)
    TMR8_OV_TMR13_IRQHandler                 0x08000273   Thumb Code     0  startup_at32f407vgt7.o(.text)
    TMR8_TRG_COM_TMR14_IRQHandler            0x08000273   Thumb Code     0  startup_at32f407vgt7.o(.text)
    UART4_IRQHandler                         0x08000273   Thumb Code     0  startup_at32f407vgt7.o(.text)
    UART5_IRQHandler                         0x08000273   Thumb Code     0  startup_at32f407vgt7.o(.text)
    UART7_IRQHandler                         0x08000273   Thumb Code     0  startup_at32f407vgt7.o(.text)
    UART8_IRQHandler                         0x08000273   Thumb Code     0  startup_at32f407vgt7.o(.text)
    USART1_IRQHandler                        0x08000273   Thumb Code     0  startup_at32f407vgt7.o(.text)
    USART2_IRQHandler                        0x08000273   Thumb Code     0  startup_at32f407vgt7.o(.text)
    USART3_IRQHandler                        0x08000273   Thumb Code     0  startup_at32f407vgt7.o(.text)
    USART6_IRQHandler                        0x08000273   Thumb Code     0  startup_at32f407vgt7.o(.text)
    USBWakeUp_IRQHandler                     0x08000273   Thumb Code     0  startup_at32f407vgt7.o(.text)
    USB_HP_CAN1_TX_IRQHandler                0x08000273   Thumb Code     0  startup_at32f407vgt7.o(.text)
    USB_HP_IRQHandler                        0x08000273   Thumb Code     0  startup_at32f407vgt7.o(.text)
    USB_LP_CAN1_RX0_IRQHandler               0x08000273   Thumb Code     0  startup_at32f407vgt7.o(.text)
    USB_LP_IRQHandler                        0x08000273   Thumb Code     0  startup_at32f407vgt7.o(.text)
    WWDG_IRQHandler                          0x08000273   Thumb Code     0  startup_at32f407vgt7.o(.text)
    XMC_IRQHandler                           0x08000273   Thumb Code     0  startup_at32f407vgt7.o(.text)
    arm_cmplx_mag_f32                        0x0800027d   Thumb Code   246  arm_cmplx_mag_f32.o(.text)
    arm_cfft_radix8by2_f32                   0x08000379   Thumb Code   398  arm_cfft_f32.o(.text)
    arm_cfft_radix8by4_f32                   0x08000507   Thumb Code  1098  arm_cfft_f32.o(.text)
    arm_cfft_f32                             0x08000951   Thumb Code   330  arm_cfft_f32.o(.text)
    arm_max_f32                              0x08000a9d   Thumb Code   216  arm_max_f32.o(.text)
    arm_radix8_butterfly_f32                 0x08000b75   Thumb Code  1244  arm_cfft_radix8_f32.o(.text)
    __aeabi_memcpy                           0x08001051   Thumb Code    36  memcpya.o(.text)
    __aeabi_memcpy4                          0x08001051   Thumb Code     0  memcpya.o(.text)
    __aeabi_memcpy8                          0x08001051   Thumb Code     0  memcpya.o(.text)
    __aeabi_memset                           0x08001075   Thumb Code    14  memseta.o(.text)
    __aeabi_memset4                          0x08001075   Thumb Code     0  memseta.o(.text)
    __aeabi_memset8                          0x08001075   Thumb Code     0  memseta.o(.text)
    __aeabi_memclr                           0x08001083   Thumb Code     4  memseta.o(.text)
    __aeabi_memclr4                          0x08001083   Thumb Code     0  memseta.o(.text)
    __aeabi_memclr8                          0x08001083   Thumb Code     0  memseta.o(.text)
    _memset$wrapper                          0x08001087   Thumb Code    18  memseta.o(.text)
    __aeabi_dadd                             0x08001099   Thumb Code   322  dadd.o(.text)
    __aeabi_dsub                             0x080011db   Thumb Code     6  dadd.o(.text)
    __aeabi_drsub                            0x080011e1   Thumb Code     6  dadd.o(.text)
    __aeabi_dmul                             0x080011e7   Thumb Code   228  dmul.o(.text)
    __aeabi_ui2d                             0x080012cb   Thumb Code    26  dfltui.o(.text)
    __aeabi_f2d                              0x080012e5   Thumb Code    38  f2d.o(.text)
    __aeabi_d2f                              0x0800130b   Thumb Code    56  d2f.o(.text)
    __aeabi_uidiv                            0x08001343   Thumb Code     0  uidiv.o(.text)
    __aeabi_uidivmod                         0x08001343   Thumb Code    44  uidiv.o(.text)
    __aeabi_uldivmod                         0x0800136f   Thumb Code    98  uldiv.o(.text)
    __aeabi_llsl                             0x080013d1   Thumb Code    30  llshl.o(.text)
    _ll_shift_l                              0x080013d1   Thumb Code     0  llshl.o(.text)
    __aeabi_lasr                             0x080013ef   Thumb Code    36  llsshr.o(.text)
    _ll_sshift_r                             0x080013ef   Thumb Code     0  llsshr.o(.text)
    __I$use$fp                               0x08001413   Thumb Code     0  iusefp.o(.text)
    _float_round                             0x08001413   Thumb Code    18  fepilogue.o(.text)
    _float_epilogue                          0x08001425   Thumb Code    92  fepilogue.o(.text)
    _double_round                            0x08001481   Thumb Code    30  depilogue.o(.text)
    _double_epilogue                         0x0800149f   Thumb Code   156  depilogue.o(.text)
    __aeabi_ddiv                             0x0800153b   Thumb Code   222  ddiv.o(.text)
    __aeabi_d2ulz                            0x08001619   Thumb Code    48  dfixul.o(.text)
    __aeabi_cdrcmple                         0x08001649   Thumb Code    48  cdrcmple.o(.text)
    __scatterload                            0x08001679   Thumb Code    28  init.o(.text)
    __scatterload_rt2                        0x08001679   Thumb Code     0  init.o(.text)
    __aeabi_llsr                             0x0800169d   Thumb Code    32  llushr.o(.text)
    _ll_ushift_r                             0x0800169d   Thumb Code     0  llushr.o(.text)
    AT32_BUTTON_Init                         0x080016bd   Thumb Code    52  at32_board.o(i.AT32_BUTTON_Init)
    AT32_Board_Init                          0x080016fd   Thumb Code    56  at32_board.o(i.AT32_Board_Init)
    AT32_LEDn_Init                           0x08001735   Thumb Code    58  at32_board.o(i.AT32_LEDn_Init)
    AT32_LEDn_OFF                            0x0800177d   Thumb Code    32  at32_board.o(i.AT32_LEDn_OFF)
    AT32_LEDn_Toggle                         0x080017a5   Thumb Code    42  at32_board.o(i.AT32_LEDn_Toggle)
    BUTTON_EXTI_Init                         0x080017d9   Thumb Code    86  main.o(i.BUTTON_EXTI_Init)
    BusFault_Handler                         0x08001841   Thumb Code     4  at32f4xx_it.o(i.BusFault_Handler)
    DebugMon_Handler                         0x08001845   Thumb Code     2  at32f4xx_it.o(i.DebugMon_Handler)
    Delay_init                               0x08001849   Thumb Code    54  at32_board.o(i.Delay_init)
    Delay_ms                                 0x08001895   Thumb Code   144  at32_board.o(i.Delay_ms)
    EXTI0_IRQHandler                         0x0800192d   Thumb Code    86  main.o(i.EXTI0_IRQHandler)
    EXTI15_10_IRQHandler                     0x08001999   Thumb Code    86  main.o(i.EXTI15_10_IRQHandler)
    EXTI_ClearIntPendingBit                  0x08001a05   Thumb Code     6  at32f4xx_exti.o(i.EXTI_ClearIntPendingBit)
    EXTI_Init                                0x08001a11   Thumb Code   142  at32f4xx_exti.o(i.EXTI_Init)
    EXTI_StructInit                          0x08001aa5   Thumb Code    16  at32f4xx_exti.o(i.EXTI_StructInit)
    GPIO_EXTILineConfig                      0x08001ab5   Thumb Code    60  at32f4xx_gpio.o(i.GPIO_EXTILineConfig)
    GPIO_Init                                0x08001af5   Thumb Code   278  at32f4xx_gpio.o(i.GPIO_Init)
    GPIO_ReadInputData                       0x08001c0b   Thumb Code     8  at32f4xx_gpio.o(i.GPIO_ReadInputData)
    GPIO_StructInit                          0x08001c13   Thumb Code    16  at32f4xx_gpio.o(i.GPIO_StructInit)
    HardFault_Handler                        0x08001c23   Thumb Code     4  at32f4xx_it.o(i.HardFault_Handler)
    MCO_Config                               0x08001c29   Thumb Code    52  main.o(i.MCO_Config)
    MemManage_Handler                        0x08001c61   Thumb Code     4  at32f4xx_it.o(i.MemManage_Handler)
    NMI_Handler                              0x08001c65   Thumb Code     2  at32f4xx_it.o(i.NMI_Handler)
    NVIC_Init                                0x08001c69   Thumb Code   100  misc.o(i.NVIC_Init)
    PendSV_Handler                           0x08001cd9   Thumb Code     2  at32f4xx_it.o(i.PendSV_Handler)
    RCC_APB2PeriphClockCmd                   0x08001cdd   Thumb Code    26  at32f4xx_rcc.o(i.RCC_APB2PeriphClockCmd)
    RCC_CLKOUTConfig                         0x08001cfd   Thumb Code   104  at32f4xx_rcc.o(i.RCC_CLKOUTConfig)
    RCC_GetClocksFreq                        0x08001d69   Thumb Code   300  at32f4xx_rcc.o(i.RCC_GetClocksFreq)
    RCC_StepModeCmd                          0x08001eb1   Thumb Code    32  at32f4xx_rcc.o(i.RCC_StepModeCmd)
    SVC_Handler                              0x08001ed5   Thumb Code     2  at32f4xx_it.o(i.SVC_Handler)
    SysTick_CLKSourceConfig                  0x08001fcd   Thumb Code    40  misc.o(i.SysTick_CLKSourceConfig)
    SysTick_Handler                          0x08001ff5   Thumb Code    52  at32f4xx_it.o(i.SysTick_Handler)
    SystemInit                               0x08002035   Thumb Code   106  system_at32f4xx.o(i.SystemInit)
    UART_Print_Init                          0x080020b9   Thumb Code   142  at32_board.o(i.UART_Print_Init)
    USART_Cmd                                0x08002151   Thumb Code    24  at32f4xx_usart.o(i.USART_Cmd)
    USART_GetFlagStatus                      0x08002169   Thumb Code    26  at32f4xx_usart.o(i.USART_GetFlagStatus)
    USART_INTConfig                          0x08002183   Thumb Code    74  at32f4xx_usart.o(i.USART_INTConfig)
    USART_Init                               0x080021cd   Thumb Code   210  at32f4xx_usart.o(i.USART_Init)
    USART_SendData                           0x080022a5   Thumb Code     8  at32f4xx_usart.o(i.USART_SendData)
    USART_StructInit                         0x080022ad   Thumb Code    24  at32f4xx_usart.o(i.USART_StructInit)
    UsageFault_Handler                       0x080022c5   Thumb Code     4  at32f4xx_it.o(i.UsageFault_Handler)
    __0printf                                0x080022c9   Thumb Code    22  printfa.o(i.__0printf)
    __1printf                                0x080022c9   Thumb Code     0  printfa.o(i.__0printf)
    __2printf                                0x080022c9   Thumb Code     0  printfa.o(i.__0printf)
    __c89printf                              0x080022c9   Thumb Code     0  printfa.o(i.__0printf)
    printf                                   0x080022c9   Thumb Code     0  printfa.o(i.__0printf)
    __0sprintf                               0x080022e9   Thumb Code    34  printfa.o(i.__0sprintf)
    __1sprintf                               0x080022e9   Thumb Code     0  printfa.o(i.__0sprintf)
    __2sprintf                               0x080022e9   Thumb Code     0  printfa.o(i.__0sprintf)
    __c89sprintf                             0x080022e9   Thumb Code     0  printfa.o(i.__0sprintf)
    sprintf                                  0x080022e9   Thumb Code     0  printfa.o(i.__0sprintf)
    __ARM_fpclassifyf                        0x08002311   Thumb Code    38  fpclassifyf.o(i.__ARM_fpclassifyf)
    __hardfp_cosf                            0x08002339   Thumb Code   280  cosf.o(i.__hardfp_cosf)
    __hardfp_sinf                            0x08002489   Thumb Code   344  sinf.o(i.__hardfp_sinf)
    __mathlib_flt_infnan                     0x08002619   Thumb Code     6  funder.o(i.__mathlib_flt_infnan)
    __mathlib_flt_invalid                    0x08002621   Thumb Code    10  funder.o(i.__mathlib_flt_invalid)
    __mathlib_flt_underflow                  0x08002631   Thumb Code    10  funder.o(i.__mathlib_flt_underflow)
    __mathlib_rredf2                         0x08002641   Thumb Code   316  rredf.o(i.__mathlib_rredf2)
    __scatterload_copy                       0x08002795   Thumb Code    14  handlers.o(i.__scatterload_copy)
    __scatterload_null                       0x080027a3   Thumb Code     2  handlers.o(i.__scatterload_null)
    __scatterload_zeroinit                   0x080027a5   Thumb Code    14  handlers.o(i.__scatterload_zeroinit)
    __set_errno                              0x080027b5   Thumb Code     6  errno.o(i.__set_errno)
    check_result                             0x0800307d   Thumb Code   134  arm_fft_test.o(i.check_result)
    enableSysTickInt                         0x08003145   Thumb Code    90  at32_board.o(i.enableSysTickInt)
    fft_arm_dsp                              0x080031b9   Thumb Code    22  arm_fft_test.o(i.fft_arm_dsp)
    fft_radix2_dispose                       0x080031d5   Thumb Code     2  fft_radix2.o(i.fft_radix2_dispose)
    fft_radix2_init                          0x080031d9   Thumb Code   246  fft_radix2.o(i.fft_radix2_init)
    fft_radix2_permute                       0x080032d9   Thumb Code    56  fft_radix2.o(i.fft_radix2_permute)
    fft_test                                 0x08003319   Thumb Code   108  arm_fft_test.o(i.fft_test)
    fputc                                    0x080033a5   Thumb Code    32  at32_board.o(i.fputc)
    genTestData                              0x080033c9   Thumb Code   160  arm_fft_data.o(i.genTestData)
    main                                     0x08003485   Thumb Code    76  main.o(i.main)
    printData                                0x080034f9   Thumb Code    66  arm_fft_test.o(i.printData)
    stopSysTick                              0x08003549   Thumb Code    48  at32_board.o(i.stopSysTick)
    arm_cfft_sR_f32_len1024                  0x08003580   Data          16  arm_const_structs.o(.constdata)
    twiddleCoef_1024                         0x08003590   Data        8192  arm_common_tables.o(.constdata)
    armBitRevIndexTable1024                  0x08005590   Data        3600  arm_common_tables.o(.constdata)
    Region$$Table$$Base                      0x080063c0   Number         0  anon$$obj.o(Region$$Table)
    Region$$Table$$Limit                     0x080063e0   Number         0  anon$$obj.o(Region$$Table)
    SystemCoreClock                          0x20000000   Data           4  system_at32f4xx.o(.data)
    AHBPscTable                              0x20000004   Data          16  system_at32f4xx.o(.data)
    gTimerUS                                 0x20000024   Data           4  at32f4xx_it.o(.data)
    gTimerMS                                 0x20000028   Data           4  at32f4xx_it.o(.data)
    LED_GPIO_PORT                            0x20000030   Data          16  at32_board.o(.data)
    LED_GPIO_PIN                             0x20000040   Data           8  at32_board.o(.data)
    LED_GPIO_RCC_CLK                         0x20000048   Data          16  at32_board.o(.data)
    BUTTON_GPIO_PORT                         0x20000058   Data           8  at32_board.o(.data)
    BUTTON_GPIO_PIN                          0x20000060   Data           4  at32_board.o(.data)
    BUTTON_GPIO_RCC_CLK                      0x20000064   Data           8  at32_board.o(.data)
    BUTTON_EXTI_LINE                         0x20000076   Data           4  main.o(.data)
    BUTTON_EXTI_IRQ                          0x2000007a   Data           4  main.o(.data)
    BUTTON_EXTI_SOURCE_PORT                  0x2000007e   Data           2  main.o(.data)
    BUTTON_EXTI_SOURCE_PIN                   0x20000080   Data           2  main.o(.data)
    gButtonType                              0x20000082   Data           1  main.o(.data)
    gSpeed                                   0x20000083   Data           1  main.o(.data)
    fftSize                                  0x20000084   Data           4  arm_fft_test.o(.data)
    __stdout                                 0x20000088   Data           4  stdout.o(.data)
    testInput_f32_10khz                      0x20003090   Data        8192  arm_fft_data.o(.bss)
    __initial_sp                             0x2000a498   Data           0  startup_at32f407vgt7.o(STACK)



==============================================================================

Memory Map of the image

  Image Entry point : 0x08000245

  Load Region LR_IROM1 (Base: 0x08000000, Size: 0x00006470, Max: 0x00100000, ABSOLUTE)

    Execution Region ER_IROM1 (Exec base: 0x08000000, Load base: 0x08000000, Size: 0x000063e0, Max: 0x00100000, ABSOLUTE)

    Exec Addr    Load Addr    Size         Type   Attr      Idx    E Section Name        Object

    0x08000000   0x08000000   0x00000184   Data   RO          152    RESET               startup_at32f407vgt7.o
    0x08000184   0x08000184   0x000000c0   Code   RO         4840    . text              arm_cortexM4lf_math.lib(arm_bitreversal2.o)
    0x08000244   0x08000244   0x00000000   Code   RO         4950  * .ARM.Collect$$$$00000000  mc_w.l(entry.o)
    0x08000244   0x08000244   0x00000004   Code   RO         5249    .ARM.Collect$$$$00000001  mc_w.l(entry2.o)
    0x08000248   0x08000248   0x00000004   Code   RO         5252    .ARM.Collect$$$$00000004  mc_w.l(entry5.o)
    0x0800024c   0x0800024c   0x00000000   Code   RO         5254    .ARM.Collect$$$$00000008  mc_w.l(entry7b.o)
    0x0800024c   0x0800024c   0x00000000   Code   RO         5256    .ARM.Collect$$$$0000000A  mc_w.l(entry8b.o)
    0x0800024c   0x0800024c   0x00000008   Code   RO         5257    .ARM.Collect$$$$0000000B  mc_w.l(entry9a.o)
    0x08000254   0x08000254   0x00000000   Code   RO         5259    .ARM.Collect$$$$0000000D  mc_w.l(entry10a.o)
    0x08000254   0x08000254   0x00000000   Code   RO         5261    .ARM.Collect$$$$0000000F  mc_w.l(entry11a.o)
    0x08000254   0x08000254   0x00000004   Code   RO         5250    .ARM.Collect$$$$00002712  mc_w.l(entry2.o)
    0x08000258   0x08000258   0x00000024   Code   RO          153    .text               startup_at32f407vgt7.o
    0x0800027c   0x0800027c   0x000000fc   Code   RO         4662    .text               arm_cortexM4lf_math.lib(arm_cmplx_mag_f32.o)
    0x08000378   0x08000378   0x00000722   Code   RO         4714    .text               arm_cortexM4lf_math.lib(arm_cfft_f32.o)
    0x08000a9a   0x08000a9a   0x00000002   PAD
    0x08000a9c   0x08000a9c   0x000000d8   Code   RO         4745    .text               arm_cortexM4lf_math.lib(arm_max_f32.o)
    0x08000b74   0x08000b74   0x000004dc   Code   RO         4819    .text               arm_cortexM4lf_math.lib(arm_cfft_radix8_f32.o)
    0x08001050   0x08001050   0x00000024   Code   RO         4953    .text               mc_w.l(memcpya.o)
    0x08001074   0x08001074   0x00000024   Code   RO         4955    .text               mc_w.l(memseta.o)
    0x08001098   0x08001098   0x0000014e   Code   RO         5220    .text               mf_w.l(dadd.o)
    0x080011e6   0x080011e6   0x000000e4   Code   RO         5222    .text               mf_w.l(dmul.o)
    0x080012ca   0x080012ca   0x0000001a   Code   RO         5224    .text               mf_w.l(dfltui.o)
    0x080012e4   0x080012e4   0x00000026   Code   RO         5226    .text               mf_w.l(f2d.o)
    0x0800130a   0x0800130a   0x00000038   Code   RO         5228    .text               mf_w.l(d2f.o)
    0x08001342   0x08001342   0x0000002c   Code   RO         5264    .text               mc_w.l(uidiv.o)
    0x0800136e   0x0800136e   0x00000062   Code   RO         5266    .text               mc_w.l(uldiv.o)
    0x080013d0   0x080013d0   0x0000001e   Code   RO         5268    .text               mc_w.l(llshl.o)
    0x080013ee   0x080013ee   0x00000024   Code   RO         5270    .text               mc_w.l(llsshr.o)
    0x08001412   0x08001412   0x00000000   Code   RO         5279    .text               mc_w.l(iusefp.o)
    0x08001412   0x08001412   0x0000006e   Code   RO         5280    .text               mf_w.l(fepilogue.o)
    0x08001480   0x08001480   0x000000ba   Code   RO         5282    .text               mf_w.l(depilogue.o)
    0x0800153a   0x0800153a   0x000000de   Code   RO         5284    .text               mf_w.l(ddiv.o)
    0x08001618   0x08001618   0x00000030   Code   RO         5286    .text               mf_w.l(dfixul.o)
    0x08001648   0x08001648   0x00000030   Code   RO         5288    .text               mf_w.l(cdrcmple.o)
    0x08001678   0x08001678   0x00000024   Code   RO         5290    .text               mc_w.l(init.o)
    0x0800169c   0x0800169c   0x00000020   Code   RO         5292    .text               mc_w.l(llushr.o)
    0x080016bc   0x080016bc   0x00000040   Code   RO         4321    i.AT32_BUTTON_Init  at32_board.o
    0x080016fc   0x080016fc   0x00000038   Code   RO         4324    i.AT32_Board_Init   at32_board.o
    0x08001734   0x08001734   0x00000048   Code   RO         4325    i.AT32_LEDn_Init    at32_board.o
    0x0800177c   0x0800177c   0x00000028   Code   RO         4326    i.AT32_LEDn_OFF     at32_board.o
    0x080017a4   0x080017a4   0x00000034   Code   RO         4328    i.AT32_LEDn_Toggle  at32_board.o
    0x080017d8   0x080017d8   0x00000068   Code   RO         4462    i.BUTTON_EXTI_Init  main.o
    0x08001840   0x08001840   0x00000004   Code   RO         4243    i.BusFault_Handler  at32f4xx_it.o
    0x08001844   0x08001844   0x00000002   Code   RO         4244    i.DebugMon_Handler  at32f4xx_it.o
    0x08001846   0x08001846   0x00000002   PAD
    0x08001848   0x08001848   0x0000004c   Code   RO         4330    i.Delay_init        at32_board.o
    0x08001894   0x08001894   0x00000098   Code   RO         4331    i.Delay_ms          at32_board.o
    0x0800192c   0x0800192c   0x0000006c   Code   RO         4463    i.EXTI0_IRQHandler  main.o
    0x08001998   0x08001998   0x0000006c   Code   RO         4464    i.EXTI15_10_IRQHandler  main.o
    0x08001a04   0x08001a04   0x0000000c   Code   RO         1693    i.EXTI_ClearIntPendingBit  at32f4xx_exti.o
    0x08001a10   0x08001a10   0x00000094   Code   RO         1697    i.EXTI_Init         at32f4xx_exti.o
    0x08001aa4   0x08001aa4   0x00000010   Code   RO         1699    i.EXTI_StructInit   at32f4xx_exti.o
    0x08001ab4   0x08001ab4   0x00000040   Code   RO         2042    i.GPIO_EXTILineConfig  at32f4xx_gpio.o
    0x08001af4   0x08001af4   0x00000116   Code   RO         2045    i.GPIO_Init         at32f4xx_gpio.o
    0x08001c0a   0x08001c0a   0x00000008   Code   RO         2048    i.GPIO_ReadInputData  at32f4xx_gpio.o
    0x08001c12   0x08001c12   0x00000010   Code   RO         2055    i.GPIO_StructInit   at32f4xx_gpio.o
    0x08001c22   0x08001c22   0x00000004   Code   RO         4245    i.HardFault_Handler  at32f4xx_it.o
    0x08001c26   0x08001c26   0x00000002   PAD
    0x08001c28   0x08001c28   0x00000038   Code   RO         4465    i.MCO_Config        main.o
    0x08001c60   0x08001c60   0x00000004   Code   RO         4246    i.MemManage_Handler  at32f4xx_it.o
    0x08001c64   0x08001c64   0x00000002   Code   RO         4247    i.NMI_Handler       at32f4xx_it.o
    0x08001c66   0x08001c66   0x00000002   PAD
    0x08001c68   0x08001c68   0x00000070   Code   RO         4195    i.NVIC_Init         misc.o
    0x08001cd8   0x08001cd8   0x00000002   Code   RO         4248    i.PendSV_Handler    at32f4xx_it.o
    0x08001cda   0x08001cda   0x00000002   PAD
    0x08001cdc   0x08001cdc   0x00000020   Code   RO         2526    i.RCC_APB2PeriphClockCmd  at32f4xx_rcc.o
    0x08001cfc   0x08001cfc   0x0000006c   Code   RO         2529    i.RCC_CLKOUTConfig  at32f4xx_rcc.o
    0x08001d68   0x08001d68   0x00000148   Code   RO         2532    i.RCC_GetClocksFreq  at32f4xx_rcc.o
    0x08001eb0   0x08001eb0   0x00000024   Code   RO         2554    i.RCC_StepModeCmd   at32f4xx_rcc.o
    0x08001ed4   0x08001ed4   0x00000002   Code   RO         4249    i.SVC_Handler       at32f4xx_it.o
    0x08001ed6   0x08001ed6   0x00000008   Code   RO            4    i.SetSysClock       system_at32f4xx.o
    0x08001ede   0x08001ede   0x00000002   PAD
    0x08001ee0   0x08001ee0   0x000000ec   Code   RO            5    i.SetSysClockTo240M  system_at32f4xx.o
    0x08001fcc   0x08001fcc   0x00000028   Code   RO         4199    i.SysTick_CLKSourceConfig  misc.o
    0x08001ff4   0x08001ff4   0x00000040   Code   RO         4250    i.SysTick_Handler   at32f4xx_it.o
    0x08002034   0x08002034   0x00000084   Code   RO            7    i.SystemInit        system_at32f4xx.o
    0x080020b8   0x080020b8   0x00000098   Code   RO         4334    i.UART_Print_Init   at32_board.o
    0x08002150   0x08002150   0x00000018   Code   RO         3803    i.USART_Cmd         at32f4xx_usart.o
    0x08002168   0x08002168   0x0000001a   Code   RO         3805    i.USART_GetFlagStatus  at32f4xx_usart.o
    0x08002182   0x08002182   0x0000004a   Code   RO         3808    i.USART_INTConfig   at32f4xx_usart.o
    0x080021cc   0x080021cc   0x000000d8   Code   RO         3809    i.USART_Init        at32f4xx_usart.o
    0x080022a4   0x080022a4   0x00000008   Code   RO         3820    i.USART_SendData    at32f4xx_usart.o
    0x080022ac   0x080022ac   0x00000018   Code   RO         3826    i.USART_StructInit  at32f4xx_usart.o
    0x080022c4   0x080022c4   0x00000004   Code   RO         4251    i.UsageFault_Handler  at32f4xx_it.o
    0x080022c8   0x080022c8   0x00000020   Code   RO         5192    i.__0printf         mc_w.l(printfa.o)
    0x080022e8   0x080022e8   0x00000028   Code   RO         5194    i.__0sprintf        mc_w.l(printfa.o)
    0x08002310   0x08002310   0x00000026   Code   RO         5230    i.__ARM_fpclassifyf  m_wm.l(fpclassifyf.o)
    0x08002336   0x08002336   0x00000002   PAD
    0x08002338   0x08002338   0x00000150   Code   RO         4926    i.__hardfp_cosf     m_wm.l(cosf.o)
    0x08002488   0x08002488   0x00000190   Code   RO         4938    i.__hardfp_sinf     m_wm.l(sinf.o)
    0x08002618   0x08002618   0x00000006   Code   RO         5233    i.__mathlib_flt_infnan  m_wm.l(funder.o)
    0x0800261e   0x0800261e   0x00000002   PAD
    0x08002620   0x08002620   0x00000010   Code   RO         5235    i.__mathlib_flt_invalid  m_wm.l(funder.o)
    0x08002630   0x08002630   0x00000010   Code   RO         5238    i.__mathlib_flt_underflow  m_wm.l(funder.o)
    0x08002640   0x08002640   0x00000154   Code   RO         5246    i.__mathlib_rredf2  m_wm.l(rredf.o)
    0x08002794   0x08002794   0x0000000e   Code   RO         5296    i.__scatterload_copy  mc_w.l(handlers.o)
    0x080027a2   0x080027a2   0x00000002   Code   RO         5297    i.__scatterload_null  mc_w.l(handlers.o)
    0x080027a4   0x080027a4   0x0000000e   Code   RO         5298    i.__scatterload_zeroinit  mc_w.l(handlers.o)
    0x080027b2   0x080027b2   0x00000002   PAD
    0x080027b4   0x080027b4   0x0000000c   Code   RO         5274    i.__set_errno       mc_w.l(errno.o)
    0x080027c0   0x080027c0   0x00000184   Code   RO         5199    i._fp_digits        mc_w.l(printfa.o)
    0x08002944   0x08002944   0x000006dc   Code   RO         5200    i._printf_core      mc_w.l(printfa.o)
    0x08003020   0x08003020   0x00000024   Code   RO         5201    i._printf_post_padding  mc_w.l(printfa.o)
    0x08003044   0x08003044   0x0000002e   Code   RO         5202    i._printf_pre_padding  mc_w.l(printfa.o)
    0x08003072   0x08003072   0x0000000a   Code   RO         5204    i._sputc            mc_w.l(printfa.o)
    0x0800307c   0x0800307c   0x000000c8   Code   RO         4517    i.check_result      arm_fft_test.o
    0x08003144   0x08003144   0x00000074   Code   RO         4335    i.enableSysTickInt  at32_board.o
    0x080031b8   0x080031b8   0x0000001c   Code   RO         4518    i.fft_arm_dsp       arm_fft_test.o
    0x080031d4   0x080031d4   0x00000002   Code   RO         4613    i.fft_radix2_dispose  fft_radix2.o
    0x080031d6   0x080031d6   0x00000002   PAD
    0x080031d8   0x080031d8   0x00000100   Code   RO         4614    i.fft_radix2_init   fft_radix2.o
    0x080032d8   0x080032d8   0x00000040   Code   RO         4616    i.fft_radix2_permute  fft_radix2.o
    0x08003318   0x08003318   0x0000008c   Code   RO         4519    i.fft_test          arm_fft_test.o
    0x080033a4   0x080033a4   0x00000024   Code   RO         4336    i.fputc             at32_board.o
    0x080033c8   0x080033c8   0x000000bc   Code   RO         4585    i.genTestData       arm_fft_data.o
    0x08003484   0x08003484   0x00000074   Code   RO         4466    i.main              main.o
    0x080034f8   0x080034f8   0x00000050   Code   RO         4520    i.printData         arm_fft_test.o
    0x08003548   0x08003548   0x00000038   Code   RO         4338    i.stopSysTick       at32_board.o
    0x08003580   0x08003580   0x00000010   Data   RO         4775    .constdata          arm_cortexM4lf_math.lib(arm_const_structs.o)
    0x08003590   0x08003590   0x00002000   Data   RO         4854    .constdata          arm_cortexM4lf_math.lib(arm_common_tables.o)
    0x08005590   0x08005590   0x00000e10   Data   RO         4883    .constdata          arm_cortexM4lf_math.lib(arm_common_tables.o)
    0x080063a0   0x080063a0   0x00000020   Data   RO         5247    .constdata          m_wm.l(rredf.o)
    0x080063c0   0x080063c0   0x00000020   Data   RO         5294    Region$$Table       anon$$obj.o


    Execution Region RW_IRAM1 (Exec base: 0x20000000, Load base: 0x080063e0, Size: 0x0000a498, Max: 0x00038000, ABSOLUTE)

    Exec Addr    Load Addr    Size         Type   Attr      Idx    E Section Name        Object

    0x20000000   0x080063e0   0x00000014   Data   RW            8    .data               system_at32f4xx.o
    0x20000014   0x080063f4   0x00000010   Data   RW         2558    .data               at32f4xx_rcc.o
    0x20000024   0x08006404   0x0000000c   Data   RW         4252    .data               at32f4xx_it.o
    0x20000030   0x08006410   0x00000045   Data   RW         4339    .data               at32_board.o
    0x20000075   0x08006455   0x00000001   PAD
    0x20000076   0x08006456   0x0000000e   Data   RW         4467    .data               main.o
    0x20000084   0x08006464   0x00000004   Data   RW         4522    .data               arm_fft_test.o
    0x20000088   0x08006468   0x00000004   Data   RW         5263    .data               mc_w.l(stdout.o)
    0x2000008c   0x0800646c   0x00000004   Data   RW         5275    .data               mc_w.l(errno.o)
    0x20000090        -       0x00003000   Zero   RW         4521    .bss                arm_fft_test.o
    0x20003090        -       0x00002000   Zero   RW         4586    .bss                arm_fft_data.o
    0x20005090        -       0x00005008   Zero   RW         4617    .bss                fft_radix2.o
    0x2000a098        -       0x00000400   Zero   RW          150    STACK               startup_at32f407vgt7.o


==============================================================================

Image component sizes


      Code (inc. data)   RO Data    RW Data    ZI Data      Debug   Object Name

       188         28          0          0       8192       1304   arm_fft_data.o
       448        118          0          4      12288      17172   arm_fft_test.o
       872        122          0         69          0      35930   at32_board.o
       176         12          0          0          0       2300   at32f4xx_exti.o
       366          4          0          0          0       4057   at32f4xx_gpio.o
        88         12          0         12          0       4430   at32f4xx_it.o
       504         42          0         16          0       4962   at32f4xx_rcc.o
       372          6          0          0          0       5993   at32f4xx_usart.o
       322         18          0          0      20488       3340   fft_radix2.o
       492        106          0         14          0       3745   main.o
       152         12          0          0          0       1750   misc.o
        36          8        388          0       1024        908   startup_at32f407vgt7.o
       376         40          0         20          0     277319   system_at32f4xx.o

    ----------------------------------------------------------------------
      4404        528        420        136      41992     363210   Object Totals
         0          0         32          0          0          0   (incl. Generated)
        12          0          0          1          0          0   (incl. Padding)

    ----------------------------------------------------------------------

      Code (inc. data)   RO Data    RW Data    ZI Data      Debug   Library Member Name

       192          0          0          0          0        528   arm_bitreversal2.o
      1826          0          0          0          0      17225   arm_cfft_f32.o
      1244          4          0          0          0       3087   arm_cfft_radix8_f32.o
       252          6          0          0          0      17504   arm_cmplx_mag_f32.o
         0          0      11792          0          0       4636   arm_common_tables.o
         0          0         16          0          0       2191   arm_const_structs.o
       216          0          0          0          0       1654   arm_max_f32.o
       336         56          0          0          0        136   cosf.o
        38          0          0          0          0        116   fpclassifyf.o
        38         12          0          0          0        348   funder.o
       340         24         32          0          0        160   rredf.o
       400         56          0          0          0        212   sinf.o
         0          0          0          0          0          0   entry.o
         0          0          0          0          0          0   entry10a.o
         0          0          0          0          0          0   entry11a.o
         8          4          0          0          0          0   entry2.o
         4          0          0          0          0          0   entry5.o
         0          0          0          0          0          0   entry7b.o
         0          0          0          0          0          0   entry8b.o
         8          4          0          0          0          0   entry9a.o
        12          6          0          4          0         68   errno.o
        30          0          0          0          0          0   handlers.o
        36          8          0          0          0         68   init.o
         0          0          0          0          0          0   iusefp.o
        30          0          0          0          0         68   llshl.o
        36          0          0          0          0         68   llsshr.o
        32          0          0          0          0         68   llushr.o
        36          0          0          0          0         68   memcpya.o
        36          0          0          0          0        108   memseta.o
      2308         96          0          0          0        604   printfa.o
         0          0          0          4          0          0   stdout.o
        44          0          0          0          0         80   uidiv.o
        98          0          0          0          0         92   uldiv.o
        48          0          0          0          0         68   cdrcmple.o
        56          0          0          0          0         88   d2f.o
       334          0          0          0          0        148   dadd.o
       222          0          0          0          0        100   ddiv.o
       186          0          0          0          0        176   depilogue.o
        48          0          0          0          0         68   dfixul.o
        26          0          0          0          0         76   dfltui.o
       228          0          0          0          0         96   dmul.o
        38          0          0          0          0         68   f2d.o
       110          0          0          0          0        168   fepilogue.o

    ----------------------------------------------------------------------
      8904        276      11840          8          0      50145   Library Totals
         8          0          0          0          0          0   (incl. Padding)

    ----------------------------------------------------------------------

      Code (inc. data)   RO Data    RW Data    ZI Data      Debug   Library Name

      3730         10      11808          0          0      46825   arm_cortexM4lf_math.lib
      1152        148         32          0          0        972   m_wm.l
      2718        118          0          8          0       1292   mc_w.l
      1296          0          0          0          0       1056   mf_w.l

    ----------------------------------------------------------------------
      8904        276      11840          8          0      50145   Library Totals

    ----------------------------------------------------------------------

==============================================================================


      Code (inc. data)   RO Data    RW Data    ZI Data      Debug   

     13308        804      12260        144      41992     406363   Grand Totals
     13308        804      12260        144      41992     406363   ELF Image Totals
     13308        804      12260        144          0          0   ROM Totals

==============================================================================

    Total RO  Size (Code + RO Data)                25568 (  24.97kB)
    Total RW  Size (RW Data + ZI Data)             42136 (  41.15kB)
    Total ROM Size (Code + RO Data + RW Data)      25712 (  25.11kB)

==============================================================================

