Component: ARM Compiler 5.06 update 5 (build 528) Tool: armlink [4d35e2]

==============================================================================

Section Cross References

    main.o(.text) refers to at32_board.o(.text) for Delay_init
    main.o(.text) refers to flash.o(.text) for FLASH_Write
    main.o(.text) refers to main.o(.data) for Index
    main.o(.text) refers to main.o(.bss) for BufferWrite
    at32_board.o(.text) refers to at32f4xx_usart.o(.text) for USART_SendData
    at32_board.o(.text) refers to at32f4xx_rcc.o(.text) for RCC_APB2PeriphClockCmd
    at32_board.o(.text) refers to at32f4xx_gpio.o(.text) for GPIO_StructInit
    at32_board.o(.text) refers to misc.o(.text) for SysTick_CLKSourceConfig
    at32_board.o(.text) refers to at32_board.o(.data) for BUTTON_GPIO_RCC_CLK
    at32_board.o(.text) refers to system_at32f4xx.o(.data) for SystemCoreClock
    startup_at32f407vgt7.o(RESET) refers to startup_at32f407vgt7.o(STACK) for __initial_sp
    startup_at32f407vgt7.o(RESET) refers to startup_at32f407vgt7.o(.text) for Reset_Handler
    startup_at32f407vgt7.o(RESET) refers to at32f4xx_it.o(.text) for NMI_Handler
    startup_at32f407vgt7.o(.text) refers to system_at32f4xx.o(.text) for SystemInit
    startup_at32f407vgt7.o(.text) refers to entry.o(.ARM.Collect$$$$00000000) for __main
    system_at32f4xx.o(.text) refers to at32f4xx_rcc.o(.text) for RCC_StepModeCmd
    system_at32f4xx.o(.text) refers to system_at32f4xx.o(.data) for SystemCoreClock
    at32f4xx_gpio.o(.text) refers to at32f4xx_rcc.o(.text) for RCC_APB2PeriphResetCmd
    at32f4xx_rcc.o(.text) refers to at32f4xx_rcc.o(.data) for APBAHBPscTable
    at32f4xx_usart.o(.text) refers to at32f4xx_rcc.o(.text) for RCC_APB2PeriphResetCmd
    flash.o(.text) refers to at32f4xx_flash.o(.text) for FLASH_ProgramHalfWord
    flash.o(.text) refers to flash.o(.bss) for FLASH_BUF
    entry.o(.ARM.Collect$$$$00000000) refers (Special) to entry10a.o(.ARM.Collect$$$$0000000D) for __rt_final_cpp
    entry.o(.ARM.Collect$$$$00000000) refers (Special) to entry11a.o(.ARM.Collect$$$$0000000F) for __rt_final_exit
    entry.o(.ARM.Collect$$$$00000000) refers (Special) to entry7b.o(.ARM.Collect$$$$00000008) for _main_clock
    entry.o(.ARM.Collect$$$$00000000) refers (Special) to entry8b.o(.ARM.Collect$$$$0000000A) for _main_cpp_init
    entry.o(.ARM.Collect$$$$00000000) refers (Special) to entry9a.o(.ARM.Collect$$$$0000000B) for _main_init
    entry.o(.ARM.Collect$$$$00000000) refers (Special) to entry5.o(.ARM.Collect$$$$00000004) for _main_scatterload
    entry.o(.ARM.Collect$$$$00000000) refers (Special) to entry2.o(.ARM.Collect$$$$00000001) for _main_stk
    entry2.o(.ARM.Collect$$$$00000001) refers to entry2.o(.ARM.Collect$$$$00002712) for __lit__00000000
    entry2.o(.ARM.Collect$$$$00002712) refers to startup_at32f407vgt7.o(STACK) for __initial_sp
    entry2.o(__vectab_stack_and_reset_area) refers to startup_at32f407vgt7.o(STACK) for __initial_sp
    entry2.o(__vectab_stack_and_reset_area) refers to entry.o(.ARM.Collect$$$$00000000) for __main
    entry5.o(.ARM.Collect$$$$00000004) refers to init.o(.text) for __scatterload
    entry9a.o(.ARM.Collect$$$$0000000B) refers to main.o(.text) for main
    entry9b.o(.ARM.Collect$$$$0000000C) refers to main.o(.text) for main
    init.o(.text) refers to entry5.o(.ARM.Collect$$$$00000004) for __main_after_scatterload


==============================================================================

Removing Unused input sections from the image.

    Removing main.o(.rev16_text), (4 bytes).
    Removing main.o(.revsh_text), (4 bytes).
    Removing main.o(.rrx_text), (6 bytes).
    Removing at32f4xx_it.o(.rev16_text), (4 bytes).
    Removing at32f4xx_it.o(.revsh_text), (4 bytes).
    Removing at32f4xx_it.o(.rrx_text), (6 bytes).
    Removing at32_board.o(.rev16_text), (4 bytes).
    Removing at32_board.o(.revsh_text), (4 bytes).
    Removing at32_board.o(.rrx_text), (6 bytes).
    Removing startup_at32f407vgt7.o(HEAP), (512 bytes).
    Removing system_at32f4xx.o(.rev16_text), (4 bytes).
    Removing system_at32f4xx.o(.revsh_text), (4 bytes).
    Removing system_at32f4xx.o(.rrx_text), (6 bytes).
    Removing at32f4xx_flash.o(.rev16_text), (4 bytes).
    Removing at32f4xx_flash.o(.revsh_text), (4 bytes).
    Removing at32f4xx_flash.o(.rrx_text), (6 bytes).
    Removing at32f4xx_gpio.o(.rev16_text), (4 bytes).
    Removing at32f4xx_gpio.o(.revsh_text), (4 bytes).
    Removing at32f4xx_gpio.o(.rrx_text), (6 bytes).
    Removing at32f4xx_rcc.o(.rev16_text), (4 bytes).
    Removing at32f4xx_rcc.o(.revsh_text), (4 bytes).
    Removing at32f4xx_rcc.o(.rrx_text), (6 bytes).
    Removing at32f4xx_usart.o(.rev16_text), (4 bytes).
    Removing at32f4xx_usart.o(.revsh_text), (4 bytes).
    Removing at32f4xx_usart.o(.rrx_text), (6 bytes).
    Removing misc.o(.rev16_text), (4 bytes).
    Removing misc.o(.revsh_text), (4 bytes).
    Removing misc.o(.rrx_text), (6 bytes).
    Removing flash.o(.rev16_text), (4 bytes).
    Removing flash.o(.revsh_text), (4 bytes).
    Removing flash.o(.rrx_text), (6 bytes).

31 unused section(s) (total 652 bytes) removed from the image.

==============================================================================

Image Symbol Table

    Local Symbols

    Symbol Name                              Value     Ov Type        Size  Object(Section)

    ../clib/microlib/init/entry.s            0x00000000   Number         0  entry.o ABSOLUTE
    ../clib/microlib/init/entry.s            0x00000000   Number         0  entry11b.o ABSOLUTE
    ../clib/microlib/init/entry.s            0x00000000   Number         0  entry11a.o ABSOLUTE
    ../clib/microlib/init/entry.s            0x00000000   Number         0  entry10a.o ABSOLUTE
    ../clib/microlib/init/entry.s            0x00000000   Number         0  entry9b.o ABSOLUTE
    ../clib/microlib/init/entry.s            0x00000000   Number         0  entry9a.o ABSOLUTE
    ../clib/microlib/init/entry.s            0x00000000   Number         0  entry8b.o ABSOLUTE
    ../clib/microlib/init/entry.s            0x00000000   Number         0  entry8a.o ABSOLUTE
    ../clib/microlib/init/entry.s            0x00000000   Number         0  entry10b.o ABSOLUTE
    ../clib/microlib/init/entry.s            0x00000000   Number         0  entry7b.o ABSOLUTE
    ../clib/microlib/init/entry.s            0x00000000   Number         0  entry7a.o ABSOLUTE
    ../clib/microlib/init/entry.s            0x00000000   Number         0  entry5.o ABSOLUTE
    ../clib/microlib/init/entry.s            0x00000000   Number         0  entry2.o ABSOLUTE
    ..\..\..\..\..\..\Libraries\AT32F4xx_StdPeriph_Driver\src\at32f4xx_flash.c 0x00000000   Number         0  at32f4xx_flash.o ABSOLUTE
    ..\..\..\..\..\..\Libraries\AT32F4xx_StdPeriph_Driver\src\at32f4xx_gpio.c 0x00000000   Number         0  at32f4xx_gpio.o ABSOLUTE
    ..\..\..\..\..\..\Libraries\AT32F4xx_StdPeriph_Driver\src\at32f4xx_rcc.c 0x00000000   Number         0  at32f4xx_rcc.o ABSOLUTE
    ..\..\..\..\..\..\Libraries\AT32F4xx_StdPeriph_Driver\src\at32f4xx_usart.c 0x00000000   Number         0  at32f4xx_usart.o ABSOLUTE
    ..\..\..\..\..\..\Libraries\AT32F4xx_StdPeriph_Driver\src\misc.c 0x00000000   Number         0  misc.o ABSOLUTE
    ..\..\..\..\..\..\Libraries\CMSIS\CM4\DeviceSupport\startup\mdk\startup_at32f407vgt7.s 0x00000000   Number         0  startup_at32f407vgt7.o ABSOLUTE
    ..\..\..\..\..\AT32_Board\at32_board.c   0x00000000   Number         0  at32_board.o ABSOLUTE
    ..\FLASH\flash.c                         0x00000000   Number         0  flash.o ABSOLUTE
    ..\\..\\..\\..\\..\\..\\Libraries\\AT32F4xx_StdPeriph_Driver\\src\\at32f4xx_flash.c 0x00000000   Number         0  at32f4xx_flash.o ABSOLUTE
    ..\\..\\..\\..\\..\\..\\Libraries\\AT32F4xx_StdPeriph_Driver\\src\\at32f4xx_gpio.c 0x00000000   Number         0  at32f4xx_gpio.o ABSOLUTE
    ..\\..\\..\\..\\..\\..\\Libraries\\AT32F4xx_StdPeriph_Driver\\src\\at32f4xx_rcc.c 0x00000000   Number         0  at32f4xx_rcc.o ABSOLUTE
    ..\\..\\..\\..\\..\\..\\Libraries\\AT32F4xx_StdPeriph_Driver\\src\\at32f4xx_usart.c 0x00000000   Number         0  at32f4xx_usart.o ABSOLUTE
    ..\\..\\..\\..\\..\\..\\Libraries\\AT32F4xx_StdPeriph_Driver\\src\\misc.c 0x00000000   Number         0  misc.o ABSOLUTE
    ..\\..\\..\\..\\..\\AT32_Board\\at32_board.c 0x00000000   Number         0  at32_board.o ABSOLUTE
    ..\\FLASH\\flash.c                       0x00000000   Number         0  flash.o ABSOLUTE
    ..\\at32f4xx_it.c                        0x00000000   Number         0  at32f4xx_it.o ABSOLUTE
    ..\\main.c                               0x00000000   Number         0  main.o ABSOLUTE
    ..\\system_at32f4xx.c                    0x00000000   Number         0  system_at32f4xx.o ABSOLUTE
    ..\at32f4xx_it.c                         0x00000000   Number         0  at32f4xx_it.o ABSOLUTE
    ..\main.c                                0x00000000   Number         0  main.o ABSOLUTE
    ..\system_at32f4xx.c                     0x00000000   Number         0  system_at32f4xx.o ABSOLUTE
    dc.s                                     0x00000000   Number         0  dc.o ABSOLUTE
    handlers.s                               0x00000000   Number         0  handlers.o ABSOLUTE
    init.s                                   0x00000000   Number         0  init.o ABSOLUTE
    RESET                                    0x08000000   Section      388  startup_at32f407vgt7.o(RESET)
    .ARM.Collect$$$$00000000                 0x08000184   Section        0  entry.o(.ARM.Collect$$$$00000000)
    .ARM.Collect$$$$00000001                 0x08000184   Section        4  entry2.o(.ARM.Collect$$$$00000001)
    .ARM.Collect$$$$00000004                 0x08000188   Section        4  entry5.o(.ARM.Collect$$$$00000004)
    .ARM.Collect$$$$00000008                 0x0800018c   Section        0  entry7b.o(.ARM.Collect$$$$00000008)
    .ARM.Collect$$$$0000000A                 0x0800018c   Section        0  entry8b.o(.ARM.Collect$$$$0000000A)
    .ARM.Collect$$$$0000000B                 0x0800018c   Section        8  entry9a.o(.ARM.Collect$$$$0000000B)
    .ARM.Collect$$$$0000000D                 0x08000194   Section        0  entry10a.o(.ARM.Collect$$$$0000000D)
    .ARM.Collect$$$$0000000F                 0x08000194   Section        0  entry11a.o(.ARM.Collect$$$$0000000F)
    .ARM.Collect$$$$00002712                 0x08000194   Section        4  entry2.o(.ARM.Collect$$$$00002712)
    __lit__00000000                          0x08000194   Data           4  entry2.o(.ARM.Collect$$$$00002712)
    .text                                    0x08000198   Section        0  main.o(.text)
    .text                                    0x08000254   Section        0  at32f4xx_it.o(.text)
    .text                                    0x08000270   Section        0  at32_board.o(.text)
    .text                                    0x08000658   Section       36  startup_at32f407vgt7.o(.text)
    $v0                                      0x08000658   Number         0  startup_at32f407vgt7.o(.text)
    .text                                    0x0800067c   Section        0  system_at32f4xx.o(.text)
    SetSysClockTo240M                        0x0800067d   Thumb Code   222  system_at32f4xx.o(.text)
    SetSysClock                              0x0800075b   Thumb Code     8  system_at32f4xx.o(.text)
    .text                                    0x080008a8   Section        0  at32f4xx_flash.o(.text)
    .text                                    0x08001484   Section        0  at32f4xx_gpio.o(.text)
    .text                                    0x08001c58   Section        0  at32f4xx_rcc.o(.text)
    RCC_HSEENDelay                           0x08001d27   Thumb Code    12  at32f4xx_rcc.o(.text)
    .text                                    0x08002208   Section        0  at32f4xx_usart.o(.text)
    .text                                    0x08002610   Section        0  misc.o(.text)
    .text                                    0x080026ec   Section        0  flash.o(.text)
    .text                                    0x08002820   Section       36  init.o(.text)
    i.__scatterload_copy                     0x08002844   Section       14  handlers.o(i.__scatterload_copy)
    i.__scatterload_null                     0x08002852   Section        2  handlers.o(i.__scatterload_null)
    i.__scatterload_zeroinit                 0x08002854   Section       14  handlers.o(i.__scatterload_zeroinit)
    .data                                    0x20000000   Section        4  main.o(.data)
    .data                                    0x20000004   Section       69  at32_board.o(.data)
    fac_us                                   0x20000040   Data           4  at32_board.o(.data)
    fac_ms                                   0x20000044   Data           4  at32_board.o(.data)
    Pressed                                  0x20000048   Data           1  at32_board.o(.data)
    .data                                    0x2000004c   Section       20  system_at32f4xx.o(.data)
    .data                                    0x20000060   Section       16  at32f4xx_rcc.o(.data)
    APBAHBPscTable                           0x20000060   Data           8  at32f4xx_rcc.o(.data)
    ADCPscTable                              0x20000068   Data           8  at32f4xx_rcc.o(.data)
    .bss                                     0x20000070   Section     8200  main.o(.bss)
    .bss                                     0x20002078   Section     2048  flash.o(.bss)
    STACK                                    0x20002878   Section     1024  startup_at32f407vgt7.o(STACK)

    Global Symbols

    Symbol Name                              Value     Ov Type        Size  Object(Section)

    BuildAttributes$$THM_ISAv4$E$P$D$K$B$S$7EM$VFPi3$EXTD16$VFPS$VFMA$PE$A:L22UL41UL21$X:L11$S22US41US21$IEEE1$IW$USESV6$~STKCKD$USESV7$~SHL$OSPACE$EBA8$MICROLIB$REQ8$PRES8$EABIv2 0x00000000   Number         0  anon$$obj.o ABSOLUTE
    __ARM_use_no_argv                        0x00000000   Number         0  main.o ABSOLUTE
    __cpp_initialize__aeabi_                  - Undefined Weak Reference
    __cxa_finalize                            - Undefined Weak Reference
    __decompress                              - Undefined Weak Reference
    _clock_init                               - Undefined Weak Reference
    _microlib_exit                            - Undefined Weak Reference
    __Vectors_Size                           0x00000184   Number         0  startup_at32f407vgt7.o ABSOLUTE
    __Vectors                                0x08000000   Data           4  startup_at32f407vgt7.o(RESET)
    __Vectors_End                            0x08000184   Data           0  startup_at32f407vgt7.o(RESET)
    __main                                   0x08000185   Thumb Code     0  entry.o(.ARM.Collect$$$$00000000)
    _main_stk                                0x08000185   Thumb Code     0  entry2.o(.ARM.Collect$$$$00000001)
    _main_scatterload                        0x08000189   Thumb Code     0  entry5.o(.ARM.Collect$$$$00000004)
    __main_after_scatterload                 0x0800018d   Thumb Code     0  entry5.o(.ARM.Collect$$$$00000004)
    _main_clock                              0x0800018d   Thumb Code     0  entry7b.o(.ARM.Collect$$$$00000008)
    _main_cpp_init                           0x0800018d   Thumb Code     0  entry8b.o(.ARM.Collect$$$$0000000A)
    _main_init                               0x0800018d   Thumb Code     0  entry9a.o(.ARM.Collect$$$$0000000B)
    __rt_final_cpp                           0x08000195   Thumb Code     0  entry10a.o(.ARM.Collect$$$$0000000D)
    __rt_final_exit                          0x08000195   Thumb Code     0  entry11a.o(.ARM.Collect$$$$0000000F)
    Buffercmp                                0x08000199   Thumb Code    36  main.o(.text)
    main                                     0x080001bd   Thumb Code   134  main.o(.text)
    NMI_Handler                              0x08000255   Thumb Code     2  at32f4xx_it.o(.text)
    HardFault_Handler                        0x08000257   Thumb Code     4  at32f4xx_it.o(.text)
    MemManage_Handler                        0x0800025b   Thumb Code     4  at32f4xx_it.o(.text)
    BusFault_Handler                         0x0800025f   Thumb Code     4  at32f4xx_it.o(.text)
    UsageFault_Handler                       0x08000263   Thumb Code     4  at32f4xx_it.o(.text)
    SVC_Handler                              0x08000267   Thumb Code     2  at32f4xx_it.o(.text)
    DebugMon_Handler                         0x08000269   Thumb Code     2  at32f4xx_it.o(.text)
    PendSV_Handler                           0x0800026b   Thumb Code     2  at32f4xx_it.o(.text)
    SysTick_Handler                          0x0800026d   Thumb Code     2  at32f4xx_it.o(.text)
    fputc                                    0x08000271   Thumb Code    32  at32_board.o(.text)
    AT32_BUTTON_Init                         0x08000291   Thumb Code    52  at32_board.o(.text)
    AT32_LEDn_OFF                            0x080002c5   Thumb Code    32  at32_board.o(.text)
    AT32_LEDn_Init                           0x080002e5   Thumb Code    58  at32_board.o(.text)
    Delay_init                               0x0800031f   Thumb Code    54  at32_board.o(.text)
    AT32_Board_Init                          0x08000355   Thumb Code    56  at32_board.o(.text)
    AT32_USB_GPIO_init                       0x0800038d   Thumb Code    56  at32_board.o(.text)
    AT32_BUTTON_State                        0x080003c5   Thumb Code    22  at32_board.o(.text)
    Delay_ms                                 0x080003db   Thumb Code   144  at32_board.o(.text)
    AT32_BUTTON_Press                        0x0800046b   Thumb Code    94  at32_board.o(.text)
    AT32_LEDn_ON                             0x080004c9   Thumb Code    32  at32_board.o(.text)
    AT32_LEDn_Toggle                         0x080004e9   Thumb Code    42  at32_board.o(.text)
    UART_Print_Init                          0x08000513   Thumb Code   142  at32_board.o(.text)
    Delay_us                                 0x080005a1   Thumb Code    90  at32_board.o(.text)
    Delay_sec                                0x080005fb   Thumb Code    34  at32_board.o(.text)
    Reset_Handler                            0x08000659   Thumb Code     8  startup_at32f407vgt7.o(.text)
    ACC_IRQHandler                           0x08000673   Thumb Code     0  startup_at32f407vgt7.o(.text)
    ADC1_2_IRQHandler                        0x08000673   Thumb Code     0  startup_at32f407vgt7.o(.text)
    ADC3_IRQHandler                          0x08000673   Thumb Code     0  startup_at32f407vgt7.o(.text)
    CAN1_RX1_IRQHandler                      0x08000673   Thumb Code     0  startup_at32f407vgt7.o(.text)
    CAN1_SCE_IRQHandler                      0x08000673   Thumb Code     0  startup_at32f407vgt7.o(.text)
    CAN2_RX0_IRQHandler                      0x08000673   Thumb Code     0  startup_at32f407vgt7.o(.text)
    CAN2_RX1_IRQHandler                      0x08000673   Thumb Code     0  startup_at32f407vgt7.o(.text)
    CAN2_SCE_IRQHandler                      0x08000673   Thumb Code     0  startup_at32f407vgt7.o(.text)
    CAN2_TX_IRQHandler                       0x08000673   Thumb Code     0  startup_at32f407vgt7.o(.text)
    DMA1_Channel1_IRQHandler                 0x08000673   Thumb Code     0  startup_at32f407vgt7.o(.text)
    DMA1_Channel2_IRQHandler                 0x08000673   Thumb Code     0  startup_at32f407vgt7.o(.text)
    DMA1_Channel3_IRQHandler                 0x08000673   Thumb Code     0  startup_at32f407vgt7.o(.text)
    DMA1_Channel4_IRQHandler                 0x08000673   Thumb Code     0  startup_at32f407vgt7.o(.text)
    DMA1_Channel5_IRQHandler                 0x08000673   Thumb Code     0  startup_at32f407vgt7.o(.text)
    DMA1_Channel6_IRQHandler                 0x08000673   Thumb Code     0  startup_at32f407vgt7.o(.text)
    DMA1_Channel7_IRQHandler                 0x08000673   Thumb Code     0  startup_at32f407vgt7.o(.text)
    DMA2_Channel1_IRQHandler                 0x08000673   Thumb Code     0  startup_at32f407vgt7.o(.text)
    DMA2_Channel2_IRQHandler                 0x08000673   Thumb Code     0  startup_at32f407vgt7.o(.text)
    DMA2_Channel3_IRQHandler                 0x08000673   Thumb Code     0  startup_at32f407vgt7.o(.text)
    DMA2_Channel4_5_IRQHandler               0x08000673   Thumb Code     0  startup_at32f407vgt7.o(.text)
    DMA2_Channel6_7_IRQHandler               0x08000673   Thumb Code     0  startup_at32f407vgt7.o(.text)
    ETH_IRQHandler                           0x08000673   Thumb Code     0  startup_at32f407vgt7.o(.text)
    ETH_WKUP_IRQHandler                      0x08000673   Thumb Code     0  startup_at32f407vgt7.o(.text)
    EXTI0_IRQHandler                         0x08000673   Thumb Code     0  startup_at32f407vgt7.o(.text)
    EXTI15_10_IRQHandler                     0x08000673   Thumb Code     0  startup_at32f407vgt7.o(.text)
    EXTI1_IRQHandler                         0x08000673   Thumb Code     0  startup_at32f407vgt7.o(.text)
    EXTI2_IRQHandler                         0x08000673   Thumb Code     0  startup_at32f407vgt7.o(.text)
    EXTI3_IRQHandler                         0x08000673   Thumb Code     0  startup_at32f407vgt7.o(.text)
    EXTI4_IRQHandler                         0x08000673   Thumb Code     0  startup_at32f407vgt7.o(.text)
    EXTI9_5_IRQHandler                       0x08000673   Thumb Code     0  startup_at32f407vgt7.o(.text)
    FLASH_IRQHandler                         0x08000673   Thumb Code     0  startup_at32f407vgt7.o(.text)
    I2C1_ER_IRQHandler                       0x08000673   Thumb Code     0  startup_at32f407vgt7.o(.text)
    I2C1_EV_IRQHandler                       0x08000673   Thumb Code     0  startup_at32f407vgt7.o(.text)
    I2C2_ER_IRQHandler                       0x08000673   Thumb Code     0  startup_at32f407vgt7.o(.text)
    I2C2_EV_IRQHandler                       0x08000673   Thumb Code     0  startup_at32f407vgt7.o(.text)
    I2C3_ER_IRQHandler                       0x08000673   Thumb Code     0  startup_at32f407vgt7.o(.text)
    I2C3_EV_IRQHandler                       0x08000673   Thumb Code     0  startup_at32f407vgt7.o(.text)
    PVD_IRQHandler                           0x08000673   Thumb Code     0  startup_at32f407vgt7.o(.text)
    RCC_IRQHandler                           0x08000673   Thumb Code     0  startup_at32f407vgt7.o(.text)
    RTCAlarm_IRQHandler                      0x08000673   Thumb Code     0  startup_at32f407vgt7.o(.text)
    RTC_IRQHandler                           0x08000673   Thumb Code     0  startup_at32f407vgt7.o(.text)
    SDIO1_IRQHandler                         0x08000673   Thumb Code     0  startup_at32f407vgt7.o(.text)
    SDIO2_IRQHandler                         0x08000673   Thumb Code     0  startup_at32f407vgt7.o(.text)
    SPI1_IRQHandler                          0x08000673   Thumb Code     0  startup_at32f407vgt7.o(.text)
    SPI2_I2S2EXT_IRQHandler                  0x08000673   Thumb Code     0  startup_at32f407vgt7.o(.text)
    SPI3_I2S3EXT_IRQHandler                  0x08000673   Thumb Code     0  startup_at32f407vgt7.o(.text)
    SPI4_IRQHandler                          0x08000673   Thumb Code     0  startup_at32f407vgt7.o(.text)
    TAMPER_IRQHandler                        0x08000673   Thumb Code     0  startup_at32f407vgt7.o(.text)
    TMR1_BRK_TMR9_IRQHandler                 0x08000673   Thumb Code     0  startup_at32f407vgt7.o(.text)
    TMR1_CC_IRQHandler                       0x08000673   Thumb Code     0  startup_at32f407vgt7.o(.text)
    TMR1_OV_TMR10_IRQHandler                 0x08000673   Thumb Code     0  startup_at32f407vgt7.o(.text)
    TMR1_TRG_COM_TMR11_IRQHandler            0x08000673   Thumb Code     0  startup_at32f407vgt7.o(.text)
    TMR2_GLOBAL_IRQHandler                   0x08000673   Thumb Code     0  startup_at32f407vgt7.o(.text)
    TMR3_GLOBAL_IRQHandler                   0x08000673   Thumb Code     0  startup_at32f407vgt7.o(.text)
    TMR4_GLOBAL_IRQHandler                   0x08000673   Thumb Code     0  startup_at32f407vgt7.o(.text)
    TMR5_GLOBAL_IRQHandler                   0x08000673   Thumb Code     0  startup_at32f407vgt7.o(.text)
    TMR6_GLOBAL_IRQHandler                   0x08000673   Thumb Code     0  startup_at32f407vgt7.o(.text)
    TMR7_GLOBAL_IRQHandler                   0x08000673   Thumb Code     0  startup_at32f407vgt7.o(.text)
    TMR8_BRK_TMR12_IRQHandler                0x08000673   Thumb Code     0  startup_at32f407vgt7.o(.text)
    TMR8_CC_IRQHandler                       0x08000673   Thumb Code     0  startup_at32f407vgt7.o(.text)
    TMR8_OV_TMR13_IRQHandler                 0x08000673   Thumb Code     0  startup_at32f407vgt7.o(.text)
    TMR8_TRG_COM_TMR14_IRQHandler            0x08000673   Thumb Code     0  startup_at32f407vgt7.o(.text)
    UART4_IRQHandler                         0x08000673   Thumb Code     0  startup_at32f407vgt7.o(.text)
    UART5_IRQHandler                         0x08000673   Thumb Code     0  startup_at32f407vgt7.o(.text)
    UART7_IRQHandler                         0x08000673   Thumb Code     0  startup_at32f407vgt7.o(.text)
    UART8_IRQHandler                         0x08000673   Thumb Code     0  startup_at32f407vgt7.o(.text)
    USART1_IRQHandler                        0x08000673   Thumb Code     0  startup_at32f407vgt7.o(.text)
    USART2_IRQHandler                        0x08000673   Thumb Code     0  startup_at32f407vgt7.o(.text)
    USART3_IRQHandler                        0x08000673   Thumb Code     0  startup_at32f407vgt7.o(.text)
    USART6_IRQHandler                        0x08000673   Thumb Code     0  startup_at32f407vgt7.o(.text)
    USBWakeUp_IRQHandler                     0x08000673   Thumb Code     0  startup_at32f407vgt7.o(.text)
    USB_HP_CAN1_TX_IRQHandler                0x08000673   Thumb Code     0  startup_at32f407vgt7.o(.text)
    USB_HP_IRQHandler                        0x08000673   Thumb Code     0  startup_at32f407vgt7.o(.text)
    USB_LP_CAN1_RX0_IRQHandler               0x08000673   Thumb Code     0  startup_at32f407vgt7.o(.text)
    USB_LP_IRQHandler                        0x08000673   Thumb Code     0  startup_at32f407vgt7.o(.text)
    WWDG_IRQHandler                          0x08000673   Thumb Code     0  startup_at32f407vgt7.o(.text)
    XMC_IRQHandler                           0x08000673   Thumb Code     0  startup_at32f407vgt7.o(.text)
    SystemInit                               0x08000763   Thumb Code   106  system_at32f4xx.o(.text)
    SystemCoreClockUpdate                    0x080007cd   Thumb Code   170  system_at32f4xx.o(.text)
    FLASH_Unlock                             0x080008a9   Thumb Code    20  at32f4xx_flash.o(.text)
    FLASH_UnlockBank1                        0x080008bd   Thumb Code    12  at32f4xx_flash.o(.text)
    FLASH_UnlockBank2                        0x080008c9   Thumb Code    12  at32f4xx_flash.o(.text)
    FLASH_UnlockBank3                        0x080008d5   Thumb Code    18  at32f4xx_flash.o(.text)
    FLASH_Lock                               0x080008e7   Thumb Code    24  at32f4xx_flash.o(.text)
    FLASH_LockBank1                          0x080008ff   Thumb Code    14  at32f4xx_flash.o(.text)
    FLASH_LockBank2                          0x0800090d   Thumb Code    14  at32f4xx_flash.o(.text)
    FLASH_LockBank3                          0x0800091b   Thumb Code    18  at32f4xx_flash.o(.text)
    FLASH_GetBank2Status                     0x0800092d   Thumb Code    48  at32f4xx_flash.o(.text)
    FLASH_WaitForBank2Process                0x0800095d   Thumb Code    38  at32f4xx_flash.o(.text)
    FLASH_GetBank1Status                     0x08000983   Thumb Code    48  at32f4xx_flash.o(.text)
    FLASH_WaitForBank1Process                0x080009b3   Thumb Code    38  at32f4xx_flash.o(.text)
    FLASH_GetBank3Status                     0x080009d9   Thumb Code    54  at32f4xx_flash.o(.text)
    FLASH_WaitForBank3Process                0x08000a0f   Thumb Code    38  at32f4xx_flash.o(.text)
    FLASH_ErasePage                          0x08000a35   Thumb Code   228  at32f4xx_flash.o(.text)
    FLASH_EraseAllPages                      0x08000b19   Thumb Code   108  at32f4xx_flash.o(.text)
    FLASH_EraseBank1AllPages                 0x08000b85   Thumb Code    62  at32f4xx_flash.o(.text)
    FLASH_EraseBank2AllPages                 0x08000bc3   Thumb Code    62  at32f4xx_flash.o(.text)
    FLASH_GetSlibState                       0x08000c01   Thumb Code    20  at32f4xx_flash.o(.text)
    FLASH_EraseBank3AllPages                 0x08000c15   Thumb Code    86  at32f4xx_flash.o(.text)
    FLASH_WaitForProcess                     0x08000c6b   Thumb Code    54  at32f4xx_flash.o(.text)
    FLASH_GetReadProtectStatus               0x08000ca1   Thumb Code    20  at32f4xx_flash.o(.text)
    FLASH_EraseUserOptionBytes               0x08000cb5   Thumb Code   144  at32f4xx_flash.o(.text)
    FLASH_ProgramWord                        0x08000d45   Thumb Code   204  at32f4xx_flash.o(.text)
    FLASH_ProgramHalfWord                    0x08000e11   Thumb Code   200  at32f4xx_flash.o(.text)
    FLASH_ProgramByte                        0x08000ed9   Thumb Code   142  at32f4xx_flash.o(.text)
    FLASH_ProgramUserOptionByteData          0x08000f67   Thumb Code    74  at32f4xx_flash.o(.text)
    FLASH_EnableWriteProtect                 0x08000fb1   Thumb Code   190  at32f4xx_flash.o(.text)
    FLASH_ReadProtectConfig                  0x0800106f   Thumb Code   170  at32f4xx_flash.o(.text)
    FLASH_UserOptionByteConfig               0x08001119   Thumb Code    90  at32f4xx_flash.o(.text)
    FLASH_BootOptConfig                      0x08001173   Thumb Code   110  at32f4xx_flash.o(.text)
    FLASH_GetUserOptionByte                  0x080011e1   Thumb Code     8  at32f4xx_flash.o(.text)
    FLASH_GetWriteProtectStatus              0x080011e9   Thumb Code     6  at32f4xx_flash.o(.text)
    FLASH_INTConfig                          0x080011ef   Thumb Code   114  at32f4xx_flash.o(.text)
    FLASH_GetFlagStatus                      0x08001261   Thumb Code    88  at32f4xx_flash.o(.text)
    FLASH_ClearFlag                          0x080012b9   Thumb Code    32  at32f4xx_flash.o(.text)
    FLASH_GetStatus                          0x080012d9   Thumb Code    48  at32f4xx_flash.o(.text)
    FLASH_Bank3EncEndAddrConfig              0x08001309   Thumb Code   134  at32f4xx_flash.o(.text)
    FLASH_SlibMainEnable                     0x0800138f   Thumb Code   124  at32f4xx_flash.o(.text)
    FLASH_SlibDisable                        0x0800140b   Thumb Code    48  at32f4xx_flash.o(.text)
    FLASH_GetSlibCurCnt                      0x0800143b   Thumb Code    12  at32f4xx_flash.o(.text)
    FLASH_GetSlibStartPage                   0x08001447   Thumb Code    12  at32f4xx_flash.o(.text)
    FLASH_GetSlibDataStartPage               0x08001453   Thumb Code    12  at32f4xx_flash.o(.text)
    FLASH_GetSlibEndPage                     0x0800145f   Thumb Code    10  at32f4xx_flash.o(.text)
    GPIO_Reset                               0x08001485   Thumb Code   124  at32f4xx_gpio.o(.text)
    GPIO_AFIOReset                           0x08001501   Thumb Code    20  at32f4xx_gpio.o(.text)
    GPIO_Init                                0x08001515   Thumb Code   278  at32f4xx_gpio.o(.text)
    GPIO_StructInit                          0x0800162b   Thumb Code    16  at32f4xx_gpio.o(.text)
    GPIO_ReadInputDataBit                    0x0800163b   Thumb Code    18  at32f4xx_gpio.o(.text)
    GPIO_ReadInputData                       0x0800164d   Thumb Code     8  at32f4xx_gpio.o(.text)
    GPIO_ReadOutputDataBit                   0x08001655   Thumb Code    18  at32f4xx_gpio.o(.text)
    GPIO_ReadOutputData                      0x08001667   Thumb Code     8  at32f4xx_gpio.o(.text)
    GPIO_SetBits                             0x0800166f   Thumb Code     4  at32f4xx_gpio.o(.text)
    GPIO_ResetBits                           0x08001673   Thumb Code     4  at32f4xx_gpio.o(.text)
    GPIO_WriteBit                            0x08001677   Thumb Code    10  at32f4xx_gpio.o(.text)
    GPIO_Write                               0x08001681   Thumb Code     4  at32f4xx_gpio.o(.text)
    GPIO_PinsLockConfig                      0x08001685   Thumb Code    18  at32f4xx_gpio.o(.text)
    GPIO_EventOutputConfig                   0x08001697   Thumb Code    26  at32f4xx_gpio.o(.text)
    GPIO_EventOutputCmd                      0x080016b1   Thumb Code     6  at32f4xx_gpio.o(.text)
    GPIO_PinsRemapConfig                     0x080016b7   Thumb Code  1352  at32f4xx_gpio.o(.text)
    GPIO_EXTILineConfig                      0x08001bff   Thumb Code    66  at32f4xx_gpio.o(.text)
    GPIO_ETH_MediaInterfaceConfig            0x08001c41   Thumb Code     6  at32f4xx_gpio.o(.text)
    RCC_Reset                                0x08001c59   Thumb Code    80  at32f4xx_rcc.o(.text)
    RCC_HSEConfig                            0x08001ca9   Thumb Code    70  at32f4xx_rcc.o(.text)
    RCC_GetFlagStatus                        0x08001cef   Thumb Code    56  at32f4xx_rcc.o(.text)
    RCC_WaitForHSEStable                     0x08001d33   Thumb Code    64  at32f4xx_rcc.o(.text)
    RCC_SetHSITweakValue                     0x08001d73   Thumb Code    20  at32f4xx_rcc.o(.text)
    RCC_SetHSICalibValue                     0x08001d87   Thumb Code    36  at32f4xx_rcc.o(.text)
    RCC_HSICmd                               0x08001dab   Thumb Code     6  at32f4xx_rcc.o(.text)
    RCC_PLLConfig                            0x08001db1   Thumb Code    28  at32f4xx_rcc.o(.text)
    RCC_PLLCmd                               0x08001dcd   Thumb Code     6  at32f4xx_rcc.o(.text)
    RCC_SYSCLKConfig                         0x08001dd3   Thumb Code    18  at32f4xx_rcc.o(.text)
    RCC_GetSYSCLKSelction                    0x08001de5   Thumb Code    10  at32f4xx_rcc.o(.text)
    RCC_AHBCLKConfig                         0x08001def   Thumb Code    18  at32f4xx_rcc.o(.text)
    RCC_APB1CLKConfig                        0x08001e01   Thumb Code    18  at32f4xx_rcc.o(.text)
    RCC_APB2CLKConfig                        0x08001e13   Thumb Code    20  at32f4xx_rcc.o(.text)
    RCC_INTConfig                            0x08001e27   Thumb Code    26  at32f4xx_rcc.o(.text)
    RCC_USBCLKConfig                         0x08001e41   Thumb Code    18  at32f4xx_rcc.o(.text)
    RCC_ADCCLKConfig                         0x08001e53   Thumb Code    20  at32f4xx_rcc.o(.text)
    RCC_LSEConfig                            0x08001e67   Thumb Code    50  at32f4xx_rcc.o(.text)
    RCC_LSICmd                               0x08001e99   Thumb Code     6  at32f4xx_rcc.o(.text)
    RCC_RTCCLKConfig                         0x08001e9f   Thumb Code    12  at32f4xx_rcc.o(.text)
    RCC_RTCCLKCmd                            0x08001eab   Thumb Code     8  at32f4xx_rcc.o(.text)
    RCC_GetClocksFreq                        0x08001eb3   Thumb Code   300  at32f4xx_rcc.o(.text)
    RCC_AHBPeriphClockCmd                    0x08001fdf   Thumb Code    26  at32f4xx_rcc.o(.text)
    RCC_APB2PeriphClockCmd                   0x08001ff9   Thumb Code    26  at32f4xx_rcc.o(.text)
    RCC_APB1PeriphClockCmd                   0x08002013   Thumb Code    26  at32f4xx_rcc.o(.text)
    RCC_AHBPeriphResetCmd                    0x0800202d   Thumb Code    84  at32f4xx_rcc.o(.text)
    RCC_APB2PeriphResetCmd                   0x08002081   Thumb Code    26  at32f4xx_rcc.o(.text)
    RCC_APB1PeriphResetCmd                   0x0800209b   Thumb Code    26  at32f4xx_rcc.o(.text)
    RCC_BackupResetCmd                       0x080020b5   Thumb Code     6  at32f4xx_rcc.o(.text)
    RCC_HSEClockFailureDetectorCmd           0x080020bb   Thumb Code     6  at32f4xx_rcc.o(.text)
    RCC_CLKOUTConfig                         0x080020c1   Thumb Code   104  at32f4xx_rcc.o(.text)
    RCC_ClearFlag                            0x08002129   Thumb Code    14  at32f4xx_rcc.o(.text)
    RCC_GetINTStatus                         0x08002137   Thumb Code    20  at32f4xx_rcc.o(.text)
    RCC_ClearINTPendingBit                   0x0800214b   Thumb Code     6  at32f4xx_rcc.o(.text)
    RCC_StepModeCmd                          0x08002151   Thumb Code    32  at32f4xx_rcc.o(.text)
    RCC_HSI2USB48M                           0x08002171   Thumb Code    52  at32f4xx_rcc.o(.text)
    RCC_HSEDivConfig                         0x080021a5   Thumb Code    22  at32f4xx_rcc.o(.text)
    RCC_USBINTRemap                          0x080021bb   Thumb Code    32  at32f4xx_rcc.o(.text)
    RCC_MCO2TMR10                            0x080021db   Thumb Code    32  at32f4xx_rcc.o(.text)
    USART_Reset                              0x08002209   Thumb Code   134  at32f4xx_usart.o(.text)
    USART_Init                               0x0800228f   Thumb Code   210  at32f4xx_usart.o(.text)
    USART_StructInit                         0x08002361   Thumb Code    24  at32f4xx_usart.o(.text)
    USART_ClockInit                          0x08002379   Thumb Code    34  at32f4xx_usart.o(.text)
    USART_ClockStructInit                    0x0800239b   Thumb Code    12  at32f4xx_usart.o(.text)
    USART_Cmd                                0x080023a7   Thumb Code    24  at32f4xx_usart.o(.text)
    USART_INTConfig                          0x080023bf   Thumb Code    74  at32f4xx_usart.o(.text)
    USART_DMACmd                             0x08002409   Thumb Code    18  at32f4xx_usart.o(.text)
    USART_SetAddress                         0x0800241b   Thumb Code    18  at32f4xx_usart.o(.text)
    USART_WakeUpConfig                       0x0800242d   Thumb Code    18  at32f4xx_usart.o(.text)
    USART_ReceiverWakeUpCmd                  0x0800243f   Thumb Code    24  at32f4xx_usart.o(.text)
    USART_LINBreakDetectLengthConfig         0x08002457   Thumb Code    18  at32f4xx_usart.o(.text)
    USART_LINCmd                             0x08002469   Thumb Code    24  at32f4xx_usart.o(.text)
    USART_SendData                           0x08002481   Thumb Code     8  at32f4xx_usart.o(.text)
    USART_ReceiveData                        0x08002489   Thumb Code    10  at32f4xx_usart.o(.text)
    USART_SendBreak                          0x08002493   Thumb Code    10  at32f4xx_usart.o(.text)
    USART_SetGuardTime                       0x0800249d   Thumb Code    16  at32f4xx_usart.o(.text)
    USART_SetPrescaler                       0x080024ad   Thumb Code    16  at32f4xx_usart.o(.text)
    USART_SmartCardCmd                       0x080024bd   Thumb Code    24  at32f4xx_usart.o(.text)
    USART_SmartCardNACKCmd                   0x080024d5   Thumb Code    24  at32f4xx_usart.o(.text)
    USART_HalfDuplexCmd                      0x080024ed   Thumb Code    24  at32f4xx_usart.o(.text)
    USART_OverSampling8Cmd                   0x08002505   Thumb Code    22  at32f4xx_usart.o(.text)
    USART_OneBitMethodCmd                    0x0800251b   Thumb Code    24  at32f4xx_usart.o(.text)
    USART_IrDAConfig                         0x08002533   Thumb Code    18  at32f4xx_usart.o(.text)
    USART_IrDACmd                            0x08002545   Thumb Code    24  at32f4xx_usart.o(.text)
    USART_GetFlagStatus                      0x0800255d   Thumb Code    26  at32f4xx_usart.o(.text)
    USART_ClearFlag                          0x08002577   Thumb Code    18  at32f4xx_usart.o(.text)
    USART_GetITStatus                        0x08002589   Thumb Code    84  at32f4xx_usart.o(.text)
    USART_ClearITPendingBit                  0x080025dd   Thumb Code    52  at32f4xx_usart.o(.text)
    NVIC_PriorityGroupConfig                 0x08002611   Thumb Code    10  misc.o(.text)
    NVIC_Init                                0x0800261b   Thumb Code   100  misc.o(.text)
    NVIC_SetVectorTable                      0x0800267f   Thumb Code    14  misc.o(.text)
    NVIC_SystemLPConfig                      0x0800268d   Thumb Code    34  misc.o(.text)
    SysTick_CLKSourceConfig                  0x080026af   Thumb Code    40  misc.o(.text)
    FLASH_ReadHalfWord                       0x080026ed   Thumb Code     6  flash.o(.text)
    FLASH_Write_NoCheck                      0x080026f3   Thumb Code    38  flash.o(.text)
    FLASH_Read                               0x08002719   Thumb Code    34  flash.o(.text)
    FLASH_Write                              0x0800273b   Thumb Code   224  flash.o(.text)
    __scatterload                            0x08002821   Thumb Code    28  init.o(.text)
    __scatterload_rt2                        0x08002821   Thumb Code     0  init.o(.text)
    __scatterload_copy                       0x08002845   Thumb Code    14  handlers.o(i.__scatterload_copy)
    __scatterload_null                       0x08002853   Thumb Code     2  handlers.o(i.__scatterload_null)
    __scatterload_zeroinit                   0x08002855   Thumb Code    14  handlers.o(i.__scatterload_zeroinit)
    Region$$Table$$Base                      0x08002864   Number         0  anon$$obj.o(Region$$Table)
    Region$$Table$$Limit                     0x08002884   Number         0  anon$$obj.o(Region$$Table)
    Index                                    0x20000000   Data           4  main.o(.data)
    LED_GPIO_PORT                            0x20000004   Data          16  at32_board.o(.data)
    LED_GPIO_PIN                             0x20000014   Data           8  at32_board.o(.data)
    LED_GPIO_RCC_CLK                         0x2000001c   Data          16  at32_board.o(.data)
    BUTTON_GPIO_PORT                         0x2000002c   Data           8  at32_board.o(.data)
    BUTTON_GPIO_PIN                          0x20000034   Data           4  at32_board.o(.data)
    BUTTON_GPIO_RCC_CLK                      0x20000038   Data           8  at32_board.o(.data)
    SystemCoreClock                          0x2000004c   Data           4  system_at32f4xx.o(.data)
    AHBPscTable                              0x20000050   Data          16  system_at32f4xx.o(.data)
    BufferWrite                              0x20000070   Data        4100  main.o(.bss)
    BufferRead                               0x20001074   Data        4100  main.o(.bss)
    FLASH_BUF                                0x20002078   Data        2048  flash.o(.bss)
    __initial_sp                             0x20002c78   Data           0  startup_at32f407vgt7.o(STACK)



==============================================================================

Memory Map of the image

  Image Entry point : 0x08000659

  Load Region LR_1 (Base: 0x08000000, Size: 0x000028f4, Max: 0xffffffff, ABSOLUTE)

    Execution Region ER_RO (Exec base: 0x08000000, Load base: 0x08000000, Size: 0x00002884, Max: 0xffffffff, ABSOLUTE)

    Exec Addr    Load Addr    Size         Type   Attr      Idx    E Section Name        Object

    0x08000000   0x08000000   0x00000184   Data   RO          202    RESET               startup_at32f407vgt7.o
    0x08000184   0x08000184   0x00000000   Code   RO          390  * .ARM.Collect$$$$00000000  mc_w.l(entry.o)
    0x08000184   0x08000184   0x00000004   Code   RO          393    .ARM.Collect$$$$00000001  mc_w.l(entry2.o)
    0x08000188   0x08000188   0x00000004   Code   RO          396    .ARM.Collect$$$$00000004  mc_w.l(entry5.o)
    0x0800018c   0x0800018c   0x00000000   Code   RO          398    .ARM.Collect$$$$00000008  mc_w.l(entry7b.o)
    0x0800018c   0x0800018c   0x00000000   Code   RO          400    .ARM.Collect$$$$0000000A  mc_w.l(entry8b.o)
    0x0800018c   0x0800018c   0x00000008   Code   RO          401    .ARM.Collect$$$$0000000B  mc_w.l(entry9a.o)
    0x08000194   0x08000194   0x00000000   Code   RO          403    .ARM.Collect$$$$0000000D  mc_w.l(entry10a.o)
    0x08000194   0x08000194   0x00000000   Code   RO          405    .ARM.Collect$$$$0000000F  mc_w.l(entry11a.o)
    0x08000194   0x08000194   0x00000004   Code   RO          394    .ARM.Collect$$$$00002712  mc_w.l(entry2.o)
    0x08000198   0x08000198   0x000000bc   Code   RO            4    .text               main.o
    0x08000254   0x08000254   0x0000001a   Code   RO          149    .text               at32f4xx_it.o
    0x0800026e   0x0800026e   0x00000002   PAD
    0x08000270   0x08000270   0x000003e8   Code   RO          176    .text               at32_board.o
    0x08000658   0x08000658   0x00000024   Code   RO          203  * .text               startup_at32f407vgt7.o
    0x0800067c   0x0800067c   0x0000022c   Code   RO          210    .text               system_at32f4xx.o
    0x080008a8   0x080008a8   0x00000bdc   Code   RO          240    .text               at32f4xx_flash.o
    0x08001484   0x08001484   0x000007d4   Code   RO          264    .text               at32f4xx_gpio.o
    0x08001c58   0x08001c58   0x000005b0   Code   RO          292    .text               at32f4xx_rcc.o
    0x08002208   0x08002208   0x00000408   Code   RO          318    .text               at32f4xx_usart.o
    0x08002610   0x08002610   0x000000dc   Code   RO          342    .text               misc.o
    0x080026ec   0x080026ec   0x00000134   Code   RO          366    .text               flash.o
    0x08002820   0x08002820   0x00000024   Code   RO          407    .text               mc_w.l(init.o)
    0x08002844   0x08002844   0x0000000e   Code   RO          411    i.__scatterload_copy  mc_w.l(handlers.o)
    0x08002852   0x08002852   0x00000002   Code   RO          412    i.__scatterload_null  mc_w.l(handlers.o)
    0x08002854   0x08002854   0x0000000e   Code   RO          413    i.__scatterload_zeroinit  mc_w.l(handlers.o)
    0x08002862   0x08002862   0x00000002   PAD
    0x08002864   0x08002864   0x00000020   Data   RO          409    Region$$Table       anon$$obj.o


    Execution Region ER_RW (Exec base: 0x20000000, Load base: 0x08002884, Size: 0x00000070, Max: 0xffffffff, ABSOLUTE)

    Exec Addr    Load Addr    Size         Type   Attr      Idx    E Section Name        Object

    0x20000000   0x08002884   0x00000004   Data   RW            6    .data               main.o
    0x20000004   0x08002888   0x00000045   Data   RW          177    .data               at32_board.o
    0x20000049   0x080028cd   0x00000003   PAD
    0x2000004c   0x080028d0   0x00000014   Data   RW          211    .data               system_at32f4xx.o
    0x20000060   0x080028e4   0x00000010   Data   RW          293    .data               at32f4xx_rcc.o


    Execution Region ER_ZI (Exec base: 0x20000070, Load base: 0x080028f4, Size: 0x00002c08, Max: 0xffffffff, ABSOLUTE)

    Exec Addr    Load Addr    Size         Type   Attr      Idx    E Section Name        Object

    0x20000070        -       0x00002008   Zero   RW            5    .bss                main.o
    0x20002078        -       0x00000800   Zero   RW          367    .bss                flash.o
    0x20002878        -       0x00000400   Zero   RW          200    STACK               startup_at32f407vgt7.o


==============================================================================

Image component sizes


      Code (inc. data)   RO Data    RW Data    ZI Data      Debug   Object Name

      1000         60          0         69          0       4873   at32_board.o
      3036         66          0          0          0      13366   at32f4xx_flash.o
      2004         56          0          0          0       6993   at32f4xx_gpio.o
        26          0          0          0          0       1302   at32f4xx_it.o
      1456         70          0         16          0      10740   at32f4xx_rcc.o
      1032         22          0          0          0       9088   at32f4xx_usart.o
       308          6          0          0       2048       2760   flash.o
       188         18          0          4       8200     285432   main.o
       220         22          0          0          0       2189   misc.o
        36          8        388          0       1024       1004   startup_at32f407vgt7.o
       556         50          0         20          0       2169   system_at32f4xx.o

    ----------------------------------------------------------------------
      9864        378        420        112      11272     339916   Object Totals
         0          0         32          0          0          0   (incl. Generated)
         2          0          0          3          0          0   (incl. Padding)

    ----------------------------------------------------------------------

      Code (inc. data)   RO Data    RW Data    ZI Data      Debug   Library Member Name

         0          0          0          0          0          0   entry.o
         0          0          0          0          0          0   entry10a.o
         0          0          0          0          0          0   entry11a.o
         8          4          0          0          0          0   entry2.o
         4          0          0          0          0          0   entry5.o
         0          0          0          0          0          0   entry7b.o
         0          0          0          0          0          0   entry8b.o
         8          4          0          0          0          0   entry9a.o
        30          0          0          0          0          0   handlers.o
        36          8          0          0          0         68   init.o

    ----------------------------------------------------------------------
        88         16          0          0          0         68   Library Totals
         2          0          0          0          0          0   (incl. Padding)

    ----------------------------------------------------------------------

      Code (inc. data)   RO Data    RW Data    ZI Data      Debug   Library Name

        86         16          0          0          0         68   mc_w.l

    ----------------------------------------------------------------------
        88         16          0          0          0         68   Library Totals

    ----------------------------------------------------------------------

==============================================================================


      Code (inc. data)   RO Data    RW Data    ZI Data      Debug   

      9952        394        420        112      11272     337888   Grand Totals
      9952        394        420        112      11272     337888   ELF Image Totals
      9952        394        420        112          0          0   ROM Totals

==============================================================================

    Total RO  Size (Code + RO Data)                10372 (  10.13kB)
    Total RW  Size (RW Data + ZI Data)             11384 (  11.12kB)
    Total ROM Size (Code + RO Data + RW Data)      10484 (  10.24kB)

==============================================================================

