<html>
<body>
<pre>
<h1>礦ision Build Log</h1>
<h2>Tool Versions:</h2>
IDE-Version: μVision V5.24.2.0
Copyright (C) 2017 ARM Ltd and ARM Germany GmbH. All rights reserved.
License Information: wei wang shockley Flex license: MDK-ARM Plus: 2 user(s) (mdk_plus) Support: Dec 2018
 
Tool Versions:
Toolchain:       MDK-ARM Plus: 2 user(s)  Version: 5.24.1
Toolchain Path:  C:\Keil_v5\ARM\ARMCC\Bin
C Compiler:      Armcc.exe V5.06 update 5 (build 528)
Assembler:       Armasm.exe V5.06 update 5 (build 528)
Linker/Locator:  ArmLink.exe V5.06 update 5 (build 528)
Library Manager: ArmAr.exe V5.06 update 5 (build 528)
Hex Converter:   FromElf.exe V5.06 update 5 (build 528)
CPU DLL:         SARMCM3.DLL V5.24.1
Dialog DLL:      DCM.DLL V1.16.0.0
Target DLL:      CMSIS_AGDI.dll V1.28.3.0
Dialog DLL:      TCM.DLL V1.32.0.0
 
<h2>Project:</h2>
D:\培训资料\开发板\SDK\AT32F4xx_StdPeriph_Lib_V1.1.8\Project\AT_START_F407\Examples\ETH\SourceCode\http_server\MDK_v5\http_server.uvprojx
Project File Date:  08/08/2020

<h2>Output:</h2>
*** Using Compiler 'V5.06 update 5 (build 528)', folder: 'C:\Keil_v5\ARM\ARMCC\Bin'
Rebuild target 'http_server'
assembling startup_at32f407vgt7.s...
compiling api_lib.c...
compiling netbuf.c...
compiling netconf.c...
compiling netdb.c...
compiling etharp.c...
compiling stats.c...
compiling sys.c...
compiling tcp_out.c...
..\Utilities\lwip-1.3.1\src\core\tcp_out.c(459): warning:  #550-D: variable "tcphdr"  was set but never used
    struct tcp_hdr *tcphdr;
..\Utilities\lwip-1.3.1\src\core\tcp_out.c(872): warning:  #550-D: variable "tcphdr"  was set but never used
    struct tcp_hdr *tcphdr;
..\Utilities\lwip-1.3.1\src\core\tcp_out.c(926): warning:  #550-D: variable "tcphdr"  was set but never used
    struct tcp_hdr *tcphdr;
..\Utilities\lwip-1.3.1\src\core\tcp_out.c: 3 warnings, 0 errors
compiling dhcp.c...
compiling udp.c...
compiling err.c...
compiling tcpip.c...
compiling netifapi.c...
compiling api_msg.c...
compiling autoip.c...
compiling init.c...
compiling ip_addr.c...
compiling igmp.c...
compiling icmp.c...
compiling inet.c...
compiling inet_chksum.c...
compiling mem.c...
..\Utilities\lwip-1.3.1\src\core\mem.c(184): warning:  #550-D: variable "mem_sem"  was set but never used
  static sys_sem_t mem_sem;
..\Utilities\lwip-1.3.1\src\core\mem.c: 1 warning, 0 errors
compiling netif.c...
compiling tcp.c...
compiling memp.c...
compiling raw.c...
compiling ip.c...
compiling pbuf.c...
compiling ip_frag.c...
compiling misc.c...
compiling system_at32f4xx.c...
compiling at32f4xx_pwr.c...
compiling at32f4xx_dma.c...
compiling at32f4xx_gpio.c...
compiling at32f4xx_rtc.c...
compiling at32_board.c...
compiling eth_config.c...
compiling at32f4xx_adc.c...
compiling at32f4xx_usart.c...
compiling at32f4xx_rcc.c...
compiling tcp_in.c...
compiling at32f4xx_it.c...
compiling main.c...
compiling at32f4xx_eth.c...
compiling httpd.c...
compiling ethernetif.c...
linking...
Program Size: Code=33336 RO-data=30312 RW-data=4116 ZI-data=42420  
".\Objects\tcp_client.axf" - 0 Error(s), 4 Warning(s).

<h2>Software Packages used:</h2>

Package Vendor: Keil
                
                Keil.AT32F4xx_DFP.1.3.1
                ArteryTek AT32F4 Series Device Support,Drivers

<h2>Collection of Component include folders:</h2>
  .\RTE\_http_server
  C:\Keil_v5\ARM\PACK\Keil\AT32F4xx_DFP\1.3.1\Device\Include

<h2>Collection of Component Files used:</h2>
Build Time Elapsed:  00:00:03
</pre>
</body>
</html>
