<html>
<body>
<pre>
<h1>µVision Build Log</h1>
<h2>Tool Versions:</h2>
IDE-Version: ¦ÌVision V5.24.2.0
Copyright (C) 2017 ARM Ltd and ARM Germany GmbH. All rights reserved.
License Information: wei wang shockley Flex license: MDK-ARM Plus: 2 user(s) (mdk_plus) Support: Dec 2018
 
Tool Versions:
Toolchain:       MDK-ARM Plus: 2 user(s)  Version: 5.24.1
Toolchain Path:  C:\Keil_v5\ARM\ARMCC\Bin
C Compiler:      Armcc.exe V5.06 update 5 (build 528)
Assembler:       Armasm.exe V5.06 update 5 (build 528)
Linker/Locator:  ArmLink.exe V5.06 update 5 (build 528)
Library Manager: ArmAr.exe V5.06 update 5 (build 528)
Hex Converter:   FromElf.exe V5.06 update 5 (build 528)
CPU DLL:         SARMCM3.DLL V5.24.1
Dialog DLL:      DCM.DLL V1.16.0.0
Target DLL:      CMSIS_AGDI.dll V1.28.3.0
Dialog DLL:      TCM.DLL V1.32.0.0
 
<h2>Project:</h2>
D:\EmbeddedCourse\Documents\code\RTOS\sample6\project.uvprojx
Project File Date:  11/17/2020

<h2>Output:</h2>
*** Using Compiler 'V5.06 update 5 (build 528)', folder: 'C:\Keil_v5\ARM\ARMCC\Bin'
Rebuild target 'rt-thread'
compiling backtrace.c...
compiling block_dev.c...
compiling i2c_dev.c...
compiling at32f4xx_crc.c...
compiling at32f4xx_dbgmcu.c...
compiling sd.c...
compiling mmcsd_core.c...
compiling at32f4xx_exti.c...
compiling at32f4xx_adc.c...
compiling LinkedList.c...
applications\test.h(53): warning:  #1-D: last line of file ends without a newline
  #endif /* __TEST_H */
applications\LinkedList.c(66): warning:  #223-D: function "rt_malloc" declared implicitly
  		pHeader = (studentNode *)rt_malloc(sizeof(studentNode));
applications\LinkedList.c(69): warning:  #223-D: function "rt_kprintf" declared implicitly
  			rt_kprintf("something wrong, cannot get memory~!\n");
applications\LinkedList.c(90): warning:  #223-D: function "rt_malloc" declared implicitly
  		pNewNode = (studentNode *)rt_malloc(sizeof(studentNode));
applications\LinkedList.c(93): warning:  #223-D: function "rt_kprintf" declared implicitly
  			rt_kprintf("something wrong, cannot get memory~!\n");
applications\LinkedList.c(141): warning:  #223-D: function "rt_kprintf" declared implicitly
  		rt_kprintf("can not find the item~!\n");
applications\LinkedList.c(150): warning:  #223-D: function "rt_malloc" declared implicitly
  	pNewNode = (studentNode *)rt_malloc(sizeof(studentNode));
applications\LinkedList.c(153): warning:  #223-D: function "rt_kprintf" declared implicitly
  		rt_kprintf("something wrong, cannot get memory~!\n");
applications\LinkedList.c(194): warning:  #223-D: function "rt_kprintf" declared implicitly
  		rt_kprintf("can not find the item~!\n");
applications\LinkedList.c(219): warning:  #223-D: function "rt_free" declared implicitly
  	rt_free(p);
applications\LinkedList.c(220): warning:  #940-D: missing return statement at end of non-void function "deleteInfo" 
  }
applications\LinkedList.c(227): warning:  #223-D: function "rt_kprintf" declared implicitly
  	rt_kprintf("=========list start=========\n");
applications\LinkedList.c(269): warning:  #1-D: last line of file ends without a newline
  }
applications\LinkedList.c: 13 warnings, 0 errors
compiling at32f4xx_wwdg.c...
compiling pin.c...
compiling at32f4xx_can.c...
compiling div0.c...
assembling context_rvds.S...
compiling hwtimer.c...
compiling rtc.c...
compiling main.c...
applications\test.h(53): warning:  #1-D: last line of file ends without a newline
  #endif /* __TEST_H */
applications\main.c: 1 warning, 0 errors
compiling showmem.c...
compiling spi_dev.c...
compiling spi_core.c...
compiling i2c_core.c...
compiling completion.c...
compiling adc.c...
compiling mmc.c...
compiling i2c-bit-ops.c...
compiling rt_drv_pwm.c...
compiling at32f4xx_flash.c...
compiling cpuport.c...
compiling serial.c...
compiling sdio.c...
compiling dataqueue.c...
compiling at32f4xx_rtc.c...
compiling ringblk_buf.c...
compiling workqueue.c...
compiling waitqueue.c...
compiling ringbuffer.c...
compiling pipe.c...
assembling startup_at32f407vgt7.s...
compiling at32f4xx_dac.c...
compiling at32f4xx_comp.c...
compiling misc.c...
compiling at32f4xx_pwr.c...
compiling at32f4xx_i2c.c...
compiling dfs.c...
compiling at32f4xx_iwdg.c...
compiling at32f4xx_ertc.c...
compiling at32f4xx_xmc.c...
compiling at32f4xx_usart.c...
compiling dfs_file.c...
compiling at32f4xx_dma.c...
compiling at32f4xx_acc.c...
compiling at32f4xx_sdio.c...
compiling at32f4xx_gpio.c...
compiling dfs_posix.c...
compiling at32f4xx_bkp.c...
compiling dfs_fs.c...
compiling at32f4xx_spi.c...
compiling select.c...
compiling poll.c...
compiling devfs.c...
compiling at32f4xx_rcc.c...
compiling dfs_elm.c...
compiling at32f4xx_eth.c...
compiling at32f4xx_tim.c...
compiling ccsbcs.c...
compiling cmd.c...
compiling msh.c...
compiling shell.c...
compiling clock.c...
compiling system_at32f4xx.c...
compiling components.c...
compiling idle.c...
compiling irq.c...
compiling msh_file.c...
compiling device.c...
compiling board.c...
compiling ff.c...
compiling at32_msp.c...
compiling ipc.c...
compiling object.c...
compiling mempool.c...
compiling memheap.c...
compiling mem.c...
compiling signal.c...
compiling kservice.c...
compiling scheduler.c...
compiling thread.c...
compiling drv_usart.c...
compiling drv_gpio.c...
compiling libc.c...
compiling mem_std.c...
compiling timer.c...
compiling stdio.c...
compiling time.c...
compiling stubs.c...
compiling unistd.c...
linking...
Program Size: Code=84218 RO-data=11274 RW-data=1300 ZI-data=5316  
After Build - User command #1: fromelf --bin .\build\keil\Obj\rt-thread.axf --output rtthread.bin
".\build\keil\Obj\rt-thread.axf" - 0 Error(s), 14 Warning(s).

<h2>Software Packages used:</h2>

Package Vendor: Keil
                
                Keil.AT32F4xx_DFP.1.3.1
                ArteryTek AT32F4 Series Device Support,Drivers

<h2>Collection of Component include folders:</h2>
  .\RTE\_rt-thread
  C:\Keil_v5\ARM\PACK\Keil\AT32F4xx_DFP\1.3.1\Device\Include

<h2>Collection of Component Files used:</h2>
Build Time Elapsed:  00:00:04
</pre>
</body>
</html>
