<html>
<body>
<pre>
<h1>µVision Build Log</h1>
<h2>Tool Versions:</h2>
IDE-Version: ¦ÌVision V5.24.2.0
Copyright (C) 2017 ARM Ltd and ARM Germany GmbH. All rights reserved.
License Information: wei wang shockley Flex license: MDK-ARM Plus: 2 user(s) (mdk_plus) Support: Dec 2018
 
Tool Versions:
Toolchain:       MDK-ARM Plus: 2 user(s)  Version: 5.24.1
Toolchain Path:  C:\Keil_v5\ARM\ARMCC\Bin
C Compiler:      Armcc.exe V5.06 update 5 (build 528)
Assembler:       Armasm.exe V5.06 update 5 (build 528)
Linker/Locator:  ArmLink.exe V5.06 update 5 (build 528)
Library Manager: ArmAr.exe V5.06 update 5 (build 528)
Hex Converter:   FromElf.exe V5.06 update 5 (build 528)
CPU DLL:         SARMCM3.DLL V5.24.1
Dialog DLL:      DCM.DLL V1.16.0.0
Target DLL:      CMSIS_AGDI.dll V1.28.3.0
Dialog DLL:      TCM.DLL V1.32.0.0
 
<h2>Project:</h2>
D:\EmbeddedCourse\Documents\code\CoreCourse\C-test\test.uvproj
Project File Date:  10/15/2020

<h2>Output:</h2>
*** Using Compiler 'V5.06 update 5 (build 528)', folder: 'C:\Keil_v5\ARM\ARMCC\Bin'
Rebuild target 'Target 1'
assembling startup_at32f407vgt7.s...
compiling system_at32f4xx.c...
compiling at32f4xx_it.c...
compiling at32f4xx_acc.c...
compiling at32f4xx_dbgmcu.c...
compiling main.c...
test.h(53): warning:  #1-D: last line of file ends without a newline
  #endif /* __TEST_H */
main.c(50): warning:  #177-D: variable "c"  was declared but never referenced
  	int c=3;
main.c(51): warning:  #177-D: variable "p"  was declared but never referenced
  	int *p=0;
main.c: 3 warnings, 0 errors
compiling table.c...
test.h(53): warning:  #1-D: last line of file ends without a newline
  #endif /* __TEST_H */
table.c: 1 warning, 0 errors
compiling at32f4xx_adc.c...
compiling misc.c...
compiling at32f4xx_ertc.c...
compiling at32f4xx_iwdg.c...
compiling at32f4xx_crc.c...
compiling at32f4xx_comp.c...
compiling at32f4xx_bkp.c...
compiling at32f4xx_i2c.c...
compiling at32_board.c...
compiling at32f4xx_sdio.c...
compiling at32f4xx_wwdg.c...
compiling LinkedList.c...
test.h(53): warning:  #1-D: last line of file ends without a newline
  #endif /* __TEST_H */
LinkedList.c(201): warning:  #940-D: missing return statement at end of non-void function "deleteInfo" 
  }
LinkedList.c(250): warning:  #1-D: last line of file ends without a newline
  }
LinkedList.c: 3 warnings, 0 errors
compiling at32f4xx_exti.c...
compiling at32f4xx_rtc.c...
compiling at32f4xx_pwr.c...
compiling at32f4xx_usart.c...
compiling at32f4xx_dac.c...
compiling at32f4xx_dma.c...
compiling at32f4xx_rcc.c...
compiling at32f4xx_can.c...
compiling at32f4xx_spi.c...
compiling at32f4xx_xmc.c...
compiling at32f4xx_flash.c...
compiling at32f4xx_gpio.c...
compiling at32f4xx_eth.c...
compiling at32f4xx_tim.c...
linking...
Program Size: Code=5272 RO-data=484 RW-data=148 ZI-data=2148  
FromELF: creating hex file...
".\Objects\test.axf" - 0 Error(s), 7 Warning(s).
Build Time Elapsed:  00:00:03
</pre>
</body>
</html>
