<html>
<body>
<pre>
<h1>礦ision Build Log</h1>
<h2>Tool Versions:</h2>
IDE-Version: μVision V5.24.2.0
Copyright (C) 2017 ARM Ltd and ARM Germany GmbH. All rights reserved.
License Information: wei wang shockley Flex license: MDK-ARM Plus: 2 user(s) (mdk_plus) Support: Dec 2018
 
Tool Versions:
Toolchain:       MDK-ARM Plus: 2 user(s)  Version: 5.24.1
Toolchain Path:  C:\Keil_v5\ARM\ARMCC\Bin
C Compiler:      Armcc.exe V5.06 update 5 (build 528)
Assembler:       Armasm.exe V5.06 update 5 (build 528)
Linker/Locator:  ArmLink.exe V5.06 update 5 (build 528)
Library Manager: ArmAr.exe V5.06 update 5 (build 528)
Hex Converter:   FromElf.exe V5.06 update 5 (build 528)
CPU DLL:         SARMCM3.DLL V5.24.1
Dialog DLL:      DCM.DLL V1.16.0.0
Target DLL:      CMSIS_AGDI.dll V1.28.3.0
Dialog DLL:      TCM.DLL V1.32.0.0
 
<h2>Project:</h2>
D:\培训资料\文档\code\核心课程\sample9\MDK_V5\sample9.uvprojx
Project File Date:  09/02/2020

<h2>Output:</h2>
*** Using Compiler 'V5.06 update 5 (build 528)', folder: 'C:\Keil_v5\ARM\ARMCC\Bin'
Rebuild target 'sample9'
assembling startup_at32f407vgt7.s...
compiling at32f4xx_comp.c...
compiling system_at32f4xx.c...
compiling at32f4xx_bkp.c...
compiling at32f4xx_dbgmcu.c...
compiling at32f4xx_rtc.c...
compiling at32f4xx_acc.c...
compiling at32f4xx_exti.c...
compiling at32f4xx_ertc.c...
compiling at32f4xx_iwdg.c...
compiling at32f4xx_adc.c...
compiling at32f4xx_can.c...
compiling at32f4xx_crc.c...
compiling at32f4xx_i2c.c...
compiling misc.c...
compiling at32f4xx_dac.c...
compiling main.c...
compiling at32f4xx_wwdg.c...
compiling at32f4xx_it.c...
..\at32f4xx_it.c(77): warning:  #550-D: variable "temp"  was set but never used
  	u32 temp;
..\at32f4xx_it.c: 1 warning, 0 errors
compiling at32f4xx_pwr.c...
compiling at32f4xx_sdio.c...
compiling arm_fft_data.c...
..\Libraries\fft_test\arm_fft_data.c(20): warning:  #1035-D: single-precision operand implicitly converted to double-precision
  		testInput_f32_10khz[i] = (float32_t)(3.0*sinf((
I/4)*i))+(float32_t)(cosf((PI/3+0.0)*i)); //假定每个周期能采样8个点,再增加一个频率比原来正弦信号高一倍的波形
..\Libraries\fft_test\arm_fft_data.c(20): warning:  #1035-D: single-precision operand implicitly converted to double-precision
  		testInput_f32_10khz[i] = (float32_t)(3.0*sinf((
I/4)*i))+(float32_t)(cosf((
I/3+0.0)*i)); //假定每个周期能采样8个点,再增加一个频率比原来正弦信号高一倍的波形
..\Libraries\fft_test\arm_fft_data.c(52): warning:  #1-D: last line of file ends without a newline
  #endif
..\Libraries\fft_test\arm_fft_data.c: 3 warnings, 0 errors
compiling at32_board.c...
compiling at32f4xx_eth.c...
compiling at32f4xx_flash.c...
compiling at32f4xx_rcc.c...
compiling at32f4xx_xmc.c...
compiling at32f4xx_spi.c...
compiling at32f4xx_gpio.c...
compiling fft_radix2.c...
compiling at32f4xx_tim.c...
compiling arm_fft_test.c...
compiling at32f4xx_dma.c...
compiling at32f4xx_usart.c...
linking...
Program Size: Code=13308 RO-data=12260 RW-data=144 ZI-data=41992  
".\Objects\sample9.axf" - 0 Error(s), 4 Warning(s).

<h2>Software Packages used:</h2>

Package Vendor: Keil
                
                Keil.AT32F4xx_DFP.1.3.1
                ArteryTek AT32F4 Series Device Support,Drivers

<h2>Collection of Component include folders:</h2>
  .\RTE\_sample9
  C:\Keil_v5\ARM\PACK\Keil\AT32F4xx_DFP\1.3.1\Device\Include

<h2>Collection of Component Files used:</h2>
Build Time Elapsed:  00:00:04
</pre>
</body>
</html>
