<html>
<body>
<pre>
<h1>µVision Build Log</h1>
<h2>Tool Versions:</h2>
IDE-Version: ¦ÌVision V5.24.2.0
Copyright (C) 2017 ARM Ltd and ARM Germany GmbH. All rights reserved.
License Information: wei wang shockley Flex license: MDK-ARM Plus: 2 user(s) (mdk_plus) Support: Dec 2018
 
Tool Versions:
Toolchain:       MDK-ARM Plus: 2 user(s)  Version: 5.24.1
Toolchain Path:  C:\Keil_v5\ARM\ARMCC\Bin
C Compiler:      Armcc.exe V5.06 update 5 (build 528)
Assembler:       Armasm.exe V5.06 update 5 (build 528)
Linker/Locator:  ArmLink.exe V5.06 update 5 (build 528)
Library Manager: ArmAr.exe V5.06 update 5 (build 528)
Hex Converter:   FromElf.exe V5.06 update 5 (build 528)
CPU DLL:         SARMCM3.DLL V5.24.1
Dialog DLL:      DCM.DLL V1.16.0.0
Target DLL:      CMSIS_AGDI.dll V1.28.3.0
Dialog DLL:      TCM.DLL V1.32.0.0
 
<h2>Project:</h2>
D:\EmbeddedCourse\Documents\code\RTOS\sample8\project.uvprojx
Project File Date:  12/02/2020

<h2>Output:</h2>
*** Using Compiler 'V5.06 update 5 (build 528)', folder: 'C:\Keil_v5\ARM\ARMCC\Bin'
Rebuild target 'rt-thread'
compiling uartTest.c...
applications\uartTest.c(85): warning:  #167-D: argument of type "void (*)(void)" is incompatible with parameter of type "void (*)(void *)"
  		rt_thread_t pThread = rt_thread_create("serial2", serialThread, 
T_NULL, 1024,25,10);
applications\uartTest.c(107): warning:  #1-D: last line of file ends without a newline
  MSH_CMD_EXPORT(uart2_test, uart2 device sample);
applications\uartTest.c: 2 warnings, 0 errors
compiling div0.c...
compiling showmem.c...
assembling context_rvds.S...
compiling rtc.c...
compiling at32f4xx_dbgmcu.c...
compiling at32f4xx_crc.c...
compiling at32f4xx_wwdg.c...
compiling at32f4xx_dma.c...
compiling at32f4xx_adc.c...
compiling at32f4xx_can.c...
compiling at32f4xx_rtc.c...
compiling at32f4xx_i2c.c...
compiling backtrace.c...
compiling at32f4xx_flash.c...
compiling pm.c...
compiling i2c_core.c...
compiling hwtimer.c...
compiling main.c...
compiling serial.c...
compiling spi_dev.c...
compiling rt_drv_pwm.c...
compiling spi_core.c...
compiling at32f4xx_pwr.c...
compiling i2c_dev.c...
compiling i2c-bit-ops.c...
compiling audio_pipe.c...
compiling sfud_sfdp.c...
compiling dac.c...
compiling adc.c...
compiling pin.c...
compiling sfud.c...
compiling audio.c...
rt-thread\components\drivers\audio\audio.c(22): warning:  #47-D: incompatible redefinition of macro "MIN"  (declared at line 497 of "rt-thread\components\drivers\include\drivers/usb_common.h")
  #define MIN(a, b)         ((a) < (b) ? (a) : (b))
rt-thread\components\drivers\audio\audio.c: 1 warning, 0 errors
compiling at32f4xx_bkp.c...
compiling spi_flash_sfud.c...
compiling completion.c...
compiling cpuport.c...
compiling dataqueue.c...
compiling pipe.c...
compiling at32f4xx_dac.c...
compiling at32f4xx_rcc.c...
compiling at32f4xx_gpio.c...
compiling watchdog.c...
compiling at32f4xx_tim.c...
assembling startup_at32f407vgt7.s...
compiling waitqueue.c...
compiling ringbuffer.c...
compiling ringblk_buf.c...
compiling at32f4xx_spi.c...
compiling workqueue.c...
compiling at32f4xx_exti.c...
compiling at32f4xx_ertc.c...
compiling at32f4xx_sdio.c...
compiling misc.c...
compiling at32f4xx_eth.c...
compiling at32f4xx_iwdg.c...
compiling at32f4xx_comp.c...
compiling at32f4xx_usart.c...
compiling at32f4xx_acc.c...
compiling at32f4xx_xmc.c...
compiling dfs.c...
compiling dfs_file.c...
compiling dfs_fs.c...
compiling dfs_posix.c...
compiling ccsbcs.c...
compiling devfs.c...
compiling dfs_elm.c...
compiling hello.c...
packages\hello-latest\src\hello.c(45): warning:  #1-D: last line of file ends without a newline
  MSH_CMD_EXPORT(findMe, example for cmd with parameters);
packages\hello-latest\src\hello.c: 1 warning, 0 errors
compiling clock.c...
compiling components.c...
compiling cmd.c...
compiling board.c...
compiling shell.c...
compiling device.c...
compiling ff.c...
compiling system_at32f4xx.c...
compiling msh.c...
compiling at32_msp.c...
compiling msh_file.c...
compiling irq.c...
compiling idle.c...
compiling memheap.c...
compiling mem.c...
compiling mempool.c...
compiling drv_wdt.c...
compiling object.c...
compiling signal.c...
compiling scheduler.c...
compiling kservice.c...
compiling ipc.c...
compiling mem_std.c...
compiling drv_usart.c...
compiling timer.c...
compiling thread.c...
compiling libc.c...
compiling drv_spi.c...
compiling drv_pwm.c...
compiling drv_adc.c...
compiling drv_rtc.c...
compiling drv_gpio.c...
compiling drv_hwtimer.c...
compiling stdio.c...
compiling time.c...
compiling stubs.c...
compiling drv_soft_i2c.c...
compiling def.c...
compiling inet_chksum.c...
compiling ip.c...
compiling init.c...
compiling stats.c...
compiling sys.c...
compiling sys_arch.c...
compiling dns.c...
compiling pbuf.c...
compiling raw.c...
compiling netif.c...
compiling altcp.c...
compiling memp.c...
compiling altcp_alloc.c...
compiling altcp_tcp.c...
compiling err.c...
compiling tcp.c...
compiling timeouts.c...
compiling udp.c...
compiling if_api.c...
compiling netbuf.c...
compiling tcp_out.c...
compiling lowpan6.c...
compiling api_lib.c...
compiling netdb.c...
compiling tcp_in.c...
compiling autoip.c...
compiling api_msg.c...
compiling ethernet.c...
compiling netifapi.c...
compiling tcpip.c...
compiling icmp.c...
compiling ip4_frag.c...
compiling ip4_addr.c...
compiling ethernetif.c...
compiling igmp.c...
compiling etharp.c...
compiling usbdevice.c...
compiling dhcp.c...
compiling hid.c...
compiling ping.c...
compiling cdc_vcom.c...
compiling mstorage.c...
compiling ip4.c...
compiling usbdevice_core.c...
compiling sockets.c...
linking...
Program Size: Code=204590 RO-data=21286 RW-data=2612 ZI-data=49308  
After Build - User command #1: fromelf --bin .\build\keil\Obj\rt-thread.axf --output rtthread.bin
".\build\keil\Obj\rt-thread.axf" - 0 Error(s), 4 Warning(s).

<h2>Software Packages used:</h2>

Package Vendor: Keil
                
                Keil.AT32F4xx_DFP.1.3.1
                ArteryTek AT32F4 Series Device Support,Drivers

<h2>Collection of Component include folders:</h2>
  .\RTE\_rt-thread
  C:\Keil_v5\ARM\PACK\Keil\AT32F4xx_DFP\1.3.1\Device\Include

<h2>Collection of Component Files used:</h2>
Build Time Elapsed:  00:00:08
</pre>
</body>
</html>
