Component: ARM Compiler 5.06 update 5 (build 528) Tool: armlink [4d35e2]

==============================================================================

Section Cross References

    main.o(i.GPIO_Configuration) refers to at32f4xx_gpio.o(i.GPIO_Init) for GPIO_Init
    main.o(i.RCC_Configuration) refers to at32f4xx_rcc.o(i.RCC_AHBPeriphClockCmd) for RCC_AHBPeriphClockCmd
    main.o(i.RCC_Configuration) refers to at32f4xx_rcc.o(i.RCC_APB2PeriphClockCmd) for RCC_APB2PeriphClockCmd
    main.o(i.RCC_Configuration) refers to at32f4xx_rcc.o(i.RCC_APB1PeriphClockCmd) for RCC_APB1PeriphClockCmd
    main.o(i.main) refers to main.o(i.RCC_Configuration) for RCC_Configuration
    main.o(i.main) refers to main.o(i.GPIO_Configuration) for GPIO_Configuration
    main.o(i.main) refers to at32f4xx_tim.o(i.TMR_TimeBaseStructInit) for TMR_TimeBaseStructInit
    main.o(i.main) refers to at32f4xx_tim.o(i.TMR_TimeBaseInit) for TMR_TimeBaseInit
    main.o(i.main) refers to at32f4xx_tim.o(i.TMR_SelectOutputTrigger) for TMR_SelectOutputTrigger
    main.o(i.main) refers to at32f4xx_dac.o(i.DAC_StructInit) for DAC_StructInit
    main.o(i.main) refers to at32f4xx_dac.o(i.DAC_Init) for DAC_Init
    main.o(i.main) refers to at32f4xx_dma.o(i.DMA_Reset) for DMA_Reset
    main.o(i.main) refers to at32f4xx_dma.o(i.DMA_DefaultInitParaConfig) for DMA_DefaultInitParaConfig
    main.o(i.main) refers to at32f4xx_dma.o(i.DMA_Init) for DMA_Init
    main.o(i.main) refers to at32f4xx_dma.o(i.DMA_ChannelEnable) for DMA_ChannelEnable
    main.o(i.main) refers to at32f4xx_dac.o(i.DAC_Ctrl) for DAC_Ctrl
    main.o(i.main) refers to at32f4xx_dac.o(i.DAC_DMACtrl) for DAC_DMACtrl
    main.o(i.main) refers to at32f4xx_tim.o(i.TMR_Cmd) for TMR_Cmd
    main.o(i.main) refers to main.o(.bss) for TMR_TimeBaseStructure
    main.o(i.main) refers to main.o(.data) for Idx
    main.o(i.main) refers to main.o(.constdata) for Sine12bit
    system_at32f4xx.o(i.SetSysClock) refers to system_at32f4xx.o(i.SetSysClockTo240M) for SetSysClockTo240M
    system_at32f4xx.o(i.SetSysClockTo240M) refers to at32f4xx_rcc.o(i.RCC_StepModeCmd) for RCC_StepModeCmd
    system_at32f4xx.o(i.SystemCoreClockUpdate) refers to system_at32f4xx.o(.data) for SystemCoreClock
    system_at32f4xx.o(i.SystemInit) refers to system_at32f4xx.o(i.SetSysClock) for SetSysClock
    startup_at32f407vgt7.o(STACK) refers (Special) to heapauxi.o(.text) for __use_two_region_memory
    startup_at32f407vgt7.o(HEAP) refers (Special) to heapauxi.o(.text) for __use_two_region_memory
    startup_at32f407vgt7.o(RESET) refers (Special) to heapauxi.o(.text) for __use_two_region_memory
    startup_at32f407vgt7.o(RESET) refers to startup_at32f407vgt7.o(STACK) for __initial_sp
    startup_at32f407vgt7.o(RESET) refers to startup_at32f407vgt7.o(.text) for Reset_Handler
    startup_at32f407vgt7.o(RESET) refers to at32f4xx_it.o(i.NMI_Handler) for NMI_Handler
    startup_at32f407vgt7.o(RESET) refers to at32f4xx_it.o(i.HardFault_Handler) for HardFault_Handler
    startup_at32f407vgt7.o(RESET) refers to at32f4xx_it.o(i.MemManage_Handler) for MemManage_Handler
    startup_at32f407vgt7.o(RESET) refers to at32f4xx_it.o(i.BusFault_Handler) for BusFault_Handler
    startup_at32f407vgt7.o(RESET) refers to at32f4xx_it.o(i.UsageFault_Handler) for UsageFault_Handler
    startup_at32f407vgt7.o(RESET) refers to at32f4xx_it.o(i.SVC_Handler) for SVC_Handler
    startup_at32f407vgt7.o(RESET) refers to at32f4xx_it.o(i.DebugMon_Handler) for DebugMon_Handler
    startup_at32f407vgt7.o(RESET) refers to at32f4xx_it.o(i.PendSV_Handler) for PendSV_Handler
    startup_at32f407vgt7.o(RESET) refers to at32f4xx_it.o(i.SysTick_Handler) for SysTick_Handler
    startup_at32f407vgt7.o(.text) refers (Special) to heapauxi.o(.text) for __use_two_region_memory
    startup_at32f407vgt7.o(.text) refers to system_at32f4xx.o(i.SystemInit) for SystemInit
    startup_at32f407vgt7.o(.text) refers to __main.o(!!!main) for __main
    startup_at32f407vgt7.o(.text) refers to startup_at32f407vgt7.o(HEAP) for Heap_Mem
    startup_at32f407vgt7.o(.text) refers to startup_at32f407vgt7.o(STACK) for Stack_Mem
    at32f4xx_dac.o(i.DAC_Reset) refers to at32f4xx_rcc.o(i.RCC_APB1PeriphResetCmd) for RCC_APB1PeriphResetCmd
    at32f4xx_gpio.o(i.GPIO_AFIOReset) refers to at32f4xx_rcc.o(i.RCC_APB2PeriphResetCmd) for RCC_APB2PeriphResetCmd
    at32f4xx_gpio.o(i.GPIO_Reset) refers to at32f4xx_rcc.o(i.RCC_APB2PeriphResetCmd) for RCC_APB2PeriphResetCmd
    at32f4xx_rcc.o(i.RCC_GetClocksFreq) refers to at32f4xx_rcc.o(.data) for APBAHBPscTable
    at32f4xx_rcc.o(i.RCC_WaitForHSEStable) refers to at32f4xx_rcc.o(i.RCC_GetFlagStatus) for RCC_GetFlagStatus
    at32f4xx_rcc.o(i.RCC_WaitForHSEStable) refers to at32f4xx_rcc.o(i.RCC_HSEENDelay) for RCC_HSEENDelay
    at32f4xx_tim.o(i.TMR_ETRClockMode1Config) refers to at32f4xx_tim.o(i.TMR_ETRConfig) for TMR_ETRConfig
    at32f4xx_tim.o(i.TMR_ETRClockMode2Config) refers to at32f4xx_tim.o(i.TMR_ETRConfig) for TMR_ETRConfig
    at32f4xx_tim.o(i.TMR_ICInit) refers to at32f4xx_tim.o(i.TI1_Config) for TI1_Config
    at32f4xx_tim.o(i.TMR_ICInit) refers to at32f4xx_tim.o(i.TMR_SetIC1DIV) for TMR_SetIC1DIV
    at32f4xx_tim.o(i.TMR_ICInit) refers to at32f4xx_tim.o(i.TI2_Config) for TI2_Config
    at32f4xx_tim.o(i.TMR_ICInit) refers to at32f4xx_tim.o(i.TMR_SetIC2DIV) for TMR_SetIC2DIV
    at32f4xx_tim.o(i.TMR_ICInit) refers to at32f4xx_tim.o(i.TI3_Config) for TI3_Config
    at32f4xx_tim.o(i.TMR_ICInit) refers to at32f4xx_tim.o(i.TMR_SetIC3DIV) for TMR_SetIC3DIV
    at32f4xx_tim.o(i.TMR_ICInit) refers to at32f4xx_tim.o(i.TI4_Config) for TI4_Config
    at32f4xx_tim.o(i.TMR_ICInit) refers to at32f4xx_tim.o(i.TMR_SetIC4DIV) for TMR_SetIC4DIV
    at32f4xx_tim.o(i.TMR_ITRxExternalClockConfig) refers to at32f4xx_tim.o(i.TMR_SelectInputTrigger) for TMR_SelectInputTrigger
    at32f4xx_tim.o(i.TMR_PWMIConfig) refers to at32f4xx_tim.o(i.TI1_Config) for TI1_Config
    at32f4xx_tim.o(i.TMR_PWMIConfig) refers to at32f4xx_tim.o(i.TMR_SetIC1DIV) for TMR_SetIC1DIV
    at32f4xx_tim.o(i.TMR_PWMIConfig) refers to at32f4xx_tim.o(i.TI2_Config) for TI2_Config
    at32f4xx_tim.o(i.TMR_PWMIConfig) refers to at32f4xx_tim.o(i.TMR_SetIC2DIV) for TMR_SetIC2DIV
    at32f4xx_tim.o(i.TMR_Reset) refers to at32f4xx_rcc.o(i.RCC_APB2PeriphResetCmd) for RCC_APB2PeriphResetCmd
    at32f4xx_tim.o(i.TMR_Reset) refers to at32f4xx_rcc.o(i.RCC_APB1PeriphResetCmd) for RCC_APB1PeriphResetCmd
    at32f4xx_tim.o(i.TMR_TIxExternalClockConfig) refers to at32f4xx_tim.o(i.TI2_Config) for TI2_Config
    at32f4xx_tim.o(i.TMR_TIxExternalClockConfig) refers to at32f4xx_tim.o(i.TI1_Config) for TI1_Config
    at32f4xx_tim.o(i.TMR_TIxExternalClockConfig) refers to at32f4xx_tim.o(i.TMR_SelectInputTrigger) for TMR_SelectInputTrigger
    __main.o(!!!main) refers to __rtentry.o(.ARM.Collect$$rtentry$$00000000) for __rt_entry
    __rtentry.o(.ARM.Collect$$rtentry$$00000000) refers (Special) to __rtentry2.o(.ARM.Collect$$rtentry$$0000000A) for __rt_entry_li
    __rtentry.o(.ARM.Collect$$rtentry$$00000000) refers (Special) to __rtentry2.o(.ARM.Collect$$rtentry$$0000000D) for __rt_entry_main
    __rtentry.o(.ARM.Collect$$rtentry$$00000000) refers (Special) to __rtentry2.o(.ARM.Collect$$rtentry$$0000000C) for __rt_entry_postli_1
    __rtentry.o(.ARM.Collect$$rtentry$$00000000) refers (Special) to __rtentry2.o(.ARM.Collect$$rtentry$$00000009) for __rt_entry_postsh_1
    __rtentry.o(.ARM.Collect$$rtentry$$00000000) refers (Special) to __rtentry2.o(.ARM.Collect$$rtentry$$00000002) for __rt_entry_presh_1
    __rtentry.o(.ARM.Collect$$rtentry$$00000000) refers (Special) to __rtentry4.o(.ARM.Collect$$rtentry$$00000004) for __rt_entry_sh
    __rtentry2.o(.ARM.Collect$$rtentry$$00000008) refers to boardinit2.o(.text) for _platform_post_stackheap_init
    __rtentry2.o(.ARM.Collect$$rtentry$$0000000A) refers to libinit.o(.ARM.Collect$$libinit$$00000000) for __rt_lib_init
    __rtentry2.o(.ARM.Collect$$rtentry$$0000000B) refers to boardinit3.o(.text) for _platform_post_lib_init
    __rtentry2.o(.ARM.Collect$$rtentry$$0000000D) refers to main.o(i.main) for main
    __rtentry2.o(.ARM.Collect$$rtentry$$0000000D) refers to exit.o(.text) for exit
    __rtentry2.o(.ARM.exidx) refers to __rtentry2.o(.ARM.Collect$$rtentry$$00000001) for .ARM.Collect$$rtentry$$00000001
    __rtentry2.o(.ARM.exidx) refers to __rtentry2.o(.ARM.Collect$$rtentry$$00000008) for .ARM.Collect$$rtentry$$00000008
    __rtentry2.o(.ARM.exidx) refers to __rtentry2.o(.ARM.Collect$$rtentry$$0000000A) for .ARM.Collect$$rtentry$$0000000A
    __rtentry2.o(.ARM.exidx) refers to __rtentry2.o(.ARM.Collect$$rtentry$$0000000B) for .ARM.Collect$$rtentry$$0000000B
    __rtentry2.o(.ARM.exidx) refers to __rtentry2.o(.ARM.Collect$$rtentry$$0000000D) for .ARM.Collect$$rtentry$$0000000D
    __rtentry4.o(.ARM.Collect$$rtentry$$00000004) refers to sys_stackheap_outer.o(.text) for __user_setup_stackheap
    __rtentry4.o(.ARM.exidx) refers to __rtentry4.o(.ARM.Collect$$rtentry$$00000004) for .ARM.Collect$$rtentry$$00000004
    sys_stackheap_outer.o(.text) refers to libspace.o(.text) for __user_perproc_libspace
    sys_stackheap_outer.o(.text) refers to startup_at32f407vgt7.o(.text) for __user_initial_stackheap
    exit.o(.text) refers to rtexit.o(.ARM.Collect$$rtexit$$00000000) for __rt_exit
    libinit.o(.ARM.Collect$$libinit$$00000000) refers (Special) to libinit2.o(.ARM.Collect$$libinit$$0000002E) for __rt_lib_init_alloca_1
    libinit.o(.ARM.Collect$$libinit$$00000000) refers (Special) to libinit2.o(.ARM.Collect$$libinit$$0000002C) for __rt_lib_init_argv_1
    libinit.o(.ARM.Collect$$libinit$$00000000) refers (Special) to libinit2.o(.ARM.Collect$$libinit$$0000001B) for __rt_lib_init_atexit_1
    libinit.o(.ARM.Collect$$libinit$$00000000) refers (Special) to libinit2.o(.ARM.Collect$$libinit$$00000021) for __rt_lib_init_clock_1
    libinit.o(.ARM.Collect$$libinit$$00000000) refers (Special) to libinit2.o(.ARM.Collect$$libinit$$00000032) for __rt_lib_init_cpp_1
    libinit.o(.ARM.Collect$$libinit$$00000000) refers (Special) to libinit2.o(.ARM.Collect$$libinit$$00000030) for __rt_lib_init_exceptions_1
    libinit.o(.ARM.Collect$$libinit$$00000000) refers (Special) to libinit2.o(.ARM.Collect$$libinit$$00000001) for __rt_lib_init_fp_1
    libinit.o(.ARM.Collect$$libinit$$00000000) refers (Special) to libinit2.o(.ARM.Collect$$libinit$$0000001F) for __rt_lib_init_fp_trap_1
    libinit.o(.ARM.Collect$$libinit$$00000000) refers (Special) to libinit2.o(.ARM.Collect$$libinit$$00000023) for __rt_lib_init_getenv_1
    libinit.o(.ARM.Collect$$libinit$$00000000) refers (Special) to libinit2.o(.ARM.Collect$$libinit$$0000000A) for __rt_lib_init_heap_1
    libinit.o(.ARM.Collect$$libinit$$00000000) refers (Special) to libinit2.o(.ARM.Collect$$libinit$$00000011) for __rt_lib_init_lc_collate_1
    libinit.o(.ARM.Collect$$libinit$$00000000) refers (Special) to libinit2.o(.ARM.Collect$$libinit$$00000013) for __rt_lib_init_lc_ctype_1
    libinit.o(.ARM.Collect$$libinit$$00000000) refers (Special) to libinit2.o(.ARM.Collect$$libinit$$00000015) for __rt_lib_init_lc_monetary_1
    libinit.o(.ARM.Collect$$libinit$$00000000) refers (Special) to libinit2.o(.ARM.Collect$$libinit$$00000017) for __rt_lib_init_lc_numeric_1
    libinit.o(.ARM.Collect$$libinit$$00000000) refers (Special) to libinit2.o(.ARM.Collect$$libinit$$00000019) for __rt_lib_init_lc_time_1
    libinit.o(.ARM.Collect$$libinit$$00000000) refers (Special) to libinit2.o(.ARM.Collect$$libinit$$00000004) for __rt_lib_init_preinit_1
    libinit.o(.ARM.Collect$$libinit$$00000000) refers (Special) to libinit2.o(.ARM.Collect$$libinit$$0000000E) for __rt_lib_init_rand_1
    libinit.o(.ARM.Collect$$libinit$$00000000) refers (Special) to libinit2.o(.ARM.Collect$$libinit$$00000033) for __rt_lib_init_return
    libinit.o(.ARM.Collect$$libinit$$00000000) refers (Special) to libinit2.o(.ARM.Collect$$libinit$$0000001D) for __rt_lib_init_signal_1
    libinit.o(.ARM.Collect$$libinit$$00000000) refers (Special) to libinit2.o(.ARM.Collect$$libinit$$00000025) for __rt_lib_init_stdio_1
    libinit.o(.ARM.Collect$$libinit$$00000000) refers (Special) to libinit2.o(.ARM.Collect$$libinit$$0000000C) for __rt_lib_init_user_alloc_1
    libspace.o(.text) refers to libspace.o(.bss) for __libspace_start
    rtexit.o(.ARM.Collect$$rtexit$$00000000) refers (Special) to rtexit2.o(.ARM.Collect$$rtexit$$00000004) for __rt_exit_exit
    rtexit.o(.ARM.Collect$$rtexit$$00000000) refers (Special) to rtexit2.o(.ARM.Collect$$rtexit$$00000003) for __rt_exit_ls
    rtexit.o(.ARM.Collect$$rtexit$$00000000) refers (Special) to rtexit2.o(.ARM.Collect$$rtexit$$00000002) for __rt_exit_prels_1
    rtexit.o(.ARM.exidx) refers (Special) to rtexit2.o(.ARM.Collect$$rtexit$$00000004) for __rt_exit_exit
    rtexit.o(.ARM.exidx) refers (Special) to rtexit2.o(.ARM.Collect$$rtexit$$00000003) for __rt_exit_ls
    rtexit.o(.ARM.exidx) refers (Special) to rtexit2.o(.ARM.Collect$$rtexit$$00000002) for __rt_exit_prels_1
    rtexit.o(.ARM.exidx) refers to rtexit.o(.ARM.Collect$$rtexit$$00000000) for .ARM.Collect$$rtexit$$00000000
    libinit2.o(.ARM.Collect$$libinit$$00000001) refers to fpinit.o(x$fpl$fpinit) for _fp_init
    libinit2.o(.ARM.Collect$$libinit$$00000010) refers to libinit2.o(.ARM.Collect$$libinit$$0000000F) for .ARM.Collect$$libinit$$0000000F
    libinit2.o(.ARM.Collect$$libinit$$00000012) refers to libinit2.o(.ARM.Collect$$libinit$$0000000F) for .ARM.Collect$$libinit$$0000000F
    libinit2.o(.ARM.Collect$$libinit$$00000014) refers to libinit2.o(.ARM.Collect$$libinit$$0000000F) for .ARM.Collect$$libinit$$0000000F
    libinit2.o(.ARM.Collect$$libinit$$00000016) refers to libinit2.o(.ARM.Collect$$libinit$$0000000F) for .ARM.Collect$$libinit$$0000000F
    libinit2.o(.ARM.Collect$$libinit$$00000018) refers to libinit2.o(.ARM.Collect$$libinit$$0000000F) for .ARM.Collect$$libinit$$0000000F
    libinit2.o(.ARM.Collect$$libinit$$00000026) refers to argv_veneer.o(.emb_text) for __ARM_argv_veneer
    libinit2.o(.ARM.Collect$$libinit$$00000027) refers to argv_veneer.o(.emb_text) for __ARM_argv_veneer
    rtexit2.o(.ARM.Collect$$rtexit$$00000003) refers to libshutdown.o(.ARM.Collect$$libshutdown$$00000000) for __rt_lib_shutdown
    rtexit2.o(.ARM.Collect$$rtexit$$00000004) refers to sys_exit.o(.text) for _sys_exit
    rtexit2.o(.ARM.exidx) refers to rtexit2.o(.ARM.Collect$$rtexit$$00000001) for .ARM.Collect$$rtexit$$00000001
    rtexit2.o(.ARM.exidx) refers to rtexit2.o(.ARM.Collect$$rtexit$$00000003) for .ARM.Collect$$rtexit$$00000003
    rtexit2.o(.ARM.exidx) refers to rtexit2.o(.ARM.Collect$$rtexit$$00000004) for .ARM.Collect$$rtexit$$00000004
    argv_veneer.o(.emb_text) refers to no_argv.o(.text) for __ARM_get_argv
    sys_exit.o(.text) refers (Special) to use_no_semi.o(.text) for __I$use$semihosting
    sys_exit.o(.text) refers (Special) to indicate_semi.o(.text) for __semihosting_library_function
    _get_argv_nomalloc.o(.text) refers (Special) to hrguard.o(.text) for __heap_region$guard
    _get_argv_nomalloc.o(.text) refers to defsig_rtmem_outer.o(.text) for __rt_SIGRTMEM
    _get_argv_nomalloc.o(.text) refers to sys_command.o(.text) for _sys_command_string
    libshutdown.o(.ARM.Collect$$libshutdown$$00000000) refers (Special) to libshutdown2.o(.ARM.Collect$$libshutdown$$00000002) for __rt_lib_shutdown_cpp_1
    libshutdown.o(.ARM.Collect$$libshutdown$$00000000) refers (Special) to libshutdown2.o(.ARM.Collect$$libshutdown$$00000007) for __rt_lib_shutdown_fp_trap_1
    libshutdown.o(.ARM.Collect$$libshutdown$$00000000) refers (Special) to libshutdown2.o(.ARM.Collect$$libshutdown$$0000000F) for __rt_lib_shutdown_heap_1
    libshutdown.o(.ARM.Collect$$libshutdown$$00000000) refers (Special) to libshutdown2.o(.ARM.Collect$$libshutdown$$00000010) for __rt_lib_shutdown_return
    libshutdown.o(.ARM.Collect$$libshutdown$$00000000) refers (Special) to libshutdown2.o(.ARM.Collect$$libshutdown$$0000000A) for __rt_lib_shutdown_signal_1
    libshutdown.o(.ARM.Collect$$libshutdown$$00000000) refers (Special) to libshutdown2.o(.ARM.Collect$$libshutdown$$00000004) for __rt_lib_shutdown_stdio_1
    libshutdown.o(.ARM.Collect$$libshutdown$$00000000) refers (Special) to libshutdown2.o(.ARM.Collect$$libshutdown$$0000000C) for __rt_lib_shutdown_user_alloc_1
    sys_command.o(.text) refers (Special) to use_no_semi.o(.text) for __I$use$semihosting
    sys_command.o(.text) refers (Special) to indicate_semi.o(.text) for __semihosting_library_function
    defsig_rtmem_outer.o(.text) refers to defsig_rtmem_inner.o(.text) for __rt_SIGRTMEM_inner
    defsig_rtmem_outer.o(.text) refers to defsig_exit.o(.text) for __sig_exit
    defsig_rtmem_formal.o(.text) refers to rt_raise.o(.text) for __rt_raise
    rt_raise.o(.text) refers to __raise.o(.text) for __raise
    rt_raise.o(.text) refers to sys_exit.o(.text) for _sys_exit
    defsig_exit.o(.text) refers to sys_exit.o(.text) for _sys_exit
    defsig_rtmem_inner.o(.text) refers to defsig_general.o(.text) for __default_signal_display
    __raise.o(.text) refers to defsig.o(CL$$defsig) for __default_signal_handler
    defsig_general.o(.text) refers to sys_wrch.o(.text) for _ttywrch
    sys_wrch.o(.text) refers (Special) to use_no_semi.o(.text) for __I$use$semihosting
    sys_wrch.o(.text) refers (Special) to indicate_semi.o(.text) for __semihosting_library_function
    defsig.o(CL$$defsig) refers to defsig_rtmem_inner.o(.text) for __rt_SIGRTMEM_inner
    defsig_abrt_inner.o(.text) refers to defsig_general.o(.text) for __default_signal_display
    defsig_fpe_inner.o(.text) refers to defsig_general.o(.text) for __default_signal_display
    defsig_rtred_inner.o(.text) refers to defsig_general.o(.text) for __default_signal_display
    defsig_stak_inner.o(.text) refers to defsig_general.o(.text) for __default_signal_display
    defsig_pvfn_inner.o(.text) refers to defsig_general.o(.text) for __default_signal_display
    defsig_cppl_inner.o(.text) refers to defsig_general.o(.text) for __default_signal_display
    defsig_segv_inner.o(.text) refers to defsig_general.o(.text) for __default_signal_display
    defsig_other.o(.text) refers to defsig_general.o(.text) for __default_signal_display


==============================================================================

Removing Unused input sections from the image.

    Removing main.o(.rev16_text), (4 bytes).
    Removing main.o(.revsh_text), (4 bytes).
    Removing main.o(.rrx_text), (6 bytes).
    Removing at32f4xx_it.o(.rev16_text), (4 bytes).
    Removing at32f4xx_it.o(.revsh_text), (4 bytes).
    Removing at32f4xx_it.o(.rrx_text), (6 bytes).
    Removing system_at32f4xx.o(.rev16_text), (4 bytes).
    Removing system_at32f4xx.o(.revsh_text), (4 bytes).
    Removing system_at32f4xx.o(.rrx_text), (6 bytes).
    Removing system_at32f4xx.o(i.SystemCoreClockUpdate), (192 bytes).
    Removing system_at32f4xx.o(.data), (20 bytes).
    Removing at32f4xx_dac.o(.rev16_text), (4 bytes).
    Removing at32f4xx_dac.o(.revsh_text), (4 bytes).
    Removing at32f4xx_dac.o(.rrx_text), (6 bytes).
    Removing at32f4xx_dac.o(i.DAC_DualSoftwareTriggerCtrl), (36 bytes).
    Removing at32f4xx_dac.o(i.DAC_GetDataOutputValue), (36 bytes).
    Removing at32f4xx_dac.o(i.DAC_Reset), (22 bytes).
    Removing at32f4xx_dac.o(i.DAC_SetChannel1Data), (32 bytes).
    Removing at32f4xx_dac.o(i.DAC_SetChannel2Data), (32 bytes).
    Removing at32f4xx_dac.o(i.DAC_SetDualChannelData), (36 bytes).
    Removing at32f4xx_dac.o(i.DAC_SoftwareTriggerCtrl), (44 bytes).
    Removing at32f4xx_dac.o(i.DAC_WaveGenerationCtrl), (40 bytes).
    Removing at32f4xx_dma.o(.rev16_text), (4 bytes).
    Removing at32f4xx_dma.o(.revsh_text), (4 bytes).
    Removing at32f4xx_dma.o(.rrx_text), (6 bytes).
    Removing at32f4xx_dma.o(i.DMA_ClearFlag), (28 bytes).
    Removing at32f4xx_dma.o(i.DMA_ClearITPendingBit), (28 bytes).
    Removing at32f4xx_dma.o(i.DMA_Flexible_Config), (198 bytes).
    Removing at32f4xx_dma.o(i.DMA_GetCurrDataCounter), (8 bytes).
    Removing at32f4xx_dma.o(i.DMA_GetFlagStatus), (44 bytes).
    Removing at32f4xx_dma.o(i.DMA_GetITStatus), (44 bytes).
    Removing at32f4xx_dma.o(i.DMA_INTConfig), (18 bytes).
    Removing at32f4xx_dma.o(i.DMA_SetCurrDataCounter), (4 bytes).
    Removing at32f4xx_gpio.o(.rev16_text), (4 bytes).
    Removing at32f4xx_gpio.o(.revsh_text), (4 bytes).
    Removing at32f4xx_gpio.o(.rrx_text), (6 bytes).
    Removing at32f4xx_gpio.o(i.GPIO_AFIOReset), (20 bytes).
    Removing at32f4xx_gpio.o(i.GPIO_ETH_MediaInterfaceConfig), (12 bytes).
    Removing at32f4xx_gpio.o(i.GPIO_EXTILineConfig), (64 bytes).
    Removing at32f4xx_gpio.o(i.GPIO_EventOutputCmd), (12 bytes).
    Removing at32f4xx_gpio.o(i.GPIO_EventOutputConfig), (32 bytes).
    Removing at32f4xx_gpio.o(i.GPIO_PinsLockConfig), (18 bytes).
    Removing at32f4xx_gpio.o(i.GPIO_PinsRemapConfig), (1392 bytes).
    Removing at32f4xx_gpio.o(i.GPIO_ReadInputData), (8 bytes).
    Removing at32f4xx_gpio.o(i.GPIO_ReadInputDataBit), (18 bytes).
    Removing at32f4xx_gpio.o(i.GPIO_ReadOutputData), (8 bytes).
    Removing at32f4xx_gpio.o(i.GPIO_ReadOutputDataBit), (18 bytes).
    Removing at32f4xx_gpio.o(i.GPIO_Reset), (144 bytes).
    Removing at32f4xx_gpio.o(i.GPIO_ResetBits), (4 bytes).
    Removing at32f4xx_gpio.o(i.GPIO_SetBits), (4 bytes).
    Removing at32f4xx_gpio.o(i.GPIO_StructInit), (16 bytes).
    Removing at32f4xx_gpio.o(i.GPIO_Write), (4 bytes).
    Removing at32f4xx_gpio.o(i.GPIO_WriteBit), (10 bytes).
    Removing at32f4xx_rcc.o(.rev16_text), (4 bytes).
    Removing at32f4xx_rcc.o(.revsh_text), (4 bytes).
    Removing at32f4xx_rcc.o(.rrx_text), (6 bytes).
    Removing at32f4xx_rcc.o(i.RCC_ADCCLKConfig), (28 bytes).
    Removing at32f4xx_rcc.o(i.RCC_AHBCLKConfig), (24 bytes).
    Removing at32f4xx_rcc.o(i.RCC_AHBPeriphResetCmd), (32 bytes).
    Removing at32f4xx_rcc.o(i.RCC_APB1CLKConfig), (24 bytes).
    Removing at32f4xx_rcc.o(i.RCC_APB1PeriphResetCmd), (32 bytes).
    Removing at32f4xx_rcc.o(i.RCC_APB2CLKConfig), (24 bytes).
    Removing at32f4xx_rcc.o(i.RCC_APB2PeriphResetCmd), (32 bytes).
    Removing at32f4xx_rcc.o(i.RCC_BackupResetCmd), (12 bytes).
    Removing at32f4xx_rcc.o(i.RCC_CLKOUTConfig), (108 bytes).
    Removing at32f4xx_rcc.o(i.RCC_ClearFlag), (20 bytes).
    Removing at32f4xx_rcc.o(i.RCC_ClearINTPendingBit), (12 bytes).
    Removing at32f4xx_rcc.o(i.RCC_GetClocksFreq), (328 bytes).
    Removing at32f4xx_rcc.o(i.RCC_GetFlagStatus), (60 bytes).
    Removing at32f4xx_rcc.o(i.RCC_GetINTStatus), (24 bytes).
    Removing at32f4xx_rcc.o(i.RCC_GetSYSCLKSelction), (16 bytes).
    Removing at32f4xx_rcc.o(i.RCC_HSEClockFailureDetectorCmd), (12 bytes).
    Removing at32f4xx_rcc.o(i.RCC_HSEConfig), (76 bytes).
    Removing at32f4xx_rcc.o(i.RCC_HSEDivConfig), (28 bytes).
    Removing at32f4xx_rcc.o(i.RCC_HSEENDelay), (12 bytes).
    Removing at32f4xx_rcc.o(i.RCC_HSI2USB48M), (56 bytes).
    Removing at32f4xx_rcc.o(i.RCC_HSICmd), (12 bytes).
    Removing at32f4xx_rcc.o(i.RCC_INTConfig), (32 bytes).
    Removing at32f4xx_rcc.o(i.RCC_LSEConfig), (52 bytes).
    Removing at32f4xx_rcc.o(i.RCC_LSICmd), (12 bytes).
    Removing at32f4xx_rcc.o(i.RCC_MCO2TMR10), (36 bytes).
    Removing at32f4xx_rcc.o(i.RCC_PLLCmd), (12 bytes).
    Removing at32f4xx_rcc.o(i.RCC_PLLConfig), (36 bytes).
    Removing at32f4xx_rcc.o(i.RCC_RTCCLKCmd), (12 bytes).
    Removing at32f4xx_rcc.o(i.RCC_RTCCLKConfig), (16 bytes).
    Removing at32f4xx_rcc.o(i.RCC_Reset), (96 bytes).
    Removing at32f4xx_rcc.o(i.RCC_SYSCLKConfig), (24 bytes).
    Removing at32f4xx_rcc.o(i.RCC_SetHSICalibValue), (44 bytes).
    Removing at32f4xx_rcc.o(i.RCC_SetHSITweakValue), (24 bytes).
    Removing at32f4xx_rcc.o(i.RCC_USBCLKConfig), (24 bytes).
    Removing at32f4xx_rcc.o(i.RCC_USBINTRemap), (36 bytes).
    Removing at32f4xx_rcc.o(i.RCC_WaitForHSEStable), (64 bytes).
    Removing at32f4xx_rcc.o(.data), (16 bytes).
    Removing at32f4xx_tim.o(.rev16_text), (4 bytes).
    Removing at32f4xx_tim.o(.revsh_text), (4 bytes).
    Removing at32f4xx_tim.o(.rrx_text), (6 bytes).
    Removing at32f4xx_tim.o(i.TI1_Config), (128 bytes).
    Removing at32f4xx_tim.o(i.TI2_Config), (152 bytes).
    Removing at32f4xx_tim.o(i.TI3_Config), (144 bytes).
    Removing at32f4xx_tim.o(i.TI4_Config), (152 bytes).
    Removing at32f4xx_tim.o(i.TMR_ARPreloadConfig), (24 bytes).
    Removing at32f4xx_tim.o(i.TMR_BRKDTConfig), (32 bytes).
    Removing at32f4xx_tim.o(i.TMR_BRKDTStructInit), (18 bytes).
    Removing at32f4xx_tim.o(i.TMR_CCPreloadControl), (24 bytes).
    Removing at32f4xx_tim.o(i.TMR_CCxCmd), (30 bytes).
    Removing at32f4xx_tim.o(i.TMR_CCxNCmd), (30 bytes).
    Removing at32f4xx_tim.o(i.TMR_ClearFlag), (6 bytes).
    Removing at32f4xx_tim.o(i.TMR_ClearITPendingBit), (6 bytes).
    Removing at32f4xx_tim.o(i.TMR_ClearOC1Ref), (18 bytes).
    Removing at32f4xx_tim.o(i.TMR_ClearOC2Ref), (24 bytes).
    Removing at32f4xx_tim.o(i.TMR_ClearOC3Ref), (18 bytes).
    Removing at32f4xx_tim.o(i.TMR_ClearOC4Ref), (24 bytes).
    Removing at32f4xx_tim.o(i.TMR_CounterModeConfig), (18 bytes).
    Removing at32f4xx_tim.o(i.TMR_CtrlPWMOutputs), (30 bytes).
    Removing at32f4xx_tim.o(i.TMR_DIVConfig), (6 bytes).
    Removing at32f4xx_tim.o(i.TMR_DMACmd), (18 bytes).
    Removing at32f4xx_tim.o(i.TMR_DMAConfig), (10 bytes).
    Removing at32f4xx_tim.o(i.TMR_ETRClockMode1Config), (54 bytes).
    Removing at32f4xx_tim.o(i.TMR_ETRClockMode2Config), (32 bytes).
    Removing at32f4xx_tim.o(i.TMR_ETRConfig), (28 bytes).
    Removing at32f4xx_tim.o(i.TMR_EncoderInterfaceConfig), (66 bytes).
    Removing at32f4xx_tim.o(i.TMR_ForcedOC1Config), (18 bytes).
    Removing at32f4xx_tim.o(i.TMR_ForcedOC2Config), (26 bytes).
    Removing at32f4xx_tim.o(i.TMR_ForcedOC3Config), (18 bytes).
    Removing at32f4xx_tim.o(i.TMR_ForcedOC4Config), (26 bytes).
    Removing at32f4xx_tim.o(i.TMR_GenerateEvent), (4 bytes).
    Removing at32f4xx_tim.o(i.TMR_GetCapture1), (6 bytes).
    Removing at32f4xx_tim.o(i.TMR_GetCapture2), (6 bytes).
    Removing at32f4xx_tim.o(i.TMR_GetCapture3), (6 bytes).
    Removing at32f4xx_tim.o(i.TMR_GetCapture4), (6 bytes).
    Removing at32f4xx_tim.o(i.TMR_GetCounter), (6 bytes).
    Removing at32f4xx_tim.o(i.TMR_GetDIV), (6 bytes).
    Removing at32f4xx_tim.o(i.TMR_GetFlagStatus), (18 bytes).
    Removing at32f4xx_tim.o(i.TMR_GetINTStatus), (34 bytes).
    Removing at32f4xx_tim.o(i.TMR_ICInit), (172 bytes).
    Removing at32f4xx_tim.o(i.TMR_ICStructInit), (18 bytes).
    Removing at32f4xx_tim.o(i.TMR_INTConfig), (18 bytes).
    Removing at32f4xx_tim.o(i.TMR_ITRxExternalClockConfig), (24 bytes).
    Removing at32f4xx_tim.o(i.TMR_InternalClockConfig), (12 bytes).
    Removing at32f4xx_tim.o(i.TMR_OC1FastConfig), (18 bytes).
    Removing at32f4xx_tim.o(i.TMR_OC1Init), (98 bytes).
    Removing at32f4xx_tim.o(i.TMR_OC1NPolarityConfig), (18 bytes).
    Removing at32f4xx_tim.o(i.TMR_OC1PolarityConfig), (18 bytes).
    Removing at32f4xx_tim.o(i.TMR_OC1PreloadConfig), (18 bytes).
    Removing at32f4xx_tim.o(i.TMR_OC2FastConfig), (26 bytes).
    Removing at32f4xx_tim.o(i.TMR_OC2Init), (138 bytes).
    Removing at32f4xx_tim.o(i.TMR_OC2NPolarityConfig), (26 bytes).
    Removing at32f4xx_tim.o(i.TMR_OC2PolarityConfig), (26 bytes).
    Removing at32f4xx_tim.o(i.TMR_OC2PreloadConfig), (26 bytes).
    Removing at32f4xx_tim.o(i.TMR_OC3FastConfig), (18 bytes).
    Removing at32f4xx_tim.o(i.TMR_OC3Init), (134 bytes).
    Removing at32f4xx_tim.o(i.TMR_OC3NPolarityConfig), (26 bytes).
    Removing at32f4xx_tim.o(i.TMR_OC3PolarityConfig), (26 bytes).
    Removing at32f4xx_tim.o(i.TMR_OC3PreloadConfig), (18 bytes).
    Removing at32f4xx_tim.o(i.TMR_OC4FastConfig), (26 bytes).
    Removing at32f4xx_tim.o(i.TMR_OC4Init), (96 bytes).
    Removing at32f4xx_tim.o(i.TMR_OC4PolarityConfig), (26 bytes).
    Removing at32f4xx_tim.o(i.TMR_OC4PreloadConfig), (26 bytes).
    Removing at32f4xx_tim.o(i.TMR_OCStructInit), (20 bytes).
    Removing at32f4xx_tim.o(i.TMR_PWMIConfig), (124 bytes).
    Removing at32f4xx_tim.o(i.TMR_Reset), (232 bytes).
    Removing at32f4xx_tim.o(i.TMR_SelectCCDMA), (24 bytes).
    Removing at32f4xx_tim.o(i.TMR_SelectHALL), (24 bytes).
    Removing at32f4xx_tim.o(i.TMR_SelectHallSensor), (24 bytes).
    Removing at32f4xx_tim.o(i.TMR_SelectInputTrigger), (18 bytes).
    Removing at32f4xx_tim.o(i.TMR_SelectMasterSlaveMode), (18 bytes).
    Removing at32f4xx_tim.o(i.TMR_SelectOCxM), (82 bytes).
    Removing at32f4xx_tim.o(i.TMR_SelectOnePulseMode), (18 bytes).
    Removing at32f4xx_tim.o(i.TMR_SelectPlusMode), (56 bytes).
    Removing at32f4xx_tim.o(i.TMR_SelectSlaveMode), (18 bytes).
    Removing at32f4xx_tim.o(i.TMR_SetAutoreload), (4 bytes).
    Removing at32f4xx_tim.o(i.TMR_SetClockDivision), (18 bytes).
    Removing at32f4xx_tim.o(i.TMR_SetCompare1), (4 bytes).
    Removing at32f4xx_tim.o(i.TMR_SetCompare2), (4 bytes).
    Removing at32f4xx_tim.o(i.TMR_SetCompare3), (4 bytes).
    Removing at32f4xx_tim.o(i.TMR_SetCompare4), (4 bytes).
    Removing at32f4xx_tim.o(i.TMR_SetCounter), (4 bytes).
    Removing at32f4xx_tim.o(i.TMR_SetIC1DIV), (18 bytes).
    Removing at32f4xx_tim.o(i.TMR_SetIC2DIV), (26 bytes).
    Removing at32f4xx_tim.o(i.TMR_SetIC3DIV), (18 bytes).
    Removing at32f4xx_tim.o(i.TMR_SetIC4DIV), (26 bytes).
    Removing at32f4xx_tim.o(i.TMR_TIxExternalClockConfig), (62 bytes).
    Removing at32f4xx_tim.o(i.TMR_UpdateDisableConfig), (24 bytes).
    Removing at32f4xx_tim.o(i.TMR_UpdateRequestConfig), (24 bytes).
    Removing misc.o(.rev16_text), (4 bytes).
    Removing misc.o(.revsh_text), (4 bytes).
    Removing misc.o(.rrx_text), (6 bytes).
    Removing misc.o(i.NVIC_Init), (112 bytes).
    Removing misc.o(i.NVIC_PriorityGroupConfig), (20 bytes).
    Removing misc.o(i.NVIC_SetVectorTable), (20 bytes).
    Removing misc.o(i.NVIC_SystemLPConfig), (32 bytes).
    Removing misc.o(i.SysTick_CLKSourceConfig), (40 bytes).

192 unused section(s) (total 7726 bytes) removed from the image.

==============================================================================

Image Symbol Table

    Local Symbols

    Symbol Name                              Value     Ov Type        Size  Object(Section)

    ../clib/angel/boardlib.s                 0x00000000   Number         0  boardinit2.o ABSOLUTE
    ../clib/angel/boardlib.s                 0x00000000   Number         0  boardshut.o ABSOLUTE
    ../clib/angel/boardlib.s                 0x00000000   Number         0  boardinit3.o ABSOLUTE
    ../clib/angel/boardlib.s                 0x00000000   Number         0  boardinit1.o ABSOLUTE
    ../clib/angel/handlers.s                 0x00000000   Number         0  __scatter_zi.o ABSOLUTE
    ../clib/angel/handlers.s                 0x00000000   Number         0  __scatter_copy.o ABSOLUTE
    ../clib/angel/kernel.s                   0x00000000   Number         0  rtexit2.o ABSOLUTE
    ../clib/angel/kernel.s                   0x00000000   Number         0  __rtentry.o ABSOLUTE
    ../clib/angel/kernel.s                   0x00000000   Number         0  __rtentry2.o ABSOLUTE
    ../clib/angel/kernel.s                   0x00000000   Number         0  rtexit.o ABSOLUTE
    ../clib/angel/kernel.s                   0x00000000   Number         0  __rtentry4.o ABSOLUTE
    ../clib/angel/rt.s                       0x00000000   Number         0  rt_raise.o ABSOLUTE
    ../clib/angel/scatter.s                  0x00000000   Number         0  __scatter.o ABSOLUTE
    ../clib/angel/startup.s                  0x00000000   Number         0  __main.o ABSOLUTE
    ../clib/angel/sys.s                      0x00000000   Number         0  libspace.o ABSOLUTE
    ../clib/angel/sys.s                      0x00000000   Number         0  sys_stackheap_outer.o ABSOLUTE
    ../clib/angel/sys.s                      0x00000000   Number         0  use_no_semi.o ABSOLUTE
    ../clib/angel/sys.s                      0x00000000   Number         0  indicate_semi.o ABSOLUTE
    ../clib/angel/sysapp.c                   0x00000000   Number         0  sys_exit.o ABSOLUTE
    ../clib/angel/sysapp.c                   0x00000000   Number         0  sys_wrch.o ABSOLUTE
    ../clib/angel/sysapp.c                   0x00000000   Number         0  sys_command.o ABSOLUTE
    ../clib/armsys.c                         0x00000000   Number         0  _get_argv_nomalloc.o ABSOLUTE
    ../clib/armsys.c                         0x00000000   Number         0  no_argv.o ABSOLUTE
    ../clib/armsys.c                         0x00000000   Number         0  argv_veneer.o ABSOLUTE
    ../clib/armsys.c                         0x00000000   Number         0  argv_veneer.o ABSOLUTE
    ../clib/heapalloc.c                      0x00000000   Number         0  hrguard.o ABSOLUTE
    ../clib/heapaux.c                        0x00000000   Number         0  heapauxi.o ABSOLUTE
    ../clib/libinit.s                        0x00000000   Number         0  libinit2.o ABSOLUTE
    ../clib/libinit.s                        0x00000000   Number         0  libshutdown2.o ABSOLUTE
    ../clib/libinit.s                        0x00000000   Number         0  libinit.o ABSOLUTE
    ../clib/libinit.s                        0x00000000   Number         0  libshutdown.o ABSOLUTE
    ../clib/signal.c                         0x00000000   Number         0  defsig_rtmem_inner.o ABSOLUTE
    ../clib/signal.c                         0x00000000   Number         0  defsig_exit.o ABSOLUTE
    ../clib/signal.c                         0x00000000   Number         0  defsig_pvfn_inner.o ABSOLUTE
    ../clib/signal.c                         0x00000000   Number         0  defsig_stak_inner.o ABSOLUTE
    ../clib/signal.c                         0x00000000   Number         0  defsig_rtred_inner.o ABSOLUTE
    ../clib/signal.c                         0x00000000   Number         0  defsig_fpe_inner.o ABSOLUTE
    ../clib/signal.c                         0x00000000   Number         0  defsig_abrt_inner.o ABSOLUTE
    ../clib/signal.c                         0x00000000   Number         0  defsig_segv_inner.o ABSOLUTE
    ../clib/signal.c                         0x00000000   Number         0  defsig_general.o ABSOLUTE
    ../clib/signal.c                         0x00000000   Number         0  __raise.o ABSOLUTE
    ../clib/signal.c                         0x00000000   Number         0  defsig_other.o ABSOLUTE
    ../clib/signal.c                         0x00000000   Number         0  defsig_rtmem_formal.o ABSOLUTE
    ../clib/signal.c                         0x00000000   Number         0  defsig_rtmem_outer.o ABSOLUTE
    ../clib/signal.c                         0x00000000   Number         0  defsig_cppl_inner.o ABSOLUTE
    ../clib/signal.s                         0x00000000   Number         0  defsig.o ABSOLUTE
    ../clib/stdlib.c                         0x00000000   Number         0  exit.o ABSOLUTE
    ../fplib/fpinit.s                        0x00000000   Number         0  fpinit.o ABSOLUTE
    ..\..\..\..\..\..\Libraries\AT32F4xx_StdPeriph_Driver\src\at32f4xx_dac.c 0x00000000   Number         0  at32f4xx_dac.o ABSOLUTE
    ..\..\..\..\..\..\Libraries\AT32F4xx_StdPeriph_Driver\src\at32f4xx_dma.c 0x00000000   Number         0  at32f4xx_dma.o ABSOLUTE
    ..\..\..\..\..\..\Libraries\AT32F4xx_StdPeriph_Driver\src\at32f4xx_gpio.c 0x00000000   Number         0  at32f4xx_gpio.o ABSOLUTE
    ..\..\..\..\..\..\Libraries\AT32F4xx_StdPeriph_Driver\src\at32f4xx_rcc.c 0x00000000   Number         0  at32f4xx_rcc.o ABSOLUTE
    ..\..\..\..\..\..\Libraries\AT32F4xx_StdPeriph_Driver\src\at32f4xx_tim.c 0x00000000   Number         0  at32f4xx_tim.o ABSOLUTE
    ..\..\..\..\..\..\Libraries\AT32F4xx_StdPeriph_Driver\src\misc.c 0x00000000   Number         0  misc.o ABSOLUTE
    ..\..\..\..\..\..\Libraries\CMSIS\CM4\DeviceSupport\startup\mdk\startup_at32f407vgt7.s 0x00000000   Number         0  startup_at32f407vgt7.o ABSOLUTE
    ..\\..\\..\\..\\..\\..\\Libraries\\AT32F4xx_StdPeriph_Driver\\src\\at32f4xx_dac.c 0x00000000   Number         0  at32f4xx_dac.o ABSOLUTE
    ..\\..\\..\\..\\..\\..\\Libraries\\AT32F4xx_StdPeriph_Driver\\src\\at32f4xx_dma.c 0x00000000   Number         0  at32f4xx_dma.o ABSOLUTE
    ..\\..\\..\\..\\..\\..\\Libraries\\AT32F4xx_StdPeriph_Driver\\src\\at32f4xx_gpio.c 0x00000000   Number         0  at32f4xx_gpio.o ABSOLUTE
    ..\\..\\..\\..\\..\\..\\Libraries\\AT32F4xx_StdPeriph_Driver\\src\\at32f4xx_rcc.c 0x00000000   Number         0  at32f4xx_rcc.o ABSOLUTE
    ..\\..\\..\\..\\..\\..\\Libraries\\AT32F4xx_StdPeriph_Driver\\src\\at32f4xx_tim.c 0x00000000   Number         0  at32f4xx_tim.o ABSOLUTE
    ..\\..\\..\\..\\..\\..\\Libraries\\AT32F4xx_StdPeriph_Driver\\src\\misc.c 0x00000000   Number         0  misc.o ABSOLUTE
    ..\\at32f4xx_it.c                        0x00000000   Number         0  at32f4xx_it.o ABSOLUTE
    ..\\main.c                               0x00000000   Number         0  main.o ABSOLUTE
    ..\\system_at32f4xx.c                    0x00000000   Number         0  system_at32f4xx.o ABSOLUTE
    ..\at32f4xx_it.c                         0x00000000   Number         0  at32f4xx_it.o ABSOLUTE
    ..\main.c                                0x00000000   Number         0  main.o ABSOLUTE
    ..\system_at32f4xx.c                     0x00000000   Number         0  system_at32f4xx.o ABSOLUTE
    dc.s                                     0x00000000   Number         0  dc.o ABSOLUTE
    RESET                                    0x08000000   Section      388  startup_at32f407vgt7.o(RESET)
    !!!main                                  0x08000184   Section        8  __main.o(!!!main)
    !!!scatter                               0x0800018c   Section       52  __scatter.o(!!!scatter)
    !!handler_copy                           0x080001c0   Section       26  __scatter_copy.o(!!handler_copy)
    !!handler_zi                             0x080001dc   Section       28  __scatter_zi.o(!!handler_zi)
    .ARM.Collect$$libinit$$00000000          0x080001f8   Section        2  libinit.o(.ARM.Collect$$libinit$$00000000)
    .ARM.Collect$$libinit$$00000001          0x080001fa   Section        4  libinit2.o(.ARM.Collect$$libinit$$00000001)
    .ARM.Collect$$libinit$$00000004          0x080001fe   Section        0  libinit2.o(.ARM.Collect$$libinit$$00000004)
    .ARM.Collect$$libinit$$0000000A          0x080001fe   Section        0  libinit2.o(.ARM.Collect$$libinit$$0000000A)
    .ARM.Collect$$libinit$$0000000C          0x080001fe   Section        0  libinit2.o(.ARM.Collect$$libinit$$0000000C)
    .ARM.Collect$$libinit$$0000000E          0x080001fe   Section        0  libinit2.o(.ARM.Collect$$libinit$$0000000E)
    .ARM.Collect$$libinit$$00000011          0x080001fe   Section        0  libinit2.o(.ARM.Collect$$libinit$$00000011)
    .ARM.Collect$$libinit$$00000013          0x080001fe   Section        0  libinit2.o(.ARM.Collect$$libinit$$00000013)
    .ARM.Collect$$libinit$$00000015          0x080001fe   Section        0  libinit2.o(.ARM.Collect$$libinit$$00000015)
    .ARM.Collect$$libinit$$00000017          0x080001fe   Section        0  libinit2.o(.ARM.Collect$$libinit$$00000017)
    .ARM.Collect$$libinit$$00000019          0x080001fe   Section        0  libinit2.o(.ARM.Collect$$libinit$$00000019)
    .ARM.Collect$$libinit$$0000001B          0x080001fe   Section        0  libinit2.o(.ARM.Collect$$libinit$$0000001B)
    .ARM.Collect$$libinit$$0000001D          0x080001fe   Section        0  libinit2.o(.ARM.Collect$$libinit$$0000001D)
    .ARM.Collect$$libinit$$0000001F          0x080001fe   Section        0  libinit2.o(.ARM.Collect$$libinit$$0000001F)
    .ARM.Collect$$libinit$$00000021          0x080001fe   Section        0  libinit2.o(.ARM.Collect$$libinit$$00000021)
    .ARM.Collect$$libinit$$00000023          0x080001fe   Section        0  libinit2.o(.ARM.Collect$$libinit$$00000023)
    .ARM.Collect$$libinit$$00000025          0x080001fe   Section        0  libinit2.o(.ARM.Collect$$libinit$$00000025)
    .ARM.Collect$$libinit$$0000002C          0x080001fe   Section        0  libinit2.o(.ARM.Collect$$libinit$$0000002C)
    .ARM.Collect$$libinit$$0000002E          0x080001fe   Section        0  libinit2.o(.ARM.Collect$$libinit$$0000002E)
    .ARM.Collect$$libinit$$00000030          0x080001fe   Section        0  libinit2.o(.ARM.Collect$$libinit$$00000030)
    .ARM.Collect$$libinit$$00000032          0x080001fe   Section        0  libinit2.o(.ARM.Collect$$libinit$$00000032)
    .ARM.Collect$$libinit$$00000033          0x080001fe   Section        2  libinit2.o(.ARM.Collect$$libinit$$00000033)
    .ARM.Collect$$libshutdown$$00000000      0x08000200   Section        2  libshutdown.o(.ARM.Collect$$libshutdown$$00000000)
    .ARM.Collect$$libshutdown$$00000002      0x08000202   Section        0  libshutdown2.o(.ARM.Collect$$libshutdown$$00000002)
    .ARM.Collect$$libshutdown$$00000004      0x08000202   Section        0  libshutdown2.o(.ARM.Collect$$libshutdown$$00000004)
    .ARM.Collect$$libshutdown$$00000007      0x08000202   Section        0  libshutdown2.o(.ARM.Collect$$libshutdown$$00000007)
    .ARM.Collect$$libshutdown$$0000000A      0x08000202   Section        0  libshutdown2.o(.ARM.Collect$$libshutdown$$0000000A)
    .ARM.Collect$$libshutdown$$0000000C      0x08000202   Section        0  libshutdown2.o(.ARM.Collect$$libshutdown$$0000000C)
    .ARM.Collect$$libshutdown$$0000000F      0x08000202   Section        0  libshutdown2.o(.ARM.Collect$$libshutdown$$0000000F)
    .ARM.Collect$$libshutdown$$00000010      0x08000202   Section        2  libshutdown2.o(.ARM.Collect$$libshutdown$$00000010)
    .ARM.Collect$$rtentry$$00000000          0x08000204   Section        0  __rtentry.o(.ARM.Collect$$rtentry$$00000000)
    .ARM.Collect$$rtentry$$00000002          0x08000204   Section        0  __rtentry2.o(.ARM.Collect$$rtentry$$00000002)
    .ARM.Collect$$rtentry$$00000004          0x08000204   Section        6  __rtentry4.o(.ARM.Collect$$rtentry$$00000004)
    .ARM.Collect$$rtentry$$00000009          0x0800020a   Section        0  __rtentry2.o(.ARM.Collect$$rtentry$$00000009)
    .ARM.Collect$$rtentry$$0000000A          0x0800020a   Section        4  __rtentry2.o(.ARM.Collect$$rtentry$$0000000A)
    .ARM.Collect$$rtentry$$0000000C          0x0800020e   Section        0  __rtentry2.o(.ARM.Collect$$rtentry$$0000000C)
    .ARM.Collect$$rtentry$$0000000D          0x0800020e   Section        8  __rtentry2.o(.ARM.Collect$$rtentry$$0000000D)
    .ARM.Collect$$rtexit$$00000000           0x08000216   Section        2  rtexit.o(.ARM.Collect$$rtexit$$00000000)
    .ARM.Collect$$rtexit$$00000002           0x08000218   Section        0  rtexit2.o(.ARM.Collect$$rtexit$$00000002)
    .ARM.Collect$$rtexit$$00000003           0x08000218   Section        4  rtexit2.o(.ARM.Collect$$rtexit$$00000003)
    .ARM.Collect$$rtexit$$00000004           0x0800021c   Section        6  rtexit2.o(.ARM.Collect$$rtexit$$00000004)
    .text                                    0x08000224   Section       64  startup_at32f407vgt7.o(.text)
    $v0                                      0x08000224   Number         0  startup_at32f407vgt7.o(.text)
    .text                                    0x08000264   Section        0  heapauxi.o(.text)
    .text                                    0x0800026a   Section       74  sys_stackheap_outer.o(.text)
    .text                                    0x080002b4   Section        0  exit.o(.text)
    .text                                    0x080002c8   Section        8  libspace.o(.text)
    .text                                    0x080002d0   Section        0  sys_exit.o(.text)
    .text                                    0x080002dc   Section        2  use_no_semi.o(.text)
    .text                                    0x080002de   Section        0  indicate_semi.o(.text)
    i.BusFault_Handler                       0x080002de   Section        0  at32f4xx_it.o(i.BusFault_Handler)
    i.DAC_Ctrl                               0x080002e4   Section        0  at32f4xx_dac.o(i.DAC_Ctrl)
    i.DAC_DMACtrl                            0x0800030c   Section        0  at32f4xx_dac.o(i.DAC_DMACtrl)
    i.DAC_Init                               0x08000338   Section        0  at32f4xx_dac.o(i.DAC_Init)
    i.DAC_StructInit                         0x0800036c   Section        0  at32f4xx_dac.o(i.DAC_StructInit)
    i.DMA_ChannelEnable                      0x08000378   Section        0  at32f4xx_dma.o(i.DMA_ChannelEnable)
    i.DMA_DefaultInitParaConfig              0x08000390   Section        0  at32f4xx_dma.o(i.DMA_DefaultInitParaConfig)
    i.DMA_Init                               0x080003aa   Section        0  at32f4xx_dma.o(i.DMA_Init)
    i.DMA_Reset                              0x080003e8   Section        0  at32f4xx_dma.o(i.DMA_Reset)
    i.DebugMon_Handler                       0x08000534   Section        0  at32f4xx_it.o(i.DebugMon_Handler)
    i.GPIO_Configuration                     0x08000538   Section        0  main.o(i.GPIO_Configuration)
    i.GPIO_Init                              0x08000554   Section        0  at32f4xx_gpio.o(i.GPIO_Init)
    i.HardFault_Handler                      0x0800066a   Section        0  at32f4xx_it.o(i.HardFault_Handler)
    i.MemManage_Handler                      0x0800066e   Section        0  at32f4xx_it.o(i.MemManage_Handler)
    i.NMI_Handler                            0x08000672   Section        0  at32f4xx_it.o(i.NMI_Handler)
    i.PendSV_Handler                         0x08000674   Section        0  at32f4xx_it.o(i.PendSV_Handler)
    i.RCC_AHBPeriphClockCmd                  0x08000678   Section        0  at32f4xx_rcc.o(i.RCC_AHBPeriphClockCmd)
    i.RCC_APB1PeriphClockCmd                 0x08000698   Section        0  at32f4xx_rcc.o(i.RCC_APB1PeriphClockCmd)
    i.RCC_APB2PeriphClockCmd                 0x080006b8   Section        0  at32f4xx_rcc.o(i.RCC_APB2PeriphClockCmd)
    i.RCC_Configuration                      0x080006d8   Section        0  main.o(i.RCC_Configuration)
    i.RCC_StepModeCmd                        0x080006fc   Section        0  at32f4xx_rcc.o(i.RCC_StepModeCmd)
    i.SVC_Handler                            0x08000720   Section        0  at32f4xx_it.o(i.SVC_Handler)
    i.SetSysClock                            0x08000722   Section        0  system_at32f4xx.o(i.SetSysClock)
    SetSysClock                              0x08000723   Thumb Code     8  system_at32f4xx.o(i.SetSysClock)
    i.SetSysClockTo240M                      0x0800072c   Section        0  system_at32f4xx.o(i.SetSysClockTo240M)
    SetSysClockTo240M                        0x0800072d   Thumb Code   222  system_at32f4xx.o(i.SetSysClockTo240M)
    i.SysTick_Handler                        0x08000818   Section        0  at32f4xx_it.o(i.SysTick_Handler)
    i.SystemInit                             0x0800081c   Section        0  system_at32f4xx.o(i.SystemInit)
    i.TMR_Cmd                                0x080008a0   Section        0  at32f4xx_tim.o(i.TMR_Cmd)
    i.TMR_SelectOutputTrigger                0x080008b8   Section        0  at32f4xx_tim.o(i.TMR_SelectOutputTrigger)
    i.TMR_TimeBaseInit                       0x080008cc   Section        0  at32f4xx_tim.o(i.TMR_TimeBaseInit)
    i.TMR_TimeBaseStructInit                 0x08000928   Section        0  at32f4xx_tim.o(i.TMR_TimeBaseStructInit)
    i.UsageFault_Handler                     0x0800093a   Section        0  at32f4xx_it.o(i.UsageFault_Handler)
    i.main                                   0x08000940   Section        0  main.o(i.main)
    x$fpl$fpinit                             0x08000a4c   Section       10  fpinit.o(x$fpl$fpinit)
    $v0                                      0x08000a4c   Number         0  fpinit.o(x$fpl$fpinit)
    .constdata                               0x08000a56   Section       64  main.o(.constdata)
    .data                                    0x20000000   Section        4  main.o(.data)
    .bss                                     0x20000004   Section      204  main.o(.bss)
    .bss                                     0x200000d0   Section       96  libspace.o(.bss)
    HEAP                                     0x20000130   Section      512  startup_at32f407vgt7.o(HEAP)
    Heap_Mem                                 0x20000130   Data         512  startup_at32f407vgt7.o(HEAP)
    STACK                                    0x20000330   Section     1024  startup_at32f407vgt7.o(STACK)
    Stack_Mem                                0x20000330   Data        1024  startup_at32f407vgt7.o(STACK)
    __initial_sp                             0x20000730   Data           0  startup_at32f407vgt7.o(STACK)

    Global Symbols

    Symbol Name                              Value     Ov Type        Size  Object(Section)

    BuildAttributes$$THM_ISAv4$E$P$D$K$B$S$7EM$VFPi3$EXTD16$VFPS$VFMA$PE$A:L22UL41UL21$X:L11$S22US41US21$IEEE1$IW$USESV6$~STKCKD$USESV7$~SHL$OSPACE$ROPI$EBA8$UX$STANDARDLIB$REQ8$PRES8$EABIv2 0x00000000   Number         0  anon$$obj.o ABSOLUTE
    __ARM_use_no_argv                        0x00000000   Number         0  main.o ABSOLUTE
    __ARM_exceptions_init                     - Undefined Weak Reference
    __alloca_initialize                       - Undefined Weak Reference
    __arm_preinit_                            - Undefined Weak Reference
    __cpp_initialize__aeabi_                  - Undefined Weak Reference
    __cxa_finalize                            - Undefined Weak Reference
    __rt_locale                               - Undefined Weak Reference
    __sigvec_lookup                           - Undefined Weak Reference
    _atexit_init                              - Undefined Weak Reference
    _call_atexit_fns                          - Undefined Weak Reference
    _clock_init                               - Undefined Weak Reference
    _fp_trap_init                             - Undefined Weak Reference
    _fp_trap_shutdown                         - Undefined Weak Reference
    _get_lc_collate                           - Undefined Weak Reference
    _get_lc_ctype                             - Undefined Weak Reference
    _get_lc_monetary                          - Undefined Weak Reference
    _get_lc_numeric                           - Undefined Weak Reference
    _get_lc_time                              - Undefined Weak Reference
    _getenv_init                              - Undefined Weak Reference
    _handle_redirection                       - Undefined Weak Reference
    _init_alloc                               - Undefined Weak Reference
    _init_user_alloc                          - Undefined Weak Reference
    _initio                                   - Undefined Weak Reference
    _rand_init                                - Undefined Weak Reference
    _signal_finish                            - Undefined Weak Reference
    _signal_init                              - Undefined Weak Reference
    _terminate_alloc                          - Undefined Weak Reference
    _terminate_user_alloc                     - Undefined Weak Reference
    _terminateio                              - Undefined Weak Reference
    __Vectors_Size                           0x00000184   Number         0  startup_at32f407vgt7.o ABSOLUTE
    __Vectors                                0x08000000   Data           4  startup_at32f407vgt7.o(RESET)
    __Vectors_End                            0x08000184   Data           0  startup_at32f407vgt7.o(RESET)
    __main                                   0x08000185   Thumb Code     8  __main.o(!!!main)
    __scatterload                            0x0800018d   Thumb Code     0  __scatter.o(!!!scatter)
    __scatterload_rt2                        0x0800018d   Thumb Code    44  __scatter.o(!!!scatter)
    __scatterload_rt2_thumb_only             0x0800018d   Thumb Code     0  __scatter.o(!!!scatter)
    __scatterload_null                       0x0800019b   Thumb Code     0  __scatter.o(!!!scatter)
    __scatterload_copy                       0x080001c1   Thumb Code    26  __scatter_copy.o(!!handler_copy)
    __scatterload_zeroinit                   0x080001dd   Thumb Code    28  __scatter_zi.o(!!handler_zi)
    __rt_lib_init                            0x080001f9   Thumb Code     0  libinit.o(.ARM.Collect$$libinit$$00000000)
    __rt_lib_init_fp_1                       0x080001fb   Thumb Code     0  libinit2.o(.ARM.Collect$$libinit$$00000001)
    __rt_lib_init_alloca_1                   0x080001ff   Thumb Code     0  libinit2.o(.ARM.Collect$$libinit$$0000002E)
    __rt_lib_init_argv_1                     0x080001ff   Thumb Code     0  libinit2.o(.ARM.Collect$$libinit$$0000002C)
    __rt_lib_init_atexit_1                   0x080001ff   Thumb Code     0  libinit2.o(.ARM.Collect$$libinit$$0000001B)
    __rt_lib_init_clock_1                    0x080001ff   Thumb Code     0  libinit2.o(.ARM.Collect$$libinit$$00000021)
    __rt_lib_init_cpp_1                      0x080001ff   Thumb Code     0  libinit2.o(.ARM.Collect$$libinit$$00000032)
    __rt_lib_init_exceptions_1               0x080001ff   Thumb Code     0  libinit2.o(.ARM.Collect$$libinit$$00000030)
    __rt_lib_init_fp_trap_1                  0x080001ff   Thumb Code     0  libinit2.o(.ARM.Collect$$libinit$$0000001F)
    __rt_lib_init_getenv_1                   0x080001ff   Thumb Code     0  libinit2.o(.ARM.Collect$$libinit$$00000023)
    __rt_lib_init_heap_1                     0x080001ff   Thumb Code     0  libinit2.o(.ARM.Collect$$libinit$$0000000A)
    __rt_lib_init_lc_collate_1               0x080001ff   Thumb Code     0  libinit2.o(.ARM.Collect$$libinit$$00000011)
    __rt_lib_init_lc_ctype_1                 0x080001ff   Thumb Code     0  libinit2.o(.ARM.Collect$$libinit$$00000013)
    __rt_lib_init_lc_monetary_1              0x080001ff   Thumb Code     0  libinit2.o(.ARM.Collect$$libinit$$00000015)
    __rt_lib_init_lc_numeric_1               0x080001ff   Thumb Code     0  libinit2.o(.ARM.Collect$$libinit$$00000017)
    __rt_lib_init_lc_time_1                  0x080001ff   Thumb Code     0  libinit2.o(.ARM.Collect$$libinit$$00000019)
    __rt_lib_init_preinit_1                  0x080001ff   Thumb Code     0  libinit2.o(.ARM.Collect$$libinit$$00000004)
    __rt_lib_init_rand_1                     0x080001ff   Thumb Code     0  libinit2.o(.ARM.Collect$$libinit$$0000000E)
    __rt_lib_init_return                     0x080001ff   Thumb Code     0  libinit2.o(.ARM.Collect$$libinit$$00000033)
    __rt_lib_init_signal_1                   0x080001ff   Thumb Code     0  libinit2.o(.ARM.Collect$$libinit$$0000001D)
    __rt_lib_init_stdio_1                    0x080001ff   Thumb Code     0  libinit2.o(.ARM.Collect$$libinit$$00000025)
    __rt_lib_init_user_alloc_1               0x080001ff   Thumb Code     0  libinit2.o(.ARM.Collect$$libinit$$0000000C)
    __rt_lib_shutdown                        0x08000201   Thumb Code     0  libshutdown.o(.ARM.Collect$$libshutdown$$00000000)
    __rt_lib_shutdown_cpp_1                  0x08000203   Thumb Code     0  libshutdown2.o(.ARM.Collect$$libshutdown$$00000002)
    __rt_lib_shutdown_fp_trap_1              0x08000203   Thumb Code     0  libshutdown2.o(.ARM.Collect$$libshutdown$$00000007)
    __rt_lib_shutdown_heap_1                 0x08000203   Thumb Code     0  libshutdown2.o(.ARM.Collect$$libshutdown$$0000000F)
    __rt_lib_shutdown_return                 0x08000203   Thumb Code     0  libshutdown2.o(.ARM.Collect$$libshutdown$$00000010)
    __rt_lib_shutdown_signal_1               0x08000203   Thumb Code     0  libshutdown2.o(.ARM.Collect$$libshutdown$$0000000A)
    __rt_lib_shutdown_stdio_1                0x08000203   Thumb Code     0  libshutdown2.o(.ARM.Collect$$libshutdown$$00000004)
    __rt_lib_shutdown_user_alloc_1           0x08000203   Thumb Code     0  libshutdown2.o(.ARM.Collect$$libshutdown$$0000000C)
    __rt_entry                               0x08000205   Thumb Code     0  __rtentry.o(.ARM.Collect$$rtentry$$00000000)
    __rt_entry_presh_1                       0x08000205   Thumb Code     0  __rtentry2.o(.ARM.Collect$$rtentry$$00000002)
    __rt_entry_sh                            0x08000205   Thumb Code     0  __rtentry4.o(.ARM.Collect$$rtentry$$00000004)
    __rt_entry_li                            0x0800020b   Thumb Code     0  __rtentry2.o(.ARM.Collect$$rtentry$$0000000A)
    __rt_entry_postsh_1                      0x0800020b   Thumb Code     0  __rtentry2.o(.ARM.Collect$$rtentry$$00000009)
    __rt_entry_main                          0x0800020f   Thumb Code     0  __rtentry2.o(.ARM.Collect$$rtentry$$0000000D)
    __rt_entry_postli_1                      0x0800020f   Thumb Code     0  __rtentry2.o(.ARM.Collect$$rtentry$$0000000C)
    __rt_exit                                0x08000217   Thumb Code     0  rtexit.o(.ARM.Collect$$rtexit$$00000000)
    __rt_exit_ls                             0x08000219   Thumb Code     0  rtexit2.o(.ARM.Collect$$rtexit$$00000003)
    __rt_exit_prels_1                        0x08000219   Thumb Code     0  rtexit2.o(.ARM.Collect$$rtexit$$00000002)
    __rt_exit_exit                           0x0800021d   Thumb Code     0  rtexit2.o(.ARM.Collect$$rtexit$$00000004)
    Reset_Handler                            0x08000225   Thumb Code     8  startup_at32f407vgt7.o(.text)
    ACC_IRQHandler                           0x0800023f   Thumb Code     0  startup_at32f407vgt7.o(.text)
    ADC1_2_IRQHandler                        0x0800023f   Thumb Code     0  startup_at32f407vgt7.o(.text)
    ADC3_IRQHandler                          0x0800023f   Thumb Code     0  startup_at32f407vgt7.o(.text)
    CAN1_RX1_IRQHandler                      0x0800023f   Thumb Code     0  startup_at32f407vgt7.o(.text)
    CAN1_SCE_IRQHandler                      0x0800023f   Thumb Code     0  startup_at32f407vgt7.o(.text)
    CAN2_RX0_IRQHandler                      0x0800023f   Thumb Code     0  startup_at32f407vgt7.o(.text)
    CAN2_RX1_IRQHandler                      0x0800023f   Thumb Code     0  startup_at32f407vgt7.o(.text)
    CAN2_SCE_IRQHandler                      0x0800023f   Thumb Code     0  startup_at32f407vgt7.o(.text)
    CAN2_TX_IRQHandler                       0x0800023f   Thumb Code     0  startup_at32f407vgt7.o(.text)
    DMA1_Channel1_IRQHandler                 0x0800023f   Thumb Code     0  startup_at32f407vgt7.o(.text)
    DMA1_Channel2_IRQHandler                 0x0800023f   Thumb Code     0  startup_at32f407vgt7.o(.text)
    DMA1_Channel3_IRQHandler                 0x0800023f   Thumb Code     0  startup_at32f407vgt7.o(.text)
    DMA1_Channel4_IRQHandler                 0x0800023f   Thumb Code     0  startup_at32f407vgt7.o(.text)
    DMA1_Channel5_IRQHandler                 0x0800023f   Thumb Code     0  startup_at32f407vgt7.o(.text)
    DMA1_Channel6_IRQHandler                 0x0800023f   Thumb Code     0  startup_at32f407vgt7.o(.text)
    DMA1_Channel7_IRQHandler                 0x0800023f   Thumb Code     0  startup_at32f407vgt7.o(.text)
    DMA2_Channel1_IRQHandler                 0x0800023f   Thumb Code     0  startup_at32f407vgt7.o(.text)
    DMA2_Channel2_IRQHandler                 0x0800023f   Thumb Code     0  startup_at32f407vgt7.o(.text)
    DMA2_Channel3_IRQHandler                 0x0800023f   Thumb Code     0  startup_at32f407vgt7.o(.text)
    DMA2_Channel4_5_IRQHandler               0x0800023f   Thumb Code     0  startup_at32f407vgt7.o(.text)
    DMA2_Channel6_7_IRQHandler               0x0800023f   Thumb Code     0  startup_at32f407vgt7.o(.text)
    ETH_IRQHandler                           0x0800023f   Thumb Code     0  startup_at32f407vgt7.o(.text)
    ETH_WKUP_IRQHandler                      0x0800023f   Thumb Code     0  startup_at32f407vgt7.o(.text)
    EXTI0_IRQHandler                         0x0800023f   Thumb Code     0  startup_at32f407vgt7.o(.text)
    EXTI15_10_IRQHandler                     0x0800023f   Thumb Code     0  startup_at32f407vgt7.o(.text)
    EXTI1_IRQHandler                         0x0800023f   Thumb Code     0  startup_at32f407vgt7.o(.text)
    EXTI2_IRQHandler                         0x0800023f   Thumb Code     0  startup_at32f407vgt7.o(.text)
    EXTI3_IRQHandler                         0x0800023f   Thumb Code     0  startup_at32f407vgt7.o(.text)
    EXTI4_IRQHandler                         0x0800023f   Thumb Code     0  startup_at32f407vgt7.o(.text)
    EXTI9_5_IRQHandler                       0x0800023f   Thumb Code     0  startup_at32f407vgt7.o(.text)
    FLASH_IRQHandler                         0x0800023f   Thumb Code     0  startup_at32f407vgt7.o(.text)
    I2C1_ER_IRQHandler                       0x0800023f   Thumb Code     0  startup_at32f407vgt7.o(.text)
    I2C1_EV_IRQHandler                       0x0800023f   Thumb Code     0  startup_at32f407vgt7.o(.text)
    I2C2_ER_IRQHandler                       0x0800023f   Thumb Code     0  startup_at32f407vgt7.o(.text)
    I2C2_EV_IRQHandler                       0x0800023f   Thumb Code     0  startup_at32f407vgt7.o(.text)
    I2C3_ER_IRQHandler                       0x0800023f   Thumb Code     0  startup_at32f407vgt7.o(.text)
    I2C3_EV_IRQHandler                       0x0800023f   Thumb Code     0  startup_at32f407vgt7.o(.text)
    PVD_IRQHandler                           0x0800023f   Thumb Code     0  startup_at32f407vgt7.o(.text)
    RCC_IRQHandler                           0x0800023f   Thumb Code     0  startup_at32f407vgt7.o(.text)
    RTCAlarm_IRQHandler                      0x0800023f   Thumb Code     0  startup_at32f407vgt7.o(.text)
    RTC_IRQHandler                           0x0800023f   Thumb Code     0  startup_at32f407vgt7.o(.text)
    SDIO1_IRQHandler                         0x0800023f   Thumb Code     0  startup_at32f407vgt7.o(.text)
    SDIO2_IRQHandler                         0x0800023f   Thumb Code     0  startup_at32f407vgt7.o(.text)
    SPI1_IRQHandler                          0x0800023f   Thumb Code     0  startup_at32f407vgt7.o(.text)
    SPI2_I2S2EXT_IRQHandler                  0x0800023f   Thumb Code     0  startup_at32f407vgt7.o(.text)
    SPI3_I2S3EXT_IRQHandler                  0x0800023f   Thumb Code     0  startup_at32f407vgt7.o(.text)
    SPI4_IRQHandler                          0x0800023f   Thumb Code     0  startup_at32f407vgt7.o(.text)
    TAMPER_IRQHandler                        0x0800023f   Thumb Code     0  startup_at32f407vgt7.o(.text)
    TMR1_BRK_TMR9_IRQHandler                 0x0800023f   Thumb Code     0  startup_at32f407vgt7.o(.text)
    TMR1_CC_IRQHandler                       0x0800023f   Thumb Code     0  startup_at32f407vgt7.o(.text)
    TMR1_OV_TMR10_IRQHandler                 0x0800023f   Thumb Code     0  startup_at32f407vgt7.o(.text)
    TMR1_TRG_COM_TMR11_IRQHandler            0x0800023f   Thumb Code     0  startup_at32f407vgt7.o(.text)
    TMR2_GLOBAL_IRQHandler                   0x0800023f   Thumb Code     0  startup_at32f407vgt7.o(.text)
    TMR3_GLOBAL_IRQHandler                   0x0800023f   Thumb Code     0  startup_at32f407vgt7.o(.text)
    TMR4_GLOBAL_IRQHandler                   0x0800023f   Thumb Code     0  startup_at32f407vgt7.o(.text)
    TMR5_GLOBAL_IRQHandler                   0x0800023f   Thumb Code     0  startup_at32f407vgt7.o(.text)
    TMR6_GLOBAL_IRQHandler                   0x0800023f   Thumb Code     0  startup_at32f407vgt7.o(.text)
    TMR7_GLOBAL_IRQHandler                   0x0800023f   Thumb Code     0  startup_at32f407vgt7.o(.text)
    TMR8_BRK_TMR12_IRQHandler                0x0800023f   Thumb Code     0  startup_at32f407vgt7.o(.text)
    TMR8_CC_IRQHandler                       0x0800023f   Thumb Code     0  startup_at32f407vgt7.o(.text)
    TMR8_OV_TMR13_IRQHandler                 0x0800023f   Thumb Code     0  startup_at32f407vgt7.o(.text)
    TMR8_TRG_COM_TMR14_IRQHandler            0x0800023f   Thumb Code     0  startup_at32f407vgt7.o(.text)
    UART4_IRQHandler                         0x0800023f   Thumb Code     0  startup_at32f407vgt7.o(.text)
    UART5_IRQHandler                         0x0800023f   Thumb Code     0  startup_at32f407vgt7.o(.text)
    UART7_IRQHandler                         0x0800023f   Thumb Code     0  startup_at32f407vgt7.o(.text)
    UART8_IRQHandler                         0x0800023f   Thumb Code     0  startup_at32f407vgt7.o(.text)
    USART1_IRQHandler                        0x0800023f   Thumb Code     0  startup_at32f407vgt7.o(.text)
    USART2_IRQHandler                        0x0800023f   Thumb Code     0  startup_at32f407vgt7.o(.text)
    USART3_IRQHandler                        0x0800023f   Thumb Code     0  startup_at32f407vgt7.o(.text)
    USART6_IRQHandler                        0x0800023f   Thumb Code     0  startup_at32f407vgt7.o(.text)
    USBWakeUp_IRQHandler                     0x0800023f   Thumb Code     0  startup_at32f407vgt7.o(.text)
    USB_HP_CAN1_TX_IRQHandler                0x0800023f   Thumb Code     0  startup_at32f407vgt7.o(.text)
    USB_HP_IRQHandler                        0x0800023f   Thumb Code     0  startup_at32f407vgt7.o(.text)
    USB_LP_CAN1_RX0_IRQHandler               0x0800023f   Thumb Code     0  startup_at32f407vgt7.o(.text)
    USB_LP_IRQHandler                        0x0800023f   Thumb Code     0  startup_at32f407vgt7.o(.text)
    WWDG_IRQHandler                          0x0800023f   Thumb Code     0  startup_at32f407vgt7.o(.text)
    XMC_IRQHandler                           0x0800023f   Thumb Code     0  startup_at32f407vgt7.o(.text)
    __user_initial_stackheap                 0x08000241   Thumb Code     0  startup_at32f407vgt7.o(.text)
    __use_two_region_memory                  0x08000265   Thumb Code     2  heapauxi.o(.text)
    __rt_heap_escrow$2region                 0x08000267   Thumb Code     2  heapauxi.o(.text)
    __rt_heap_expand$2region                 0x08000269   Thumb Code     2  heapauxi.o(.text)
    __user_setup_stackheap                   0x0800026b   Thumb Code    74  sys_stackheap_outer.o(.text)
    exit                                     0x080002b5   Thumb Code    18  exit.o(.text)
    __user_libspace                          0x080002c9   Thumb Code     8  libspace.o(.text)
    __user_perproc_libspace                  0x080002c9   Thumb Code     0  libspace.o(.text)
    __user_perthread_libspace                0x080002c9   Thumb Code     0  libspace.o(.text)
    _sys_exit                                0x080002d1   Thumb Code     8  sys_exit.o(.text)
    __I$use$semihosting                      0x080002dd   Thumb Code     0  use_no_semi.o(.text)
    __use_no_semihosting_swi                 0x080002dd   Thumb Code     2  use_no_semi.o(.text)
    BusFault_Handler                         0x080002df   Thumb Code     4  at32f4xx_it.o(i.BusFault_Handler)
    __semihosting_library_function           0x080002df   Thumb Code     0  indicate_semi.o(.text)
    DAC_Ctrl                                 0x080002e5   Thumb Code    34  at32f4xx_dac.o(i.DAC_Ctrl)
    DAC_DMACtrl                              0x0800030d   Thumb Code    38  at32f4xx_dac.o(i.DAC_DMACtrl)
    DAC_Init                                 0x08000339   Thumb Code    46  at32f4xx_dac.o(i.DAC_Init)
    DAC_StructInit                           0x0800036d   Thumb Code    12  at32f4xx_dac.o(i.DAC_StructInit)
    DMA_ChannelEnable                        0x08000379   Thumb Code    24  at32f4xx_dma.o(i.DMA_ChannelEnable)
    DMA_DefaultInitParaConfig                0x08000391   Thumb Code    26  at32f4xx_dma.o(i.DMA_DefaultInitParaConfig)
    DMA_Init                                 0x080003ab   Thumb Code    60  at32f4xx_dma.o(i.DMA_Init)
    DMA_Reset                                0x080003e9   Thumb Code   324  at32f4xx_dma.o(i.DMA_Reset)
    DebugMon_Handler                         0x08000535   Thumb Code     2  at32f4xx_it.o(i.DebugMon_Handler)
    GPIO_Configuration                       0x08000539   Thumb Code    24  main.o(i.GPIO_Configuration)
    GPIO_Init                                0x08000555   Thumb Code   278  at32f4xx_gpio.o(i.GPIO_Init)
    HardFault_Handler                        0x0800066b   Thumb Code     4  at32f4xx_it.o(i.HardFault_Handler)
    MemManage_Handler                        0x0800066f   Thumb Code     4  at32f4xx_it.o(i.MemManage_Handler)
    NMI_Handler                              0x08000673   Thumb Code     2  at32f4xx_it.o(i.NMI_Handler)
    PendSV_Handler                           0x08000675   Thumb Code     2  at32f4xx_it.o(i.PendSV_Handler)
    RCC_AHBPeriphClockCmd                    0x08000679   Thumb Code    26  at32f4xx_rcc.o(i.RCC_AHBPeriphClockCmd)
    RCC_APB1PeriphClockCmd                   0x08000699   Thumb Code    26  at32f4xx_rcc.o(i.RCC_APB1PeriphClockCmd)
    RCC_APB2PeriphClockCmd                   0x080006b9   Thumb Code    26  at32f4xx_rcc.o(i.RCC_APB2PeriphClockCmd)
    RCC_Configuration                        0x080006d9   Thumb Code    36  main.o(i.RCC_Configuration)
    RCC_StepModeCmd                          0x080006fd   Thumb Code    32  at32f4xx_rcc.o(i.RCC_StepModeCmd)
    SVC_Handler                              0x08000721   Thumb Code     2  at32f4xx_it.o(i.SVC_Handler)
    SysTick_Handler                          0x08000819   Thumb Code     2  at32f4xx_it.o(i.SysTick_Handler)
    SystemInit                               0x0800081d   Thumb Code   106  system_at32f4xx.o(i.SystemInit)
    TMR_Cmd                                  0x080008a1   Thumb Code    24  at32f4xx_tim.o(i.TMR_Cmd)
    TMR_SelectOutputTrigger                  0x080008b9   Thumb Code    18  at32f4xx_tim.o(i.TMR_SelectOutputTrigger)
    TMR_TimeBaseInit                         0x080008cd   Thumb Code    72  at32f4xx_tim.o(i.TMR_TimeBaseInit)
    TMR_TimeBaseStructInit                   0x08000929   Thumb Code    18  at32f4xx_tim.o(i.TMR_TimeBaseStructInit)
    UsageFault_Handler                       0x0800093b   Thumb Code     4  at32f4xx_it.o(i.UsageFault_Handler)
    main                                     0x08000941   Thumb Code   236  main.o(i.main)
    _fp_init                                 0x08000a4d   Thumb Code    10  fpinit.o(x$fpl$fpinit)
    __fplib_config_fpu_vfp                   0x08000a55   Thumb Code     0  fpinit.o(x$fpl$fpinit)
    __fplib_config_pureend_doubles           0x08000a55   Thumb Code     0  fpinit.o(x$fpl$fpinit)
    Sine12bit                                0x08000a56   Data          64  main.o(.constdata)
    Region$$Table$$Base                      0x08000a98   Number         0  anon$$obj.o(Region$$Table)
    Region$$Table$$Limit                     0x08000ab8   Number         0  anon$$obj.o(Region$$Table)
    Idx                                      0x20000000   Data           4  main.o(.data)
    DAC_InitStructure                        0x20000004   Data          16  main.o(.bss)
    DMA_InitStructure                        0x20000014   Data          44  main.o(.bss)
    TMR_TimeBaseStructure                    0x20000040   Data          16  main.o(.bss)
    DualSine12bit                            0x20000050   Data         128  main.o(.bss)
    __libspace_start                         0x200000d0   Data          96  libspace.o(.bss)
    __temporary_stack_top$libspace           0x20000130   Data           0  libspace.o(.bss)



==============================================================================

Memory Map of the image

  Image Entry point : 0x08000185

  Load Region LR_IROM1 (Base: 0x08000000, Size: 0x00000abc, Max: 0x00100000, ABSOLUTE)

    Execution Region ER_IROM1 (Exec base: 0x08000000, Load base: 0x08000000, Size: 0x00000ab8, Max: 0x00100000, ABSOLUTE)

    Exec Addr    Load Addr    Size         Type   Attr      Idx    E Section Name        Object

    0x08000000   0x08000000   0x00000184   Data   RO          272    RESET               startup_at32f407vgt7.o
    0x08000184   0x08000184   0x00000008   Code   RO         1464  * !!!main             c_w.l(__main.o)
    0x0800018c   0x0800018c   0x00000034   Code   RO         1621    !!!scatter          c_w.l(__scatter.o)
    0x080001c0   0x080001c0   0x0000001a   Code   RO         1623    !!handler_copy      c_w.l(__scatter_copy.o)
    0x080001da   0x080001da   0x00000002   PAD
    0x080001dc   0x080001dc   0x0000001c   Code   RO         1625    !!handler_zi        c_w.l(__scatter_zi.o)
    0x080001f8   0x080001f8   0x00000002   Code   RO         1491    .ARM.Collect$$libinit$$00000000  c_w.l(libinit.o)
    0x080001fa   0x080001fa   0x00000004   Code   RO         1497    .ARM.Collect$$libinit$$00000001  c_w.l(libinit2.o)
    0x080001fe   0x080001fe   0x00000000   Code   RO         1500    .ARM.Collect$$libinit$$00000004  c_w.l(libinit2.o)
    0x080001fe   0x080001fe   0x00000000   Code   RO         1503    .ARM.Collect$$libinit$$0000000A  c_w.l(libinit2.o)
    0x080001fe   0x080001fe   0x00000000   Code   RO         1505    .ARM.Collect$$libinit$$0000000C  c_w.l(libinit2.o)
    0x080001fe   0x080001fe   0x00000000   Code   RO         1507    .ARM.Collect$$libinit$$0000000E  c_w.l(libinit2.o)
    0x080001fe   0x080001fe   0x00000000   Code   RO         1510    .ARM.Collect$$libinit$$00000011  c_w.l(libinit2.o)
    0x080001fe   0x080001fe   0x00000000   Code   RO         1512    .ARM.Collect$$libinit$$00000013  c_w.l(libinit2.o)
    0x080001fe   0x080001fe   0x00000000   Code   RO         1514    .ARM.Collect$$libinit$$00000015  c_w.l(libinit2.o)
    0x080001fe   0x080001fe   0x00000000   Code   RO         1516    .ARM.Collect$$libinit$$00000017  c_w.l(libinit2.o)
    0x080001fe   0x080001fe   0x00000000   Code   RO         1518    .ARM.Collect$$libinit$$00000019  c_w.l(libinit2.o)
    0x080001fe   0x080001fe   0x00000000   Code   RO         1520    .ARM.Collect$$libinit$$0000001B  c_w.l(libinit2.o)
    0x080001fe   0x080001fe   0x00000000   Code   RO         1522    .ARM.Collect$$libinit$$0000001D  c_w.l(libinit2.o)
    0x080001fe   0x080001fe   0x00000000   Code   RO         1524    .ARM.Collect$$libinit$$0000001F  c_w.l(libinit2.o)
    0x080001fe   0x080001fe   0x00000000   Code   RO         1526    .ARM.Collect$$libinit$$00000021  c_w.l(libinit2.o)
    0x080001fe   0x080001fe   0x00000000   Code   RO         1528    .ARM.Collect$$libinit$$00000023  c_w.l(libinit2.o)
    0x080001fe   0x080001fe   0x00000000   Code   RO         1530    .ARM.Collect$$libinit$$00000025  c_w.l(libinit2.o)
    0x080001fe   0x080001fe   0x00000000   Code   RO         1534    .ARM.Collect$$libinit$$0000002C  c_w.l(libinit2.o)
    0x080001fe   0x080001fe   0x00000000   Code   RO         1536    .ARM.Collect$$libinit$$0000002E  c_w.l(libinit2.o)
    0x080001fe   0x080001fe   0x00000000   Code   RO         1538    .ARM.Collect$$libinit$$00000030  c_w.l(libinit2.o)
    0x080001fe   0x080001fe   0x00000000   Code   RO         1540    .ARM.Collect$$libinit$$00000032  c_w.l(libinit2.o)
    0x080001fe   0x080001fe   0x00000002   Code   RO         1541    .ARM.Collect$$libinit$$00000033  c_w.l(libinit2.o)
    0x08000200   0x08000200   0x00000002   Code   RO         1561    .ARM.Collect$$libshutdown$$00000000  c_w.l(libshutdown.o)
    0x08000202   0x08000202   0x00000000   Code   RO         1574    .ARM.Collect$$libshutdown$$00000002  c_w.l(libshutdown2.o)
    0x08000202   0x08000202   0x00000000   Code   RO         1576    .ARM.Collect$$libshutdown$$00000004  c_w.l(libshutdown2.o)
    0x08000202   0x08000202   0x00000000   Code   RO         1579    .ARM.Collect$$libshutdown$$00000007  c_w.l(libshutdown2.o)
    0x08000202   0x08000202   0x00000000   Code   RO         1582    .ARM.Collect$$libshutdown$$0000000A  c_w.l(libshutdown2.o)
    0x08000202   0x08000202   0x00000000   Code   RO         1584    .ARM.Collect$$libshutdown$$0000000C  c_w.l(libshutdown2.o)
    0x08000202   0x08000202   0x00000000   Code   RO         1587    .ARM.Collect$$libshutdown$$0000000F  c_w.l(libshutdown2.o)
    0x08000202   0x08000202   0x00000002   Code   RO         1588    .ARM.Collect$$libshutdown$$00000010  c_w.l(libshutdown2.o)
    0x08000204   0x08000204   0x00000000   Code   RO         1466    .ARM.Collect$$rtentry$$00000000  c_w.l(__rtentry.o)
    0x08000204   0x08000204   0x00000000   Code   RO         1468    .ARM.Collect$$rtentry$$00000002  c_w.l(__rtentry2.o)
    0x08000204   0x08000204   0x00000006   Code   RO         1480    .ARM.Collect$$rtentry$$00000004  c_w.l(__rtentry4.o)
    0x0800020a   0x0800020a   0x00000000   Code   RO         1470    .ARM.Collect$$rtentry$$00000009  c_w.l(__rtentry2.o)
    0x0800020a   0x0800020a   0x00000004   Code   RO         1471    .ARM.Collect$$rtentry$$0000000A  c_w.l(__rtentry2.o)
    0x0800020e   0x0800020e   0x00000000   Code   RO         1473    .ARM.Collect$$rtentry$$0000000C  c_w.l(__rtentry2.o)
    0x0800020e   0x0800020e   0x00000008   Code   RO         1474    .ARM.Collect$$rtentry$$0000000D  c_w.l(__rtentry2.o)
    0x08000216   0x08000216   0x00000002   Code   RO         1495    .ARM.Collect$$rtexit$$00000000  c_w.l(rtexit.o)
    0x08000218   0x08000218   0x00000000   Code   RO         1543    .ARM.Collect$$rtexit$$00000002  c_w.l(rtexit2.o)
    0x08000218   0x08000218   0x00000004   Code   RO         1544    .ARM.Collect$$rtexit$$00000003  c_w.l(rtexit2.o)
    0x0800021c   0x0800021c   0x00000006   Code   RO         1545    .ARM.Collect$$rtexit$$00000004  c_w.l(rtexit2.o)
    0x08000222   0x08000222   0x00000002   PAD
    0x08000224   0x08000224   0x00000040   Code   RO          273    .text               startup_at32f407vgt7.o
    0x08000264   0x08000264   0x00000006   Code   RO         1462    .text               c_w.l(heapauxi.o)
    0x0800026a   0x0800026a   0x0000004a   Code   RO         1482    .text               c_w.l(sys_stackheap_outer.o)
    0x080002b4   0x080002b4   0x00000012   Code   RO         1484    .text               c_w.l(exit.o)
    0x080002c6   0x080002c6   0x00000002   PAD
    0x080002c8   0x080002c8   0x00000008   Code   RO         1492    .text               c_w.l(libspace.o)
    0x080002d0   0x080002d0   0x0000000c   Code   RO         1553    .text               c_w.l(sys_exit.o)
    0x080002dc   0x080002dc   0x00000002   Code   RO         1564    .text               c_w.l(use_no_semi.o)
    0x080002de   0x080002de   0x00000000   Code   RO         1566    .text               c_w.l(indicate_semi.o)
    0x080002de   0x080002de   0x00000004   Code   RO          152    i.BusFault_Handler  at32f4xx_it.o
    0x080002e2   0x080002e2   0x00000002   PAD
    0x080002e4   0x080002e4   0x00000028   Code   RO          280    i.DAC_Ctrl          at32f4xx_dac.o
    0x0800030c   0x0800030c   0x0000002c   Code   RO          281    i.DAC_DMACtrl       at32f4xx_dac.o
    0x08000338   0x08000338   0x00000034   Code   RO          284    i.DAC_Init          at32f4xx_dac.o
    0x0800036c   0x0800036c   0x0000000c   Code   RO          290    i.DAC_StructInit    at32f4xx_dac.o
    0x08000378   0x08000378   0x00000018   Code   RO          370    i.DMA_ChannelEnable  at32f4xx_dma.o
    0x08000390   0x08000390   0x0000001a   Code   RO          373    i.DMA_DefaultInitParaConfig  at32f4xx_dma.o
    0x080003aa   0x080003aa   0x0000003c   Code   RO          379    i.DMA_Init          at32f4xx_dma.o
    0x080003e6   0x080003e6   0x00000002   PAD
    0x080003e8   0x080003e8   0x0000014c   Code   RO          380    i.DMA_Reset         at32f4xx_dma.o
    0x08000534   0x08000534   0x00000002   Code   RO          153    i.DebugMon_Handler  at32f4xx_it.o
    0x08000536   0x08000536   0x00000002   PAD
    0x08000538   0x08000538   0x0000001c   Code   RO            4    i.GPIO_Configuration  main.o
    0x08000554   0x08000554   0x00000116   Code   RO          465    i.GPIO_Init         at32f4xx_gpio.o
    0x0800066a   0x0800066a   0x00000004   Code   RO          154    i.HardFault_Handler  at32f4xx_it.o
    0x0800066e   0x0800066e   0x00000004   Code   RO          155    i.MemManage_Handler  at32f4xx_it.o
    0x08000672   0x08000672   0x00000002   Code   RO          156    i.NMI_Handler       at32f4xx_it.o
    0x08000674   0x08000674   0x00000002   Code   RO          157    i.PendSV_Handler    at32f4xx_it.o
    0x08000676   0x08000676   0x00000002   PAD
    0x08000678   0x08000678   0x00000020   Code   RO          592    i.RCC_AHBPeriphClockCmd  at32f4xx_rcc.o
    0x08000698   0x08000698   0x00000020   Code   RO          595    i.RCC_APB1PeriphClockCmd  at32f4xx_rcc.o
    0x080006b8   0x080006b8   0x00000020   Code   RO          598    i.RCC_APB2PeriphClockCmd  at32f4xx_rcc.o
    0x080006d8   0x080006d8   0x00000024   Code   RO            5    i.RCC_Configuration  main.o
    0x080006fc   0x080006fc   0x00000024   Code   RO          626    i.RCC_StepModeCmd   at32f4xx_rcc.o
    0x08000720   0x08000720   0x00000002   Code   RO          158    i.SVC_Handler       at32f4xx_it.o
    0x08000722   0x08000722   0x00000008   Code   RO          227    i.SetSysClock       system_at32f4xx.o
    0x0800072a   0x0800072a   0x00000002   PAD
    0x0800072c   0x0800072c   0x000000ec   Code   RO          228    i.SetSysClockTo240M  system_at32f4xx.o
    0x08000818   0x08000818   0x00000002   Code   RO          159    i.SysTick_Handler   at32f4xx_it.o
    0x0800081a   0x0800081a   0x00000002   PAD
    0x0800081c   0x0800081c   0x00000084   Code   RO          230    i.SystemInit        system_at32f4xx.o
    0x080008a0   0x080008a0   0x00000018   Code   RO          865    i.TMR_Cmd           at32f4xx_tim.o
    0x080008b8   0x080008b8   0x00000012   Code   RO          922    i.TMR_SelectOutputTrigger  at32f4xx_tim.o
    0x080008ca   0x080008ca   0x00000002   PAD
    0x080008cc   0x080008cc   0x0000005c   Code   RO          937    i.TMR_TimeBaseInit  at32f4xx_tim.o
    0x08000928   0x08000928   0x00000012   Code   RO          938    i.TMR_TimeBaseStructInit  at32f4xx_tim.o
    0x0800093a   0x0800093a   0x00000004   Code   RO          160    i.UsageFault_Handler  at32f4xx_it.o
    0x0800093e   0x0800093e   0x00000002   PAD
    0x08000940   0x08000940   0x0000010c   Code   RO            6    i.main              main.o
    0x08000a4c   0x08000a4c   0x0000000a   Code   RO         1551    x$fpl$fpinit        fz_wm.l(fpinit.o)
    0x08000a56   0x08000a56   0x00000040   Data   RO            8    .constdata          main.o
    0x08000a96   0x08000a96   0x00000002   PAD
    0x08000a98   0x08000a98   0x00000020   Data   RO         1619    Region$$Table       anon$$obj.o


    Execution Region RW_IRAM1 (Exec base: 0x20000000, Load base: 0x08000ab8, Size: 0x00000730, Max: 0x00038000, ABSOLUTE)

    Exec Addr    Load Addr    Size         Type   Attr      Idx    E Section Name        Object

    0x20000000   0x08000ab8   0x00000004   Data   RW            9    .data               main.o
    0x20000004        -       0x000000cc   Zero   RW            7    .bss                main.o
    0x200000d0        -       0x00000060   Zero   RW         1493    .bss                c_w.l(libspace.o)
    0x20000130        -       0x00000200   Zero   RW          271    HEAP                startup_at32f407vgt7.o
    0x20000330        -       0x00000400   Zero   RW          270    STACK               startup_at32f407vgt7.o


==============================================================================

Image component sizes


      Code (inc. data)   RO Data    RW Data    ZI Data      Debug   Object Name

       148         18          0          0          0       3721   at32f4xx_dac.o
       442          8          0          0          0       4915   at32f4xx_dma.o
       278          0          0          0          0       2352   at32f4xx_gpio.o
        26          0          0          0          0       4694   at32f4xx_it.o
       132         22          0          0          0       2920   at32f4xx_rcc.o
       152         20          0          0          0       3652   at32f4xx_tim.o
       332         36         64          4        204     297212   main.o
        64         26        388          0       1536       1016   startup_at32f407vgt7.o
       376         40          0          0          0       2253   system_at32f4xx.o

    ----------------------------------------------------------------------
      1966        170        486          4       1740     322735   Object Totals
         0          0         32          0          0          0   (incl. Generated)
        16          0          2          0          0          0   (incl. Padding)

    ----------------------------------------------------------------------

      Code (inc. data)   RO Data    RW Data    ZI Data      Debug   Library Member Name

         8          0          0          0          0         68   __main.o
         0          0          0          0          0          0   __rtentry.o
        12          0          0          0          0          0   __rtentry2.o
         6          0          0          0          0          0   __rtentry4.o
        52          8          0          0          0          0   __scatter.o
        26          0          0          0          0          0   __scatter_copy.o
        28          0          0          0          0          0   __scatter_zi.o
        18          0          0          0          0         80   exit.o
         6          0          0          0          0        152   heapauxi.o
         0          0          0          0          0          0   indicate_semi.o
         2          0          0          0          0          0   libinit.o
         6          0          0          0          0          0   libinit2.o
         2          0          0          0          0          0   libshutdown.o
         2          0          0          0          0          0   libshutdown2.o
         8          4          0          0         96         68   libspace.o
         2          0          0          0          0          0   rtexit.o
        10          0          0          0          0          0   rtexit2.o
        12          4          0          0          0         68   sys_exit.o
        74          0          0          0          0         80   sys_stackheap_outer.o
         2          0          0          0          0         68   use_no_semi.o
        10          0          0          0          0        116   fpinit.o

    ----------------------------------------------------------------------
       292         16          0          0         96        700   Library Totals
         6          0          0          0          0          0   (incl. Padding)

    ----------------------------------------------------------------------

      Code (inc. data)   RO Data    RW Data    ZI Data      Debug   Library Name

       276         16          0          0         96        584   c_w.l
        10          0          0          0          0        116   fz_wm.l

    ----------------------------------------------------------------------
       292         16          0          0         96        700   Library Totals

    ----------------------------------------------------------------------

==============================================================================


      Code (inc. data)   RO Data    RW Data    ZI Data      Debug   

      2258        186        486          4       1836     320579   Grand Totals
      2258        186        486          4       1836     320579   ELF Image Totals
      2258        186        486          4          0          0   ROM Totals

==============================================================================

    Total RO  Size (Code + RO Data)                 2744 (   2.68kB)
    Total RW  Size (RW Data + ZI Data)              1840 (   1.80kB)
    Total ROM Size (Code + RO Data + RW Data)       2748 (   2.68kB)

==============================================================================

