<html>
<body>
<pre>
<h1>µVision Build Log</h1>
<h2>Tool Versions:</h2>
IDE-Version: ¦ÌVision V5.24.2.0
Copyright (C) 2017 ARM Ltd and ARM Germany GmbH. All rights reserved.
License Information: wei wang shockley Flex license: MDK-ARM Plus: 2 user(s) (mdk_plus) Support: Dec 2018
 
Tool Versions:
Toolchain:       MDK-ARM Plus: 2 user(s)  Version: 5.24.1
Toolchain Path:  C:\Keil_v5\ARM\ARMCC\Bin
C Compiler:      Armcc.exe V5.06 update 5 (build 528)
Assembler:       Armasm.exe V5.06 update 5 (build 528)
Linker/Locator:  ArmLink.exe V5.06 update 5 (build 528)
Library Manager: ArmAr.exe V5.06 update 5 (build 528)
Hex Converter:   FromElf.exe V5.06 update 5 (build 528)
CPU DLL:         SARMCM3.DLL V5.24.1
Dialog DLL:      DCM.DLL V1.16.0.0
Target DLL:      CMSIS_AGDI.dll V1.28.3.0
Dialog DLL:      TCM.DLL V1.32.0.0
 
<h2>Project:</h2>
D:\EmbeddedCourse\Documents\code\RTOS\sample2\project.uvprojx
Project File Date:  10/27/2020

<h2>Output:</h2>
*** Using Compiler 'V5.06 update 5 (build 528)', folder: 'C:\Keil_v5\ARM\ARMCC\Bin'
Rebuild target 'rt-thread'
compiling showmem.c...
compiling at32f4xx_crc.c...
compiling at32f4xx_dbgmcu.c...
compiling sd.c...
compiling adc.c...
compiling at32f4xx_can.c...
compiling serial.c...
compiling at32f4xx_adc.c...
compiling backtrace.c...
compiling at32f4xx_exti.c...
assembling context_rvds.S...
compiling div0.c...
compiling main.c...
applications\main.c(35): warning:  #111-D: statement is unreachable
  	rt_kprintf("Goodby~!\n");
applications\main.c(25): warning:  #177-D: variable "i"  was declared but never referenced
  	uint16_t i;
applications\main.c(52): warning:  #167-D: argument of type "void (*)(void)" is incompatible with parameter of type "void (*)(void *)"
  	tid = rt_thread_create("myThread", myThread, 
T_NULL, 256, 7, 20);
applications\main.c: 3 warnings, 0 errors
compiling pin.c...
compiling i2c_dev.c...
compiling hwtimer.c...
compiling at32f4xx_dma.c...
compiling spi_dev.c...
compiling spi_core.c...
compiling rtc.c...
compiling block_dev.c...
compiling i2c_core.c...
compiling i2c-bit-ops.c...
compiling rt_drv_pwm.c...
compiling mmc.c...
compiling mmcsd_core.c...
compiling at32f4xx_rcc.c...
compiling at32f4xx_iwdg.c...
compiling cpuport.c...
compiling sdio.c...
compiling at32f4xx_usart.c...
compiling at32f4xx_wwdg.c...
compiling at32f4xx_tim.c...
compiling completion.c...
compiling at32f4xx_gpio.c...
compiling dataqueue.c...
assembling startup_at32f407vgt7.s...
compiling at32f4xx_acc.c...
compiling ringblk_buf.c...
compiling at32f4xx_dac.c...
compiling pipe.c...
compiling waitqueue.c...
compiling workqueue.c...
compiling ringbuffer.c...
compiling at32f4xx_sdio.c...
compiling at32f4xx_spi.c...
compiling misc.c...
compiling at32f4xx_i2c.c...
compiling at32f4xx_ertc.c...
compiling at32f4xx_comp.c...
compiling at32f4xx_bkp.c...
compiling at32f4xx_pwr.c...
compiling at32f4xx_rtc.c...
compiling at32f4xx_xmc.c...
compiling at32f4xx_flash.c...
compiling select.c...
compiling at32f4xx_eth.c...
compiling devfs.c...
compiling dfs.c...
compiling poll.c...
compiling dfs_posix.c...
compiling dfs_fs.c...
compiling dfs_file.c...
compiling dfs_elm.c...
compiling ccsbcs.c...
compiling shell.c...
compiling system_at32f4xx.c...
compiling clock.c...
compiling components.c...
compiling irq.c...
compiling at32_msp.c...
compiling idle.c...
compiling cmd.c...
compiling board.c...
compiling msh_file.c...
compiling device.c...
compiling msh.c...
compiling ff.c...
compiling ipc.c...
compiling kservice.c...
compiling object.c...
compiling signal.c...
compiling scheduler.c...
compiling mempool.c...
compiling memheap.c...
compiling mem.c...
compiling thread.c...
compiling mem_std.c...
compiling libc.c...
compiling timer.c...
compiling drv_usart.c...
compiling time.c...
compiling stdio.c...
compiling stubs.c...
compiling unistd.c...
compiling drv_gpio.c...
linking...
Program Size: Code=83526 RO-data=11214 RW-data=1264 ZI-data=5320  
FromELF: creating hex file...
After Build - User command #1: fromelf --bin .\build\keil\Obj\rt-thread.axf --output rtthread.bin
".\build\keil\Obj\rt-thread.axf" - 0 Error(s), 3 Warning(s).

<h2>Software Packages used:</h2>

Package Vendor: Keil
                
                Keil.AT32F4xx_DFP.1.3.1
                ArteryTek AT32F4 Series Device Support,Drivers

<h2>Collection of Component include folders:</h2>
  .\RTE\_rt-thread
  C:\Keil_v5\ARM\PACK\Keil\AT32F4xx_DFP\1.3.1\Device\Include

<h2>Collection of Component Files used:</h2>
Build Time Elapsed:  00:00:05
</pre>
</body>
</html>
