<html>
<body>
<pre>
<h1>µVision Build Log</h1>
<h2>Tool Versions:</h2>
IDE-Version: ¦ÌVision V5.24.2.0
Copyright (C) 2017 ARM Ltd and ARM Germany GmbH. All rights reserved.
License Information: wei wang shockley Flex license: MDK-ARM Plus: 2 user(s) (mdk_plus) Support: Dec 2018
 
Tool Versions:
Toolchain:       MDK-ARM Plus: 2 user(s)  Version: 5.24.1
Toolchain Path:  C:\Keil_v5\ARM\ARMCC\Bin
C Compiler:      Armcc.exe V5.06 update 5 (build 528)
Assembler:       Armasm.exe V5.06 update 5 (build 528)
Linker/Locator:  ArmLink.exe V5.06 update 5 (build 528)
Library Manager: ArmAr.exe V5.06 update 5 (build 528)
Hex Converter:   FromElf.exe V5.06 update 5 (build 528)
CPU DLL:         SARMCM3.DLL V5.24.1
Dialog DLL:      DCM.DLL V1.16.0.0
Target DLL:      CMSIS_AGDI.dll V1.28.3.0
Dialog DLL:      TCM.DLL V1.32.0.0
 
<h2>Project:</h2>
D:\EmbeddedCourse\Documents\code\RTOS\sample5\project.uvprojx
Project File Date:  10/27/2020

<h2>Output:</h2>
*** Using Compiler 'V5.06 update 5 (build 528)', folder: 'C:\Keil_v5\ARM\ARMCC\Bin'
Rebuild target 'rt-thread'
compiling showmem.c...
assembling context_rvds.S...
compiling at32f4xx_dbgmcu.c...
compiling at32f4xx_can.c...
compiling at32f4xx_adc.c...
compiling hwtimer.c...
compiling at32f4xx_dma.c...
compiling at32f4xx_flash.c...
compiling main.c...
compiling rt_drv_pwm.c...
compiling div0.c...
compiling mmc.c...
compiling block_dev.c...
compiling mutexTest.c...
mutexTest.c(35): warning:  #111-D: statement is unreachable
  	rt_kprintf("Goodby~!\n");
mutexTest.c(55): warning:  #111-D: statement is unreachable
  	rt_kprintf("Goodby~!\n");
mutexTest.c(79): warning:  #167-D: argument of type "void (*)(void)" is incompatible with parameter of type "void (*)(void *)"
  	tid = rt_thread_create("LED2Thread", led2MutexThread, 
T_NULL, 
ED2_STACK_SIZE, 
ED2_PRIO, 
ED2_TICKS);
mutexTest.c(83): warning:  #167-D: argument of type "void (*)(void)" is incompatible with parameter of type "void (*)(void *)"
  	tid = rt_thread_create("LED3Thread", led3MutexThread, 
T_NULL, 
ED3_STACK_SIZE, 
ED3_PRIO, 
ED3_TICKS);
mutexTest.c: 4 warnings, 0 errors
compiling msgTest.c...
msgTest.c(32): warning:  #1000-D: a storage class may not be specified here
  static enum ThreadID {MainThread=1, Led2Thread, Led3Thread, Unknown};
msgTest.c(35): warning:  #1000-D: a storage class may not be specified here
  static struct ledMsg
msgTest.c(134): warning:  #167-D: argument of type "void *" is incompatible with parameter of type "void (*)(void *)"
  	tid = rt_thread_create("led2MsgThread", (void *)led2MsgThread, (void *)
T_NULL, 
ED2_STACK_SIZE, 
ED2_PRIO, 
ED2_TICKS);
msgTest.c(138): warning:  #167-D: argument of type "void *" is incompatible with parameter of type "void (*)(void *)"
  	tid = rt_thread_create("led3MsgThread", (void *)led3MsgThread, (void *)
T_NULL, 
ED3_STACK_SIZE, 
ED3_PRIO, 
ED3_TICKS);
msgTest.c(148): warning:  #188-D: enumerated type mixed with another type
  	struct ledMsg msg={0};
msgTest.c(162): warning:  #167-D: argument of type "uint32_t *" is incompatible with parameter of type "rt_ubase_t *"
  		rt_mb_recv(mbForLed2Ack, &value, 
T_WAITING_FOREVER);
msgTest.c(173): warning:  #167-D: argument of type "uint32_t *" is incompatible with parameter of type "rt_ubase_t *"
  			rt_mb_recv(mbForLed2Ack, &value, 
T_WAITING_FOREVER);
msgTest.c(189): warning:  #167-D: argument of type "uint32_t *" is incompatible with parameter of type "rt_ubase_t *"
  		rt_mb_recv(mbForLed3Ack, &value, 
T_WAITING_FOREVER);
msgTest.c(200): warning:  #167-D: argument of type "uint32_t *" is incompatible with parameter of type "rt_ubase_t *"
  			rt_mb_recv(mbForLed3Ack, &value, 
T_WAITING_FOREVER);
msgTest.c(206): warning:  #1-D: last line of file ends without a newline
  }
msgTest.c: 10 warnings, 0 errors
compiling at32f4xx_crc.c...
compiling backtrace.c...
compiling i2c_core.c...
compiling i2c_dev.c...
compiling rtc.c...
compiling cpuport.c...
compiling sd.c...
compiling mmcsd_core.c...
compiling pin.c...
compiling adc.c...
compiling i2c-bit-ops.c...
compiling spi_core.c...
compiling serial.c...
compiling at32f4xx_spi.c...
compiling sdio.c...
compiling misc.c...
compiling spi_dev.c...
compiling completion.c...
compiling dataqueue.c...
compiling pipe.c...
compiling ringbuffer.c...
compiling at32f4xx_bkp.c...
compiling at32f4xx_i2c.c...
compiling ringblk_buf.c...
compiling waitqueue.c...
compiling at32f4xx_iwdg.c...
compiling workqueue.c...
assembling startup_at32f407vgt7.s...
compiling at32f4xx_sdio.c...
compiling at32f4xx_rtc.c...
compiling at32f4xx_comp.c...
compiling at32f4xx_exti.c...
compiling at32f4xx_usart.c...
compiling at32f4xx_ertc.c...
compiling at32f4xx_pwr.c...
compiling at32f4xx_wwdg.c...
compiling at32f4xx_acc.c...
compiling at32f4xx_dac.c...
compiling at32f4xx_rcc.c...
compiling at32f4xx_xmc.c...
compiling at32f4xx_tim.c...
compiling at32f4xx_gpio.c...
compiling dfs_file.c...
compiling dfs.c...
compiling dfs_fs.c...
compiling dfs_posix.c...
compiling poll.c...
compiling at32f4xx_eth.c...
compiling select.c...
compiling devfs.c...
compiling dfs_elm.c...
compiling ccsbcs.c...
compiling board.c...
compiling clock.c...
compiling at32_msp.c...
compiling components.c...
compiling system_at32f4xx.c...
compiling cmd.c...
compiling msh_file.c...
compiling shell.c...
compiling msh.c...
compiling device.c...
compiling idle.c...
compiling irq.c...
compiling kservice.c...
compiling mem.c...
compiling memheap.c...
compiling ff.c...
compiling ipc.c...
compiling signal.c...
compiling mempool.c...
compiling object.c...
compiling scheduler.c...
compiling thread.c...
compiling libc.c...
compiling mem_std.c...
compiling timer.c...
compiling stdio.c...
compiling time.c...
compiling unistd.c...
compiling stubs.c...
compiling drv_usart.c...
compiling drv_gpio.c...
linking...
Program Size: Code=86074 RO-data=11298 RW-data=1288 ZI-data=5320  
FromELF: creating hex file...
After Build - User command #1: fromelf --bin .\build\keil\Obj\rt-thread.axf --output rtthread.bin
".\build\keil\Obj\rt-thread.axf" - 0 Error(s), 14 Warning(s).

<h2>Software Packages used:</h2>

Package Vendor: Keil
                
                Keil.AT32F4xx_DFP.1.3.1
                ArteryTek AT32F4 Series Device Support,Drivers

<h2>Collection of Component include folders:</h2>
  .\RTE\_rt-thread
  C:\Keil_v5\ARM\PACK\Keil\AT32F4xx_DFP\1.3.1\Device\Include

<h2>Collection of Component Files used:</h2>
Build Time Elapsed:  00:00:05
</pre>
</body>
</html>
