<html>
<body>
<pre>
<h1>礦ision Build Log</h1>
<h2>Tool Versions:</h2>
IDE-Version: μVision V5.24.2.0
Copyright (C) 2017 ARM Ltd and ARM Germany GmbH. All rights reserved.
License Information: wei wang shockley Flex license: MDK-ARM Plus: 2 user(s) (mdk_plus) Support: Dec 2018
 
Tool Versions:
Toolchain:       MDK-ARM Plus: 2 user(s)  Version: 5.24.1
Toolchain Path:  C:\Keil_v5\ARM\ARMCC\Bin
C Compiler:      Armcc.exe V5.06 update 5 (build 528)
Assembler:       Armasm.exe V5.06 update 5 (build 528)
Linker/Locator:  ArmLink.exe V5.06 update 5 (build 528)
Library Manager: ArmAr.exe V5.06 update 5 (build 528)
Hex Converter:   FromElf.exe V5.06 update 5 (build 528)
CPU DLL:         SARMCM3.DLL V5.24.1
Dialog DLL:      DCM.DLL V1.16.0.0
Target DLL:      CMSIS_AGDI.dll V1.28.3.0
Dialog DLL:      TCM.DLL V1.32.0.0
 
<h2>Project:</h2>
D:\培训资料\开发板\SDK\AT32F4xx_StdPeriph_Lib_V1.1.8\Project\AT_START_F407\Examples\USB_Device\Custom_HID\MDK-ARM\Custom_HID.uvprojx
Project File Date:  08/26/2020

<h2>Output:</h2>
*** Using Compiler 'V5.06 update 5 (build 528)', folder: 'C:\Keil_v5\ARM\ARMCC\Bin'
Rebuild target 'Custom_HID'
assembling startup_at32f407vgt7.s...
compiling usb_pwr.c...
compiling system_at32f4xx.c...
compiling main.c...
compiling usb_istr.c...
compiling at32f4xx_crc.c...
compiling at32_board.c...
compiling usb_desc.c...
compiling usb_sil.c...
compiling usb_int.c...
compiling usb_prop.c...
compiling at32f4xx_it.c...
compiling misc.c...
compiling usb_mem.c...
compiling usb_init.c...
compiling at32f4xx_acc.c...
compiling at32f4xx_exti.c...
compiling at32f4xx_usart.c...
compiling hw_config.c...
compiling usb_regs.c...
compiling usb_core.c...
compiling usb_endp.c...
compiling at32f4xx_spi.c...
compiling at32f4xx_flash.c...
compiling at32f4xx_rcc.c...
compiling at32f4xx_gpio.c...
linking...
Program Size: Code=9852 RO-data=676 RW-data=392 ZI-data=3848  
FromELF: creating hex file...
After Build - User command #1: fromelf.exe --bin --output .\Listings\USB_HID_IAP.bin ..\OBJ\USB_HID_IAP.axf
"..\OBJ\USB_HID_IAP.axf" - 0 Error(s), 0 Warning(s).

<h2>Software Packages used:</h2>

Package Vendor: Keil
                
                Keil.AT32F4xx_DFP.1.3.1
                ArteryTek AT32F4 Series Device Support,Drivers

<h2>Collection of Component include folders:</h2>
  .\RTE\_Custom_HID
  C:\Keil_v5\ARM\PACK\Keil\AT32F4xx_DFP\1.3.1\Device\Include

<h2>Collection of Component Files used:</h2>
Build Time Elapsed:  00:00:03
</pre>
</body>
</html>
