Component: ARM Compiler 5.06 update 5 (build 528) Tool: armlink [4d35e2]

==============================================================================

Section Cross References

    main.o(i.main) refers to at32_board.o(i.UART_Print_Init) for UART_Print_Init
    main.o(i.main) refers to bsp.o(i.BSP_Init) for BSP_Init
    main.o(i.main) refers to printf8.o(i.__0printf$8) for __2printf
    main.o(i.main) refers to hwtest.o(i.get_ble_version) for get_ble_version
    main.o(i.main) refers to hwtest.o(i.SetBleIntRunningMode) for SetBleIntRunningMode
    main.o(i.main) refers to macrogiga_driver.o(i.radio_initBle) for radio_initBle
    main.o(i.main) refers to hwtest.o(i.ble_set_adv_data) for ble_set_adv_data
    main.o(i.main) refers to hwtest.o(i.ble_run_interrupt_start) for ble_run_interrupt_start
    main.o(i.main) refers to bsp.o(i.IrqMcuGotoSleepAndWakeup) for IrqMcuGotoSleepAndWakeup
    main.o(i.main) refers to main.o(.data) for advData
    app.o(i.ConnectStausUpdate) refers to printf8.o(i.__0printf$8) for __2printf
    app.o(i.ConnectStausUpdate) refers to app.o(.data) for gConnectedFlag
    app.o(i.GetConnectedStatus) refers to app.o(.data) for gConnectedFlag
    app.o(i.att_server_rdByGrType) refers to att.o(i.att_server_rdByGrTypeRspPrimaryService) for att_server_rdByGrTypeRspPrimaryService
    app.o(i.att_server_rdByGrType) refers to att.o(i.att_notFd) for att_notFd
    app.o(i.att_server_rdByGrType) refers to app.o(.constdata) for AttUuid128List
    app.o(i.getDeviceInfoData) refers to app.o(.data) for DeviceInfo
    app.o(i.ser_write_rsp) refers to att.o(i.ser_write_rsp_pkt) for ser_write_rsp_pkt
    app.o(i.ser_write_rsp) refers to att.o(i.att_notFd) for att_notFd
    app.o(i.server_rd_rsp) refers to att.o(i.att_server_rd) for att_server_rd
    app.o(i.server_rd_rsp) refers to att.o(i.att_notFd) for att_notFd
    bsp.o(i.BSP_Init) refers to at32_board.o(i.AT32_Board_Init) for AT32_Board_Init
    bsp.o(i.BSP_Init) refers to bsp.o(i.SPI_Config) for SPI_Config
    bsp.o(i.BSP_Init) refers to bsp.o(i.Uart_Init) for Uart_Init
    bsp.o(i.BSP_Init) refers to at32f4xx_rcc.o(i.RCC_APB2PeriphClockCmd) for RCC_APB2PeriphClockCmd
    bsp.o(i.BSP_Init) refers to at32f4xx_gpio.o(i.GPIO_Init) for GPIO_Init
    bsp.o(i.BSP_Init) refers to at32f4xx_gpio.o(i.GPIO_EXTILineConfig) for GPIO_EXTILineConfig
    bsp.o(i.BSP_Init) refers to at32f4xx_exti.o(i.EXTI_Init) for EXTI_Init
    bsp.o(i.BSP_Init) refers to misc.o(i.NVIC_Init) for NVIC_Init
    bsp.o(i.BSP_Init) refers to at32f4xx_iwdg.o(i.IWDG_KeyRegWrite) for IWDG_KeyRegWrite
    bsp.o(i.BSP_Init) refers to at32f4xx_iwdg.o(i.IWDG_SetPrescaler) for IWDG_SetPrescaler
    bsp.o(i.BSP_Init) refers to at32f4xx_iwdg.o(i.IWDG_SetReload) for IWDG_SetReload
    bsp.o(i.BSP_Init) refers to at32f4xx_iwdg.o(i.IWDG_ReloadCounter) for IWDG_ReloadCounter
    bsp.o(i.BSP_Init) refers to system_at32f4xx.o(.data) for SystemCoreClock
    bsp.o(i.BSP_Init) refers to bsp.o(.data) for GPIO_InitStructure
    bsp.o(i.IsIrqEnabled) refers to at32f4xx_gpio.o(i.GPIO_ReadInputDataBit) for GPIO_ReadInputDataBit
    bsp.o(i.LED_ONOFF) refers to at32_board.o(i.AT32_LEDn_ON) for AT32_LEDn_ON
    bsp.o(i.LED_ONOFF) refers to at32_board.o(i.AT32_LEDn_OFF) for AT32_LEDn_OFF
    bsp.o(i.SPI_CS_Disable_) refers to at32f4xx_gpio.o(i.GPIO_SetBits) for GPIO_SetBits
    bsp.o(i.SPI_CS_Enable_) refers to at32f4xx_gpio.o(i.GPIO_ResetBits) for GPIO_ResetBits
    bsp.o(i.SPI_Config) refers to at32f4xx_rcc.o(i.RCC_APB1PeriphClockCmd) for RCC_APB1PeriphClockCmd
    bsp.o(i.SPI_Config) refers to at32f4xx_rcc.o(i.RCC_APB2PeriphClockCmd) for RCC_APB2PeriphClockCmd
    bsp.o(i.SPI_Config) refers to at32f4xx_gpio.o(i.GPIO_Init) for GPIO_Init
    bsp.o(i.SPI_Config) refers to at32f4xx_gpio.o(i.GPIO_StructInit) for GPIO_StructInit
    bsp.o(i.SPI_Config) refers to at32f4xx_gpio.o(i.GPIO_SetBits) for GPIO_SetBits
    bsp.o(i.SPI_Config) refers to at32f4xx_spi.o(i.SPI_DefaultInitParaConfig) for SPI_DefaultInitParaConfig
    bsp.o(i.SPI_Config) refers to at32f4xx_spi.o(i.SPI_Init) for SPI_Init
    bsp.o(i.SPI_Config) refers to at32f4xx_spi.o(i.SPI_Enable) for SPI_Enable
    bsp.o(i.SPI_Config) refers to bsp.o(.data) for GPIO_InitStructure
    bsp.o(i.SPI_Config) refers to bsp.o(.bss) for SPI_InitStructure
    bsp.o(i.SPI_ReadBuf) refers to bsp.o(i.SPI_CS_Enable_) for SPI_CS_Enable_
    bsp.o(i.SPI_ReadBuf) refers to bsp.o(i.SPI_WriteRead) for SPI_WriteRead
    bsp.o(i.SPI_ReadBuf) refers to bsp.o(i.SPI_CS_Disable_) for SPI_CS_Disable_
    bsp.o(i.SPI_WriteBuf) refers to bsp.o(i.SPI_CS_Enable_) for SPI_CS_Enable_
    bsp.o(i.SPI_WriteBuf) refers to bsp.o(i.SPI_WriteRead) for SPI_WriteRead
    bsp.o(i.SPI_WriteBuf) refers to bsp.o(i.SPI_CS_Disable_) for SPI_CS_Disable_
    bsp.o(i.SPI_WriteRead) refers to at32f4xx_spi.o(i.SPI_I2S_GetFlagStatus) for SPI_I2S_GetFlagStatus
    bsp.o(i.SPI_WriteRead) refers to at32f4xx_spi.o(i.SPI_I2S_TxData) for SPI_I2S_TxData
[...]
    sm_B0                                    0x2000080d   Data          16  sm.o(.bss)
    sm_B1                                    0x2000081d   Data          16  sm.o(.bss)
    sm_B2                                    0x2000082d   Data          16  sm.o(.bss)
    sm_B3                                    0x2000083d   Data          16  sm.o(.bss)
    sm_A0                                    0x2000084d   Data          16  sm.o(.bss)
    sm_A1                                    0x2000085d   Data          16  sm.o(.bss)
    sm_A2                                    0x2000086d   Data          16  sm.o(.bss)
    .bss                                     0x2000087e   Section       12  fsm_sconn.o(.bss)
    connPaBuf                                0x2000087e   Data          12  fsm_sconn.o(.bss)
    .bss                                     0x2000088a   Section       70  fsm_sconn.o(.bss)
    remapping_table                          0x2000088a   Data          37  fsm_sconn.o(.bss)
    pdu_l2cap_data                           0x200008af   Data          33  fsm_sconn.o(.bss)
    .bss                                     0x200008d0   Section       24  fsm_mconn_sleep.o(.bss)
    bb_lldata                                0x200008d0   Data          24  fsm_mconn_sleep.o(.bss)
    .bss                                     0x200008e8   Section       65  master_dispatch.o(.bss)
    l2cap_pdu                                0x200008e8   Data          33  master_dispatch.o(.bss)
    t_l2cap_pdu                              0x20000909   Data          32  master_dispatch.o(.bss)
    STACK                                    0x20000930   Section     1024  startup_at32f407vgt7.o(STACK)

    Global Symbols

    Symbol Name                              Value     Ov Type        Size  Object(Section)

    BuildAttributes$$THM_ISAv4$E$P$D$K$B$S$7EM$VFPi3$EXTD16$VFPS$VFMA$PE$A:L22UL41UL21$X:L11$S22US41US21$IEEE1$IW$USESV6$~STKCKD$USESV7$~SHL$OSPACE$ROPI$EBA8$MICROLIB$REQ8$PRES8$EABIv2 0x00000000   Number         0  anon$$obj.o ABSOLUTE
    __ARM_use_no_argv                        0x00000000   Number         0  main.o ABSOLUTE
    _printf_a                                0x00000000   Number         0  stubs.o ABSOLUTE
    _printf_c                                0x00000000   Number         0  stubs.o ABSOLUTE
    _printf_charcount                        0x00000000   Number         0  stubs.o ABSOLUTE
    _printf_d                                0x00000000   Number         0  stubs.o ABSOLUTE
    _printf_e                                0x00000000   Number         0  stubs.o ABSOLUTE
    _printf_f                                0x00000000   Number         0  stubs.o ABSOLUTE
    _printf_flags                            0x00000000   Number         0  stubs.o ABSOLUTE
    _printf_fp_dec                           0x00000000   Number         0  stubs.o ABSOLUTE
    _printf_fp_hex                           0x00000000   Number         0  stubs.o ABSOLUTE
    _printf_g                                0x00000000   Number         0  stubs.o ABSOLUTE
    _printf_i                                0x00000000   Number         0  stubs.o ABSOLUTE
    _printf_int_dec                          0x00000000   Number         0  stubs.o ABSOLUTE
    _printf_l                                0x00000000   Number         0  stubs.o ABSOLUTE
    _printf_lc                               0x00000000   Number         0  stubs.o ABSOLUTE
    _printf_ll                               0x00000000   Number         0  stubs.o ABSOLUTE
    _printf_lld                              0x00000000   Number         0  stubs.o ABSOLUTE
    _printf_lli                              0x00000000   Number         0  stubs.o ABSOLUTE
    _printf_llo                              0x00000000   Number         0  stubs.o ABSOLUTE
    _printf_llu                              0x00000000   Number         0  stubs.o ABSOLUTE
    _printf_llx                              0x00000000   Number         0  stubs.o ABSOLUTE
    _printf_longlong_dec                     0x00000000   Number         0  stubs.o ABSOLUTE
    _printf_longlong_hex                     0x00000000   Number         0  stubs.o ABSOLUTE
    _printf_longlong_oct                     0x00000000   Number         0  stubs.o ABSOLUTE
    _printf_ls                               0x00000000   Number         0  stubs.o ABSOLUTE
    _printf_mbtowc                           0x00000000   Number         0  stubs.o ABSOLUTE
    _printf_n                                0x00000000   Number         0  stubs.o ABSOLUTE
    _printf_o                                0x00000000   Number         0  stubs.o ABSOLUTE
    _printf_p                                0x00000000   Number         0  stubs.o ABSOLUTE
    _printf_percent                          0x00000000   Number         0  stubs.o ABSOLUTE
    _printf_pre_padding                      0x00000000   Number         0  stubs.o ABSOLUTE
    _printf_return_value                     0x00000000   Number         0  stubs.o ABSOLUTE
    _printf_s                                0x00000000   Number         0  stubs.o ABSOLUTE
    _printf_sizespec                         0x00000000   Number         0  stubs.o ABSOLUTE
    _printf_str                              0x00000000   Number         0  stubs.o ABSOLUTE
    _printf_truncate_signed                  0x00000000   Number         0  stubs.o ABSOLUTE
    _printf_truncate_unsigned                0x00000000   Number         0  stubs.o ABSOLUTE
    _printf_u                                0x00000000   Number         0  stubs.o ABSOLUTE
    _printf_wc                               0x00000000   Number         0  stubs.o ABSOLUTE
    _printf_wctomb                           0x00000000   Number         0  stubs.o ABSOLUTE
    _printf_widthprec                        0x00000000   Number         0  stubs.o ABSOLUTE
    _printf_x                                0x00000000   Number         0  stubs.o ABSOLUTE
    __cpp_initialize__aeabi_                  - Undefined Weak Reference
    __cxa_finalize                            - Undefined Weak Reference
    _clock_init                               - Undefined Weak Reference
    _microlib_exit                            - Undefined Weak Reference
    __Vectors_Size                           0x00000184   Number         0  startup_at32f407vgt7.o ABSOLUTE
    __Vectors                                0x08000000   Data           4  startup_at32f407vgt7.o(RESET)
    __Vectors_End                            0x08000184   Data           0  startup_at32f407vgt7.o(RESET)
    __main                                   0x08000185   Thumb Code     0  entry.o(.ARM.Collect$$$$00000000)
    _main_stk                                0x08000185   Thumb Code     0  entry2.o(.ARM.Collect$$$$00000001)
    _main_scatterload                        0x08000189   Thumb Code     0  entry5.o(.ARM.Collect$$$$00000004)
    __main_after_scatterload                 0x0800018d   Thumb Code     0  entry5.o(.ARM.Collect$$$$00000004)
    _main_clock                              0x0800018d   Thumb Code     0  entry7b.o(.ARM.Collect$$$$00000008)
    _main_cpp_init                           0x0800018d   Thumb Code     0  entry8b.o(.ARM.Collect$$$$0000000A)
    _main_init                               0x0800018d   Thumb Code     0  entry9a.o(.ARM.Collect$$$$0000000B)
    __rt_final_cpp                           0x08000195   Thumb Code     0  entry10a.o(.ARM.Collect$$$$0000000D)
    __rt_final_exit                          0x08000195   Thumb Code     0  entry11a.o(.ARM.Collect$$$$0000000F)
    Reset_Handler                            0x08000199   Thumb Code     8  startup_at32f407vgt7.o(.text)
    ACC_IRQHandler                           0x080001b3   Thumb Code     0  startup_at32f407vgt7.o(.text)
    ADC1_2_IRQHandler                        0x080001b3   Thumb Code     0  startup_at32f407vgt7.o(.text)
    ADC3_IRQHandler                          0x080001b3   Thumb Code     0  startup_at32f407vgt7.o(.text)
    CAN1_RX1_IRQHandler                      0x080001b3   Thumb Code     0  startup_at32f407vgt7.o(.text)
    CAN1_SCE_IRQHandler                      0x080001b3   Thumb Code     0  startup_at32f407vgt7.o(.text)
    CAN2_RX0_IRQHandler                      0x080001b3   Thumb Code     0  startup_at32f407vgt7.o(.text)
    CAN2_RX1_IRQHandler                      0x080001b3   Thumb Code     0  startup_at32f407vgt7.o(.text)
    CAN2_SCE_IRQHandler                      0x080001b3   Thumb Code     0  startup_at32f407vgt7.o(.text)
    CAN2_TX_IRQHandler                       0x080001b3   Thumb Code     0  startup_at32f407vgt7.o(.text)
    DMA1_Channel1_IRQHandler                 0x080001b3   Thumb Code     0  startup_at32f407vgt7.o(.text)
    DMA1_Channel2_IRQHandler                 0x080001b3   Thumb Code     0  startup_at32f407vgt7.o(.text)
    DMA1_Channel3_IRQHandler                 0x080001b3   Thumb Code     0  startup_at32f407vgt7.o(.text)
    DMA1_Channel4_IRQHandler                 0x080001b3   Thumb Code     0  startup_at32f407vgt7.o(.text)
    DMA1_Channel5_IRQHandler                 0x080001b3   Thumb Code     0  startup_at32f407vgt7.o(.text)
    DMA1_Channel6_IRQHandler                 0x080001b3   Thumb Code     0  startup_at32f407vgt7.o(.text)
    DMA1_Channel7_IRQHandler                 0x080001b3   Thumb Code     0  startup_at32f407vgt7.o(.text)
    DMA2_Channel1_IRQHandler                 0x080001b3   Thumb Code     0  startup_at32f407vgt7.o(.text)
    DMA2_Channel2_IRQHandler                 0x080001b3   Thumb Code     0  startup_at32f407vgt7.o(.text)
    DMA2_Channel3_IRQHandler                 0x080001b3   Thumb Code     0  startup_at32f407vgt7.o(.text)
    DMA2_Channel4_5_IRQHandler               0x080001b3   Thumb Code     0  startup_at32f407vgt7.o(.text)
    DMA2_Channel6_7_IRQHandler               0x080001b3   Thumb Code     0  startup_at32f407vgt7.o(.text)
    ETH_IRQHandler                           0x080001b3   Thumb Code     0  startup_at32f407vgt7.o(.text)
    ETH_WKUP_IRQHandler                      0x080001b3   Thumb Code     0  startup_at32f407vgt7.o(.text)
    EXTI0_IRQHandler                         0x080001b3   Thumb Code     0  startup_at32f407vgt7.o(.text)
    EXTI1_IRQHandler                         0x080001b3   Thumb Code     0  startup_at32f407vgt7.o(.text)
    EXTI2_IRQHandler                         0x080001b3   Thumb Code     0  startup_at32f407vgt7.o(.text)
    EXTI3_IRQHandler                         0x080001b3   Thumb Code     0  startup_at32f407vgt7.o(.text)
    EXTI4_IRQHandler                         0x080001b3   Thumb Code     0  startup_at32f407vgt7.o(.text)
    EXTI9_5_IRQHandler                       0x080001b3   Thumb Code     0  startup_at32f407vgt7.o(.text)
    FLASH_IRQHandler                         0x080001b3   Thumb Code     0  startup_at32f407vgt7.o(.text)
    I2C1_ER_IRQHandler                       0x080001b3   Thumb Code     0  startup_at32f407vgt7.o(.text)
    I2C1_EV_IRQHandler                       0x080001b3   Thumb Code     0  startup_at32f407vgt7.o(.text)
    I2C2_ER_IRQHandler                       0x080001b3   Thumb Code     0  startup_at32f407vgt7.o(.text)
    I2C2_EV_IRQHandler                       0x080001b3   Thumb Code     0  startup_at32f407vgt7.o(.text)
    I2C3_ER_IRQHandler                       0x080001b3   Thumb Code     0  startup_at32f407vgt7.o(.text)
    I2C3_EV_IRQHandler                       0x080001b3   Thumb Code     0  startup_at32f407vgt7.o(.text)
    PVD_IRQHandler                           0x080001b3   Thumb Code     0  startup_at32f407vgt7.o(.text)
    RCC_IRQHandler                           0x080001b3   Thumb Code     0  startup_at32f407vgt7.o(.text)
    RTCAlarm_IRQHandler                      0x080001b3   Thumb Code     0  startup_at32f407vgt7.o(.text)
    RTC_IRQHandler                           0x080001b3   Thumb Code     0  startup_at32f407vgt7.o(.text)
    SDIO1_IRQHandler                         0x080001b3   Thumb Code     0  startup_at32f407vgt7.o(.text)
    SDIO2_IRQHandler                         0x080001b3   Thumb Code     0  startup_at32f407vgt7.o(.text)
    SPI1_IRQHandler                          0x080001b3   Thumb Code     0  startup_at32f407vgt7.o(.text)
    SPI2_I2S2EXT_IRQHandler                  0x080001b3   Thumb Code     0  startup_at32f407vgt7.o(.text)
    SPI3_I2S3EXT_IRQHandler                  0x080001b3   Thumb Code     0  startup_at32f407vgt7.o(.text)
    SPI4_IRQHandler                          0x080001b3   Thumb Code     0  startup_at32f407vgt7.o(.text)
    TAMPER_IRQHandler                        0x080001b3   Thumb Code     0  startup_at32f407vgt7.o(.text)
    TMR1_BRK_TMR9_IRQHandler                 0x080001b3   Thumb Code     0  startup_at32f407vgt7.o(.text)
    TMR1_CC_IRQHandler                       0x080001b3   Thumb Code     0  startup_at32f407vgt7.o(.text)
    TMR1_OV_TMR10_IRQHandler                 0x080001b3   Thumb Code     0  startup_at32f407vgt7.o(.text)
    TMR1_TRG_COM_TMR11_IRQHandler            0x080001b3   Thumb Code     0  startup_at32f407vgt7.o(.text)
    TMR2_GLOBAL_IRQHandler                   0x080001b3   Thumb Code     0  startup_at32f407vgt7.o(.text)
    TMR3_GLOBAL_IRQHandler                   0x080001b3   Thumb Code     0  startup_at32f407vgt7.o(.text)
    TMR4_GLOBAL_IRQHandler                   0x080001b3   Thumb Code     0  startup_at32f407vgt7.o(.text)
    TMR5_GLOBAL_IRQHandler                   0x080001b3   Thumb Code     0  startup_at32f407vgt7.o(.text)
    TMR6_GLOBAL_IRQHandler                   0x080001b3   Thumb Code     0  startup_at32f407vgt7.o(.text)
    TMR7_GLOBAL_IRQHandler                   0x080001b3   Thumb Code     0  startup_at32f407vgt7.o(.text)
    TMR8_BRK_TMR12_IRQHandler                0x080001b3   Thumb Code     0  startup_at32f407vgt7.o(.text)
    TMR8_CC_IRQHandler                       0x080001b3   Thumb Code     0  startup_at32f407vgt7.o(.text)
    TMR8_OV_TMR13_IRQHandler                 0x080001b3   Thumb Code     0  startup_at32f407vgt7.o(.text)
    TMR8_TRG_COM_TMR14_IRQHandler            0x080001b3   Thumb Code     0  startup_at32f407vgt7.o(.text)
    UART4_IRQHandler                         0x080001b3   Thumb Code     0  startup_at32f407vgt7.o(.text)
    UART5_IRQHandler                         0x080001b3   Thumb Code     0  startup_at32f407vgt7.o(.text)
    UART7_IRQHandler                         0x080001b3   Thumb Code     0  startup_at32f407vgt7.o(.text)
    UART8_IRQHandler                         0x080001b3   Thumb Code     0  startup_at32f407vgt7.o(.text)
    USART1_IRQHandler                        0x080001b3   Thumb Code     0  startup_at32f407vgt7.o(.text)
    USART3_IRQHandler                        0x080001b3   Thumb Code     0  startup_at32f407vgt7.o(.text)
    USART6_IRQHandler                        0x080001b3   Thumb Code     0  startup_at32f407vgt7.o(.text)
    USBWakeUp_IRQHandler                     0x080001b3   Thumb Code     0  startup_at32f407vgt7.o(.text)
    USB_HP_CAN1_TX_IRQHandler                0x080001b3   Thumb Code     0  startup_at32f407vgt7.o(.text)
    USB_HP_IRQHandler                        0x080001b3   Thumb Code     0  startup_at32f407vgt7.o(.text)
    USB_LP_CAN1_RX0_IRQHandler               0x080001b3   Thumb Code     0  startup_at32f407vgt7.o(.text)
    USB_LP_IRQHandler                        0x080001b3   Thumb Code     0  startup_at32f407vgt7.o(.text)
    WWDG_IRQHandler                          0x080001b3   Thumb Code     0  startup_at32f407vgt7.o(.text)
    XMC_IRQHandler                           0x080001b3   Thumb Code     0  startup_at32f407vgt7.o(.text)
    __aeabi_memcpy                           0x080001bd   Thumb Code    36  memcpya.o(.text)
    __aeabi_memcpy4                          0x080001bd   Thumb Code     0  memcpya.o(.text)
    __aeabi_memcpy8                          0x080001bd   Thumb Code     0  memcpya.o(.text)
    __aeabi_memset                           0x080001e1   Thumb Code    14  memseta.o(.text)
    __aeabi_memset4                          0x080001e1   Thumb Code     0  memseta.o(.text)
    __aeabi_memset8                          0x080001e1   Thumb Code     0  memseta.o(.text)
    __aeabi_memclr                           0x080001ef   Thumb Code     4  memseta.o(.text)
    __aeabi_memclr4                          0x080001ef   Thumb Code     0  memseta.o(.text)
    __aeabi_memclr8                          0x080001ef   Thumb Code     0  memseta.o(.text)
    _memset$wrapper                          0x080001f3   Thumb Code    18  memseta.o(.text)
    memcmp                                   0x08000205   Thumb Code    26  memcmp.o(.text)
    __aeabi_uldivmod                         0x0800021f   Thumb Code    98  uldiv.o(.text)
    __scatterload                            0x08000281   Thumb Code    28  init.o(.text)
    __scatterload_rt2                        0x08000281   Thumb Code     0  init.o(.text)
    __aeabi_llsl                             0x080002a5   Thumb Code    30  llshl.o(.text)
    _ll_shift_l                              0x080002a5   Thumb Code     0  llshl.o(.text)
    __aeabi_llsr                             0x080002c3   Thumb Code    32  llushr.o(.text)
    _ll_ushift_r                             0x080002c3   Thumb Code     0  llushr.o(.text)
    __decompress                             0x080002e3   Thumb Code     0  __dczerorl2.o(.text)
    __decompress1                            0x080002e3   Thumb Code    86  __dczerorl2.o(.text)
    AT32_BUTTON_Init                         0x08000339   Thumb Code    52  at32_board.o(i.AT32_BUTTON_Init)
    AT32_Board_Init                          0x08000379   Thumb Code    56  at32_board.o(i.AT32_Board_Init)
    AT32_LEDn_Init                           0x080003b1   Thumb Code    58  at32_board.o(i.AT32_LEDn_Init)
    AT32_LEDn_OFF                            0x080003f9   Thumb Code    32  at32_board.o(i.AT32_LEDn_OFF)
    AT32_LEDn_ON                             0x08000421   Thumb Code    32  at32_board.o(i.AT32_LEDn_ON)
    BSP_Init                                 0x08000449   Thumb Code   214  bsp.o(i.BSP_Init)
    BusFault_Handler                         0x08000541   Thumb Code     4  at32f4xx_it.o(i.BusFault_Handler)
    CheckComPortInData                       0x08000571   Thumb Code   134  retarget.o(i.CheckComPortInData)
    CheckMcuTimerForRcCal                    0x08000605   Thumb Code    40  fsm_adv_generic.o(i.CheckMcuTimerForRcCal)
    ConnectStausUpdate                       0x08000679   Thumb Code    48  app.o(i.ConnectStausUpdate)
    Convert2BigLittleEndian                  0x080006f1   Thumb Code    24  sm.o(i.Convert2BigLittleEndian)
    DebugMon_Handler                         0x08000709   Thumb Code     2  at32f4xx_it.o(i.DebugMon_Handler)
    Delay_init                               0x0800070d   Thumb Code    54  at32_board.o(i.Delay_init)
    DoRcConvert_HF_LF_COEF                   0x08000759   Thumb Code    14  fsm_adv_generic.o(i.DoRcConvert_HF_LF_COEF)
    DoRcConvert_LF_AMPLE                     0x0800076d   Thumb Code    34  fsm_adv_generic.o(i.DoRcConvert_LF_AMPLE)
    EXTI15_10_IRQHandler                     0x08000795   Thumb Code    28  at32f4xx_it.o(i.EXTI15_10_IRQHandler)
    EXTI_ClearIntPendingBit                  0x080007b1   Thumb Code     6  at32f4xx_exti.o(i.EXTI_ClearIntPendingBit)
    EXTI_GetIntStatus                        0x080007bd   Thumb Code    34  at32f4xx_exti.o(i.EXTI_GetIntStatus)
    EXTI_Init                                0x080007e5   Thumb Code   142  at32f4xx_exti.o(i.EXTI_Init)
    GPIO_EXTILineConfig                      0x08000879   Thumb Code    60  at32f4xx_gpio.o(i.GPIO_EXTILineConfig)
    GPIO_Init                                0x080008b9   Thumb Code   278  at32f4xx_gpio.o(i.GPIO_Init)
    GPIO_PinsRemapConfig                     0x080009d1   Thumb Code  1388  at32f4xx_gpio.o(i.GPIO_PinsRemapConfig)
    GPIO_ReadInputDataBit                    0x08000f41   Thumb Code    18  at32f4xx_gpio.o(i.GPIO_ReadInputDataBit)
    GPIO_ResetBits                           0x08000f53   Thumb Code     4  at32f4xx_gpio.o(i.GPIO_ResetBits)
    GPIO_SetBits                             0x08000f57   Thumb Code     4  at32f4xx_gpio.o(i.GPIO_SetBits)
    GPIO_StructInit                          0x08000f5b   Thumb Code    16  at32f4xx_gpio.o(i.GPIO_StructInit)
    GenerateTxQueue                          0x08000f6d   Thumb Code    70  slave_dispatch.o(i.GenerateTxQueue)
    GetAdvCh                                 0x08000fbd   Thumb Code     6  fsm_adv_generic.o(i.GetAdvCh)
    GetAdvEnable                             0x08000fc9   Thumb Code     6  fsm_adv_generic.o(i.GetAdvEnable)
    GetCharListDim                           0x08000fd5   Thumb Code     4  app.o(i.GetCharListDim)
    GetConnectedStatus                       0x08000fd9   Thumb Code     6  app.o(i.GetConnectedStatus)
    GetPrimaryServiceHandle                  0x08000fe5   Thumb Code    10  app.o(i.GetPrimaryServiceHandle)
    GetSysTickCount                          0x08000ff1   Thumb Code     6  at32f4xx_it.o(i.GetSysTickCount)
    HardFault_Handler                        0x08000ffd   Thumb Code     4  at32f4xx_it.o(i.HardFault_Handler)
    IWDG_KeyRegWrite                         0x08001001   Thumb Code     6  at32f4xx_iwdg.o(i.IWDG_KeyRegWrite)
    IWDG_ReloadCounter                       0x0800100d   Thumb Code    10  at32f4xx_iwdg.o(i.IWDG_ReloadCounter)
    IWDG_SetPrescaler                        0x0800101d   Thumb Code     6  at32f4xx_iwdg.o(i.IWDG_SetPrescaler)
    IWDG_SetReload                           0x08001029   Thumb Code     6  at32f4xx_iwdg.o(i.IWDG_SetReload)
    IrqMcuGotoSleepAndWakeup                 0x08001035   Thumb Code     2  bsp.o(i.IrqMcuGotoSleepAndWakeup)
    IsIrqEnabled                             0x08001039   Thumb Code    22  bsp.o(i.IsIrqEnabled)
    IsSwTimeOut                              0x08001055   Thumb Code    30  hwtest.o(i.IsSwTimeOut)
    LED_ONOFF                                0x08001079   Thumb Code    22  bsp.o(i.LED_ONOFF)
    McuGotoSleepAndWakeup                    0x0800108f   Thumb Code     2  bsp.o(i.McuGotoSleepAndWakeup)
    MemManage_Handler                        0x08001091   Thumb Code     4  at32f4xx_it.o(i.MemManage_Handler)
    NMI_Handler                              0x08001095   Thumb Code     2  at32f4xx_it.o(i.NMI_Handler)
    NVIC_Init                                0x08001099   Thumb Code   100  misc.o(i.NVIC_Init)
    PendSV_Handler                           0x08001109   Thumb Code     2  at32f4xx_it.o(i.PendSV_Handler)
    RCC_APB1PeriphClockCmd                   0x0800110d   Thumb Code    26  at32f4xx_rcc.o(i.RCC_APB1PeriphClockCmd)
    RCC_APB2PeriphClockCmd                   0x0800112d   Thumb Code    26  at32f4xx_rcc.o(i.RCC_APB2PeriphClockCmd)
    RCC_GetClocksFreq                        0x0800114d   Thumb Code   300  at32f4xx_rcc.o(i.RCC_GetClocksFreq)
    ReMConnect                               0x08001295   Thumb Code    66  fsm_mconn_sleep.o(i.ReMConnect)
    ReSConnect                               0x080012ed   Thumb Code   102  fsm_sconn.o(i.ReSConnect)
    SIG_CommandRej                           0x08001365   Thumb Code    74  l2cap.o(i.SIG_CommandRej)
    SPI_CS_Disable_                          0x080013b1   Thumb Code    14  bsp.o(i.SPI_CS_Disable_)
    SPI_CS_Enable_                           0x080013c5   Thumb Code    14  bsp.o(i.SPI_CS_Enable_)
    SPI_Config                               0x080013d9   Thumb Code   156  bsp.o(i.SPI_Config)
    SPI_DefaultInitParaConfig                0x08001485   Thumb Code    24  at32f4xx_spi.o(i.SPI_DefaultInitParaConfig)
    SPI_Enable                               0x0800149d   Thumb Code    24  at32f4xx_spi.o(i.SPI_Enable)
    SPI_I2S_GetFlagStatus                    0x080014b5   Thumb Code    18  at32f4xx_spi.o(i.SPI_I2S_GetFlagStatus)
    SPI_I2S_RxData                           0x080014c7   Thumb Code     6  at32f4xx_spi.o(i.SPI_I2S_RxData)
    SPI_I2S_TxData                           0x080014cd   Thumb Code     4  at32f4xx_spi.o(i.SPI_I2S_TxData)
    SPI_Init                                 0x080014d1   Thumb Code    90  at32f4xx_spi.o(i.SPI_Init)
    SPI_ReadBuf                              0x0800152b   Thumb Code    60  bsp.o(i.SPI_ReadBuf)
    SPI_WriteBuf                             0x08001567   Thumb Code    58  bsp.o(i.SPI_WriteBuf)
    SPI_WriteRead                            0x080015a1   Thumb Code    52  bsp.o(i.SPI_WriteRead)
    SVC_Handler                              0x080015d9   Thumb Code     2  at32f4xx_it.o(i.SVC_Handler)
    SaveCurrentHdr                           0x080015dd   Thumb Code     6  slave_dispatch.o(i.SaveCurrentHdr)
    SaveInitAddr                             0x080015e9   Thumb Code    12  ll_control.o(i.SaveInitAddr)
    SetBleIntRunningMode                     0x08001619   Thumb Code     8  hwtest.o(i.SetBleIntRunningMode)
    SetMcuSleepFlag                          0x08001625   Thumb Code    10  hwtest.o(i.SetMcuSleepFlag)
    SetSwTimer                               0x08001635   Thumb Code    20  hwtest.o(i.SetSwTimer)
    StartBBTimerForRcCal                     0x0800172d   Thumb Code    18  fsm_adv_generic.o(i.StartBBTimerForRcCal)
    SysTick_CLKSourceConfig                  0x08001745   Thumb Code    40  misc.o(i.SysTick_CLKSourceConfig)
    SysTick_Handler                          0x0800176d   Thumb Code    18  at32f4xx_it.o(i.SysTick_Handler)
    SystemInit                               0x08001785   Thumb Code   106  system_at32f4xx.o(i.SystemInit)
    Tx_len                                   0x08001809   Thumb Code    12  fsm_base.o(i.Tx_len)
    UART_Print_Init                          0x08001819   Thumb Code   142  at32_board.o(i.UART_Print_Init)
    USART2_IRQHandler                        0x080018b1   Thumb Code   132  retarget.o(i.USART2_IRQHandler)
    USART_Cmd                                0x0800194d   Thumb Code    24  at32f4xx_usart.o(i.USART_Cmd)
    USART_GetFlagStatus                      0x08001965   Thumb Code    26  at32f4xx_usart.o(i.USART_GetFlagStatus)
    USART_GetITStatus                        0x0800197f   Thumb Code    84  at32f4xx_usart.o(i.USART_GetITStatus)
    USART_INTConfig                          0x080019d3   Thumb Code    74  at32f4xx_usart.o(i.USART_INTConfig)
    USART_Init                               0x08001a1d   Thumb Code   210  at32f4xx_usart.o(i.USART_Init)
    USART_ReceiveData                        0x08001af5   Thumb Code    10  at32f4xx_usart.o(i.USART_ReceiveData)
    USART_SendData                           0x08001aff   Thumb Code     8  at32f4xx_usart.o(i.USART_SendData)
    USART_StructInit                         0x08001b07   Thumb Code    24  at32f4xx_usart.o(i.USART_StructInit)
    Uart_Init                                0x08001b21   Thumb Code   146  bsp.o(i.Uart_Init)
    UsageFault_Handler                       0x08001bc9   Thumb Code     4  at32f4xx_it.o(i.UsageFault_Handler)
    UsrProcCallback                          0x08001bcd   Thumb Code    78  retarget.o(i.UsrProcCallback)
    __0printf$8                              0x08001c31   Thumb Code    22  printf8.o(i.__0printf$8)
    __1printf$8                              0x08001c31   Thumb Code     0  printf8.o(i.__0printf$8)
    __2printf                                0x08001c31   Thumb Code     0  printf8.o(i.__0printf$8)
    __scatterload_copy                       0x08001c51   Thumb Code    14  handlers.o(i.__scatterload_copy)
    __scatterload_null                       0x08001c5f   Thumb Code     2  handlers.o(i.__scatterload_null)
    __scatterload_zeroinit                   0x08001c61   Thumb Code    14  handlers.o(i.__scatterload_zeroinit)
    aes_encrypt_HW                           0x08002735   Thumb Code     6  app.o(i.aes_encrypt_HW)
    att_ErrorFd_eCode                        0x08002805   Thumb Code    52  att.o(i.att_ErrorFd_eCode)
    att_exMtuReq                             0x08002845   Thumb Code    36  att.o(i.att_exMtuReq)
    att_notFd                                0x08002871   Thumb Code     6  att.o(i.att_notFd)
    att_server_findByType                    0x0800287b   Thumb Code   134  att.o(i.att_server_findByType)
    att_server_findIn                        0x08002901   Thumb Code   156  att.o(i.att_server_findIn)
    att_server_rd                            0x080029a1   Thumb Code    94  att.o(i.att_server_rd)
    att_server_rdByGrType                    0x08002a01   Thumb Code    58  app.o(i.att_server_rdByGrType)
    att_server_rdByGrTypeRspPrimaryService   0x08002a41   Thumb Code   114  att.o(i.att_server_rdByGrTypeRspPrimaryService)
    att_server_rdByType                      0x08002ab5   Thumb Code   606  att.o(i.att_server_rdByType)
    bb_DoRcCal                               0x08002d21   Thumb Code    44  fsm_adv_generic.o(i.bb_DoRcCal)
    bb_advCalTimerIrq                        0x08002d55   Thumb Code     4  fsm_adv_generic.o(i.bb_advCalTimerIrq)
    bb_advGenericSetup                       0x08002d59   Thumb Code    38  fsm_adv_generic.o(i.bb_advGenericSetup)
    bb_advGenericStart                       0x08002d85   Thumb Code    10  fsm_adv_generic.o(i.bb_advGenericStart)
    bb_getConnState                          0x08002d99   Thumb Code    30  fsm_base.o(i.bb_getConnState)
    bb_mconnStart                            0x08002dbd   Thumb Code   138  fsm_mconn_sleep.o(i.bb_mconnStart)
    bb_scanSetup                             0x08002e5d   Thumb Code    40  fsm_scan.o(i.bb_scanSetup)
    bb_scanStart                             0x08002e89   Thumb Code    10  fsm_scan.o(i.bb_scanStart)
    bb_sconnStart                            0x08002e9d   Thumb Code   126  fsm_sconn.o(i.bb_sconnStart)
    bb_setConnState                          0x08002f2d   Thumb Code     6  fsm_base.o(i.bb_setConnState)
    ble_nMsRoutine                           0x08002f39   Thumb Code    40  hwtest.o(i.ble_nMsRoutine)
    ble_run                                  0x08002f69   Thumb Code  1028  hwtest.o(i.ble_run)
    ble_run_interrupt_start                  0x0800336d   Thumb Code    24  hwtest.o(i.ble_run_interrupt_start)
    ble_set_adv_data                         0x08003389   Thumb Code    38  hwtest.o(i.ble_set_adv_data)
    ble_set_adv_type                         0x080033b9   Thumb Code    18  hwtest.o(i.ble_set_adv_type)
    empty_pk                                 0x08003465   Thumb Code    16  ll_control.o(i.empty_pk)
    fputc                                    0x08003555   Thumb Code    32  at32_board.o(i.fputc)
    gatt_user_send_notify_data_callback      0x0800358b   Thumb Code     2  app.o(i.gatt_user_send_notify_data_callback)
    getDeviceInfoData                        0x0800358d   Thumb Code    10  app.o(i.getDeviceInfoData)
    get_ble_version                          0x0800359d   Thumb Code     4  hwtest.o(i.get_ble_version)
    get_current_ch                           0x080035b1   Thumb Code     6  fsm_sconn.o(i.get_current_ch)
    get_node_free                            0x080035bd   Thumb Code     6  data_queue.o(i.get_node_free)
    is_node_empty                            0x080035c9   Thumb Code    16  data_queue.o(i.is_node_empty)
    mOpCheck_Start                           0x080035dd   Thumb Code    14  master_dispatch.o(i.mOpCheck_Start)
    m_GenerateTxQueue                        0x080035f5   Thumb Code    42  master_dispatch.o(i.m_GenerateTxQueue)
    m_RdByGroupTypeRsp                       0x08003629   Thumb Code    68  master_dispatch.o(i.m_RdByGroupTypeRsp)
    m_RdByTypeChar                           0x08003671   Thumb Code    84  master_dispatch.o(i.m_RdByTypeChar)
    m_RdByTypeRsp                            0x080036c5   Thumb Code    52  master_dispatch.o(i.m_RdByTypeRsp)
    m_UpdateNESN                             0x080036fd   Thumb Code    12  master_dispatch.o(i.m_UpdateNESN)
    m_UpdateSN                               0x0800370d   Thumb Code    12  master_dispatch.o(i.m_UpdateSN)
    m_attErrorRsp                            0x0800371d   Thumb Code    28  master_dispatch.o(i.m_attErrorRsp)
    m_att_Confirmation                       0x0800373d   Thumb Code    50  master_dispatch.o(i.m_att_Confirmation)
    m_att_readGrpBypService                  0x080037b9   Thumb Code    82  master_dispatch.o(i.m_att_readGrpBypService)
    m_att_readReq                            0x0800380d   Thumb Code    78  master_dispatch.o(i.m_att_readReq)
    m_opcodeCheck_parser                     0x080038b9   Thumb Code   180  master_dispatch.o(i.m_opcodeCheck_parser)
    main                                     0x08003975   Thumb Code   120  main.o(i.main)
    mg_activate                              0x08003cb1   Thumb Code    14  macrogiga_driver.o(i.mg_activate)
    mg_aes_encrypt                           0x08003cc1   Thumb Code    36  sm.o(i.mg_aes_encrypt)
    mg_readBuf                               0x08003ce9   Thumb Code     4  macrogiga_driver.o(i.mg_readBuf)
    mg_readReg                               0x08003ced   Thumb Code     6  macrogiga_driver.o(i.mg_readReg)
    mg_writeBuf                              0x08003cf3   Thumb Code     8  macrogiga_driver.o(i.mg_writeBuf)
    mg_writeReg                              0x08003cfb   Thumb Code    16  macrogiga_driver.o(i.mg_writeReg)
    queue_empty                              0x08003d0b   Thumb Code    16  data_queue.o(i.queue_empty)
    queue_init                               0x08003d1d   Thumb Code    14  data_queue.o(i.queue_init)
    queue_pop                                0x08003d31   Thumb Code    24  data_queue.o(i.queue_pop)
    queue_push                               0x08003d49   Thumb Code    32  data_queue.o(i.queue_push)
    radio_clearIRQ                           0x08003d69   Thumb Code     8  macrogiga_driver.o(i.radio_clearIRQ)
    radio_do_cal                             0x08003d71   Thumb Code   154  macrogiga_driver.o(i.radio_do_cal)
    radio_do_cal_check_result                0x08003e0b   Thumb Code    34  macrogiga_driver.o(i.radio_do_cal_check_result)
    radio_do_cal_start                       0x08003e2d   Thumb Code    36  macrogiga_driver.o(i.radio_do_cal_start)
    radio_do_cal_step_check                  0x08003e55   Thumb Code   160  macrogiga_driver.o(i.radio_do_cal_step_check)
    radio_getClock                           0x08003ef9   Thumb Code    62  macrogiga_driver.o(i.radio_getClock)
    radio_getHClock                          0x08003f37   Thumb Code    38  macrogiga_driver.o(i.radio_getHClock)
    radio_getHdr                             0x08003f5d   Thumb Code    50  macrogiga_driver.o(i.radio_getHdr)
    radio_getPdu                             0x08003f95   Thumb Code   148  macrogiga_driver.o(i.radio_getPdu)
    radio_initBle                            0x0800402d   Thumb Code   422  macrogiga_driver.o(i.radio_initBle)
    radio_readIRQ                            0x080041dd   Thumb Code    20  macrogiga_driver.o(i.radio_readIRQ)
    radio_setAccessCode                      0x080041f1   Thumb Code    38  macrogiga_driver.o(i.radio_setAccessCode)
    radio_setAdvHeader                       0x08004217   Thumb Code    24  macrogiga_driver.o(i.radio_setAdvHeader)
    radio_setAdvPayload                      0x0800422f   Thumb Code    10  macrogiga_driver.o(i.radio_setAdvPayload)
    radio_setChannel                         0x08004239   Thumb Code    14  macrogiga_driver.o(i.radio_setChannel)
    radio_setCrcInit                         0x08004247   Thumb Code    32  macrogiga_driver.o(i.radio_setCrcInit)
    radio_setIrqMask                         0x08004267   Thumb Code    24  macrogiga_driver.o(i.radio_setIrqMask)
    radio_setMode                            0x0800427f   Thumb Code    54  macrogiga_driver.o(i.radio_setMode)
    radio_setPaGain                          0x080042b5   Thumb Code    24  macrogiga_driver.o(i.radio_setPaGain)
    radio_setScanAInitA                      0x080042cd   Thumb Code    50  macrogiga_driver.o(i.radio_setScanAInitA)
    radio_setStartTime                       0x080042ff   Thumb Code    30  macrogiga_driver.o(i.radio_setStartTime)
    radio_setTimeout                         0x0800431d   Thumb Code    42  macrogiga_driver.o(i.radio_setTimeout)
    radio_setTxPayload                       0x08004347   Thumb Code    10  macrogiga_driver.o(i.radio_setTxPayload)
    radio_setTxPduHeader                     0x08004351   Thumb Code    28  macrogiga_driver.o(i.radio_setTxPduHeader)
    radio_setWakeupTime                      0x0800436d   Thumb Code    36  macrogiga_driver.o(i.radio_setWakeupTime)
    radio_sleep                              0x08004391   Thumb Code    34  macrogiga_driver.o(i.radio_sleep)
    radio_wakeup                             0x080043b3   Thumb Code     8  macrogiga_driver.o(i.radio_wakeup)
    readQueue                                0x080043bd   Thumb Code    60  data_queue.o(i.readQueue)
    reset_sm_flags                           0x080043fd   Thumb Code    10  ll_control.o(i.reset_sm_flags)
    restoretxbuf                             0x0800440d   Thumb Code    26  ll_control.o(i.restoretxbuf)
    sOpCheck_Start                           0x08004431   Thumb Code    16  slave_dispatch.o(i.sOpCheck_Start)
    s_llChmReq                               0x08004449   Thumb Code     2  ll_control.o(i.s_llChmReq)
    s_llConnParaRsp                          0x0800444d   Thumb Code    44  ll_control.o(i.s_llConnParaRsp)
    s_llEncReq                               0x08004495   Thumb Code   230  ll_control.o(i.s_llEncReq)
    s_llFea                                  0x08004589   Thumb Code    38  ll_control.o(i.s_llFea)
    s_llSmGetTKType                          0x080045c1   Thumb Code    20  sm.o(i.s_llSmGetTKType)
    s_llSmPair                               0x080045d9   Thumb Code   176  ll_control.o(i.s_llSmPair)
    s_llSmPairConfirm                        0x0800468d   Thumb Code   174  ll_control.o(i.s_llSmPairConfirm)
    s_llSmPairFailed                         0x08004749   Thumb Code    72  ll_control.o(i.s_llSmPairFailed)
    s_llSmPairRand                           0x08004795   Thumb Code   202  ll_control.o(i.s_llSmPairRand)
    s_llStartEncRsp                          0x0800486d   Thumb Code   210  ll_control.o(i.s_llStartEncRsp)
    s_llTer                                  0x08004945   Thumb Code    38  ll_control.o(i.s_llTer)
    s_llTerminate                            0x08004971   Thumb Code    42  ll_control.o(i.s_llTerminate)
    s_llUnknownRsp                           0x080049a5   Thumb Code    40  ll_control.o(i.s_llUnknownRsp)
    s_llVersion                              0x080049d5   Thumb Code    42  ll_control.o(i.s_llVersion)
    s_opcodeCheckOld                         0x08004a79   Thumb Code   726  slave_dispatch.o(i.s_opcodeCheckOld)
    savetxbuf                                0x08004d5d   Thumb Code    16  ll_control.o(i.savetxbuf)
    sconnConUpdate                           0x08004f35   Thumb Code    92  fsm_sconn.o(i.sconnConUpdate)
    sconnUpChm                               0x08004f95   Thumb Code    40  fsm_sconn.o(i.sconnUpChm)
    sconn_ReSetLLSupvTimer                   0x08004fc1   Thumb Code     4  fsm_sconn.o(i.sconn_ReSetLLSupvTimer)
    sconn_notifydata                         0x08004fc5   Thumb Code    70  att.o(i.sconn_notifydata)
    ser_execute_write                        0x0800541d   Thumb Code     2  app.o(i.ser_execute_write)
    ser_execute_write_rsp                    0x0800541f   Thumb Code    38  att.o(i.ser_execute_write_rsp)
    ser_notify_handle                        0x08005445   Thumb Code   112  att.o(i.ser_notify_handle)
    ser_prepare_write                        0x080054b5   Thumb Code     2  app.o(i.ser_prepare_write)
    ser_prepare_write_rsp                    0x080054b7   Thumb Code    86  att.o(i.ser_prepare_write_rsp)
    ser_write_rsp                            0x0800550d   Thumb Code    52  app.o(i.ser_write_rsp)
    ser_write_rsp_pkt                        0x08005541   Thumb Code    36  att.o(i.ser_write_rsp_pkt)
    server_blob_rd_rsp                       0x0800556d   Thumb Code     2  app.o(i.server_blob_rd_rsp)
    server_rd_rsp                            0x0800556f   Thumb Code    50  app.o(i.server_rd_rsp)
    show_character_hd_info                   0x080055a1   Thumb Code    16  master_dispatch.o(i.show_character_hd_info)
    sm_SetAddrType                           0x08005695   Thumb Code     8  ll_control.o(i.sm_SetAddrType)
    sm_Update_SK_IV                          0x080056a1   Thumb Code    46  sm.o(i.sm_Update_SK_IV)
    sm_func_c1                               0x08005931   Thumb Code   142  sm.o(i.sm_func_c1)
    sm_func_s1                               0x080059c5   Thumb Code    34  sm.o(i.sm_func_s1)
    sm_generate_EDIV_Rand_LTK                0x08005a4d   Thumb Code   126  sm.o(i.sm_generate_EDIV_Rand_LTK)
    sm_generate_LTK                          0x08005ad9   Thumb Code    82  sm.o(i.sm_generate_LTK)
    sm_parser                                0x08005b35   Thumb Code    56  sm.o(i.sm_parser)
    sm_process_pdu                           0x08005b75   Thumb Code    46  sm.o(i.sm_process_pdu)
    test_adv_generic                         0x08005ba9   Thumb Code    38  hwtest.o(i.test_adv_generic)
    txRsp                                    0x08005c0d   Thumb Code    42  ll_control.o(i.txRsp)
    AttCharList                              0x08005cc0   Data          30  app.o(.constdata)
    AttUuid128List                           0x08005cde   Data          48  app.o(.constdata)
    adv_generic_fsm                          0x08005d24   Data          28  fsm_adv_generic.o(.constdata)
    scan_fsm                                 0x08005d40   Data          28  fsm_scan.o(.constdata)
    Region$$Table$$Base                      0x08005ed0   Number         0  anon$$obj.o(Region$$Table)
    Region$$Table$$Limit                     0x08005ef0   Number         0  anon$$obj.o(Region$$Table)
    DeviceInfo                               0x20000004   Data          12  app.o(.data)
    cur_notifyhandle                         0x20000010   Data           2  app.o(.data)
    GPIO_InitStructure                       0x20000014   Data           4  bsp.o(.data)
    EXTI_InitStructure                       0x20000018   Data           8  bsp.o(.data)
    NVIC_InitStructure                       0x20000020   Data           4  bsp.o(.data)
    LsiFreq                                  0x20000024   Data           4  bsp.o(.data)
    SysTick_Count                            0x20000028   Data           4  at32f4xx_it.o(.data)
    comrxbuf_rd_pos                          0x20000030   Data           2  retarget.o(.data)
    LED_GPIO_PORT                            0x20000034   Data          16  at32_board.o(.data)
    LED_GPIO_PIN                             0x20000044   Data           8  at32_board.o(.data)
    LED_GPIO_RCC_CLK                         0x2000004c   Data          16  at32_board.o(.data)
    BUTTON_GPIO_PORT                         0x2000005c   Data           8  at32_board.o(.data)
    BUTTON_GPIO_PIN                          0x20000064   Data           4  at32_board.o(.data)
    BUTTON_GPIO_RCC_CLK                      0x20000068   Data           8  at32_board.o(.data)
    SystemCoreClock                          0x2000007c   Data           4  system_at32f4xx.o(.data)
    AHBPscTable                              0x20000080   Data          16  system_at32f4xx.o(.data)
    att_enable_default_device_info           0x20000090   Data           1  att.o(.data)
    FIRMWARE_INFO                            0x20000091   Data          11  att.o(.data)
    s_flags                                  0x2000009c   Data           1  hwtest.o(.data)
    m_flags                                  0x2000009d   Data           1  hwtest.o(.data)
    BleRunStepFlags                          0x200000a1   Data           1  hwtest.o(.data)
    role_type                                0x200000a3   Data           1  hwtest.o(.data)
    myAddr                                   0x200000f4   Data           6  hwtest.o(.data)
    ChipVer                                  0x200000fa   Data           1  macrogiga_driver.o(.data)
    radio_do_cal_state                       0x200000fb   Data           1  macrogiga_driver.o(.data)
    radio_rf_cal_method                      0x200000fc   Data           1  macrogiga_driver.o(.data)
    Header                                   0x200000fd   Data           2  macrogiga_driver.o(.data)
    s_opcodeChe                              0x20000110   Data           4  slave_dispatch.o(.data)
    s_TxBuff                                 0x20000124   Data          33  slave_dispatch.o(.data)
    WakeupDelay                              0x20000152   Data           2  fsm_adv_generic.o(.data)
    bb_fsm                                   0x20000188   Data           4  fsm_base.o(.data)
    wakeup_hfclk                             0x2000018c   Data           4  fsm_base.o(.data)
    wakeup_lfclk                             0x20000190   Data           4  fsm_base.o(.data)
    tx_len_hfclkb                            0x20000198   Data           4  fsm_base.o(.data)
    StartEncryption                          0x200001cc   Data           1  ll_control.o(.data)
    rssi_data                                0x2000020b   Data           1  fsm_sconn.o(.data)
    queue_m                                  0x20000270   Data           8  fsm_mconn_sleep.o(.data)
    m_opcodeChe                              0x20000280   Data           4  master_dispatch.o(.data)
    __stdout                                 0x20000284   Data           4  stdout.o(.data)
    SPI_InitStructure                        0x20000288   Data          18  bsp.o(.bss)
    USART_InitStructure                      0x2000029c   Data          16  bsp.o(.bss)
    txBuf                                    0x200002ac   Data         200  retarget.o(.bss)
    rxBuf                                    0x20000374   Data         200  retarget.o(.bss)
    __initial_sp                             0x20000d30   Data           0  startup_at32f407vgt7.o(STACK)



==============================================================================

Memory Map of the image

  Image Entry point : 0x08000185

  Load Region LR_IROM1 (Base: 0x08000000, Size: 0x00006178, Max: 0x00100000, ABSOLUTE, COMPRESSED[0x00005fac])

    Execution Region ER_IROM1 (Exec base: 0x08000000, Load base: 0x08000000, Size: 0x00005ef0, Max: 0x00100000, ABSOLUTE)

    Exec Addr    Load Addr    Size         Type   Attr      Idx    E Section Name        Object

    0x08000000   0x08000000   0x00000184   Data   RO          735    RESET               startup_at32f407vgt7.o
    0x08000184   0x08000184   0x00000000   Code   RO         3257  * .ARM.Collect$$$$00000000  mc_w.l(entry.o)
    0x08000184   0x08000184   0x00000004   Code   RO         3529    .ARM.Collect$$$$00000001  mc_w.l(entry2.o)
    0x08000188   0x08000188   0x00000004   Code   RO         3532    .ARM.Collect$$$$00000004  mc_w.l(entry5.o)
    0x0800018c   0x0800018c   0x00000000   Code   RO         3534    .ARM.Collect$$$$00000008  mc_w.l(entry7b.o)
    0x0800018c   0x0800018c   0x00000000   Code   RO         3536    .ARM.Collect$$$$0000000A  mc_w.l(entry8b.o)
    0x0800018c   0x0800018c   0x00000008   Code   RO         3537    .ARM.Collect$$$$0000000B  mc_w.l(entry9a.o)
    0x08000194   0x08000194   0x00000000   Code   RO         3539    .ARM.Collect$$$$0000000D  mc_w.l(entry10a.o)
    0x08000194   0x08000194   0x00000000   Code   RO         3541    .ARM.Collect$$$$0000000F  mc_w.l(entry11a.o)
    0x08000194   0x08000194   0x00000004   Code   RO         3530    .ARM.Collect$$$$00002712  mc_w.l(entry2.o)
    0x08000198   0x08000198   0x00000024   Code   RO          736    .text               startup_at32f407vgt7.o
    0x080001bc   0x080001bc   0x00000024   Code   RO         3260    .text               mc_w.l(memcpya.o)
    0x080001e0   0x080001e0   0x00000024   Code   RO         3262    .text               mc_w.l(memseta.o)
    0x08000204   0x08000204   0x0000001a   Code   RO         3264    .text               mc_w.l(memcmp.o)
    0x0800021e   0x0800021e   0x00000062   Code   RO         3546    .text               mc_w.l(uldiv.o)
    0x08000280   0x08000280   0x00000024   Code   RO         3559    .text               mc_w.l(init.o)
    0x080002a4   0x080002a4   0x0000001e   Code   RO         3561    .text               mc_w.l(llshl.o)
    0x080002c2   0x080002c2   0x00000020   Code   RO         3563    .text               mc_w.l(llushr.o)
    0x080002e2   0x080002e2   0x00000056   Code   RO         3577    .text               mc_w.l(__dczerorl2.o)
    0x08000338   0x08000338   0x00000040   Code   RO          579    i.AT32_BUTTON_Init  at32_board.o
    0x08000378   0x08000378   0x00000038   Code   RO          582    i.AT32_Board_Init   at32_board.o
    0x080003b0   0x080003b0   0x00000048   Code   RO          583    i.AT32_LEDn_Init    at32_board.o
    0x080003f8   0x080003f8   0x00000028   Code   RO          584    i.AT32_LEDn_OFF     at32_board.o
    0x08000420   0x08000420   0x00000028   Code   RO          585    i.AT32_LEDn_ON      at32_board.o
    0x08000448   0x08000448   0x000000f8   Code   RO          333    i.BSP_Init          bsp.o
    0x08000540   0x08000540   0x00000004   Code   RO          443    i.BusFault_Handler  at32f4xx_it.o
    0x08000544   0x08000544   0x0000002c   Code   RO         1831    i.CanSleep          mg_BLEpair_lib_m3.lib(hwtest.o)
    0x08000570   0x08000570   0x00000094   Code   RO          533    i.CheckComPortInData  retarget.o
    0x08000604   0x08000604   0x0000002c   Code   RO         2368    i.CheckMcuTimerForRcCal  mg_BLEpair_lib_m3.lib(fsm_adv_generic.o)
    0x08000630   0x08000630   0x00000048   Code   RO         2922    i.ConnUpdate        mg_BLEpair_lib_m3.lib(fsm_sconn.o)
    0x08000678   0x08000678   0x00000078   Code   RO          156    i.ConnectStausUpdate  app.o
    0x080006f0   0x080006f0   0x00000018   Code   RO         2812    i.Convert2BigLittleEndian  mg_BLEpair_lib_m3.lib(sm.o)
    0x08000708   0x08000708   0x00000002   Code   RO          444    i.DebugMon_Handler  at32f4xx_it.o
    0x0800070a   0x0800070a   0x00000002   PAD
    0x0800070c   0x0800070c   0x0000004c   Code   RO          588    i.Delay_init        at32_board.o
    0x08000758   0x08000758   0x00000014   Code   RO         2369    i.DoRcConvert_HF_LF_COEF  mg_BLEpair_lib_m3.lib(fsm_adv_generic.o)
    0x0800076c   0x0800076c   0x00000028   Code   RO         2370    i.DoRcConvert_LF_AMPLE  mg_BLEpair_lib_m3.lib(fsm_adv_generic.o)
    0x08000794   0x08000794   0x0000001c   Code   RO          445    i.EXTI15_10_IRQHandler  at32f4xx_it.o
    0x080007b0   0x080007b0   0x0000000c   Code   RO          886    i.EXTI_ClearIntPendingBit  at32f4xx_exti.o
    0x080007bc   0x080007bc   0x00000028   Code   RO          889    i.EXTI_GetIntStatus  at32f4xx_exti.o
    0x080007e4   0x080007e4   0x00000094   Code   RO          890    i.EXTI_Init         at32f4xx_exti.o
    0x08000878   0x08000878   0x00000040   Code   RO          745    i.GPIO_EXTILineConfig  at32f4xx_gpio.o
    0x080008b8   0x080008b8   0x00000116   Code   RO          748    i.GPIO_Init         at32f4xx_gpio.o
    0x080009ce   0x080009ce   0x00000002   PAD
    0x080009d0   0x080009d0   0x00000570   Code   RO          752    i.GPIO_PinsRemapConfig  at32f4xx_gpio.o
    0x08000f40   0x08000f40   0x00000012   Code   RO          754    i.GPIO_ReadInputDataBit  at32f4xx_gpio.o
    0x08000f52   0x08000f52   0x00000004   Code   RO          758    i.GPIO_ResetBits    at32f4xx_gpio.o
    0x08000f56   0x08000f56   0x00000004   Code   RO          759    i.GPIO_SetBits      at32f4xx_gpio.o
    0x08000f5a   0x08000f5a   0x00000010   Code   RO          760    i.GPIO_StructInit   at32f4xx_gpio.o
    0x08000f6a   0x08000f6a   0x00000002   PAD
    0x08000f6c   0x08000f6c   0x00000050   Code   RO         2320    i.GenerateTxQueue   mg_BLEpair_lib_m3.lib(slave_dispatch.o)
    0x08000fbc   0x08000fbc   0x0000000c   Code   RO         2371    i.GetAdvCh          mg_BLEpair_lib_m3.lib(fsm_adv_generic.o)
    0x08000fc8   0x08000fc8   0x0000000c   Code   RO         2372    i.GetAdvEnable      mg_BLEpair_lib_m3.lib(fsm_adv_generic.o)
    0x08000fd4   0x08000fd4   0x00000004   Code   RO          157    i.GetCharListDim    app.o
    0x08000fd8   0x08000fd8   0x0000000c   Code   RO          158    i.GetConnectedStatus  app.o
    0x08000fe4   0x08000fe4   0x0000000a   Code   RO          159    i.GetPrimaryServiceHandle  app.o
    0x08000fee   0x08000fee   0x00000002   PAD
    0x08000ff0   0x08000ff0   0x0000000c   Code   RO          446    i.GetSysTickCount   at32f4xx_it.o
    0x08000ffc   0x08000ffc   0x00000004   Code   RO          447    i.HardFault_Handler  at32f4xx_it.o
    0x08001000   0x08001000   0x0000000c   Code   RO          953    i.IWDG_KeyRegWrite  at32f4xx_iwdg.o
    0x0800100c   0x0800100c   0x00000010   Code   RO          954    i.IWDG_ReloadCounter  at32f4xx_iwdg.o
    0x0800101c   0x0800101c   0x0000000c   Code   RO          955    i.IWDG_SetPrescaler  at32f4xx_iwdg.o
    0x08001028   0x08001028   0x0000000c   Code   RO          956    i.IWDG_SetReload    at32f4xx_iwdg.o
    0x08001034   0x08001034   0x00000002   Code   RO          334    i.IrqMcuGotoSleepAndWakeup  bsp.o
    0x08001036   0x08001036   0x00000002   PAD
    0x08001038   0x08001038   0x0000001c   Code   RO          335    i.IsIrqEnabled      bsp.o
    0x08001054   0x08001054   0x00000024   Code   RO         1832    i.IsSwTimeOut       mg_BLEpair_lib_m3.lib(hwtest.o)
    0x08001078   0x08001078   0x00000016   Code   RO          336    i.LED_ONOFF         bsp.o
    0x0800108e   0x0800108e   0x00000002   Code   RO          337    i.McuGotoSleepAndWakeup  bsp.o
    0x08001090   0x08001090   0x00000004   Code   RO          448    i.MemManage_Handler  at32f4xx_it.o
    0x08001094   0x08001094   0x00000002   Code   RO          449    i.NMI_Handler       at32f4xx_it.o
    0x08001096   0x08001096   0x00000002   PAD
    0x08001098   0x08001098   0x00000070   Code   RO         1420    i.NVIC_Init         misc.o
    0x08001108   0x08001108   0x00000002   Code   RO          450    i.PendSV_Handler    at32f4xx_it.o
    0x0800110a   0x0800110a   0x00000002   PAD
    0x0800110c   0x0800110c   0x00000020   Code   RO         1010    i.RCC_APB1PeriphClockCmd  at32f4xx_rcc.o
    0x0800112c   0x0800112c   0x00000020   Code   RO         1013    i.RCC_APB2PeriphClockCmd  at32f4xx_rcc.o
    0x0800114c   0x0800114c   0x00000148   Code   RO         1019    i.RCC_GetClocksFreq  at32f4xx_rcc.o
    0x08001294   0x08001294   0x00000058   Code   RO         3056    i.ReMConnect        mg_BLEpair_lib_m3.lib(fsm_mconn_sleep.o)
    0x080012ec   0x080012ec   0x00000078   Code   RO         2925    i.ReSConnect        mg_BLEpair_lib_m3.lib(fsm_sconn.o)
    0x08001364   0x08001364   0x0000004a   Code   RO         2612    i.SIG_CommandRej    mg_BLEpair_lib_m3.lib(l2cap.o)
    0x080013ae   0x080013ae   0x00000002   PAD
    0x080013b0   0x080013b0   0x00000014   Code   RO          338    i.SPI_CS_Disable_   bsp.o
    0x080013c4   0x080013c4   0x00000014   Code   RO          339    i.SPI_CS_Enable_    bsp.o
    0x080013d8   0x080013d8   0x000000ac   Code   RO          340    i.SPI_Config        bsp.o
    0x08001484   0x08001484   0x00000018   Code   RO         1268    i.SPI_DefaultInitParaConfig  at32f4xx_spi.o
    0x0800149c   0x0800149c   0x00000018   Code   RO         1269    i.SPI_Enable        at32f4xx_spi.o
    0x080014b4   0x080014b4   0x00000012   Code   RO         1277    i.SPI_I2S_GetFlagStatus  at32f4xx_spi.o
    0x080014c6   0x080014c6   0x00000006   Code   RO         1281    i.SPI_I2S_RxData    at32f4xx_spi.o
    0x080014cc   0x080014cc   0x00000004   Code   RO         1282    i.SPI_I2S_TxData    at32f4xx_spi.o
    0x080014d0   0x080014d0   0x0000005a   Code   RO         1283    i.SPI_Init          at32f4xx_spi.o
    0x0800152a   0x0800152a   0x0000003c   Code   RO          341    i.SPI_ReadBuf       bsp.o
    0x08001566   0x08001566   0x0000003a   Code   RO          342    i.SPI_WriteBuf      bsp.o
    0x080015a0   0x080015a0   0x00000038   Code   RO          343    i.SPI_WriteRead     bsp.o
    0x080015d8   0x080015d8   0x00000002   Code   RO          451    i.SVC_Handler       at32f4xx_it.o
    0x080015da   0x080015da   0x00000002   PAD
    0x080015dc   0x080015dc   0x0000000c   Code   RO         2321    i.SaveCurrentHdr    mg_BLEpair_lib_m3.lib(slave_dispatch.o)
    0x080015e8   0x080015e8   0x00000010   Code   RO         2633    i.SaveInitAddr      mg_BLEpair_lib_m3.lib(ll_control.o)
    0x080015f8   0x080015f8   0x00000020   Code   RO         2521    i.ScanDataSave      mg_BLEpair_lib_m3.lib(fsm_scan.o)
    0x08001618   0x08001618   0x0000000c   Code   RO         1833    i.SetBleIntRunningMode  mg_BLEpair_lib_m3.lib(hwtest.o)
    0x08001624   0x08001624   0x00000010   Code   RO         1835    i.SetMcuSleepFlag   mg_BLEpair_lib_m3.lib(hwtest.o)
    0x08001634   0x08001634   0x00000018   Code   RO         1836    i.SetSwTimer        mg_BLEpair_lib_m3.lib(hwtest.o)
    0x0800164c   0x0800164c   0x00000008   Code   RO          690    i.SetSysClock       system_at32f4xx.o
    0x08001654   0x08001654   0x000000d8   Code   RO          691    i.SetSysClockTo48MHSI  system_at32f4xx.o
    0x0800172c   0x0800172c   0x00000018   Code   RO         2374    i.StartBBTimerForRcCal  mg_BLEpair_lib_m3.lib(fsm_adv_generic.o)
    0x08001744   0x08001744   0x00000028   Code   RO         1424    i.SysTick_CLKSourceConfig  misc.o
    0x0800176c   0x0800176c   0x00000018   Code   RO          452    i.SysTick_Handler   at32f4xx_it.o
    0x08001784   0x08001784   0x00000084   Code   RO          693    i.SystemInit        system_at32f4xx.o
    0x08001808   0x08001808   0x00000010   Code   RO         2485    i.Tx_len            mg_BLEpair_lib_m3.lib(fsm_base.o)
    0x08001818   0x08001818   0x00000098   Code   RO          592    i.UART_Print_Init   at32_board.o
    0x080018b0   0x080018b0   0x0000009c   Code   RO          534    i.USART2_IRQHandler  retarget.o
    0x0800194c   0x0800194c   0x00000018   Code   RO         1472    i.USART_Cmd         at32f4xx_usart.o
    0x08001964   0x08001964   0x0000001a   Code   RO         1474    i.USART_GetFlagStatus  at32f4xx_usart.o
    0x0800197e   0x0800197e   0x00000054   Code   RO         1475    i.USART_GetITStatus  at32f4xx_usart.o
    0x080019d2   0x080019d2   0x0000004a   Code   RO         1477    i.USART_INTConfig   at32f4xx_usart.o
    0x08001a1c   0x08001a1c   0x000000d8   Code   RO         1478    i.USART_Init        at32f4xx_usart.o
    0x08001af4   0x08001af4   0x0000000a   Code   RO         1485    i.USART_ReceiveData  at32f4xx_usart.o
    0x08001afe   0x08001afe   0x00000008   Code   RO         1489    i.USART_SendData    at32f4xx_usart.o
    0x08001b06   0x08001b06   0x00000018   Code   RO         1495    i.USART_StructInit  at32f4xx_usart.o
    0x08001b1e   0x08001b1e   0x00000002   PAD
    0x08001b20   0x08001b20   0x000000a8   Code   RO          346    i.Uart_Init         bsp.o
    0x08001bc8   0x08001bc8   0x00000004   Code   RO          453    i.UsageFault_Handler  at32f4xx_it.o
    0x08001bcc   0x08001bcc   0x00000064   Code   RO          535    i.UsrProcCallback   retarget.o
    0x08001c30   0x08001c30   0x00000020   Code   RO         3475    i.__0printf$8       mc_w.l(printf8.o)
    0x08001c50   0x08001c50   0x0000000e   Code   RO         3571    i.__scatterload_copy  mc_w.l(handlers.o)
    0x08001c5e   0x08001c5e   0x00000002   Code   RO         3572    i.__scatterload_null  mc_w.l(handlers.o)
    0x08001c60   0x08001c60   0x0000000e   Code   RO         3573    i.__scatterload_zeroinit  mc_w.l(handlers.o)
    0x08001c6e   0x08001c6e   0x00000002   PAD
    0x08001c70   0x08001c70   0x00000410   Code   RO         3482    i._printf_core      mc_w.l(printf8.o)
    0x08002080   0x08002080   0x00000024   Code   RO         3483    i._printf_post_padding  mc_w.l(printf8.o)
    0x080020a4   0x080020a4   0x0000002e   Code   RO         3484    i._printf_pre_padding  mc_w.l(printf8.o)
    0x080020d2   0x080020d2   0x00000002   PAD
    0x080020d4   0x080020d4   0x00000028   Code   RO         2375    i.adv_generic_onRxAA  mg_BLEpair_lib_m3.lib(fsm_adv_generic.o)
    0x080020fc   0x080020fc   0x00000090   Code   RO         2376    i.adv_generic_onRxPDU  mg_BLEpair_lib_m3.lib(fsm_adv_generic.o)
    0x0800218c   0x0800218c   0x00000134   Code   RO         2377    i.adv_generic_onSleep  mg_BLEpair_lib_m3.lib(fsm_adv_generic.o)
    0x080022c0   0x080022c0   0x0000002c   Code   RO         2378    i.adv_generic_onStart  mg_BLEpair_lib_m3.lib(fsm_adv_generic.o)
    0x080022ec   0x080022ec   0x00000038   Code   RO         2379    i.adv_generic_onTxStarted  mg_BLEpair_lib_m3.lib(fsm_adv_generic.o)
    0x08002324   0x08002324   0x0000007c   Code   RO         2380    i.adv_generic_onWakeup  mg_BLEpair_lib_m3.lib(fsm_adv_generic.o)
    0x080023a0   0x080023a0   0x00000394   Code   RO         2814    i.aes_encr          mg_BLEpair_lib_m3.lib(sm.o)
    0x08002734   0x08002734   0x00000006   Code   RO          160    i.aes_encrypt_HW    app.o
    0x0800273a   0x0800273a   0x00000002   PAD
    0x0800273c   0x0800273c   0x00000044   Code   RO         2926    i.applyConnUpdate   mg_BLEpair_lib_m3.lib(fsm_sconn.o)
    0x08002780   0x08002780   0x00000084   Code   RO         2927    i.apply_connPara    mg_BLEpair_lib_m3.lib(fsm_sconn.o)
    0x08002804   0x08002804   0x00000040   Code   RO         1659    i.att_ErrorFd_eCode  mg_BLEpair_lib_m3.lib(att.o)
    0x08002844   0x08002844   0x0000002c   Code   RO         1661    i.att_exMtuReq      mg_BLEpair_lib_m3.lib(att.o)
    0x08002870   0x08002870   0x00000006   Code   RO         1662    i.att_notFd         mg_BLEpair_lib_m3.lib(att.o)
    0x08002876   0x08002876   0x00000004   Code   RO         1663    i.att_rsp           mg_BLEpair_lib_m3.lib(att.o)
    0x0800287a   0x0800287a   0x00000086   Code   RO         1664    i.att_server_findByType  mg_BLEpair_lib_m3.lib(att.o)
    0x08002900   0x08002900   0x000000a0   Code   RO         1665    i.att_server_findIn  mg_BLEpair_lib_m3.lib(att.o)
    0x080029a0   0x080029a0   0x0000005e   Code   RO         1666    i.att_server_rd     mg_BLEpair_lib_m3.lib(att.o)
    0x080029fe   0x080029fe   0x00000002   PAD
    0x08002a00   0x08002a00   0x00000040   Code   RO          161    i.att_server_rdByGrType  app.o
    0x08002a40   0x08002a40   0x00000072   Code   RO         1668    i.att_server_rdByGrTypeRspPrimaryService  mg_BLEpair_lib_m3.lib(att.o)
    0x08002ab2   0x08002ab2   0x00000002   PAD
    0x08002ab4   0x08002ab4   0x0000026c   Code   RO         1669    i.att_server_rdByType  mg_BLEpair_lib_m3.lib(att.o)
    0x08002d20   0x08002d20   0x00000034   Code   RO         2381    i.bb_DoRcCal        mg_BLEpair_lib_m3.lib(fsm_adv_generic.o)
    0x08002d54   0x08002d54   0x00000004   Code   RO         2382    i.bb_advCalTimerIrq  mg_BLEpair_lib_m3.lib(fsm_adv_generic.o)
    0x08002d58   0x08002d58   0x0000002c   Code   RO         2383    i.bb_advGenericSetup  mg_BLEpair_lib_m3.lib(fsm_adv_generic.o)
    0x08002d84   0x08002d84   0x00000014   Code   RO         2384    i.bb_advGenericStart  mg_BLEpair_lib_m3.lib(fsm_adv_generic.o)
    0x08002d98   0x08002d98   0x00000024   Code   RO         2486    i.bb_getConnState   mg_BLEpair_lib_m3.lib(fsm_base.o)
    0x08002dbc   0x08002dbc   0x000000a0   Code   RO         3058    i.bb_mconnStart     mg_BLEpair_lib_m3.lib(fsm_mconn_sleep.o)
    0x08002e5c   0x08002e5c   0x0000002c   Code   RO         2522    i.bb_scanSetup      mg_BLEpair_lib_m3.lib(fsm_scan.o)
    0x08002e88   0x08002e88   0x00000014   Code   RO         2523    i.bb_scanStart      mg_BLEpair_lib_m3.lib(fsm_scan.o)
    0x08002e9c   0x08002e9c   0x00000090   Code   RO         2928    i.bb_sconnStart     mg_BLEpair_lib_m3.lib(fsm_sconn.o)
    0x08002f2c   0x08002f2c   0x0000000c   Code   RO         2487    i.bb_setConnState   mg_BLEpair_lib_m3.lib(fsm_base.o)
    0x08002f38   0x08002f38   0x00000030   Code   RO         1837    i.ble_nMsRoutine    mg_BLEpair_lib_m3.lib(hwtest.o)
    0x08002f68   0x08002f68   0x00000404   Code   RO         1838    i.ble_run           mg_BLEpair_lib_m3.lib(hwtest.o)
    0x0800336c   0x0800336c   0x0000001c   Code   RO         1840    i.ble_run_interrupt_start  mg_BLEpair_lib_m3.lib(hwtest.o)
    0x08003388   0x08003388   0x00000030   Code   RO         1841    i.ble_set_adv_data  mg_BLEpair_lib_m3.lib(hwtest.o)
    0x080033b8   0x080033b8   0x00000018   Code   RO         1843    i.ble_set_adv_type  mg_BLEpair_lib_m3.lib(hwtest.o)
    0x080033d0   0x080033d0   0x0000003c   Code   RO         2525    i.create_conn       mg_BLEpair_lib_m3.lib(fsm_scan.o)
    0x0800340c   0x0800340c   0x00000058   Code   RO         2241    i.create_node       mg_BLEpair_lib_m3.lib(data_queue.o)
    0x08003464   0x08003464   0x00000010   Code   RO         2637    i.empty_pk          mg_BLEpair_lib_m3.lib(ll_control.o)
    0x08003474   0x08003474   0x000000e0   Code   RO         2815    i.expandKey         mg_BLEpair_lib_m3.lib(sm.o)
    0x08003554   0x08003554   0x00000024   Code   RO          593    i.fputc             at32_board.o
    0x08003578   0x08003578   0x00000012   Code   RO         2816    i.galois_mul2       mg_BLEpair_lib_m3.lib(sm.o)
    0x0800358a   0x0800358a   0x00000002   Code   RO          162    i.gatt_user_send_notify_data_callback  app.o
    0x0800358c   0x0800358c   0x00000010   Code   RO          163    i.getDeviceInfoData  app.o
    0x0800359c   0x0800359c   0x00000014   Code   RO         1847    i.get_ble_version   mg_BLEpair_lib_m3.lib(hwtest.o)
    0x080035b0   0x080035b0   0x0000000c   Code   RO         2931    i.get_current_ch    mg_BLEpair_lib_m3.lib(fsm_sconn.o)
    0x080035bc   0x080035bc   0x0000000c   Code   RO         2242    i.get_node_free     mg_BLEpair_lib_m3.lib(data_queue.o)
    0x080035c8   0x080035c8   0x00000014   Code   RO         2243    i.is_node_empty     mg_BLEpair_lib_m3.lib(data_queue.o)
    0x080035dc   0x080035dc   0x00000018   Code   RO         3136    i.mOpCheck_Start    mg_BLEpair_lib_m3.lib(master_dispatch.o)
    0x080035f4   0x080035f4   0x00000034   Code   RO         3137    i.m_GenerateTxQueue  mg_BLEpair_lib_m3.lib(master_dispatch.o)
    0x08003628   0x08003628   0x00000048   Code   RO         3138    i.m_RdByGroupTypeRsp  mg_BLEpair_lib_m3.lib(master_dispatch.o)
    0x08003670   0x08003670   0x00000054   Code   RO         3139    i.m_RdByTypeChar    mg_BLEpair_lib_m3.lib(master_dispatch.o)
    0x080036c4   0x080036c4   0x00000038   Code   RO         3140    i.m_RdByTypeRsp     mg_BLEpair_lib_m3.lib(master_dispatch.o)
    0x080036fc   0x080036fc   0x00000010   Code   RO         3141    i.m_UpdateNESN      mg_BLEpair_lib_m3.lib(master_dispatch.o)
    0x0800370c   0x0800370c   0x00000010   Code   RO         3142    i.m_UpdateSN        mg_BLEpair_lib_m3.lib(master_dispatch.o)
    0x0800371c   0x0800371c   0x00000020   Code   RO         3143    i.m_attErrorRsp     mg_BLEpair_lib_m3.lib(master_dispatch.o)
    0x0800373c   0x0800373c   0x00000032   Code   RO         3144    i.m_att_Confirmation  mg_BLEpair_lib_m3.lib(master_dispatch.o)
    0x0800376e   0x0800376e   0x0000004a   Code   RO         3147    i.m_att_notFd       mg_BLEpair_lib_m3.lib(master_dispatch.o)
    0x080037b8   0x080037b8   0x00000052   Code   RO         3148    i.m_att_readGrpBypService  mg_BLEpair_lib_m3.lib(master_dispatch.o)
    0x0800380a   0x0800380a   0x00000002   PAD
    0x0800380c   0x0800380c   0x00000054   Code   RO         3149    i.m_att_readReq     mg_BLEpair_lib_m3.lib(master_dispatch.o)
    0x08003860   0x08003860   0x00000058   Code   RO         3150    i.m_opcodeCheck     mg_BLEpair_lib_m3.lib(master_dispatch.o)
    0x080038b8   0x080038b8   0x000000bc   Code   RO         3151    i.m_opcodeCheck_parser  mg_BLEpair_lib_m3.lib(master_dispatch.o)
    0x08003974   0x08003974   0x00000104   Code   RO            4    i.main              main.o
    0x08003a78   0x08003a78   0x0000004c   Code   RO         3061    i.mconn_onChannelSelection  mg_BLEpair_lib_m3.lib(fsm_mconn_sleep.o)
    0x08003ac4   0x08003ac4   0x0000001c   Code   RO         3062    i.mconn_onRxAA      mg_BLEpair_lib_m3.lib(fsm_mconn_sleep.o)
    0x08003ae0   0x08003ae0   0x00000020   Code   RO         3063    i.mconn_onRxPDU     mg_BLEpair_lib_m3.lib(fsm_mconn_sleep.o)
    0x08003b00   0x08003b00   0x000000f4   Code   RO         3064    i.mconn_onSleep     mg_BLEpair_lib_m3.lib(fsm_mconn_sleep.o)
    0x08003bf4   0x08003bf4   0x0000005c   Code   RO         3065    i.mconn_onStart     mg_BLEpair_lib_m3.lib(fsm_mconn_sleep.o)
    0x08003c50   0x08003c50   0x0000003c   Code   RO         3066    i.mconn_onTxStarted  mg_BLEpair_lib_m3.lib(fsm_mconn_sleep.o)
    0x08003c8c   0x08003c8c   0x00000024   Code   RO         3067    i.mconn_onWakeup    mg_BLEpair_lib_m3.lib(fsm_mconn_sleep.o)
    0x08003cb0   0x08003cb0   0x0000000e   Code   RO         1974    i.mg_activate       mg_BLEpair_lib_m3.lib(macrogiga_driver.o)
    0x08003cbe   0x08003cbe   0x00000002   PAD
    0x08003cc0   0x08003cc0   0x00000028   Code   RO         2817    i.mg_aes_encrypt    mg_BLEpair_lib_m3.lib(sm.o)
    0x08003ce8   0x08003ce8   0x00000004   Code   RO         1975    i.mg_readBuf        mg_BLEpair_lib_m3.lib(macrogiga_driver.o)
    0x08003cec   0x08003cec   0x00000006   Code   RO         1976    i.mg_readReg        mg_BLEpair_lib_m3.lib(macrogiga_driver.o)
    0x08003cf2   0x08003cf2   0x00000008   Code   RO         1977    i.mg_writeBuf       mg_BLEpair_lib_m3.lib(macrogiga_driver.o)
    0x08003cfa   0x08003cfa   0x00000010   Code   RO         1978    i.mg_writeReg       mg_BLEpair_lib_m3.lib(macrogiga_driver.o)
    0x08003d0a   0x08003d0a   0x00000010   Code   RO         2245    i.queue_empty       mg_BLEpair_lib_m3.lib(data_queue.o)
    0x08003d1a   0x08003d1a   0x00000002   PAD
    0x08003d1c   0x08003d1c   0x00000014   Code   RO         2247    i.queue_init        mg_BLEpair_lib_m3.lib(data_queue.o)
    0x08003d30   0x08003d30   0x00000018   Code   RO         2248    i.queue_pop         mg_BLEpair_lib_m3.lib(data_queue.o)
    0x08003d48   0x08003d48   0x00000020   Code   RO         2249    i.queue_push        mg_BLEpair_lib_m3.lib(data_queue.o)
    0x08003d68   0x08003d68   0x00000008   Code   RO         1979    i.radio_clearIRQ    mg_BLEpair_lib_m3.lib(macrogiga_driver.o)
    0x08003d70   0x08003d70   0x0000009a   Code   RO         1980    i.radio_do_cal      mg_BLEpair_lib_m3.lib(macrogiga_driver.o)
    0x08003e0a   0x08003e0a   0x00000022   Code   RO         1981    i.radio_do_cal_check_result  mg_BLEpair_lib_m3.lib(macrogiga_driver.o)
    0x08003e2c   0x08003e2c   0x00000028   Code   RO         1983    i.radio_do_cal_start  mg_BLEpair_lib_m3.lib(macrogiga_driver.o)
    0x08003e54   0x08003e54   0x000000a4   Code   RO         1984    i.radio_do_cal_step_check  mg_BLEpair_lib_m3.lib(macrogiga_driver.o)
    0x08003ef8   0x08003ef8   0x0000003e   Code   RO         1986    i.radio_getClock    mg_BLEpair_lib_m3.lib(macrogiga_driver.o)
    0x08003f36   0x08003f36   0x00000026   Code   RO         1987    i.radio_getHClock   mg_BLEpair_lib_m3.lib(macrogiga_driver.o)
    0x08003f5c   0x08003f5c   0x00000038   Code   RO         1988    i.radio_getHdr      mg_BLEpair_lib_m3.lib(macrogiga_driver.o)
    0x08003f94   0x08003f94   0x00000098   Code   RO         1989    i.radio_getPdu      mg_BLEpair_lib_m3.lib(macrogiga_driver.o)
    0x0800402c   0x0800402c   0x000001b0   Code   RO         1990    i.radio_initBle     mg_BLEpair_lib_m3.lib(macrogiga_driver.o)
    0x080041dc   0x080041dc   0x00000014   Code   RO         1993    i.radio_readIRQ     mg_BLEpair_lib_m3.lib(macrogiga_driver.o)
    0x080041f0   0x080041f0   0x00000026   Code   RO         1995    i.radio_setAccessCode  mg_BLEpair_lib_m3.lib(macrogiga_driver.o)
    0x08004216   0x08004216   0x00000018   Code   RO         1996    i.radio_setAdvHeader  mg_BLEpair_lib_m3.lib(macrogiga_driver.o)
    0x0800422e   0x0800422e   0x0000000a   Code   RO         1997    i.radio_setAdvPayload  mg_BLEpair_lib_m3.lib(macrogiga_driver.o)
    0x08004238   0x08004238   0x0000000e   Code   RO         2000    i.radio_setChannel  mg_BLEpair_lib_m3.lib(macrogiga_driver.o)
    0x08004246   0x08004246   0x00000020   Code   RO         2001    i.radio_setCrcInit  mg_BLEpair_lib_m3.lib(macrogiga_driver.o)
    0x08004266   0x08004266   0x00000018   Code   RO         2002    i.radio_setIrqMask  mg_BLEpair_lib_m3.lib(macrogiga_driver.o)
    0x0800427e   0x0800427e   0x00000036   Code   RO         2003    i.radio_setMode     mg_BLEpair_lib_m3.lib(macrogiga_driver.o)
    0x080042b4   0x080042b4   0x00000018   Code   RO         2004    i.radio_setPaGain   mg_BLEpair_lib_m3.lib(macrogiga_driver.o)
    0x080042cc   0x080042cc   0x00000032   Code   RO         2006    i.radio_setScanAInitA  mg_BLEpair_lib_m3.lib(macrogiga_driver.o)
    0x080042fe   0x080042fe   0x0000001e   Code   RO         2007    i.radio_setStartTime  mg_BLEpair_lib_m3.lib(macrogiga_driver.o)
    0x0800431c   0x0800431c   0x0000002a   Code   RO         2008    i.radio_setTimeout  mg_BLEpair_lib_m3.lib(macrogiga_driver.o)
    0x08004346   0x08004346   0x0000000a   Code   RO         2009    i.radio_setTxPayload  mg_BLEpair_lib_m3.lib(macrogiga_driver.o)
    0x08004350   0x08004350   0x0000001c   Code   RO         2010    i.radio_setTxPduHeader  mg_BLEpair_lib_m3.lib(macrogiga_driver.o)
    0x0800436c   0x0800436c   0x00000024   Code   RO         2011    i.radio_setWakeupTime  mg_BLEpair_lib_m3.lib(macrogiga_driver.o)
    0x08004390   0x08004390   0x00000022   Code   RO         2013    i.radio_sleep       mg_BLEpair_lib_m3.lib(macrogiga_driver.o)
    0x080043b2   0x080043b2   0x00000008   Code   RO         2015    i.radio_wakeup      mg_BLEpair_lib_m3.lib(macrogiga_driver.o)
    0x080043ba   0x080043ba   0x00000002   PAD
    0x080043bc   0x080043bc   0x00000040   Code   RO         2251    i.readQueue         mg_BLEpair_lib_m3.lib(data_queue.o)
    0x080043fc   0x080043fc   0x00000010   Code   RO         2638    i.reset_sm_flags    mg_BLEpair_lib_m3.lib(ll_control.o)
    0x0800440c   0x0800440c   0x00000024   Code   RO         2639    i.restoretxbuf      mg_BLEpair_lib_m3.lib(ll_control.o)
    0x08004430   0x08004430   0x00000018   Code   RO         2322    i.sOpCheck_Start    mg_BLEpair_lib_m3.lib(slave_dispatch.o)
    0x08004448   0x08004448   0x00000002   Code   RO         2640    i.s_llChmReq        mg_BLEpair_lib_m3.lib(ll_control.o)
    0x0800444a   0x0800444a   0x00000002   PAD
    0x0800444c   0x0800444c   0x00000048   Code   RO         2642    i.s_llConnParaRsp   mg_BLEpair_lib_m3.lib(ll_control.o)
    0x08004494   0x08004494   0x000000f4   Code   RO         2643    i.s_llEncReq        mg_BLEpair_lib_m3.lib(ll_control.o)
    0x08004588   0x08004588   0x00000038   Code   RO         2644    i.s_llFea           mg_BLEpair_lib_m3.lib(ll_control.o)
    0x080045c0   0x080045c0   0x00000018   Code   RO         2818    i.s_llSmGetTKType   mg_BLEpair_lib_m3.lib(sm.o)
    0x080045d8   0x080045d8   0x000000b4   Code   RO         2645    i.s_llSmPair        mg_BLEpair_lib_m3.lib(ll_control.o)
    0x0800468c   0x0800468c   0x000000bc   Code   RO         2646    i.s_llSmPairConfirm  mg_BLEpair_lib_m3.lib(ll_control.o)
    0x08004748   0x08004748   0x0000004c   Code   RO         2647    i.s_llSmPairFailed  mg_BLEpair_lib_m3.lib(ll_control.o)
    0x08004794   0x08004794   0x000000d8   Code   RO         2648    i.s_llSmPairRand    mg_BLEpair_lib_m3.lib(ll_control.o)
    0x0800486c   0x0800486c   0x000000d8   Code   RO         2650    i.s_llStartEncRsp   mg_BLEpair_lib_m3.lib(ll_control.o)
    0x08004944   0x08004944   0x0000002c   Code   RO         2651    i.s_llTer           mg_BLEpair_lib_m3.lib(ll_control.o)
    0x08004970   0x08004970   0x00000034   Code   RO         2652    i.s_llTerminate     mg_BLEpair_lib_m3.lib(ll_control.o)
    0x080049a4   0x080049a4   0x00000030   Code   RO         2653    i.s_llUnknownRsp    mg_BLEpair_lib_m3.lib(ll_control.o)
    0x080049d4   0x080049d4   0x00000038   Code   RO         2654    i.s_llVersion       mg_BLEpair_lib_m3.lib(ll_control.o)
    0x08004a0c   0x08004a0c   0x0000006c   Code   RO         2323    i.s_opcodeCheck     mg_BLEpair_lib_m3.lib(slave_dispatch.o)
    0x08004a78   0x08004a78   0x000002e4   Code   RO         2324    i.s_opcodeCheckOld  mg_BLEpair_lib_m3.lib(slave_dispatch.o)
    0x08004d5c   0x08004d5c   0x00000018   Code   RO         2655    i.savetxbuf         mg_BLEpair_lib_m3.lib(ll_control.o)
    0x08004d74   0x08004d74   0x0000003c   Code   RO         2528    i.scan_onRxAA       mg_BLEpair_lib_m3.lib(fsm_scan.o)
    0x08004db0   0x08004db0   0x000000c4   Code   RO         2529    i.scan_onRxPDU      mg_BLEpair_lib_m3.lib(fsm_scan.o)
    0x08004e74   0x08004e74   0x0000005c   Code   RO         2530    i.scan_onSleep      mg_BLEpair_lib_m3.lib(fsm_scan.o)
    0x08004ed0   0x08004ed0   0x0000002c   Code   RO         2531    i.scan_onStart      mg_BLEpair_lib_m3.lib(fsm_scan.o)
    0x08004efc   0x08004efc   0x00000004   Code   RO         2532    i.scan_onTxStarted  mg_BLEpair_lib_m3.lib(fsm_scan.o)
    0x08004f00   0x08004f00   0x00000034   Code   RO         2533    i.scan_onWakeup     mg_BLEpair_lib_m3.lib(fsm_scan.o)
    0x08004f34   0x08004f34   0x00000060   Code   RO         2932    i.sconnConUpdate    mg_BLEpair_lib_m3.lib(fsm_sconn.o)
    0x08004f94   0x08004f94   0x0000002c   Code   RO         2933    i.sconnUpChm        mg_BLEpair_lib_m3.lib(fsm_sconn.o)
    0x08004fc0   0x08004fc0   0x00000004   Code   RO         2935    i.sconn_ReSetLLSupvTimer  mg_BLEpair_lib_m3.lib(fsm_sconn.o)
    0x08004fc4   0x08004fc4   0x0000004c   Code   RO         1671    i.sconn_notifydata  mg_BLEpair_lib_m3.lib(att.o)
    0x08005010   0x08005010   0x00000040   Code   RO         2937    i.sconn_onNumUsedCh  mg_BLEpair_lib_m3.lib(fsm_sconn.o)
    0x08005050   0x08005050   0x00000018   Code   RO         2938    i.sconn_onRxAA      mg_BLEpair_lib_m3.lib(fsm_sconn.o)
    0x08005068   0x08005068   0x000000d4   Code   RO         2939    i.sconn_onRxPDU     mg_BLEpair_lib_m3.lib(fsm_sconn.o)
    0x0800513c   0x0800513c   0x00000268   Code   RO         2940    i.sconn_onSleep     mg_BLEpair_lib_m3.lib(fsm_sconn.o)
    0x080053a4   0x080053a4   0x00000018   Code   RO         2941    i.sconn_onTxStarted  mg_BLEpair_lib_m3.lib(fsm_sconn.o)
    0x080053bc   0x080053bc   0x00000060   Code   RO         2942    i.sconn_onWakeup    mg_BLEpair_lib_m3.lib(fsm_sconn.o)
    0x0800541c   0x0800541c   0x00000002   Code   RO          164    i.ser_execute_write  app.o
    0x0800541e   0x0800541e   0x00000026   Code   RO         1672    i.ser_execute_write_rsp  mg_BLEpair_lib_m3.lib(att.o)
    0x08005444   0x08005444   0x00000070   Code   RO         1673    i.ser_notify_handle  mg_BLEpair_lib_m3.lib(att.o)
    0x080054b4   0x080054b4   0x00000002   Code   RO          165    i.ser_prepare_write  app.o
    0x080054b6   0x080054b6   0x00000056   Code   RO         1674    i.ser_prepare_write_rsp  mg_BLEpair_lib_m3.lib(att.o)
    0x0800550c   0x0800550c   0x00000034   Code   RO          166    i.ser_write_rsp     app.o
    0x08005540   0x08005540   0x0000002c   Code   RO         1675    i.ser_write_rsp_pkt  mg_BLEpair_lib_m3.lib(att.o)
    0x0800556c   0x0800556c   0x00000002   Code   RO          167    i.server_blob_rd_rsp  app.o
    0x0800556e   0x0800556e   0x00000032   Code   RO          168    i.server_rd_rsp     app.o
    0x080055a0   0x080055a0   0x00000010   Code   RO         3152    i.show_character_hd_info  mg_BLEpair_lib_m3.lib(master_dispatch.o)
    0x080055b0   0x080055b0   0x000000e4   Code   RO         2819    i.sm_LL_Dec_m2s     mg_BLEpair_lib_m3.lib(sm.o)
    0x08005694   0x08005694   0x0000000c   Code   RO         2658    i.sm_SetAddrType    mg_BLEpair_lib_m3.lib(ll_control.o)
    0x080056a0   0x080056a0   0x00000038   Code   RO         2820    i.sm_Update_SK_IV   mg_BLEpair_lib_m3.lib(sm.o)
    0x080056d8   0x080056d8   0x00000258   Code   RO         2821    i.sm_cal_MIC_Enc_s2m  mg_BLEpair_lib_m3.lib(sm.o)
    0x08005930   0x08005930   0x00000094   Code   RO         2822    i.sm_func_c1        mg_BLEpair_lib_m3.lib(sm.o)
    0x080059c4   0x080059c4   0x00000028   Code   RO         2823    i.sm_func_s1        mg_BLEpair_lib_m3.lib(sm.o)
    0x080059ec   0x080059ec   0x00000028   Code   RO         2824    i.sm_function_d1    mg_BLEpair_lib_m3.lib(sm.o)
    0x08005a14   0x08005a14   0x00000036   Code   RO         2825    i.sm_function_dm    mg_BLEpair_lib_m3.lib(sm.o)
    0x08005a4a   0x08005a4a   0x00000002   PAD
    0x08005a4c   0x08005a4c   0x0000008c   Code   RO         2826    i.sm_generate_EDIV_Rand_LTK  mg_BLEpair_lib_m3.lib(sm.o)
    0x08005ad8   0x08005ad8   0x0000005c   Code   RO         2827    i.sm_generate_LTK   mg_BLEpair_lib_m3.lib(sm.o)
    0x08005b34   0x08005b34   0x00000040   Code   RO         2828    i.sm_parser         mg_BLEpair_lib_m3.lib(sm.o)
    0x08005b74   0x08005b74   0x00000034   Code   RO         2829    i.sm_process_pdu    mg_BLEpair_lib_m3.lib(sm.o)
    0x08005ba8   0x08005ba8   0x0000002c   Code   RO         1848    i.test_adv_generic  mg_BLEpair_lib_m3.lib(hwtest.o)
    0x08005bd4   0x08005bd4   0x00000038   Code   RO         1849    i.test_scan         mg_BLEpair_lib_m3.lib(hwtest.o)
    0x08005c0c   0x08005c0c   0x0000002a   Code   RO         2659    i.txRsp             mg_BLEpair_lib_m3.lib(ll_control.o)
    0x08005c36   0x08005c36   0x00000002   PAD
    0x08005c38   0x08005c38   0x00000088   Code   RO         1850    i.update_adv_generic_para  mg_BLEpair_lib_m3.lib(hwtest.o)
    0x08005cc0   0x08005cc0   0x0000004e   Data   RO          169    .constdata          app.o
    0x08005d0e   0x08005d0e   0x00000010   Data   RO         1045    .constdata          at32f4xx_rcc.o
    0x08005d1e   0x08005d1e   0x00000002   PAD
    0x08005d20   0x08005d20   0x00000004   Data   RO         2326    .constdata          mg_BLEpair_lib_m3.lib(slave_dispatch.o)
    0x08005d24   0x08005d24   0x0000001c   Data   RO         2387    .constdata          mg_BLEpair_lib_m3.lib(fsm_adv_generic.o)
    0x08005d40   0x08005d40   0x0000001c   Data   RO         2535    .constdata          mg_BLEpair_lib_m3.lib(fsm_scan.o)
    0x08005d5c   0x08005d5c   0x0000000c   Data   RO         2662    .constdata          mg_BLEpair_lib_m3.lib(ll_control.o)
    0x08005d68   0x08005d68   0x0000012b   Data   RO         2831    .constdata          mg_BLEpair_lib_m3.lib(sm.o)
    0x08005e93   0x08005e93   0x00000001   PAD
    0x08005e94   0x08005e94   0x0000001c   Data   RO         2945    .constdata          mg_BLEpair_lib_m3.lib(fsm_sconn.o)
    0x08005eb0   0x08005eb0   0x0000001c   Data   RO         3069    .constdata          mg_BLEpair_lib_m3.lib(fsm_mconn_sleep.o)
    0x08005ecc   0x08005ecc   0x00000004   Data   RO         3155    .constdata          mg_BLEpair_lib_m3.lib(master_dispatch.o)
    0x08005ed0   0x08005ed0   0x00000020   Data   RO         3569    Region$$Table       anon$$obj.o


    Execution Region RW_IRAM1 (Exec base: 0x20000000, Load base: 0x08005ef0, Size: 0x00000d30, Max: 0x00038000, ABSOLUTE, COMPRESSED[0x000000bc])

    Exec Addr    Load Addr    Size         Type   Attr      Idx    E Section Name        Object

    0x20000000   COMPRESSED   0x00000003   Data   RW            5    .data               main.o
    0x20000003   COMPRESSED   0x00000001   PAD
    0x20000004   COMPRESSED   0x0000000f   Data   RW          170    .data               app.o
    0x20000013   COMPRESSED   0x00000001   PAD
    0x20000014   COMPRESSED   0x00000014   Data   RW          348    .data               bsp.o
    0x20000028   COMPRESSED   0x00000004   Data   RW          454    .data               at32f4xx_it.o
    0x2000002c   COMPRESSED   0x00000007   Data   RW          538    .data               retarget.o
    0x20000033   COMPRESSED   0x00000001   PAD
    0x20000034   COMPRESSED   0x00000045   Data   RW          594    .data               at32_board.o
    0x20000079   COMPRESSED   0x00000003   PAD
    0x2000007c   COMPRESSED   0x00000014   Data   RW          694    .data               system_at32f4xx.o
    0x20000090   COMPRESSED   0x0000000c   Data   RW         1677    .data               mg_BLEpair_lib_m3.lib(att.o)
    0x2000009c   COMPRESSED   0x00000058   Data   RW         1853    .data               mg_BLEpair_lib_m3.lib(hwtest.o)
    0x200000f4   COMPRESSED   0x00000006   Data   RW         1854    .data               mg_BLEpair_lib_m3.lib(hwtest.o)
    0x200000fa   COMPRESSED   0x00000005   Data   RW         2016    .data               mg_BLEpair_lib_m3.lib(macrogiga_driver.o)
    0x200000ff   COMPRESSED   0x00000001   PAD
    0x20000100   COMPRESSED   0x00000008   Data   RW         2254    .data               mg_BLEpair_lib_m3.lib(data_queue.o)
    0x20000108   COMPRESSED   0x0000003d   Data   RW         2327    .data               mg_BLEpair_lib_m3.lib(slave_dispatch.o)
    0x20000145   COMPRESSED   0x00000003   PAD
    0x20000148   COMPRESSED   0x00000040   Data   RW         2388    .data               mg_BLEpair_lib_m3.lib(fsm_adv_generic.o)
    0x20000188   COMPRESSED   0x00000004   Data   RW         2488    .data               mg_BLEpair_lib_m3.lib(fsm_base.o)
    0x2000018c   COMPRESSED   0x00000004   Data   RW         2489    .data               mg_BLEpair_lib_m3.lib(fsm_base.o)
    0x20000190   COMPRESSED   0x00000004   Data   RW         2490    .data               mg_BLEpair_lib_m3.lib(fsm_base.o)
    0x20000194   COMPRESSED   0x00000008   Data   RW         2491    .data               mg_BLEpair_lib_m3.lib(fsm_base.o)
    0x2000019c   COMPRESSED   0x00000026   Data   RW         2536    .data               mg_BLEpair_lib_m3.lib(fsm_scan.o)
    0x200001c2   COMPRESSED   0x00000008   Data   RW         2663    .data               mg_BLEpair_lib_m3.lib(ll_control.o)
    0x200001ca   COMPRESSED   0x00000002   PAD
    0x200001cc   COMPRESSED   0x00000028   Data   RW         2664    .data               mg_BLEpair_lib_m3.lib(ll_control.o)
    0x200001f4   COMPRESSED   0x00000014   Data   RW         2832    .data               mg_BLEpair_lib_m3.lib(sm.o)
    0x20000208   COMPRESSED   0x0000003f   Data   RW         2946    .data               mg_BLEpair_lib_m3.lib(fsm_sconn.o)
    0x20000247   COMPRESSED   0x00000001   PAD
    0x20000248   COMPRESSED   0x00000008   Data   RW         2947    .data               mg_BLEpair_lib_m3.lib(fsm_sconn.o)
    0x20000250   COMPRESSED   0x00000028   Data   RW         3070    .data               mg_BLEpair_lib_m3.lib(fsm_mconn_sleep.o)
    0x20000278   COMPRESSED   0x0000000c   Data   RW         3156    .data               mg_BLEpair_lib_m3.lib(master_dispatch.o)
    0x20000284   COMPRESSED   0x00000004   Data   RW         3543    .data               mc_w.l(stdout.o)
    0x20000288        -       0x00000024   Zero   RW          347    .bss                bsp.o
    0x200002ac        -       0x00000190   Zero   RW          537    .bss                retarget.o
    0x2000043c        -       0x00000065   Zero   RW         1852    .bss                mg_BLEpair_lib_m3.lib(hwtest.o)
    0x200004a1   COMPRESSED   0x00000003   PAD
    0x200004a4        -       0x000001c4   Zero   RW         2253    .bss                mg_BLEpair_lib_m3.lib(data_queue.o)
    0x20000668        -       0x0000001d   Zero   RW         2325    .bss                mg_BLEpair_lib_m3.lib(slave_dispatch.o)
    0x20000685        -       0x00000027   Zero   RW         2534    .bss                mg_BLEpair_lib_m3.lib(fsm_scan.o)
    0x200006ac        -       0x0000000c   Zero   RW         2660    .bss                mg_BLEpair_lib_m3.lib(ll_control.o)
    0x200006b8        -       0x00000065   Zero   RW         2661    .bss                mg_BLEpair_lib_m3.lib(ll_control.o)
    0x2000071d        -       0x00000160   Zero   RW         2830    .bss                mg_BLEpair_lib_m3.lib(sm.o)
    0x2000087d   COMPRESSED   0x00000001   PAD
    0x2000087e        -       0x0000000c   Zero   RW         2943    .bss                mg_BLEpair_lib_m3.lib(fsm_sconn.o)
    0x2000088a        -       0x00000046   Zero   RW         2944    .bss                mg_BLEpair_lib_m3.lib(fsm_sconn.o)
    0x200008d0        -       0x00000018   Zero   RW         3068    .bss                mg_BLEpair_lib_m3.lib(fsm_mconn_sleep.o)
    0x200008e8        -       0x00000041   Zero   RW         3154    .bss                mg_BLEpair_lib_m3.lib(master_dispatch.o)
    0x20000929   COMPRESSED   0x00000007   PAD
    0x20000930        -       0x00000400   Zero   RW          733    STACK               startup_at32f407vgt7.o


==============================================================================

Image component sizes


      Code (inc. data)   RO Data    RW Data    ZI Data      Debug   Object Name

       342         90         78         15          0     289510   app.o
       536         78          0         69          0       6711   at32_board.o
       200         18          0          0          0       2622   at32f4xx_exti.o
      1776         30          0          0          0       7435   at32f4xx_gpio.o
        88         12          0          4          0       5759   at32f4xx_it.o
        52         24          0          0          0       2533   at32f4xx_iwdg.o
       392         40         16          0          0       4526   at32f4xx_rcc.o
       166          0          0          0          0       5302   at32f4xx_spi.o
       466          6          0          0          0       7973   at32f4xx_usart.o
       856         94          0         20         36      33094   bsp.o
       260        140          0          3          0     238919   main.o
       152         12          0          0          0       1930   misc.o
       404         60          0          7        400       2473   retarget.o
        36          8        388          0       1024        972   startup_at32f407vgt7.o
       356         36          0         20          0       2415   system_at32f4xx.o

    ----------------------------------------------------------------------
      6102        648        516        144       1460     612174   Object Totals
         0          0         32          0          0          0   (incl. Generated)
        20          0          2          6          0          0   (incl. Padding)

    ----------------------------------------------------------------------

      Code (inc. data)   RO Data    RW Data    ZI Data      Debug   Library Member Name

        86          0          0          0          0          0   __dczerorl2.o
         0          0          0          0          0          0   entry.o
         0          0          0          0          0          0   entry10a.o
         0          0          0          0          0          0   entry11a.o
         8          4          0          0          0          0   entry2.o
         4          0          0          0          0          0   entry5.o
         0          0          0          0          0          0   entry7b.o
         0          0          0          0          0          0   entry8b.o
         8          4          0          0          0          0   entry9a.o
        30          0          0          0          0          0   handlers.o
        36          8          0          0          0         68   init.o
        30          0          0          0          0         68   llshl.o
        32          0          0          0          0         68   llushr.o
        26          0          0          0          0         80   memcmp.o
        36          0          0          0          0         68   memcpya.o
        36          0          0          0          0        108   memseta.o
      1154         54          0          0          0        352   printf8.o
         0          0          0          4          0          0   stdout.o
        98          0          0          0          0         92   uldiv.o
      1596         52          0         12          0      23157   att.o
       276         28          0          8        452       5362   data_queue.o
       988        110         28         64          0      10843   fsm_adv_generic.o
        64         16          0         20          0       4544   fsm_base.o
       816        128         28         40         24       6452   fsm_mconn_sleep.o
       604         86         28         38         39       7080   fsm_scan.o
      1728        126         28         71         82      13520   fsm_sconn.o
      1564        116          0         94        101      14063   hwtest.o
        74          0          0          0          0        617   l2cap.o
      1612        172         12         48        113      13356   ll_control.o
      1666         36          0          5          0      19026   macrogiga_driver.o
       934         80          4         12         65      10759   master_dispatch.o
       964         74          4         61         29       5686   slave_dispatch.o
      2760        100        299         20        352      13862   sm.o

    ----------------------------------------------------------------------
     17254       1194        432        504       1268     149231   Library Totals
        24          0          1          7         11          0   (incl. Padding)

    ----------------------------------------------------------------------

      Code (inc. data)   RO Data    RW Data    ZI Data      Debug   Library Name

      1584         70          0          4          0        904   mc_w.l
     15646       1124        431        493       1257     148327   mg_BLEpair_lib_m3.lib

    ----------------------------------------------------------------------
     17254       1194        432        504       1268     149231   Library Totals

    ----------------------------------------------------------------------

==============================================================================


      Code (inc. data)   RO Data    RW Data    ZI Data      Debug   

     23356       1842        948        648       2728     744321   Grand Totals
     23356       1842        948        188       2728     744321   ELF Image Totals (compressed)
     23356       1842        948        188          0          0   ROM Totals

==============================================================================

    Total RO  Size (Code + RO Data)                24304 (  23.73kB)
    Total RW  Size (RW Data + ZI Data)              3376 (   3.30kB)
    Total ROM Size (Code + RO Data + RW Data)      24492 (  23.92kB)

==============================================================================

