<html>
<body>
<pre>
<h1>礦ision Build Log</h1>
<h2>Tool Versions:</h2>
IDE-Version: μVision V5.24.2.0
Copyright (C) 2017 ARM Ltd and ARM Germany GmbH. All rights reserved.
License Information: wei wang shockley Flex license: MDK-ARM Plus: 2 user(s) (mdk_plus) Support: Dec 2018
 
Tool Versions:
Toolchain:       MDK-ARM Plus: 2 user(s)  Version: 5.24.1
Toolchain Path:  C:\Keil_v5\ARM\ARMCC\Bin
C Compiler:      Armcc.exe V5.06 update 5 (build 528)
Assembler:       Armasm.exe V5.06 update 5 (build 528)
Linker/Locator:  ArmLink.exe V5.06 update 5 (build 528)
Library Manager: ArmAr.exe V5.06 update 5 (build 528)
Hex Converter:   FromElf.exe V5.06 update 5 (build 528)
CPU DLL:         SARMCM3.DLL V5.24.1
Dialog DLL:      DCM.DLL V1.16.0.0
Target DLL:      CMSIS_AGDI.dll V1.28.3.0
Dialog DLL:      TCM.DLL V1.32.0.0
 
<h2>Project:</h2>
D:\培训资料\文档\code\sample7-学员中间版本\sample7.uvprojx
Project File Date:  08/28/2020

<h2>Output:</h2>
*** Using Compiler 'V5.06 update 5 (build 528)', folder: 'C:\Keil_v5\ARM\ARMCC\Bin'
Rebuild target 'sample7'
assembling startup_at32f407vgt7.s...
compiling system_at32f4xx.c...
compiling misc.c...
compiling at32f4xx_it.c...
compiling at32f4xx_usart.c...
compiling main.c...
main.c(37): warning:  #223-D: function "printf" declared implicitly
  	printf("sine talbe = {\n");
main.c(191): warning:  #223-D: function "AT32_Board_Init" declared implicitly
  	AT32_Board_Init(); 
main.c(204): warning:  #223-D: function "UART_Print_Init" declared implicitly
  	UART_Print_Init(115200);
main.c(215): warning:  #223-D: function "printf" declared implicitly
  		printf("I am working~! \n");
main.c(216): warning:  #223-D: function "Delay_ms" declared implicitly
  		Delay_ms(500);
main.c: 5 warnings, 0 errors
compiling at32_board.c...
compiling at32f4xx_tim.c...
compiling at32f4xx_dma.c...
compiling at32f4xx_dac.c...
compiling at32f4xx_gpio.c...
compiling at32f4xx_rcc.c...
linking...
Program Size: Code=7716 RO-data=708 RW-data=116 ZI-data=1220  
".\Objects\sample7.axf" - 0 Error(s), 5 Warning(s).

<h2>Software Packages used:</h2>

Package Vendor: Keil
                
                Keil.AT32F4xx_DFP.1.3.1
                ArteryTek AT32F4 Series Device Support,Drivers

<h2>Collection of Component include folders:</h2>
  .\RTE\_sample7
  C:\Keil_v5\ARM\PACK\Keil\AT32F4xx_DFP\1.3.1\Device\Include

<h2>Collection of Component Files used:</h2>
Build Time Elapsed:  00:00:03
</pre>
</body>
</html>
