###############################################################################
#
# IAR ELF Linker V7.40.3.8902/W32 for ARM                 22/Aug/2019  12:46:13
# Copyright 2007-2015 IAR Systems AB.
#
#    Output file  =  
#        D:\AT32F4xx_StdPeriph_Lib_V1.1.4\Utilities\AT32F413_SLIB_Demo\Project_L0\IAR_V7.4\SLIB-IP-Code-XO\Exe\Project_L0.out
#    Map file     =  
#        D:\AT32F4xx_StdPeriph_Lib_V1.1.4\Utilities\AT32F413_SLIB_Demo\Project_L0\IAR_V7.4\SLIB-IP-Code-XO\List\Project_L0.map
#    Command line =  
#        D:\AT32F4xx_StdPeriph_Lib_V1.1.4\Utilities\AT32F413_SLIB_Demo\Project_L0\IAR_V7.4\SLIB-IP-Code-XO\Obj\arm_fir_data.o
#        D:\AT32F4xx_StdPeriph_Lib_V1.1.4\Utilities\AT32F413_SLIB_Demo\Project_L0\IAR_V7.4\SLIB-IP-Code-XO\Obj\arm_fir_f32.o
#        D:\AT32F4xx_StdPeriph_Lib_V1.1.4\Utilities\AT32F413_SLIB_Demo\Project_L0\IAR_V7.4\SLIB-IP-Code-XO\Obj\arm_fir_init_f32.o
#        D:\AT32F4xx_StdPeriph_Lib_V1.1.4\Utilities\AT32F413_SLIB_Demo\Project_L0\IAR_V7.4\SLIB-IP-Code-XO\Obj\at32_board.o
#        D:\AT32F4xx_StdPeriph_Lib_V1.1.4\Utilities\AT32F413_SLIB_Demo\Project_L0\IAR_V7.4\SLIB-IP-Code-XO\Obj\at32f4xx_acc.o
#        D:\AT32F4xx_StdPeriph_Lib_V1.1.4\Utilities\AT32F413_SLIB_Demo\Project_L0\IAR_V7.4\SLIB-IP-Code-XO\Obj\at32f4xx_dbgmcu.o
#        D:\AT32F4xx_StdPeriph_Lib_V1.1.4\Utilities\AT32F413_SLIB_Demo\Project_L0\IAR_V7.4\SLIB-IP-Code-XO\Obj\at32f4xx_dma.o
#        D:\AT32F4xx_StdPeriph_Lib_V1.1.4\Utilities\AT32F413_SLIB_Demo\Project_L0\IAR_V7.4\SLIB-IP-Code-XO\Obj\at32f4xx_exti.o
#        D:\AT32F4xx_StdPeriph_Lib_V1.1.4\Utilities\AT32F413_SLIB_Demo\Project_L0\IAR_V7.4\SLIB-IP-Code-XO\Obj\at32f4xx_flash.o
#        D:\AT32F4xx_StdPeriph_Lib_V1.1.4\Utilities\AT32F413_SLIB_Demo\Project_L0\IAR_V7.4\SLIB-IP-Code-XO\Obj\at32f4xx_gpio.o
#        D:\AT32F4xx_StdPeriph_Lib_V1.1.4\Utilities\AT32F413_SLIB_Demo\Project_L0\IAR_V7.4\SLIB-IP-Code-XO\Obj\at32f4xx_it.o
#        D:\AT32F4xx_StdPeriph_Lib_V1.1.4\Utilities\AT32F413_SLIB_Demo\Project_L0\IAR_V7.4\SLIB-IP-Code-XO\Obj\at32f4xx_pwr.o
#        D:\AT32F4xx_StdPeriph_Lib_V1.1.4\Utilities\AT32F413_SLIB_Demo\Project_L0\IAR_V7.4\SLIB-IP-Code-XO\Obj\at32f4xx_rcc.o
#        D:\AT32F4xx_StdPeriph_Lib_V1.1.4\Utilities\AT32F413_SLIB_Demo\Project_L0\IAR_V7.4\SLIB-IP-Code-XO\Obj\at32f4xx_usart.o
#        D:\AT32F4xx_StdPeriph_Lib_V1.1.4\Utilities\AT32F413_SLIB_Demo\Project_L0\IAR_V7.4\SLIB-IP-Code-XO\Obj\fir_coefficient.o
#        D:\AT32F4xx_StdPeriph_Lib_V1.1.4\Utilities\AT32F413_SLIB_Demo\Project_L0\IAR_V7.4\SLIB-IP-Code-XO\Obj\fir_filter.o
#        D:\AT32F4xx_StdPeriph_Lib_V1.1.4\Utilities\AT32F413_SLIB_Demo\Project_L0\IAR_V7.4\SLIB-IP-Code-XO\Obj\main.o
#        D:\AT32F4xx_StdPeriph_Lib_V1.1.4\Utilities\AT32F413_SLIB_Demo\Project_L0\IAR_V7.4\SLIB-IP-Code-XO\Obj\math_helper.o
#        D:\AT32F4xx_StdPeriph_Lib_V1.1.4\Utilities\AT32F413_SLIB_Demo\Project_L0\IAR_V7.4\SLIB-IP-Code-XO\Obj\misc.o
#        D:\AT32F4xx_StdPeriph_Lib_V1.1.4\Utilities\AT32F413_SLIB_Demo\Project_L0\IAR_V7.4\SLIB-IP-Code-XO\Obj\startup_at32f413rx_hd.o
#        D:\AT32F4xx_StdPeriph_Lib_V1.1.4\Utilities\AT32F413_SLIB_Demo\Project_L0\IAR_V7.4\SLIB-IP-Code-XO\Obj\system_at32f4xx.o
#        -o
#        D:\AT32F4xx_StdPeriph_Lib_V1.1.4\Utilities\AT32F413_SLIB_Demo\Project_L0\IAR_V7.4\SLIB-IP-Code-XO\Exe\Project_L0.out
#        --map
#        D:\AT32F4xx_StdPeriph_Lib_V1.1.4\Utilities\AT32F413_SLIB_Demo\Project_L0\IAR_V7.4\SLIB-IP-Code-XO\List\Project_L0.map
#        --config
#        D:\AT32F4xx_StdPeriph_Lib_V1.1.4\Utilities\AT32F413_SLIB_Demo\Project_L0\IAR_V7.4\..\..\..\..\Utilities\AT32F413_SLIB_Demo\Project_L0\IAR_V7.4\SLIB.icf
#        --semihosting --entry __iar_program_start --vfe
#
###############################################################################

*******************************************************************************
*** RUNTIME MODEL ATTRIBUTES
***

CppFlavor       = *
__SystemLibrary = DLib


*******************************************************************************
*** PLACEMENT SUMMARY
***

"A1":  place at 0x08000000 { ro section .intvec };
"P1":  place in [from 0x08000000 to 0x08000fff] |
                [from 0x08003000 to 0x0803ffff] { ro };
"P2":  place in [from 0x08001000 to 0x08001fff] {
          ro object arm_fir_f32.o, ro object arm_fir_init_f32.o,
          ro object FIR_Filter.o };
"P3":  place in [from 0x20000000 to 0x20006fff] { rw, block CSTACK, block HEAP };

  Section             Kind        Address    Size  Object
  -------             ----        -------    ----  ------
"A1":                                       0x170
  .intvec             ro code  0x08000000   0x170  startup_at32f413rx_hd.o [1]
                             - 0x08000170   0x170

"P1", part 1 of 2:                          0x1c1
  .rodata             const    0x08000170     0x0  zero_init3.o [5]
  .rodata             const    0x08000170     0x0  lz77_init.o [5]
  Initializer bytes   const    0x08000170   0x1c1  <for P3 s0>
                             - 0x08000331   0x1c1

"P2":                                       0x596
  .text               ro code  0x08001000   0x518  arm_fir_f32.o [1]
  .text               ro code  0x08001518    0x4e  fir_filter.o [1]
  .text               ro code  0x08001566    0x30  arm_fir_init_f32.o [1]
                             - 0x08001596   0x596

Absolute sections, part 1 of 2:              0x74
  .rodata             const    0x08002000    0x74  fir_coefficient.o [1]
                             - 0x08002074    0x74

"P1", part 2 of 2:                         0x17b0
  .text               ro code  0x08003000   0x330  xlog.o [4]
  .text               ro code  0x08003330    0x42  xdnorm.o [4]
  .text               ro code  0x08003372     0xc  errno.o [3]
  .text               ro code  0x08003380    0x2e  DblCmpLe.o [4]
  .text               ro code  0x080033b0   0x1a2  DblMul.o [4]
  .text               ro code  0x08003554    0xe8  DblAdd.o [4]
  .text               ro code  0x0800363c   0x256  DblDiv.o [4]
  .text               ro code  0x08003894   0x180  DblSub.o [4]
  .text               ro code  0x08003a14    0x2c  I32ToDbl.o [4]
  .text               ro code  0x08003a40     0x2  xtls.o [3]
  .text               ro code  0x08003a44   0x220  at32_board.o [1]
  .text               ro code  0x08003c64    0x48  at32f4xx_rcc.o [1]
  .text               ro code  0x08003cac   0x160  at32f4xx_gpio.o [1]
  .text               ro code  0x08003e0c    0xa0  misc.o [1]
  .text               ro code  0x08003eac   0x1c2  lz77_init.o [5]
  .text               ro code  0x0800406e     0x6  abort.o [3]
  .text               ro code  0x08004074    0x14  exit.o [6]
  .text               ro code  0x08004088   0x188  system_at32f4xx.o [1]
  .text               ro code  0x08004210    0xfc  math_helper.o [1]
  .text               ro code  0x0800430c    0x4e  FltToDbl.o [4]
  .text               ro code  0x0800435a    0x12  log10.o [4]
  .text               ro code  0x0800436c    0x90  DblToFlt.o [4]
  .text               ro code  0x080043fc    0xe4  main.o [1]
  .text               ro code  0x080044e0    0x94  at32f4xx_flash.o [1]
  .text               ro code  0x08004574    0x40  zero_init3.o [5]
  .text               ro code  0x080045b4    0x30  at32f4xx_it.o [1]
  .text               ro code  0x080045e4    0x30  data_init.o [5]
  .text               ro code  0x08004614    0x22  fpinit_M.o [4]
  .iar.init_table     const    0x08004638    0x34  - Linker created -
  .text               ro code  0x0800466c    0x1a  cmain.o [5]
  .text               ro code  0x08004686     0x4  low_level_init.o [3]
  .text               ro code  0x0800468a     0x4  exit.o [3]
  .text               ro code  0x08004690     0xa  cexit.o [5]
  .text               ro code  0x0800469c    0x10  startup_at32f413rx_hd.o [1]
  .text               ro code  0x080046ac     0xc  cstartup_M.o [5]
  .text               ro code  0x080046b8     0x4  startup_at32f413rx_hd.o [1]
  .text               ro code  0x080046bc     0x4  startup_at32f413rx_hd.o [1]
  .text               ro code  0x080046c0     0x4  startup_at32f413rx_hd.o [1]
  .text               ro code  0x080046c4     0x4  startup_at32f413rx_hd.o [1]
  .text               ro code  0x080046c8     0x4  startup_at32f413rx_hd.o [1]
  .text               ro code  0x080046cc     0x4  startup_at32f413rx_hd.o [1]
  .text               ro code  0x080046d0     0x4  startup_at32f413rx_hd.o [1]
  .text               ro code  0x080046d4     0x4  startup_at32f413rx_hd.o [1]
  .text               ro code  0x080046d8     0x4  startup_at32f413rx_hd.o [1]
  .text               ro code  0x080046dc     0x4  startup_at32f413rx_hd.o [1]
  .text               ro code  0x080046e0     0x4  startup_at32f413rx_hd.o [1]
  .text               ro code  0x080046e4     0x4  startup_at32f413rx_hd.o [1]
  .text               ro code  0x080046e8     0x4  startup_at32f413rx_hd.o [1]
  .text               ro code  0x080046ec     0x4  startup_at32f413rx_hd.o [1]
  .text               ro code  0x080046f0     0x4  startup_at32f413rx_hd.o [1]
  .text               ro code  0x080046f4     0x4  startup_at32f413rx_hd.o [1]
  .text               ro code  0x080046f8     0x4  startup_at32f413rx_hd.o [1]
  .text               ro code  0x080046fc     0x4  startup_at32f413rx_hd.o [1]
  .text               ro code  0x08004700     0x4  startup_at32f413rx_hd.o [1]
  .text               ro code  0x08004704     0x4  startup_at32f413rx_hd.o [1]
  .text               ro code  0x08004708     0x4  startup_at32f413rx_hd.o [1]
  .text               ro code  0x0800470c     0x4  startup_at32f413rx_hd.o [1]
  .text               ro code  0x08004710     0x4  startup_at32f413rx_hd.o [1]
  .text               ro code  0x08004714     0x4  startup_at32f413rx_hd.o [1]
  .text               ro code  0x08004718     0x4  startup_at32f413rx_hd.o [1]
  .text               ro code  0x0800471c     0x4  startup_at32f413rx_hd.o [1]
  .text               ro code  0x08004720     0x4  startup_at32f413rx_hd.o [1]
  .text               ro code  0x08004724     0x4  startup_at32f413rx_hd.o [1]
  .text               ro code  0x08004728     0x4  startup_at32f413rx_hd.o [1]
  .text               ro code  0x0800472c     0x4  startup_at32f413rx_hd.o [1]
  .text               ro code  0x08004730     0x4  startup_at32f413rx_hd.o [1]
  .text               ro code  0x08004734     0x4  startup_at32f413rx_hd.o [1]
  .text               ro code  0x08004738     0x4  startup_at32f413rx_hd.o [1]
  .text               ro code  0x0800473c     0x4  startup_at32f413rx_hd.o [1]
  .text               ro code  0x08004740     0x4  startup_at32f413rx_hd.o [1]
  .text               ro code  0x08004744     0x4  startup_at32f413rx_hd.o [1]
  .text               ro code  0x08004748     0x4  startup_at32f413rx_hd.o [1]
  .text               ro code  0x0800474c     0x4  startup_at32f413rx_hd.o [1]
  .text               ro code  0x08004750     0x4  startup_at32f413rx_hd.o [1]
  .text               ro code  0x08004754     0x4  startup_at32f413rx_hd.o [1]
  .text               ro code  0x08004758     0x4  startup_at32f413rx_hd.o [1]
  .text               ro code  0x0800475c     0x4  startup_at32f413rx_hd.o [1]
  .text               ro code  0x08004760     0x4  startup_at32f413rx_hd.o [1]
  .text               ro code  0x08004764     0x4  startup_at32f413rx_hd.o [1]
  .text               ro code  0x08004768     0x4  startup_at32f413rx_hd.o [1]
  .text               ro code  0x0800476c     0x4  startup_at32f413rx_hd.o [1]
  .text               ro code  0x08004770     0x4  startup_at32f413rx_hd.o [1]
  .text               ro code  0x08004774     0x4  startup_at32f413rx_hd.o [1]
  .text               ro code  0x08004778     0x4  startup_at32f413rx_hd.o [1]
  .text               ro code  0x0800477c     0x4  startup_at32f413rx_hd.o [1]
  .text               ro code  0x08004780     0x4  startup_at32f413rx_hd.o [1]
  .text               ro code  0x08004784     0x4  startup_at32f413rx_hd.o [1]
  .text               ro code  0x08004788     0x4  startup_at32f413rx_hd.o [1]
  .text               ro code  0x0800478c     0x4  startup_at32f413rx_hd.o [1]
  .text               ro code  0x08004790     0x4  startup_at32f413rx_hd.o [1]
  .text               ro code  0x08004794     0x4  startup_at32f413rx_hd.o [1]
  .text               ro code  0x08004798     0x4  startup_at32f413rx_hd.o [1]
  .text               ro code  0x0800479c     0x4  startup_at32f413rx_hd.o [1]
  .text               ro code  0x080047a0     0x4  startup_at32f413rx_hd.o [1]
  .text               ro code  0x080047a4     0x4  startup_at32f413rx_hd.o [1]
  .text               ro code  0x080047a8     0x4  startup_at32f413rx_hd.o [1]
  .text               ro code  0x080047ac     0x4  startup_at32f413rx_hd.o [1]
                             - 0x080047b0  0x17b0

"P3":                                      0x1f50
  P3 s0                        0x20000000   0xa44  <Init block>
    .data             inited   0x20000000   0x500  arm_fir_data.o [1]
    .data             inited   0x20000500   0x500  arm_fir_data.o [1]
    .data             inited   0x20000a00    0x10  at32_board.o [1]
    .data             inited   0x20000a10    0x10  at32_board.o [1]
    .data             inited   0x20000a20     0x8  at32_board.o [1]
    .data             inited   0x20000a28     0x8  at32_board.o [1]
    .data             inited   0x20000a30     0x8  at32_board.o [1]
    .data             inited   0x20000a38     0x4  at32_board.o [1]
    .data             inited   0x20000a3c     0x4  system_at32f4xx.o [1]
    __DLIB_PERTHREAD  inited   0x20000a40     0x4  errno.o [3]
  .bss                zero     0x20000a44   0x500  main.o [1]
  .bss                zero     0x20000f44     0x4  at32_board.o [1]
  .bss                zero     0x20000f48     0x4  at32_board.o [1]
  CSTACK                       0x20000f50  0x1000  <Block>
    CSTACK            uninit   0x20000f50  0x1000  <Block tail>
                             - 0x20001f50  0x1f50

Absolute sections, part 2 of 2:              0xf0
  .bss                zero     0x20007000    0xf0  fir_filter.o [1]
                             - 0x200070f0    0xf0


*******************************************************************************
*** INIT TABLE
***

          Address     Size
          -------     ----
Zero (__iar_zero_init3)
    2 destination ranges, total size 0x5f8:
          0x20000a44  0x508
          0x20007000   0xf0

Copy/lz77 (__iar_lz77_init3)
    1 source range, total size 0x1c1 (17% of destination):
          0x08000170  0x1c1
    1 destination range, total size 0xa44:
          0x20000000  0xa44



*******************************************************************************
*** MODULE SUMMARY
***

    Module                   ro code  ro data  rw data  ro data  rw data
                                                         (abs)    (abs)
    ------                   -------  -------  -------  -------  -------
D:\AT32F4xx_StdPeriph_Lib_V1.1.4\Utilities\AT32F413_SLIB_Demo\Project_L0\IAR_V7.4\SLIB-IP-Code-XO\Obj: [1]
    arm_fir_data.o                        437    2 560
    arm_fir_f32.o              1 304
    arm_fir_init_f32.o            48
    at32_board.o                 544       10       68
    at32f4xx_flash.o             148
    at32f4xx_gpio.o              352
    at32f4xx_it.o                 48
    at32f4xx_rcc.o                72
    fir_coefficient.o                                       116
    fir_filter.o                  78                                 240
    main.o                       228             1 280
    math_helper.o                252
    misc.o                       160
    startup_at32f413rx_hd.o      632
    system_at32f4xx.o            392        1        4
    --------------------------------------------------------------------
    Total:                     4 258      448    3 912      116      240

command line: [2]
    --------------------------------------------------------------------
    Total:

dl7Mx_tlf.a: [3]
    abort.o                        6
    errno.o                       12        1        4
    exit.o                         4
    low_level_init.o               4
    xtls.o                         2
    --------------------------------------------------------------------
    Total:                        28        1        4

m7Mx_tls.a: [4]
    DblAdd.o                     232
    DblCmpLe.o                    46
    DblDiv.o                     598
    DblMul.o                     418
    DblSub.o                     384
    DblToFlt.o                   144
    FltToDbl.o                    78
    I32ToDbl.o                    44
    fpinit_M.o                    34
    log10.o                       18
    xdnorm.o                      66
    xlog.o                       816
    --------------------------------------------------------------------
    Total:                     2 878

rt7Mx_tl.a: [5]
    cexit.o                       10
    cmain.o                       26
    cstartup_M.o                  12
    data_init.o                   48
    lz77_init.o                  450
    zero_init3.o                  64
    --------------------------------------------------------------------
    Total:                       610

sh7Mx_l.a: [6]
    exit.o                        20
    --------------------------------------------------------------------
    Total:                        20

    Gaps                          14        2
    Linker created                         52    4 096
------------------------------------------------------------------------
    Grand Total:               7 808      503    8 012      116      240


*******************************************************************************
*** ENTRY LIST
***

Entry                      Address   Size  Type      Object
-----                      -------   ----  ----      ------
.iar.init_table$$Base   0x08004638          --   Gb  - Linker created -
.iar.init_table$$Limit  0x0800466c          --   Gb  - Linker created -
?main                   0x0800466d         Code  Gb  cmain.o [5]
AT32_BUTTON_Init        0x08003a7d   0x3c  Code  Gb  at32_board.o [1]
AT32_BUTTON_State       0x08003ab9   0x1a  Code  Gb  at32_board.o [1]
AT32_Board_Init         0x08003a45   0x38  Code  Gb  at32_board.o [1]
AT32_LEDn_Init          0x08003ad3   0x42  Code  Gb  at32_board.o [1]
AT32_LEDn_OFF           0x08003b15   0x26  Code  Gb  at32_board.o [1]
AT32_LEDn_Toggle        0x08003b3b   0x32  Code  Gb  at32_board.o [1]
BUTTON_GPIO_PIN         0x20000a38    0x4  Data  Gb  at32_board.o [1]
BUTTON_GPIO_PORT        0x20000a28    0x8  Data  Gb  at32_board.o [1]
BUTTON_GPIO_RCC_CLK     0x20000a30    0x8  Data  Gb  at32_board.o [1]
BusFault_Handler        0x080045bb    0x2  Code  Gb  at32f4xx_it.o [1]
CSTACK$$Base            0x20000f50          --   Gb  - Linker created -
CSTACK$$Limit           0x20001f50          --   Gb  - Linker created -
DebugMon_Handler        0x080045c1    0x2  Code  Gb  at32f4xx_it.o [1]
Delay_init              0x08003b6d   0x38  Code  Gb  at32_board.o [1]
Delay_ms                0x08003ba5   0x84  Code  Gb  at32_board.o [1]
Enable_Flash_INT        0x080044ad   0x34  Code  Gb  main.o [1]
FIR_lowpass_filter      0x08001519   0x4e  Code  Gb  fir_filter.o [1]
FLASH_INTConfig         0x08004509   0x58  Code  Gb  at32f4xx_flash.o [1]
FLASH_IRQHandler        0x080045c7   0x18  Code  Gb  at32f4xx_it.o [1]
FLASH_Lock              0x080044f7   0x12  Code  Gb  at32f4xx_flash.o [1]
FLASH_Unlock            0x080044e1   0x16  Code  Gb  at32f4xx_flash.o [1]
GPIO_Init               0x08003cad  0x136  Code  Gb  at32f4xx_gpio.o [1]
GPIO_ReadInputDataBit   0x08003df3   0x1a  Code  Gb  at32f4xx_gpio.o [1]
GPIO_StructInit         0x08003de3   0x10  Code  Gb  at32f4xx_gpio.o [1]
HardFault_Handler       0x080045b7    0x2  Code  Gb  at32f4xx_it.o [1]
InStream_Read           0x08003ead   0x22  Code  Lc  lz77_init.o [5]
LED_GPIO_PIN            0x20000a20    0x8  Data  Gb  at32_board.o [1]
LED_GPIO_PORT           0x20000a00   0x10  Data  Gb  at32_board.o [1]
LED_GPIO_RCC_CLK        0x20000a10   0x10  Data  Gb  at32_board.o [1]
MemManage_Handler       0x080045b9    0x2  Code  Gb  at32f4xx_it.o [1]
NMI_Handler             0x080045b5    0x2  Code  Gb  at32f4xx_it.o [1]
NVIC_Init               0x08003e0d   0x6c  Code  Gb  misc.o [1]
OutStream_Write         0x08003ecf   0x40  Code  Lc  lz77_init.o [5]
PendSV_Handler          0x080045c3    0x2  Code  Gb  at32f4xx_it.o [1]
RCC_APB2PeriphClockCmd  0x08003c65   0x1e  Code  Gb  at32f4xx_rcc.o [1]
RCC_StepModeCmd         0x08003c83   0x22  Code  Gb  at32f4xx_rcc.o [1]
Region$$Table$$Base     0x08004638          --   Gb  - Linker created -
Region$$Table$$Limit    0x0800466c          --   Gb  - Linker created -
SVC_Handler             0x080045bf    0x2  Code  Gb  at32f4xx_it.o [1]
SetSysClock             0x080040f5    0x8  Code  Lc  system_at32f4xx.o [1]
SetSysClockTo192M       0x080040fd   0xe4  Code  Lc  system_at32f4xx.o [1]
SysTick_CLKSourceConfig
                        0x08003e79   0x20  Code  Gb  misc.o [1]
SysTick_Handler         0x080045c5    0x2  Code  Gb  at32f4xx_it.o [1]
SystemCoreClock         0x20000a3c    0x4  Data  Gb  system_at32f4xx.o [1]
SystemInit              0x08004089   0x6c  Code  Gb  system_at32f4xx.o [1]
UsageFault_Handler      0x080045bd    0x2  Code  Gb  at32f4xx_it.o [1]
__aeabi_cdcmple         0x08003381         Code  Gb  DblCmpLe.o [4]
__aeabi_d2f             0x0800436d         Code  Gb  DblToFlt.o [4]
__aeabi_dadd            0x08003555         Code  Gb  DblAdd.o [4]
__aeabi_ddiv            0x0800363d         Code  Gb  DblDiv.o [4]
__aeabi_dmul            0x080033b1         Code  Gb  DblMul.o [4]
__aeabi_dsub            0x08003895         Code  Gb  DblSub.o [4]
__aeabi_errno_addr      0x08003373    0xc  Code  Gb  errno.o [3]
__aeabi_f2d             0x0800430d         Code  Gb  FltToDbl.o [4]
__aeabi_i2d             0x08003a15         Code  Gb  I32ToDbl.o [4]
__cmain                 0x0800466d         Code  Gb  cmain.o [5]
__exit                  0x08004075   0x14  Code  Gb  exit.o [6]
__iar_Dnorm             0x08003331   0x42  Code  Gb  xdnorm.o [4]
__iar_Errno             0x20000a40    0x4  Data  Gb  errno.o [3]
__iar_Log               0x08003001  0x326  Code  Gb  xlog.o [4]
__iar_dadd              0x08003569         Code  Gb  DblAdd.o [4]
__iar_data_init3        0x080045e5   0x30  Code  Gb  data_init.o [5]
__iar_dlib_perthread_access
                        0x08003a41    0x2  Code  Gb  xtls.o [3]
__iar_dsub              0x080038a9         Code  Gb  DblSub.o [4]
__iar_dsubStart         0x080038bb         Code  Gb  DblSub.o [4]
__iar_init_vfp          0x08004615         Code  Gb  fpinit_M.o [4]
__iar_lz77_init3        0x08003f0f  0x160  Code  Gb  lz77_init.o [5]
__iar_program_start     0x080046ad         Code  Gb  cstartup_M.o [5]
__iar_ui2d              0x08003a29         Code  Gb  I32ToDbl.o [4]
__iar_vfp_log10         0x0800435b   0x12  Code  Gb  log10.o [4]
__iar_zero_init3        0x08004575   0x40  Code  Gb  zero_init3.o [5]
__low_level_init        0x08004687    0x4  Code  Gb  low_level_init.o [3]
__vector_table          0x08000000         Data  Gb  startup_at32f413rx_hd.o [1]
_call_main              0x08004679         Code  Gb  cmain.o [5]
_exit                   0x08004691         Code  Gb  cexit.o [5]
_main                   0x08004683         Code  Gb  cmain.o [5]
abort                   0x0800406f    0x6  Code  Gb  abort.o [3]
arm_fir_f32             0x08001001  0x518  Code  Gb  arm_fir_f32.o [1]
arm_fir_init_f32        0x08001567   0x20  Code  Gb  arm_fir_init_f32.o [1]
arm_snr_f32             0x08004211   0xee  Code  Gb  math_helper.o [1]
exit                    0x0800468b    0x4  Code  Gb  exit.o [3]
fac_ms                  0x20000f48    0x4  Data  Lc  at32_board.o [1]
fac_us                  0x20000f44    0x4  Data  Lc  at32_board.o [1]
firCoeffs32             0x08002000   0x74  Data  Gb  fir_coefficient.o [1]
firStateF32             0x20007000   0xf0  Data  Lc  fir_filter.o [1]
main                    0x080043fd   0x9e  Code  Gb  main.o [1]
my_memset               0x08001587   0x10  Code  Gb  arm_fir_init_f32.o [1]
refOutput               0x20000500  0x500  Data  Gb  arm_fir_data.o [1]
testInput_f32_1kHz_15kHz
                        0x20000000  0x500  Data  Gb  arm_fir_data.o [1]
testOutput              0x20000a44  0x500  Data  Lc  main.o [1]


[1] = D:\AT32F4xx_StdPeriph_Lib_V1.1.4\Utilities\AT32F413_SLIB_Demo\Project_L0\IAR_V7.4\SLIB-IP-Code-XO\Obj
[2] = command line
[3] = dl7Mx_tlf.a
[4] = m7Mx_tls.a
[5] = rt7Mx_tl.a
[6] = sh7Mx_l.a

  7 808 bytes of readonly  code memory
    503 bytes of readonly  data memory (+ 116 absolute)
  8 012 bytes of readwrite data memory (+ 240 absolute)

Errors: none
Warnings: none
