<!doctype html public "-//w3c//dtd html 4.0 transitional//en">
<html><head>
<title>Static Call Graph - [.\Objects\Template.axf]</title></head>
<body><HR>
<H1>Static Call Graph for image .\Objects\Template.axf</H1><HR>
<BR><P>#&#060CALLGRAPH&#062# ARM Linker, 5060528: Last Updated: Mon Aug 31 17:35:01 2020
<BR><P>
<H3>Maximum Stack Usage =         48 bytes + Unknown(Cycles, Untraceable Function Pointers)</H3><H3>
Call chain for Maximum Stack Depth:</H3>
main &rArr; AT32_Board_Init &rArr; AT32_LEDn_Init &rArr; GPIO_Init
<P>
<H3>
Mutually Recursive functions
</H3> <LI><a href="#[4e]">ACC_IRQHandler</a>&nbsp;&nbsp;&nbsp;&rArr;&nbsp;&nbsp;&nbsp;<a href="#[4e]">ACC_IRQHandler</a><BR>
</UL>
<P>
<H3>
Function Pointers
</H3><UL>
 <LI><a href="#[4e]">ACC_IRQHandler</a> from startup_at32f407vgt7.o(.text) referenced from startup_at32f407vgt7.o(RESET)
 <LI><a href="#[1c]">ADC1_2_IRQHandler</a> from startup_at32f407vgt7.o(.text) referenced from startup_at32f407vgt7.o(RESET)
 <LI><a href="#[39]">ADC3_IRQHandler</a> from startup_at32f407vgt7.o(.text) referenced from startup_at32f407vgt7.o(RESET)
 <LI><a href="#[4]">BusFault_Handler</a> from at32f4xx_it.o(i.BusFault_Handler) referenced from startup_at32f407vgt7.o(RESET)
 <LI><a href="#[1f]">CAN1_RX1_IRQHandler</a> from startup_at32f407vgt7.o(.text) referenced from startup_at32f407vgt7.o(RESET)
 <LI><a href="#[20]">CAN1_SCE_IRQHandler</a> from startup_at32f407vgt7.o(.text) referenced from startup_at32f407vgt7.o(RESET)
 <LI><a href="#[4b]">CAN2_RX0_IRQHandler</a> from startup_at32f407vgt7.o(.text) referenced from startup_at32f407vgt7.o(RESET)
 <LI><a href="#[4c]">CAN2_RX1_IRQHandler</a> from startup_at32f407vgt7.o(.text) referenced from startup_at32f407vgt7.o(RESET)
 <LI><a href="#[4d]">CAN2_SCE_IRQHandler</a> from startup_at32f407vgt7.o(.text) referenced from startup_at32f407vgt7.o(RESET)
 <LI><a href="#[4a]">CAN2_TX_IRQHandler</a> from startup_at32f407vgt7.o(.text) referenced from startup_at32f407vgt7.o(RESET)
 <LI><a href="#[15]">DMA1_Channel1_IRQHandler</a> from startup_at32f407vgt7.o(.text) referenced from startup_at32f407vgt7.o(RESET)
 <LI><a href="#[16]">DMA1_Channel2_IRQHandler</a> from startup_at32f407vgt7.o(.text) referenced from startup_at32f407vgt7.o(RESET)
 <LI><a href="#[17]">DMA1_Channel3_IRQHandler</a> from startup_at32f407vgt7.o(.text) referenced from startup_at32f407vgt7.o(RESET)
 <LI><a href="#[18]">DMA1_Channel4_IRQHandler</a> from startup_at32f407vgt7.o(.text) referenced from startup_at32f407vgt7.o(RESET)
 <LI><a href="#[19]">DMA1_Channel5_IRQHandler</a> from startup_at32f407vgt7.o(.text) referenced from startup_at32f407vgt7.o(RESET)
 <LI><a href="#[1a]">DMA1_Channel6_IRQHandler</a> from startup_at32f407vgt7.o(.text) referenced from startup_at32f407vgt7.o(RESET)
 <LI><a href="#[1b]">DMA1_Channel7_IRQHandler</a> from startup_at32f407vgt7.o(.text) referenced from startup_at32f407vgt7.o(RESET)
 <LI><a href="#[42]">DMA2_Channel1_IRQHandler</a> from startup_at32f407vgt7.o(.text) referenced from startup_at32f407vgt7.o(RESET)
 <LI><a href="#[43]">DMA2_Channel2_IRQHandler</a> from startup_at32f407vgt7.o(.text) referenced from startup_at32f407vgt7.o(RESET)
 <LI><a href="#[44]">DMA2_Channel3_IRQHandler</a> from startup_at32f407vgt7.o(.text) referenced from startup_at32f407vgt7.o(RESET)
 <LI><a href="#[45]">DMA2_Channel4_5_IRQHandler</a> from startup_at32f407vgt7.o(.text) referenced from startup_at32f407vgt7.o(RESET)
 <LI><a href="#[51]">DMA2_Channel6_7_IRQHandler</a> from startup_at32f407vgt7.o(.text) referenced from startup_at32f407vgt7.o(RESET)
 <LI><a href="#[7]">DebugMon_Handler</a> from at32f4xx_it.o(i.DebugMon_Handler) referenced from startup_at32f407vgt7.o(RESET)
 <LI><a href="#[55]">ETH_IRQHandler</a> from startup_at32f407vgt7.o(.text) referenced from startup_at32f407vgt7.o(RESET)
 <LI><a href="#[56]">ETH_WKUP_IRQHandler</a> from startup_at32f407vgt7.o(.text) referenced from startup_at32f407vgt7.o(RESET)
 <LI><a href="#[10]">EXTI0_IRQHandler</a> from startup_at32f407vgt7.o(.text) referenced from startup_at32f407vgt7.o(RESET)
 <LI><a href="#[32]">EXTI15_10_IRQHandler</a> from startup_at32f407vgt7.o(.text) referenced from startup_at32f407vgt7.o(RESET)
 <LI><a href="#[11]">EXTI1_IRQHandler</a> from startup_at32f407vgt7.o(.text) referenced from startup_at32f407vgt7.o(RESET)
 <LI><a href="#[12]">EXTI2_IRQHandler</a> from startup_at32f407vgt7.o(.text) referenced from startup_at32f407vgt7.o(RESET)
 <LI><a href="#[13]">EXTI3_IRQHandler</a> from startup_at32f407vgt7.o(.text) referenced from startup_at32f407vgt7.o(RESET)
 <LI><a href="#[14]">EXTI4_IRQHandler</a> from startup_at32f407vgt7.o(.text) referenced from startup_at32f407vgt7.o(RESET)
 <LI><a href="#[21]">EXTI9_5_IRQHandler</a> from startup_at32f407vgt7.o(.text) referenced from startup_at32f407vgt7.o(RESET)
 <LI><a href="#[e]">FLASH_IRQHandler</a> from startup_at32f407vgt7.o(.text) referenced from startup_at32f407vgt7.o(RESET)
 <LI><a href="#[2]">HardFault_Handler</a> from at32f4xx_it.o(i.HardFault_Handler) referenced from startup_at32f407vgt7.o(RESET)
 <LI><a href="#[2a]">I2C1_ER_IRQHandler</a> from startup_at32f407vgt7.o(.text) referenced from startup_at32f407vgt7.o(RESET)
 <LI><a href="#[29]">I2C1_EV_IRQHandler</a> from startup_at32f407vgt7.o(.text) referenced from startup_at32f407vgt7.o(RESET)
 <LI><a href="#[2c]">I2C2_ER_IRQHandler</a> from startup_at32f407vgt7.o(.text) referenced from startup_at32f407vgt7.o(RESET)
 <LI><a href="#[2b]">I2C2_EV_IRQHandler</a> from startup_at32f407vgt7.o(.text) referenced from startup_at32f407vgt7.o(RESET)
 <LI><a href="#[48]">I2C3_ER_IRQHandler</a> from startup_at32f407vgt7.o(.text) referenced from startup_at32f407vgt7.o(RESET)
 <LI><a href="#[47]">I2C3_EV_IRQHandler</a> from startup_at32f407vgt7.o(.text) referenced from startup_at32f407vgt7.o(RESET)
 <LI><a href="#[3]">MemManage_Handler</a> from at32f4xx_it.o(i.MemManage_Handler) referenced from startup_at32f407vgt7.o(RESET)
 <LI><a href="#[1]">NMI_Handler</a> from at32f4xx_it.o(i.NMI_Handler) referenced from startup_at32f407vgt7.o(RESET)
 <LI><a href="#[b]">PVD_IRQHandler</a> from startup_at32f407vgt7.o(.text) referenced from startup_at32f407vgt7.o(RESET)
 <LI><a href="#[8]">PendSV_Handler</a> from at32f4xx_it.o(i.PendSV_Handler) referenced from startup_at32f407vgt7.o(RESET)
 <LI><a href="#[f]">RCC_IRQHandler</a> from startup_at32f407vgt7.o(.text) referenced from startup_at32f407vgt7.o(RESET)
 <LI><a href="#[33]">RTCAlarm_IRQHandler</a> from startup_at32f407vgt7.o(.text) referenced from startup_at32f407vgt7.o(RESET)
 <LI><a href="#[d]">RTC_IRQHandler</a> from startup_at32f407vgt7.o(.text) referenced from startup_at32f407vgt7.o(RESET)
 <LI><a href="#[0]">Reset_Handler</a> from startup_at32f407vgt7.o(.text) referenced from startup_at32f407vgt7.o(RESET)
 <LI><a href="#[3b]">SDIO1_IRQHandler</a> from startup_at32f407vgt7.o(.text) referenced from startup_at32f407vgt7.o(RESET)
 <LI><a href="#[46]">SDIO2_IRQHandler</a> from startup_at32f407vgt7.o(.text) referenced from startup_at32f407vgt7.o(RESET)
 <LI><a href="#[2d]">SPI1_IRQHandler</a> from startup_at32f407vgt7.o(.text) referenced from startup_at32f407vgt7.o(RESET)
 <LI><a href="#[2e]">SPI2_I2S2EXT_IRQHandler</a> from startup_at32f407vgt7.o(.text) referenced from startup_at32f407vgt7.o(RESET)
 <LI><a href="#[3d]">SPI3_I2S3EXT_IRQHandler</a> from startup_at32f407vgt7.o(.text) referenced from startup_at32f407vgt7.o(RESET)
 <LI><a href="#[49]">SPI4_IRQHandler</a> from startup_at32f407vgt7.o(.text) referenced from startup_at32f407vgt7.o(RESET)
 <LI><a href="#[6]">SVC_Handler</a> from at32f4xx_it.o(i.SVC_Handler) referenced from startup_at32f407vgt7.o(RESET)
 <LI><a href="#[9]">SysTick_Handler</a> from at32f4xx_it.o(i.SysTick_Handler) referenced from startup_at32f407vgt7.o(RESET)
 <LI><a href="#[58]">SystemInit</a> from system_at32f4xx.o(i.SystemInit) referenced from startup_at32f407vgt7.o(.text)
 <LI><a href="#[c]">TAMPER_IRQHandler</a> from startup_at32f407vgt7.o(.text) referenced from startup_at32f407vgt7.o(RESET)
 <LI><a href="#[22]">TMR1_BRK_TMR9_IRQHandler</a> from startup_at32f407vgt7.o(.text) referenced from startup_at32f407vgt7.o(RESET)
 <LI><a href="#[25]">TMR1_CC_IRQHandler</a> from startup_at32f407vgt7.o(.text) referenced from startup_at32f407vgt7.o(RESET)
 <LI><a href="#[23]">TMR1_OV_TMR10_IRQHandler</a> from startup_at32f407vgt7.o(.text) referenced from startup_at32f407vgt7.o(RESET)
 <LI><a href="#[24]">TMR1_TRG_COM_TMR11_IRQHandler</a> from startup_at32f407vgt7.o(.text) referenced from startup_at32f407vgt7.o(RESET)
 <LI><a href="#[26]">TMR2_GLOBAL_IRQHandler</a> from startup_at32f407vgt7.o(.text) referenced from startup_at32f407vgt7.o(RESET)
 <LI><a href="#[27]">TMR3_GLOBAL_IRQHandler</a> from startup_at32f407vgt7.o(.text) referenced from startup_at32f407vgt7.o(RESET)
 <LI><a href="#[28]">TMR4_GLOBAL_IRQHandler</a> from startup_at32f407vgt7.o(.text) referenced from startup_at32f407vgt7.o(RESET)
 <LI><a href="#[3c]">TMR5_GLOBAL_IRQHandler</a> from startup_at32f407vgt7.o(.text) referenced from startup_at32f407vgt7.o(RESET)
 <LI><a href="#[40]">TMR6_GLOBAL_IRQHandler</a> from startup_at32f407vgt7.o(.text) referenced from startup_at32f407vgt7.o(RESET)
 <LI><a href="#[41]">TMR7_GLOBAL_IRQHandler</a> from startup_at32f407vgt7.o(.text) referenced from startup_at32f407vgt7.o(RESET)
 <LI><a href="#[35]">TMR8_BRK_TMR12_IRQHandler</a> from startup_at32f407vgt7.o(.text) referenced from startup_at32f407vgt7.o(RESET)
 <LI><a href="#[38]">TMR8_CC_IRQHandler</a> from startup_at32f407vgt7.o(.text) referenced from startup_at32f407vgt7.o(RESET)
 <LI><a href="#[36]">TMR8_OV_TMR13_IRQHandler</a> from startup_at32f407vgt7.o(.text) referenced from startup_at32f407vgt7.o(RESET)
 <LI><a href="#[37]">TMR8_TRG_COM_TMR14_IRQHandler</a> from startup_at32f407vgt7.o(.text) referenced from startup_at32f407vgt7.o(RESET)
 <LI><a href="#[3e]">UART4_IRQHandler</a> from startup_at32f407vgt7.o(.text) referenced from startup_at32f407vgt7.o(RESET)
 <LI><a href="#[3f]">UART5_IRQHandler</a> from startup_at32f407vgt7.o(.text) referenced from startup_at32f407vgt7.o(RESET)
 <LI><a href="#[53]">UART7_IRQHandler</a> from startup_at32f407vgt7.o(.text) referenced from startup_at32f407vgt7.o(RESET)
 <LI><a href="#[54]">UART8_IRQHandler</a> from startup_at32f407vgt7.o(.text) referenced from startup_at32f407vgt7.o(RESET)
 <LI><a href="#[2f]">USART1_IRQHandler</a> from startup_at32f407vgt7.o(.text) referenced from startup_at32f407vgt7.o(RESET)
 <LI><a href="#[30]">USART2_IRQHandler</a> from startup_at32f407vgt7.o(.text) referenced from startup_at32f407vgt7.o(RESET)
 <LI><a href="#[31]">USART3_IRQHandler</a> from startup_at32f407vgt7.o(.text) referenced from startup_at32f407vgt7.o(RESET)
 <LI><a href="#[52]">USART6_IRQHandler</a> from startup_at32f407vgt7.o(.text) referenced from startup_at32f407vgt7.o(RESET)
 <LI><a href="#[34]">USBWakeUp_IRQHandler</a> from startup_at32f407vgt7.o(.text) referenced from startup_at32f407vgt7.o(RESET)
 <LI><a href="#[1d]">USB_HP_CAN1_TX_IRQHandler</a> from startup_at32f407vgt7.o(.text) referenced from startup_at32f407vgt7.o(RESET)
 <LI><a href="#[4f]">USB_HP_IRQHandler</a> from startup_at32f407vgt7.o(.text) referenced from startup_at32f407vgt7.o(RESET)
 <LI><a href="#[1e]">USB_LP_CAN1_RX0_IRQHandler</a> from startup_at32f407vgt7.o(.text) referenced from startup_at32f407vgt7.o(RESET)
 <LI><a href="#[50]">USB_LP_IRQHandler</a> from startup_at32f407vgt7.o(.text) referenced from startup_at32f407vgt7.o(RESET)
 <LI><a href="#[5]">UsageFault_Handler</a> from at32f4xx_it.o(i.UsageFault_Handler) referenced from startup_at32f407vgt7.o(RESET)
 <LI><a href="#[a]">WWDG_IRQHandler</a> from startup_at32f407vgt7.o(.text) referenced from startup_at32f407vgt7.o(RESET)
 <LI><a href="#[3a]">XMC_IRQHandler</a> from startup_at32f407vgt7.o(.text) referenced from startup_at32f407vgt7.o(RESET)
 <LI><a href="#[59]">__main</a> from entry.o(.ARM.Collect$$$$00000000) referenced from startup_at32f407vgt7.o(.text)
 <LI><a href="#[57]">main</a> from main.o(i.main) referenced from entry9a.o(.ARM.Collect$$$$0000000B)
</UL>
<P>
<H3>
Global Symbols
</H3>
<P><STRONG><a name="[59]"></a>__main</STRONG> (Thumb, 0 bytes, Stack size unknown bytes, entry.o(.ARM.Collect$$$$00000000))
<BR>[Address Reference Count : 1]<UL><LI> startup_at32f407vgt7.o(.text)
</UL>
<P><STRONG><a name="[83]"></a>_main_stk</STRONG> (Thumb, 0 bytes, Stack size unknown bytes, entry2.o(.ARM.Collect$$$$00000001))

<P><STRONG><a name="[5a]"></a>_main_scatterload</STRONG> (Thumb, 0 bytes, Stack size unknown bytes, entry5.o(.ARM.Collect$$$$00000004))
<BR><BR>[Calls]<UL><LI><a href="#[5b]">&gt;&gt;</a>&nbsp;&nbsp;&nbsp;__scatterload
</UL>

<P><STRONG><a name="[5c]"></a>__main_after_scatterload</STRONG> (Thumb, 0 bytes, Stack size unknown bytes, entry5.o(.ARM.Collect$$$$00000004))
<BR><BR>[Called By]<UL><LI><a href="#[5b]">&gt;&gt;</a>&nbsp;&nbsp;&nbsp;__scatterload
</UL>

<P><STRONG><a name="[84]"></a>_main_clock</STRONG> (Thumb, 0 bytes, Stack size unknown bytes, entry7b.o(.ARM.Collect$$$$00000008))

<P><STRONG><a name="[85]"></a>_main_cpp_init</STRONG> (Thumb, 0 bytes, Stack size unknown bytes, entry8b.o(.ARM.Collect$$$$0000000A))

<P><STRONG><a name="[86]"></a>_main_init</STRONG> (Thumb, 0 bytes, Stack size unknown bytes, entry9a.o(.ARM.Collect$$$$0000000B))

<P><STRONG><a name="[87]"></a>__rt_final_cpp</STRONG> (Thumb, 0 bytes, Stack size unknown bytes, entry10a.o(.ARM.Collect$$$$0000000D))

<P><STRONG><a name="[88]"></a>__rt_final_exit</STRONG> (Thumb, 0 bytes, Stack size unknown bytes, entry11a.o(.ARM.Collect$$$$0000000F))

<P><STRONG><a name="[0]"></a>Reset_Handler</STRONG> (Thumb, 8 bytes, Stack size 0 bytes, startup_at32f407vgt7.o(.text))
<BR>[Address Reference Count : 1]<UL><LI> startup_at32f407vgt7.o(RESET)
</UL>
<P><STRONG><a name="[4e]"></a>ACC_IRQHandler</STRONG> (Thumb, 0 bytes, Stack size 0 bytes, startup_at32f407vgt7.o(.text))
<BR><BR>[Calls]<UL><LI><a href="#[4e]">&gt;&gt;</a>&nbsp;&nbsp;&nbsp;ACC_IRQHandler
</UL>
<BR>[Called By]<UL><LI><a href="#[4e]">&gt;&gt;</a>&nbsp;&nbsp;&nbsp;ACC_IRQHandler
</UL>
<BR>[Address Reference Count : 1]<UL><LI> startup_at32f407vgt7.o(RESET)
</UL>
<P><STRONG><a name="[1c]"></a>ADC1_2_IRQHandler</STRONG> (Thumb, 0 bytes, Stack size 0 bytes, startup_at32f407vgt7.o(.text))
<BR>[Address Reference Count : 1]<UL><LI> startup_at32f407vgt7.o(RESET)
</UL>
<P><STRONG><a name="[39]"></a>ADC3_IRQHandler</STRONG> (Thumb, 0 bytes, Stack size 0 bytes, startup_at32f407vgt7.o(.text))
<BR>[Address Reference Count : 1]<UL><LI> startup_at32f407vgt7.o(RESET)
</UL>
<P><STRONG><a name="[1f]"></a>CAN1_RX1_IRQHandler</STRONG> (Thumb, 0 bytes, Stack size 0 bytes, startup_at32f407vgt7.o(.text))
<BR>[Address Reference Count : 1]<UL><LI> startup_at32f407vgt7.o(RESET)
</UL>
<P><STRONG><a name="[20]"></a>CAN1_SCE_IRQHandler</STRONG> (Thumb, 0 bytes, Stack size 0 bytes, startup_at32f407vgt7.o(.text))
<BR>[Address Reference Count : 1]<UL><LI> startup_at32f407vgt7.o(RESET)
</UL>
<P><STRONG><a name="[4b]"></a>CAN2_RX0_IRQHandler</STRONG> (Thumb, 0 bytes, Stack size 0 bytes, startup_at32f407vgt7.o(.text))
<BR>[Address Reference Count : 1]<UL><LI> startup_at32f407vgt7.o(RESET)
</UL>
<P><STRONG><a name="[4c]"></a>CAN2_RX1_IRQHandler</STRONG> (Thumb, 0 bytes, Stack size 0 bytes, startup_at32f407vgt7.o(.text))
<BR>[Address Reference Count : 1]<UL><LI> startup_at32f407vgt7.o(RESET)
</UL>
<P><STRONG><a name="[4d]"></a>CAN2_SCE_IRQHandler</STRONG> (Thumb, 0 bytes, Stack size 0 bytes, startup_at32f407vgt7.o(.text))
<BR>[Address Reference Count : 1]<UL><LI> startup_at32f407vgt7.o(RESET)
</UL>
<P><STRONG><a name="[4a]"></a>CAN2_TX_IRQHandler</STRONG> (Thumb, 0 bytes, Stack size 0 bytes, startup_at32f407vgt7.o(.text))
<BR>[Address Reference Count : 1]<UL><LI> startup_at32f407vgt7.o(RESET)
</UL>
<P><STRONG><a name="[15]"></a>DMA1_Channel1_IRQHandler</STRONG> (Thumb, 0 bytes, Stack size 0 bytes, startup_at32f407vgt7.o(.text))
<BR>[Address Reference Count : 1]<UL><LI> startup_at32f407vgt7.o(RESET)
</UL>
<P><STRONG><a name="[16]"></a>DMA1_Channel2_IRQHandler</STRONG> (Thumb, 0 bytes, Stack size 0 bytes, startup_at32f407vgt7.o(.text))
<BR>[Address Reference Count : 1]<UL><LI> startup_at32f407vgt7.o(RESET)
</UL>
<P><STRONG><a name="[17]"></a>DMA1_Channel3_IRQHandler</STRONG> (Thumb, 0 bytes, Stack size 0 bytes, startup_at32f407vgt7.o(.text))
<BR>[Address Reference Count : 1]<UL><LI> startup_at32f407vgt7.o(RESET)
</UL>
<P><STRONG><a name="[18]"></a>DMA1_Channel4_IRQHandler</STRONG> (Thumb, 0 bytes, Stack size 0 bytes, startup_at32f407vgt7.o(.text))
<BR>[Address Reference Count : 1]<UL><LI> startup_at32f407vgt7.o(RESET)
</UL>
<P><STRONG><a name="[19]"></a>DMA1_Channel5_IRQHandler</STRONG> (Thumb, 0 bytes, Stack size 0 bytes, startup_at32f407vgt7.o(.text))
<BR>[Address Reference Count : 1]<UL><LI> startup_at32f407vgt7.o(RESET)
</UL>
<P><STRONG><a name="[1a]"></a>DMA1_Channel6_IRQHandler</STRONG> (Thumb, 0 bytes, Stack size 0 bytes, startup_at32f407vgt7.o(.text))
<BR>[Address Reference Count : 1]<UL><LI> startup_at32f407vgt7.o(RESET)
</UL>
<P><STRONG><a name="[1b]"></a>DMA1_Channel7_IRQHandler</STRONG> (Thumb, 0 bytes, Stack size 0 bytes, startup_at32f407vgt7.o(.text))
<BR>[Address Reference Count : 1]<UL><LI> startup_at32f407vgt7.o(RESET)
</UL>
<P><STRONG><a name="[42]"></a>DMA2_Channel1_IRQHandler</STRONG> (Thumb, 0 bytes, Stack size 0 bytes, startup_at32f407vgt7.o(.text))
<BR>[Address Reference Count : 1]<UL><LI> startup_at32f407vgt7.o(RESET)
</UL>
<P><STRONG><a name="[43]"></a>DMA2_Channel2_IRQHandler</STRONG> (Thumb, 0 bytes, Stack size 0 bytes, startup_at32f407vgt7.o(.text))
<BR>[Address Reference Count : 1]<UL><LI> startup_at32f407vgt7.o(RESET)
</UL>
<P><STRONG><a name="[44]"></a>DMA2_Channel3_IRQHandler</STRONG> (Thumb, 0 bytes, Stack size 0 bytes, startup_at32f407vgt7.o(.text))
<BR>[Address Reference Count : 1]<UL><LI> startup_at32f407vgt7.o(RESET)
</UL>
<P><STRONG><a name="[45]"></a>DMA2_Channel4_5_IRQHandler</STRONG> (Thumb, 0 bytes, Stack size 0 bytes, startup_at32f407vgt7.o(.text))
<BR>[Address Reference Count : 1]<UL><LI> startup_at32f407vgt7.o(RESET)
</UL>
<P><STRONG><a name="[51]"></a>DMA2_Channel6_7_IRQHandler</STRONG> (Thumb, 0 bytes, Stack size 0 bytes, startup_at32f407vgt7.o(.text))
<BR>[Address Reference Count : 1]<UL><LI> startup_at32f407vgt7.o(RESET)
</UL>
<P><STRONG><a name="[55]"></a>ETH_IRQHandler</STRONG> (Thumb, 0 bytes, Stack size 0 bytes, startup_at32f407vgt7.o(.text))
<BR>[Address Reference Count : 1]<UL><LI> startup_at32f407vgt7.o(RESET)
</UL>
<P><STRONG><a name="[56]"></a>ETH_WKUP_IRQHandler</STRONG> (Thumb, 0 bytes, Stack size 0 bytes, startup_at32f407vgt7.o(.text))
<BR>[Address Reference Count : 1]<UL><LI> startup_at32f407vgt7.o(RESET)
</UL>
<P><STRONG><a name="[10]"></a>EXTI0_IRQHandler</STRONG> (Thumb, 0 bytes, Stack size 0 bytes, startup_at32f407vgt7.o(.text))
<BR>[Address Reference Count : 1]<UL><LI> startup_at32f407vgt7.o(RESET)
</UL>
<P><STRONG><a name="[32]"></a>EXTI15_10_IRQHandler</STRONG> (Thumb, 0 bytes, Stack size 0 bytes, startup_at32f407vgt7.o(.text))
<BR>[Address Reference Count : 1]<UL><LI> startup_at32f407vgt7.o(RESET)
</UL>
<P><STRONG><a name="[11]"></a>EXTI1_IRQHandler</STRONG> (Thumb, 0 bytes, Stack size 0 bytes, startup_at32f407vgt7.o(.text))
<BR>[Address Reference Count : 1]<UL><LI> startup_at32f407vgt7.o(RESET)
</UL>
<P><STRONG><a name="[12]"></a>EXTI2_IRQHandler</STRONG> (Thumb, 0 bytes, Stack size 0 bytes, startup_at32f407vgt7.o(.text))
<BR>[Address Reference Count : 1]<UL><LI> startup_at32f407vgt7.o(RESET)
</UL>
<P><STRONG><a name="[13]"></a>EXTI3_IRQHandler</STRONG> (Thumb, 0 bytes, Stack size 0 bytes, startup_at32f407vgt7.o(.text))
<BR>[Address Reference Count : 1]<UL><LI> startup_at32f407vgt7.o(RESET)
</UL>
<P><STRONG><a name="[14]"></a>EXTI4_IRQHandler</STRONG> (Thumb, 0 bytes, Stack size 0 bytes, startup_at32f407vgt7.o(.text))
<BR>[Address Reference Count : 1]<UL><LI> startup_at32f407vgt7.o(RESET)
</UL>
<P><STRONG><a name="[21]"></a>EXTI9_5_IRQHandler</STRONG> (Thumb, 0 bytes, Stack size 0 bytes, startup_at32f407vgt7.o(.text))
<BR>[Address Reference Count : 1]<UL><LI> startup_at32f407vgt7.o(RESET)
</UL>
<P><STRONG><a name="[e]"></a>FLASH_IRQHandler</STRONG> (Thumb, 0 bytes, Stack size 0 bytes, startup_at32f407vgt7.o(.text))
<BR>[Address Reference Count : 1]<UL><LI> startup_at32f407vgt7.o(RESET)
</UL>
<P><STRONG><a name="[2a]"></a>I2C1_ER_IRQHandler</STRONG> (Thumb, 0 bytes, Stack size 0 bytes, startup_at32f407vgt7.o(.text))
<BR>[Address Reference Count : 1]<UL><LI> startup_at32f407vgt7.o(RESET)
</UL>
<P><STRONG><a name="[29]"></a>I2C1_EV_IRQHandler</STRONG> (Thumb, 0 bytes, Stack size 0 bytes, startup_at32f407vgt7.o(.text))
<BR>[Address Reference Count : 1]<UL><LI> startup_at32f407vgt7.o(RESET)
</UL>
<P><STRONG><a name="[2c]"></a>I2C2_ER_IRQHandler</STRONG> (Thumb, 0 bytes, Stack size 0 bytes, startup_at32f407vgt7.o(.text))
<BR>[Address Reference Count : 1]<UL><LI> startup_at32f407vgt7.o(RESET)
</UL>
<P><STRONG><a name="[2b]"></a>I2C2_EV_IRQHandler</STRONG> (Thumb, 0 bytes, Stack size 0 bytes, startup_at32f407vgt7.o(.text))
<BR>[Address Reference Count : 1]<UL><LI> startup_at32f407vgt7.o(RESET)
</UL>
<P><STRONG><a name="[48]"></a>I2C3_ER_IRQHandler</STRONG> (Thumb, 0 bytes, Stack size 0 bytes, startup_at32f407vgt7.o(.text))
<BR>[Address Reference Count : 1]<UL><LI> startup_at32f407vgt7.o(RESET)
</UL>
<P><STRONG><a name="[47]"></a>I2C3_EV_IRQHandler</STRONG> (Thumb, 0 bytes, Stack size 0 bytes, startup_at32f407vgt7.o(.text))
<BR>[Address Reference Count : 1]<UL><LI> startup_at32f407vgt7.o(RESET)
</UL>
<P><STRONG><a name="[b]"></a>PVD_IRQHandler</STRONG> (Thumb, 0 bytes, Stack size 0 bytes, startup_at32f407vgt7.o(.text))
<BR>[Address Reference Count : 1]<UL><LI> startup_at32f407vgt7.o(RESET)
</UL>
<P><STRONG><a name="[f]"></a>RCC_IRQHandler</STRONG> (Thumb, 0 bytes, Stack size 0 bytes, startup_at32f407vgt7.o(.text))
<BR>[Address Reference Count : 1]<UL><LI> startup_at32f407vgt7.o(RESET)
</UL>
<P><STRONG><a name="[33]"></a>RTCAlarm_IRQHandler</STRONG> (Thumb, 0 bytes, Stack size 0 bytes, startup_at32f407vgt7.o(.text))
<BR>[Address Reference Count : 1]<UL><LI> startup_at32f407vgt7.o(RESET)
</UL>
<P><STRONG><a name="[d]"></a>RTC_IRQHandler</STRONG> (Thumb, 0 bytes, Stack size 0 bytes, startup_at32f407vgt7.o(.text))
<BR>[Address Reference Count : 1]<UL><LI> startup_at32f407vgt7.o(RESET)
</UL>
<P><STRONG><a name="[3b]"></a>SDIO1_IRQHandler</STRONG> (Thumb, 0 bytes, Stack size 0 bytes, startup_at32f407vgt7.o(.text))
<BR>[Address Reference Count : 1]<UL><LI> startup_at32f407vgt7.o(RESET)
</UL>
<P><STRONG><a name="[46]"></a>SDIO2_IRQHandler</STRONG> (Thumb, 0 bytes, Stack size 0 bytes, startup_at32f407vgt7.o(.text))
<BR>[Address Reference Count : 1]<UL><LI> startup_at32f407vgt7.o(RESET)
</UL>
<P><STRONG><a name="[2d]"></a>SPI1_IRQHandler</STRONG> (Thumb, 0 bytes, Stack size 0 bytes, startup_at32f407vgt7.o(.text))
<BR>[Address Reference Count : 1]<UL><LI> startup_at32f407vgt7.o(RESET)
</UL>
<P><STRONG><a name="[2e]"></a>SPI2_I2S2EXT_IRQHandler</STRONG> (Thumb, 0 bytes, Stack size 0 bytes, startup_at32f407vgt7.o(.text))
<BR>[Address Reference Count : 1]<UL><LI> startup_at32f407vgt7.o(RESET)
</UL>
<P><STRONG><a name="[3d]"></a>SPI3_I2S3EXT_IRQHandler</STRONG> (Thumb, 0 bytes, Stack size 0 bytes, startup_at32f407vgt7.o(.text))
<BR>[Address Reference Count : 1]<UL><LI> startup_at32f407vgt7.o(RESET)
</UL>
<P><STRONG><a name="[49]"></a>SPI4_IRQHandler</STRONG> (Thumb, 0 bytes, Stack size 0 bytes, startup_at32f407vgt7.o(.text))
<BR>[Address Reference Count : 1]<UL><LI> startup_at32f407vgt7.o(RESET)
</UL>
<P><STRONG><a name="[c]"></a>TAMPER_IRQHandler</STRONG> (Thumb, 0 bytes, Stack size 0 bytes, startup_at32f407vgt7.o(.text))
<BR>[Address Reference Count : 1]<UL><LI> startup_at32f407vgt7.o(RESET)
</UL>
<P><STRONG><a name="[22]"></a>TMR1_BRK_TMR9_IRQHandler</STRONG> (Thumb, 0 bytes, Stack size 0 bytes, startup_at32f407vgt7.o(.text))
<BR>[Address Reference Count : 1]<UL><LI> startup_at32f407vgt7.o(RESET)
</UL>
<P><STRONG><a name="[25]"></a>TMR1_CC_IRQHandler</STRONG> (Thumb, 0 bytes, Stack size 0 bytes, startup_at32f407vgt7.o(.text))
<BR>[Address Reference Count : 1]<UL><LI> startup_at32f407vgt7.o(RESET)
</UL>
<P><STRONG><a name="[23]"></a>TMR1_OV_TMR10_IRQHandler</STRONG> (Thumb, 0 bytes, Stack size 0 bytes, startup_at32f407vgt7.o(.text))
<BR>[Address Reference Count : 1]<UL><LI> startup_at32f407vgt7.o(RESET)
</UL>
<P><STRONG><a name="[24]"></a>TMR1_TRG_COM_TMR11_IRQHandler</STRONG> (Thumb, 0 bytes, Stack size 0 bytes, startup_at32f407vgt7.o(.text))
<BR>[Address Reference Count : 1]<UL><LI> startup_at32f407vgt7.o(RESET)
</UL>
<P><STRONG><a name="[26]"></a>TMR2_GLOBAL_IRQHandler</STRONG> (Thumb, 0 bytes, Stack size 0 bytes, startup_at32f407vgt7.o(.text))
<BR>[Address Reference Count : 1]<UL><LI> startup_at32f407vgt7.o(RESET)
</UL>
<P><STRONG><a name="[27]"></a>TMR3_GLOBAL_IRQHandler</STRONG> (Thumb, 0 bytes, Stack size 0 bytes, startup_at32f407vgt7.o(.text))
<BR>[Address Reference Count : 1]<UL><LI> startup_at32f407vgt7.o(RESET)
</UL>
<P><STRONG><a name="[28]"></a>TMR4_GLOBAL_IRQHandler</STRONG> (Thumb, 0 bytes, Stack size 0 bytes, startup_at32f407vgt7.o(.text))
<BR>[Address Reference Count : 1]<UL><LI> startup_at32f407vgt7.o(RESET)
</UL>
<P><STRONG><a name="[3c]"></a>TMR5_GLOBAL_IRQHandler</STRONG> (Thumb, 0 bytes, Stack size 0 bytes, startup_at32f407vgt7.o(.text))
<BR>[Address Reference Count : 1]<UL><LI> startup_at32f407vgt7.o(RESET)
</UL>
<P><STRONG><a name="[40]"></a>TMR6_GLOBAL_IRQHandler</STRONG> (Thumb, 0 bytes, Stack size 0 bytes, startup_at32f407vgt7.o(.text))
<BR>[Address Reference Count : 1]<UL><LI> startup_at32f407vgt7.o(RESET)
</UL>
<P><STRONG><a name="[41]"></a>TMR7_GLOBAL_IRQHandler</STRONG> (Thumb, 0 bytes, Stack size 0 bytes, startup_at32f407vgt7.o(.text))
<BR>[Address Reference Count : 1]<UL><LI> startup_at32f407vgt7.o(RESET)
</UL>
<P><STRONG><a name="[35]"></a>TMR8_BRK_TMR12_IRQHandler</STRONG> (Thumb, 0 bytes, Stack size 0 bytes, startup_at32f407vgt7.o(.text))
<BR>[Address Reference Count : 1]<UL><LI> startup_at32f407vgt7.o(RESET)
</UL>
<P><STRONG><a name="[38]"></a>TMR8_CC_IRQHandler</STRONG> (Thumb, 0 bytes, Stack size 0 bytes, startup_at32f407vgt7.o(.text))
<BR>[Address Reference Count : 1]<UL><LI> startup_at32f407vgt7.o(RESET)
</UL>
<P><STRONG><a name="[36]"></a>TMR8_OV_TMR13_IRQHandler</STRONG> (Thumb, 0 bytes, Stack size 0 bytes, startup_at32f407vgt7.o(.text))
<BR>[Address Reference Count : 1]<UL><LI> startup_at32f407vgt7.o(RESET)
</UL>
<P><STRONG><a name="[37]"></a>TMR8_TRG_COM_TMR14_IRQHandler</STRONG> (Thumb, 0 bytes, Stack size 0 bytes, startup_at32f407vgt7.o(.text))
<BR>[Address Reference Count : 1]<UL><LI> startup_at32f407vgt7.o(RESET)
</UL>
<P><STRONG><a name="[3e]"></a>UART4_IRQHandler</STRONG> (Thumb, 0 bytes, Stack size 0 bytes, startup_at32f407vgt7.o(.text))
<BR>[Address Reference Count : 1]<UL><LI> startup_at32f407vgt7.o(RESET)
</UL>
<P><STRONG><a name="[3f]"></a>UART5_IRQHandler</STRONG> (Thumb, 0 bytes, Stack size 0 bytes, startup_at32f407vgt7.o(.text))
<BR>[Address Reference Count : 1]<UL><LI> startup_at32f407vgt7.o(RESET)
</UL>
<P><STRONG><a name="[53]"></a>UART7_IRQHandler</STRONG> (Thumb, 0 bytes, Stack size 0 bytes, startup_at32f407vgt7.o(.text))
<BR>[Address Reference Count : 1]<UL><LI> startup_at32f407vgt7.o(RESET)
</UL>
<P><STRONG><a name="[54]"></a>UART8_IRQHandler</STRONG> (Thumb, 0 bytes, Stack size 0 bytes, startup_at32f407vgt7.o(.text))
<BR>[Address Reference Count : 1]<UL><LI> startup_at32f407vgt7.o(RESET)
</UL>
<P><STRONG><a name="[2f]"></a>USART1_IRQHandler</STRONG> (Thumb, 0 bytes, Stack size 0 bytes, startup_at32f407vgt7.o(.text))
<BR>[Address Reference Count : 1]<UL><LI> startup_at32f407vgt7.o(RESET)
</UL>
<P><STRONG><a name="[30]"></a>USART2_IRQHandler</STRONG> (Thumb, 0 bytes, Stack size 0 bytes, startup_at32f407vgt7.o(.text))
<BR>[Address Reference Count : 1]<UL><LI> startup_at32f407vgt7.o(RESET)
</UL>
<P><STRONG><a name="[31]"></a>USART3_IRQHandler</STRONG> (Thumb, 0 bytes, Stack size 0 bytes, startup_at32f407vgt7.o(.text))
<BR>[Address Reference Count : 1]<UL><LI> startup_at32f407vgt7.o(RESET)
</UL>
<P><STRONG><a name="[52]"></a>USART6_IRQHandler</STRONG> (Thumb, 0 bytes, Stack size 0 bytes, startup_at32f407vgt7.o(.text))
<BR>[Address Reference Count : 1]<UL><LI> startup_at32f407vgt7.o(RESET)
</UL>
<P><STRONG><a name="[34]"></a>USBWakeUp_IRQHandler</STRONG> (Thumb, 0 bytes, Stack size 0 bytes, startup_at32f407vgt7.o(.text))
<BR>[Address Reference Count : 1]<UL><LI> startup_at32f407vgt7.o(RESET)
</UL>
<P><STRONG><a name="[1d]"></a>USB_HP_CAN1_TX_IRQHandler</STRONG> (Thumb, 0 bytes, Stack size 0 bytes, startup_at32f407vgt7.o(.text))
<BR>[Address Reference Count : 1]<UL><LI> startup_at32f407vgt7.o(RESET)
</UL>
<P><STRONG><a name="[4f]"></a>USB_HP_IRQHandler</STRONG> (Thumb, 0 bytes, Stack size 0 bytes, startup_at32f407vgt7.o(.text))
<BR>[Address Reference Count : 1]<UL><LI> startup_at32f407vgt7.o(RESET)
</UL>
<P><STRONG><a name="[1e]"></a>USB_LP_CAN1_RX0_IRQHandler</STRONG> (Thumb, 0 bytes, Stack size 0 bytes, startup_at32f407vgt7.o(.text))
<BR>[Address Reference Count : 1]<UL><LI> startup_at32f407vgt7.o(RESET)
</UL>
<P><STRONG><a name="[50]"></a>USB_LP_IRQHandler</STRONG> (Thumb, 0 bytes, Stack size 0 bytes, startup_at32f407vgt7.o(.text))
<BR>[Address Reference Count : 1]<UL><LI> startup_at32f407vgt7.o(RESET)
</UL>
<P><STRONG><a name="[a]"></a>WWDG_IRQHandler</STRONG> (Thumb, 0 bytes, Stack size 0 bytes, startup_at32f407vgt7.o(.text))
<BR>[Address Reference Count : 1]<UL><LI> startup_at32f407vgt7.o(RESET)
</UL>
<P><STRONG><a name="[3a]"></a>XMC_IRQHandler</STRONG> (Thumb, 0 bytes, Stack size 0 bytes, startup_at32f407vgt7.o(.text))
<BR>[Address Reference Count : 1]<UL><LI> startup_at32f407vgt7.o(RESET)
</UL>
<P><STRONG><a name="[5b]"></a>__scatterload</STRONG> (Thumb, 28 bytes, Stack size 0 bytes, init.o(.text))
<BR><BR>[Calls]<UL><LI><a href="#[5c]">&gt;&gt;</a>&nbsp;&nbsp;&nbsp;__main_after_scatterload
</UL>
<BR>[Called By]<UL><LI><a href="#[5a]">&gt;&gt;</a>&nbsp;&nbsp;&nbsp;_main_scatterload
</UL>

<P><STRONG><a name="[89]"></a>__scatterload_rt2</STRONG> (Thumb, 0 bytes, Stack size 0 bytes, init.o(.text), UNUSED)

<P><STRONG><a name="[7b]"></a>ADC_Ctrl</STRONG> (Thumb, 22 bytes, Stack size 0 bytes, at32f4xx_adc.o(i.ADC_Ctrl))
<BR><BR>[Called By]<UL><LI><a href="#[57]">&gt;&gt;</a>&nbsp;&nbsp;&nbsp;main
</UL>

<P><STRONG><a name="[7f]"></a>ADC_GetCalibrationStatus</STRONG> (Thumb, 20 bytes, Stack size 0 bytes, at32f4xx_adc.o(i.ADC_GetCalibrationStatus))
<BR><BR>[Called By]<UL><LI><a href="#[57]">&gt;&gt;</a>&nbsp;&nbsp;&nbsp;main
</UL>

<P><STRONG><a name="[7d]"></a>ADC_GetResetCalibrationStatus</STRONG> (Thumb, 20 bytes, Stack size 0 bytes, at32f4xx_adc.o(i.ADC_GetResetCalibrationStatus))
<BR><BR>[Called By]<UL><LI><a href="#[57]">&gt;&gt;</a>&nbsp;&nbsp;&nbsp;main
</UL>

<P><STRONG><a name="[72]"></a>ADC_Init</STRONG> (Thumb, 70 bytes, Stack size 12 bytes, at32f4xx_adc.o(i.ADC_Init))
<BR><BR>[Stack]<UL><LI>Max Depth = 12<LI>Call Chain = ADC_Init
</UL>
<BR>[Called By]<UL><LI><a href="#[57]">&gt;&gt;</a>&nbsp;&nbsp;&nbsp;main
</UL>

<P><STRONG><a name="[73]"></a>ADC_RegularChannelConfig</STRONG> (Thumb, 184 bytes, Stack size 20 bytes, at32f4xx_adc.o(i.ADC_RegularChannelConfig))
<BR><BR>[Stack]<UL><LI>Max Depth = 20<LI>Call Chain = ADC_RegularChannelConfig
</UL>
<BR>[Called By]<UL><LI><a href="#[57]">&gt;&gt;</a>&nbsp;&nbsp;&nbsp;main
</UL>

<P><STRONG><a name="[7c]"></a>ADC_RstCalibration</STRONG> (Thumb, 10 bytes, Stack size 0 bytes, at32f4xx_adc.o(i.ADC_RstCalibration))
<BR><BR>[Called By]<UL><LI><a href="#[57]">&gt;&gt;</a>&nbsp;&nbsp;&nbsp;main
</UL>

<P><STRONG><a name="[80]"></a>ADC_SoftwareStartConvCtrl</STRONG> (Thumb, 22 bytes, Stack size 0 bytes, at32f4xx_adc.o(i.ADC_SoftwareStartConvCtrl))
<BR><BR>[Called By]<UL><LI><a href="#[57]">&gt;&gt;</a>&nbsp;&nbsp;&nbsp;main
</UL>

<P><STRONG><a name="[7e]"></a>ADC_StartCalibration</STRONG> (Thumb, 10 bytes, Stack size 0 bytes, at32f4xx_adc.o(i.ADC_StartCalibration))
<BR><BR>[Called By]<UL><LI><a href="#[57]">&gt;&gt;</a>&nbsp;&nbsp;&nbsp;main
</UL>

<P><STRONG><a name="[71]"></a>ADC_StructInit</STRONG> (Thumb, 18 bytes, Stack size 0 bytes, at32f4xx_adc.o(i.ADC_StructInit))
<BR><BR>[Called By]<UL><LI><a href="#[57]">&gt;&gt;</a>&nbsp;&nbsp;&nbsp;main
</UL>

<P><STRONG><a name="[5d]"></a>AT32_BUTTON_Init</STRONG> (Thumb, 52 bytes, Stack size 16 bytes, at32_board.o(i.AT32_BUTTON_Init))
<BR><BR>[Stack]<UL><LI>Max Depth = 40<LI>Call Chain = AT32_BUTTON_Init &rArr; GPIO_Init
</UL>
<BR>[Calls]<UL><LI><a href="#[5e]">&gt;&gt;</a>&nbsp;&nbsp;&nbsp;RCC_APB2PeriphClockCmd
<LI><a href="#[5f]">&gt;&gt;</a>&nbsp;&nbsp;&nbsp;GPIO_StructInit
<LI><a href="#[60]">&gt;&gt;</a>&nbsp;&nbsp;&nbsp;GPIO_Init
</UL>
<BR>[Called By]<UL><LI><a href="#[61]">&gt;&gt;</a>&nbsp;&nbsp;&nbsp;AT32_Board_Init
</UL>

<P><STRONG><a name="[61]"></a>AT32_Board_Init</STRONG> (Thumb, 56 bytes, Stack size 8 bytes, at32_board.o(i.AT32_Board_Init))
<BR><BR>[Stack]<UL><LI>Max Depth = 48<LI>Call Chain = AT32_Board_Init &rArr; AT32_LEDn_Init &rArr; GPIO_Init
</UL>
<BR>[Calls]<UL><LI><a href="#[62]">&gt;&gt;</a>&nbsp;&nbsp;&nbsp;Delay_init
<LI><a href="#[64]">&gt;&gt;</a>&nbsp;&nbsp;&nbsp;AT32_LEDn_OFF
<LI><a href="#[63]">&gt;&gt;</a>&nbsp;&nbsp;&nbsp;AT32_LEDn_Init
<LI><a href="#[5d]">&gt;&gt;</a>&nbsp;&nbsp;&nbsp;AT32_BUTTON_Init
</UL>
<BR>[Called By]<UL><LI><a href="#[57]">&gt;&gt;</a>&nbsp;&nbsp;&nbsp;main
</UL>

<P><STRONG><a name="[63]"></a>AT32_LEDn_Init</STRONG> (Thumb, 58 bytes, Stack size 16 bytes, at32_board.o(i.AT32_LEDn_Init))
<BR><BR>[Stack]<UL><LI>Max Depth = 40<LI>Call Chain = AT32_LEDn_Init &rArr; GPIO_Init
</UL>
<BR>[Calls]<UL><LI><a href="#[5e]">&gt;&gt;</a>&nbsp;&nbsp;&nbsp;RCC_APB2PeriphClockCmd
<LI><a href="#[5f]">&gt;&gt;</a>&nbsp;&nbsp;&nbsp;GPIO_StructInit
<LI><a href="#[60]">&gt;&gt;</a>&nbsp;&nbsp;&nbsp;GPIO_Init
</UL>
<BR>[Called By]<UL><LI><a href="#[61]">&gt;&gt;</a>&nbsp;&nbsp;&nbsp;AT32_Board_Init
</UL>

<P><STRONG><a name="[64]"></a>AT32_LEDn_OFF</STRONG> (Thumb, 32 bytes, Stack size 0 bytes, at32_board.o(i.AT32_LEDn_OFF))
<BR><BR>[Called By]<UL><LI><a href="#[61]">&gt;&gt;</a>&nbsp;&nbsp;&nbsp;AT32_Board_Init
</UL>

<P><STRONG><a name="[82]"></a>AT32_LEDn_Toggle</STRONG> (Thumb, 42 bytes, Stack size 0 bytes, at32_board.o(i.AT32_LEDn_Toggle))
<BR><BR>[Called By]<UL><LI><a href="#[57]">&gt;&gt;</a>&nbsp;&nbsp;&nbsp;main
</UL>

<P><STRONG><a name="[4]"></a>BusFault_Handler</STRONG> (Thumb, 4 bytes, Stack size 0 bytes, at32f4xx_it.o(i.BusFault_Handler))
<BR>[Address Reference Count : 1]<UL><LI> startup_at32f407vgt7.o(RESET)
</UL>
<P><STRONG><a name="[70]"></a>DMA_ChannelEnable</STRONG> (Thumb, 24 bytes, Stack size 0 bytes, at32f4xx_dma.o(i.DMA_ChannelEnable))
<BR><BR>[Called By]<UL><LI><a href="#[57]">&gt;&gt;</a>&nbsp;&nbsp;&nbsp;main
</UL>

<P><STRONG><a name="[6e]"></a>DMA_DefaultInitParaConfig</STRONG> (Thumb, 26 bytes, Stack size 0 bytes, at32f4xx_dma.o(i.DMA_DefaultInitParaConfig))
<BR><BR>[Called By]<UL><LI><a href="#[57]">&gt;&gt;</a>&nbsp;&nbsp;&nbsp;main
</UL>

<P><STRONG><a name="[6f]"></a>DMA_Init</STRONG> (Thumb, 60 bytes, Stack size 8 bytes, at32f4xx_dma.o(i.DMA_Init))
<BR><BR>[Stack]<UL><LI>Max Depth = 8<LI>Call Chain = DMA_Init
</UL>
<BR>[Called By]<UL><LI><a href="#[57]">&gt;&gt;</a>&nbsp;&nbsp;&nbsp;main
</UL>

<P><STRONG><a name="[6d]"></a>DMA_Reset</STRONG> (Thumb, 324 bytes, Stack size 0 bytes, at32f4xx_dma.o(i.DMA_Reset))
<BR><BR>[Called By]<UL><LI><a href="#[57]">&gt;&gt;</a>&nbsp;&nbsp;&nbsp;main
</UL>

<P><STRONG><a name="[7]"></a>DebugMon_Handler</STRONG> (Thumb, 2 bytes, Stack size 0 bytes, at32f4xx_it.o(i.DebugMon_Handler))
<BR>[Address Reference Count : 1]<UL><LI> startup_at32f407vgt7.o(RESET)
</UL>
<P><STRONG><a name="[62]"></a>Delay_init</STRONG> (Thumb, 54 bytes, Stack size 8 bytes, at32_board.o(i.Delay_init))
<BR><BR>[Stack]<UL><LI>Max Depth = 8<LI>Call Chain = Delay_init
</UL>
<BR>[Calls]<UL><LI><a href="#[65]">&gt;&gt;</a>&nbsp;&nbsp;&nbsp;SysTick_CLKSourceConfig
</UL>
<BR>[Called By]<UL><LI><a href="#[61]">&gt;&gt;</a>&nbsp;&nbsp;&nbsp;AT32_Board_Init
</UL>

<P><STRONG><a name="[81]"></a>Delay_ms</STRONG> (Thumb, 144 bytes, Stack size 0 bytes, at32_board.o(i.Delay_ms))
<BR><BR>[Called By]<UL><LI><a href="#[57]">&gt;&gt;</a>&nbsp;&nbsp;&nbsp;main
</UL>

<P><STRONG><a name="[66]"></a>GPIO_Configuration</STRONG> (Thumb, 58 bytes, Stack size 8 bytes, main.o(i.GPIO_Configuration))
<BR><BR>[Stack]<UL><LI>Max Depth = 32<LI>Call Chain = GPIO_Configuration &rArr; GPIO_Init
</UL>
<BR>[Calls]<UL><LI><a href="#[5f]">&gt;&gt;</a>&nbsp;&nbsp;&nbsp;GPIO_StructInit
<LI><a href="#[60]">&gt;&gt;</a>&nbsp;&nbsp;&nbsp;GPIO_Init
</UL>
<BR>[Called By]<UL><LI><a href="#[57]">&gt;&gt;</a>&nbsp;&nbsp;&nbsp;main
</UL>

<P><STRONG><a name="[60]"></a>GPIO_Init</STRONG> (Thumb, 278 bytes, Stack size 24 bytes, at32f4xx_gpio.o(i.GPIO_Init))
<BR><BR>[Stack]<UL><LI>Max Depth = 24<LI>Call Chain = GPIO_Init
</UL>
<BR>[Called By]<UL><LI><a href="#[66]">&gt;&gt;</a>&nbsp;&nbsp;&nbsp;GPIO_Configuration
<LI><a href="#[63]">&gt;&gt;</a>&nbsp;&nbsp;&nbsp;AT32_LEDn_Init
<LI><a href="#[5d]">&gt;&gt;</a>&nbsp;&nbsp;&nbsp;AT32_BUTTON_Init
</UL>

<P><STRONG><a name="[5f]"></a>GPIO_StructInit</STRONG> (Thumb, 16 bytes, Stack size 0 bytes, at32f4xx_gpio.o(i.GPIO_StructInit))
<BR><BR>[Called By]<UL><LI><a href="#[66]">&gt;&gt;</a>&nbsp;&nbsp;&nbsp;GPIO_Configuration
<LI><a href="#[63]">&gt;&gt;</a>&nbsp;&nbsp;&nbsp;AT32_LEDn_Init
<LI><a href="#[5d]">&gt;&gt;</a>&nbsp;&nbsp;&nbsp;AT32_BUTTON_Init
</UL>

<P><STRONG><a name="[2]"></a>HardFault_Handler</STRONG> (Thumb, 4 bytes, Stack size 0 bytes, at32f4xx_it.o(i.HardFault_Handler))
<BR>[Address Reference Count : 1]<UL><LI> startup_at32f407vgt7.o(RESET)
</UL>
<P><STRONG><a name="[3]"></a>MemManage_Handler</STRONG> (Thumb, 4 bytes, Stack size 0 bytes, at32f4xx_it.o(i.MemManage_Handler))
<BR>[Address Reference Count : 1]<UL><LI> startup_at32f407vgt7.o(RESET)
</UL>
<P><STRONG><a name="[1]"></a>NMI_Handler</STRONG> (Thumb, 2 bytes, Stack size 0 bytes, at32f4xx_it.o(i.NMI_Handler))
<BR>[Address Reference Count : 1]<UL><LI> startup_at32f407vgt7.o(RESET)
</UL>
<P><STRONG><a name="[8]"></a>PendSV_Handler</STRONG> (Thumb, 2 bytes, Stack size 0 bytes, at32f4xx_it.o(i.PendSV_Handler))
<BR>[Address Reference Count : 1]<UL><LI> startup_at32f407vgt7.o(RESET)
</UL>
<P><STRONG><a name="[68]"></a>RCC_ADCCLKConfig</STRONG> (Thumb, 20 bytes, Stack size 0 bytes, at32f4xx_rcc.o(i.RCC_ADCCLKConfig))
<BR><BR>[Called By]<UL><LI><a href="#[67]">&gt;&gt;</a>&nbsp;&nbsp;&nbsp;RCC_Configuration
</UL>

<P><STRONG><a name="[69]"></a>RCC_AHBPeriphClockCmd</STRONG> (Thumb, 26 bytes, Stack size 0 bytes, at32f4xx_rcc.o(i.RCC_AHBPeriphClockCmd))
<BR><BR>[Called By]<UL><LI><a href="#[67]">&gt;&gt;</a>&nbsp;&nbsp;&nbsp;RCC_Configuration
</UL>

<P><STRONG><a name="[5e]"></a>RCC_APB2PeriphClockCmd</STRONG> (Thumb, 26 bytes, Stack size 0 bytes, at32f4xx_rcc.o(i.RCC_APB2PeriphClockCmd))
<BR><BR>[Called By]<UL><LI><a href="#[67]">&gt;&gt;</a>&nbsp;&nbsp;&nbsp;RCC_Configuration
<LI><a href="#[63]">&gt;&gt;</a>&nbsp;&nbsp;&nbsp;AT32_LEDn_Init
<LI><a href="#[5d]">&gt;&gt;</a>&nbsp;&nbsp;&nbsp;AT32_BUTTON_Init
</UL>

<P><STRONG><a name="[67]"></a>RCC_Configuration</STRONG> (Thumb, 30 bytes, Stack size 8 bytes, main.o(i.RCC_Configuration))
<BR><BR>[Stack]<UL><LI>Max Depth = 8<LI>Call Chain = RCC_Configuration
</UL>
<BR>[Calls]<UL><LI><a href="#[5e]">&gt;&gt;</a>&nbsp;&nbsp;&nbsp;RCC_APB2PeriphClockCmd
<LI><a href="#[69]">&gt;&gt;</a>&nbsp;&nbsp;&nbsp;RCC_AHBPeriphClockCmd
<LI><a href="#[68]">&gt;&gt;</a>&nbsp;&nbsp;&nbsp;RCC_ADCCLKConfig
</UL>
<BR>[Called By]<UL><LI><a href="#[57]">&gt;&gt;</a>&nbsp;&nbsp;&nbsp;main
</UL>

<P><STRONG><a name="[6c]"></a>RCC_StepModeCmd</STRONG> (Thumb, 32 bytes, Stack size 0 bytes, at32f4xx_rcc.o(i.RCC_StepModeCmd))
<BR><BR>[Called By]<UL><LI><a href="#[6b]">&gt;&gt;</a>&nbsp;&nbsp;&nbsp;SetSysClockTo240M
</UL>

<P><STRONG><a name="[6]"></a>SVC_Handler</STRONG> (Thumb, 2 bytes, Stack size 0 bytes, at32f4xx_it.o(i.SVC_Handler))
<BR>[Address Reference Count : 1]<UL><LI> startup_at32f407vgt7.o(RESET)
</UL>
<P><STRONG><a name="[65]"></a>SysTick_CLKSourceConfig</STRONG> (Thumb, 40 bytes, Stack size 0 bytes, misc.o(i.SysTick_CLKSourceConfig))
<BR><BR>[Called By]<UL><LI><a href="#[62]">&gt;&gt;</a>&nbsp;&nbsp;&nbsp;Delay_init
</UL>

<P><STRONG><a name="[9]"></a>SysTick_Handler</STRONG> (Thumb, 2 bytes, Stack size 0 bytes, at32f4xx_it.o(i.SysTick_Handler))
<BR>[Address Reference Count : 1]<UL><LI> startup_at32f407vgt7.o(RESET)
</UL>
<P><STRONG><a name="[58]"></a>SystemInit</STRONG> (Thumb, 106 bytes, Stack size 8 bytes, system_at32f4xx.o(i.SystemInit))
<BR><BR>[Stack]<UL><LI>Max Depth = 32<LI>Call Chain = SystemInit &rArr; SetSysClock &rArr; SetSysClockTo240M
</UL>
<BR>[Calls]<UL><LI><a href="#[6a]">&gt;&gt;</a>&nbsp;&nbsp;&nbsp;SetSysClock
</UL>
<BR>[Address Reference Count : 1]<UL><LI> startup_at32f407vgt7.o(.text)
</UL>
<P><STRONG><a name="[78]"></a>TMR_Cmd</STRONG> (Thumb, 24 bytes, Stack size 0 bytes, at32f4xx_tim.o(i.TMR_Cmd))
<BR><BR>[Called By]<UL><LI><a href="#[57]">&gt;&gt;</a>&nbsp;&nbsp;&nbsp;main
</UL>

<P><STRONG><a name="[79]"></a>TMR_CtrlPWMOutputs</STRONG> (Thumb, 30 bytes, Stack size 0 bytes, at32f4xx_tim.o(i.TMR_CtrlPWMOutputs))
<BR><BR>[Called By]<UL><LI><a href="#[57]">&gt;&gt;</a>&nbsp;&nbsp;&nbsp;main
</UL>

<P><STRONG><a name="[7a]"></a>TMR_DMACmd</STRONG> (Thumb, 18 bytes, Stack size 0 bytes, at32f4xx_tim.o(i.TMR_DMACmd))
<BR><BR>[Called By]<UL><LI><a href="#[57]">&gt;&gt;</a>&nbsp;&nbsp;&nbsp;main
</UL>

<P><STRONG><a name="[77]"></a>TMR_OC1Init</STRONG> (Thumb, 98 bytes, Stack size 16 bytes, at32f4xx_tim.o(i.TMR_OC1Init))
<BR><BR>[Stack]<UL><LI>Max Depth = 16<LI>Call Chain = TMR_OC1Init
</UL>
<BR>[Called By]<UL><LI><a href="#[57]">&gt;&gt;</a>&nbsp;&nbsp;&nbsp;main
</UL>

<P><STRONG><a name="[76]"></a>TMR_OCStructInit</STRONG> (Thumb, 20 bytes, Stack size 0 bytes, at32f4xx_tim.o(i.TMR_OCStructInit))
<BR><BR>[Called By]<UL><LI><a href="#[57]">&gt;&gt;</a>&nbsp;&nbsp;&nbsp;main
</UL>

<P><STRONG><a name="[75]"></a>TMR_TimeBaseInit</STRONG> (Thumb, 72 bytes, Stack size 0 bytes, at32f4xx_tim.o(i.TMR_TimeBaseInit))
<BR><BR>[Called By]<UL><LI><a href="#[57]">&gt;&gt;</a>&nbsp;&nbsp;&nbsp;main
</UL>

<P><STRONG><a name="[74]"></a>TMR_TimeBaseStructInit</STRONG> (Thumb, 18 bytes, Stack size 0 bytes, at32f4xx_tim.o(i.TMR_TimeBaseStructInit))
<BR><BR>[Called By]<UL><LI><a href="#[57]">&gt;&gt;</a>&nbsp;&nbsp;&nbsp;main
</UL>

<P><STRONG><a name="[5]"></a>UsageFault_Handler</STRONG> (Thumb, 4 bytes, Stack size 0 bytes, at32f4xx_it.o(i.UsageFault_Handler))
<BR>[Address Reference Count : 1]<UL><LI> startup_at32f407vgt7.o(RESET)
</UL>
<P><STRONG><a name="[8a]"></a>__scatterload_copy</STRONG> (Thumb, 14 bytes, Stack size unknown bytes, handlers.o(i.__scatterload_copy), UNUSED)

<P><STRONG><a name="[8b]"></a>__scatterload_null</STRONG> (Thumb, 2 bytes, Stack size unknown bytes, handlers.o(i.__scatterload_null), UNUSED)

<P><STRONG><a name="[8c]"></a>__scatterload_zeroinit</STRONG> (Thumb, 14 bytes, Stack size unknown bytes, handlers.o(i.__scatterload_zeroinit), UNUSED)

<P><STRONG><a name="[57]"></a>main</STRONG> (Thumb, 310 bytes, Stack size 0 bytes, main.o(i.main))
<BR><BR>[Stack]<UL><LI>Max Depth = 48<LI>Call Chain = main &rArr; AT32_Board_Init &rArr; AT32_LEDn_Init &rArr; GPIO_Init
</UL>
<BR>[Calls]<UL><LI><a href="#[74]">&gt;&gt;</a>&nbsp;&nbsp;&nbsp;TMR_TimeBaseStructInit
<LI><a href="#[75]">&gt;&gt;</a>&nbsp;&nbsp;&nbsp;TMR_TimeBaseInit
<LI><a href="#[76]">&gt;&gt;</a>&nbsp;&nbsp;&nbsp;TMR_OCStructInit
<LI><a href="#[77]">&gt;&gt;</a>&nbsp;&nbsp;&nbsp;TMR_OC1Init
<LI><a href="#[7a]">&gt;&gt;</a>&nbsp;&nbsp;&nbsp;TMR_DMACmd
<LI><a href="#[79]">&gt;&gt;</a>&nbsp;&nbsp;&nbsp;TMR_CtrlPWMOutputs
<LI><a href="#[78]">&gt;&gt;</a>&nbsp;&nbsp;&nbsp;TMR_Cmd
<LI><a href="#[81]">&gt;&gt;</a>&nbsp;&nbsp;&nbsp;Delay_ms
<LI><a href="#[6d]">&gt;&gt;</a>&nbsp;&nbsp;&nbsp;DMA_Reset
<LI><a href="#[6f]">&gt;&gt;</a>&nbsp;&nbsp;&nbsp;DMA_Init
<LI><a href="#[6e]">&gt;&gt;</a>&nbsp;&nbsp;&nbsp;DMA_DefaultInitParaConfig
<LI><a href="#[70]">&gt;&gt;</a>&nbsp;&nbsp;&nbsp;DMA_ChannelEnable
<LI><a href="#[82]">&gt;&gt;</a>&nbsp;&nbsp;&nbsp;AT32_LEDn_Toggle
<LI><a href="#[61]">&gt;&gt;</a>&nbsp;&nbsp;&nbsp;AT32_Board_Init
<LI><a href="#[71]">&gt;&gt;</a>&nbsp;&nbsp;&nbsp;ADC_StructInit
<LI><a href="#[7e]">&gt;&gt;</a>&nbsp;&nbsp;&nbsp;ADC_StartCalibration
<LI><a href="#[80]">&gt;&gt;</a>&nbsp;&nbsp;&nbsp;ADC_SoftwareStartConvCtrl
<LI><a href="#[7c]">&gt;&gt;</a>&nbsp;&nbsp;&nbsp;ADC_RstCalibration
<LI><a href="#[73]">&gt;&gt;</a>&nbsp;&nbsp;&nbsp;ADC_RegularChannelConfig
<LI><a href="#[72]">&gt;&gt;</a>&nbsp;&nbsp;&nbsp;ADC_Init
<LI><a href="#[7d]">&gt;&gt;</a>&nbsp;&nbsp;&nbsp;ADC_GetResetCalibrationStatus
<LI><a href="#[7f]">&gt;&gt;</a>&nbsp;&nbsp;&nbsp;ADC_GetCalibrationStatus
<LI><a href="#[7b]">&gt;&gt;</a>&nbsp;&nbsp;&nbsp;ADC_Ctrl
<LI><a href="#[67]">&gt;&gt;</a>&nbsp;&nbsp;&nbsp;RCC_Configuration
<LI><a href="#[66]">&gt;&gt;</a>&nbsp;&nbsp;&nbsp;GPIO_Configuration
</UL>
<BR>[Address Reference Count : 1]<UL><LI> entry9a.o(.ARM.Collect$$$$0000000B)
</UL><P>
<H3>
Local Symbols
</H3>
<P><STRONG><a name="[6a]"></a>SetSysClock</STRONG> (Thumb, 8 bytes, Stack size 8 bytes, system_at32f4xx.o(i.SetSysClock))
<BR><BR>[Stack]<UL><LI>Max Depth = 24<LI>Call Chain = SetSysClock &rArr; SetSysClockTo240M
</UL>
<BR>[Calls]<UL><LI><a href="#[6b]">&gt;&gt;</a>&nbsp;&nbsp;&nbsp;SetSysClockTo240M
</UL>
<BR>[Called By]<UL><LI><a href="#[58]">&gt;&gt;</a>&nbsp;&nbsp;&nbsp;SystemInit
</UL>

<P><STRONG><a name="[6b]"></a>SetSysClockTo240M</STRONG> (Thumb, 222 bytes, Stack size 16 bytes, system_at32f4xx.o(i.SetSysClockTo240M))
<BR><BR>[Stack]<UL><LI>Max Depth = 16<LI>Call Chain = SetSysClockTo240M
</UL>
<BR>[Calls]<UL><LI><a href="#[6c]">&gt;&gt;</a>&nbsp;&nbsp;&nbsp;RCC_StepModeCmd
</UL>
<BR>[Called By]<UL><LI><a href="#[6a]">&gt;&gt;</a>&nbsp;&nbsp;&nbsp;SetSysClock
</UL>
<P>
<H3>
Undefined Global Symbols
</H3><HR></body></html>
